02-17 05:36:37.930 26972 26972 I AconfigPackage: com.android.ranging.flags is mapped to com.android.uwb
02-17 05:36:37.930 26972 26972 I AconfigPackage: com.android.org.conscrypt.flags is mapped to com.android.conscrypt
02-17 05:36:37.930 26972 26972 I AconfigPackage: com.android.org.conscrypt.net.flags is mapped to com.android.conscrypt
02-17 05:36:37.931 26972 26972 I AconfigPackage: com.android.media.extractor.flags is mapped to com.android.media
02-17 05:36:37.931 26972 26972 I AconfigPackage: com.android.media.mainline.flags is mapped to com.android.media
02-17 05:36:37.931 26972 26972 I AconfigPackage: com.android.net.ct.flags is mapped to com.android.tethering
02-17 05:36:37.931 26972 26972 I AconfigPackage: com.android.net.flags is mapped to com.android.tethering
02-17 05:36:37.931 26972 26972 I AconfigPackage: android.net.vcn is mapped to com.android.tethering
02-17 05:36:37.931 26972 26972 I AconfigPackage: com.android.nearby.flags is mapped to com.android.tethering
02-17 05:36:37.931 26972 26972 I AconfigPackage: android.net.http is mapped to com.android.tethering
02-17 05:36:37.931 26972 26972 I AconfigPackage: com.android.net.thread.flags is mapped to com.android.tethering
02-17 05:36:37.931 26972 26972 I AconfigPackage: com.android.system.virtualmachine.flags is mapped to com.android.virt
02-17 05:36:37.931 26972 26972 I AconfigPackage: com.android.cellbroadcastreceiver.flags is mapped to com.android.cellbroadcast
02-17 05:36:37.931 26972 26972 I AconfigPackage: com.android.devicelock.flags is mapped to com.android.devicelock
02-17 05:36:37.931 26972 26972 I AconfigPackage: com.android.icu is mapped to com.android.i18n
02-17 05:36:37.931 26972 26972 I AconfigPackage: android.uprobestats.mainline.flags is mapped to com.android.uprobestats
02-17 05:36:37.931 26972 26972 I AconfigPackage: com.android.os.statsd.flags is mapped to com.android.os.statsd
02-17 05:36:37.931 26972 26972 I AconfigPackage: com.android.rkpd.flags is mapped to com.android.rkpd
02-17 05:36:37.931 26972 26972 I AconfigPackage: com.android.healthfitness.flags is mapped to com.android.healthfitness
02-17 05:36:37.931 26972 26972 I AconfigPackage: com.android.healthfitness.beta.test is mapped to com.android.healthfitness
02-17 05:36:37.931 26972 26972 I AconfigPackage: com.android.wifi.flags is mapped to com.android.wifi
02-17 05:36:37.931 26972 26972 I AconfigPackage: com.android.bluetooth.flags is mapped to com.android.bt
02-17 05:36:37.931 26972 26972 E FeatureFlagsImplExport: android.os.flagging.AconfigStorageReadException: ERROR_PACKAGE_NOT_FOUND: package android.xr cannot be found on the device
02-17 05:36:37.937 26972 26972 I app_process: System.exit called, status: 0
02-17 05:36:37.937 26972 26972 I AndroidRuntime: VM exiting with result code 0.
02-17 05:36:39.237  7746  7746 D ImeBackDispatcher: Clear (mImeCallbacks.size=0)
02-17 05:36:39.237  7746  7746 D ImeBackDispatcher: switch root view (mImeCallbacks.size=0)
02-17 05:36:48.653  7746  7746 D ImeBackDispatcher: switch root view (mImeCallbacks.size=0)
02-17 05:36:48.923  7746  7746 I ImeTracker: com.termux:f89685a7: onRequestShow at ORIGIN_CLIENT reason SHOW_SOFT_INPUT fromUser false
02-17 05:36:48.923  7746  7746 D InsetsController: show(ime())
02-17 05:36:48.923  7746  7746 D ImeBackDispatcher: Undo preliminary clear (mImeCallbacks.size=0)
02-17 05:36:48.923  7746  7746 D InsetsController: Setting requestedVisibleTypes to -1 (was -9)
02-17 05:36:48.948  7746  7746 D ImeBackDispatcher: Register received callback id=223842117 priority=0
02-17 05:36:48.948  7746  7746 D WindowOnBackDispatcher: setTopOnBackInvokedCallback (unwrapped): ImeOnBackInvokedCallback@223842117 Callback=android.window.IOnBackInvokedCallback$Stub$Proxy@bfefe41
02-17 05:36:49.197  7746  7746 I ImeTracker: com.termux:f89685a7: onShown
02-17 05:36:53.698  7746  7746 E ViewDragHelper: Ignoring pointerId=0 because ACTION_DOWN was not received for this pointer before ACTION_MOVE. It likely happened because  ViewDragHelper did not receive all the events in the event stream.
02-17 05:36:53.698  7746  7746 E ViewDragHelper: Ignoring pointerId=0 because ACTION_DOWN was not received for this pointer before ACTION_MOVE. It likely happened because  ViewDragHelper did not receive all the events in the event stream.
02-17 05:36:53.698  7746  7746 E ViewDragHelper: Ignoring pointerId=0 because ACTION_DOWN was not received for this pointer before ACTION_MOVE. It likely happened because  ViewDragHelper did not receive all the events in the event stream.
02-17 05:36:53.698  7746  7746 E ViewDragHelper: Ignoring pointerId=0 because ACTION_DOWN was not received for this pointer before ACTION_MOVE. It likely happened because  ViewDragHelper did not receive all the events in the event stream.
02-17 05:36:53.700  7746  7746 D WindowOnBackDispatcher: setTopOnBackInvokedCallback (unwrapped): android.view.ViewRootImpl$$ExternalSyntheticLambda12@ae89707
02-17 05:36:53.713  7746  7746 D WindowOnBackDispatcher: setTopOnBackInvokedCallback (unwrapped): android.view.ViewRootImpl$$ExternalSyntheticLambda12@8b16359
02-17 05:36:53.728  7746  7746 D WindowOnBackDispatcher: setTopOnBackInvokedCallback (unwrapped): android.view.ViewRootImpl$$ExternalSyntheticLambda12@ae7fd1b
02-17 05:36:53.833  7746  7746 D WindowOnBackDispatcher: setTopOnBackInvokedCallback (unwrapped): null
02-17 05:36:54.014  7746  7746 D WindowOnBackDispatcher: setTopOnBackInvokedCallback (unwrapped): android.view.ViewRootImpl$$ExternalSyntheticLambda12@26a2f3d
02-17 05:36:54.412  7746  7746 D WindowOnBackDispatcher: setTopOnBackInvokedCallback (unwrapped): null
02-17 05:36:55.491  7746  7746 D WindowOnBackDispatcher: setTopOnBackInvokedCallback (unwrapped): android.view.ViewRootImpl$$ExternalSyntheticLambda12@b5efec4
02-17 05:36:56.121  7746  7746 D WindowOnBackDispatcher: setTopOnBackInvokedCallback (unwrapped): null
02-17 05:36:56.126  7746  7746 D WindowOnBackDispatcher: setTopOnBackInvokedCallback (unwrapped): null
02-17 05:36:56.383  7746  7746 D WindowOnBackDispatcher: setTopOnBackInvokedCallback (unwrapped): null
02-17 05:36:56.385  7746  7803 D HWUI    : endAllActiveAnimators on 0x7ad08854f0 (RippleDrawable) with handle 0x7930874100
02-17 05:36:58.570  7746  7746 D WindowOnBackDispatcher: setTopOnBackInvokedCallback (unwrapped): android.view.ViewRootImpl$$ExternalSyntheticLambda12@c918aa8
02-17 05:36:58.585  7746  7746 D WindowOnBackDispatcher: setTopOnBackInvokedCallback (unwrapped): android.view.ViewRootImpl$$ExternalSyntheticLambda12@22e11f2
02-17 05:36:58.605  7746  7746 D WindowOnBackDispatcher: setTopOnBackInvokedCallback (unwrapped): android.view.ViewRootImpl$$ExternalSyntheticLambda12@affceec
02-17 05:36:58.627  7746  7746 E ViewDragHelper: Ignoring pointerId=0 because ACTION_DOWN was not received for this pointer before ACTION_MOVE. It likely happened because  ViewDragHelper did not receive all the events in the event stream.
02-17 05:36:58.627  7746  7746 E ViewDragHelper: Ignoring pointerId=0 because ACTION_DOWN was not received for this pointer before ACTION_MOVE. It likely happened because  ViewDragHelper did not receive all the events in the event stream.
02-17 05:36:58.627  7746  7746 E ViewDragHelper: Ignoring pointerId=0 because ACTION_DOWN was not received for this pointer before ACTION_MOVE. It likely happened because  ViewDragHelper did not receive all the events in the event stream.
02-17 05:36:58.627  7746  7746 E ViewDragHelper: Ignoring pointerId=0 because ACTION_DOWN was not received for this pointer before ACTION_MOVE. It likely happened because  ViewDragHelper did not receive all the events in the event stream.
02-17 05:36:58.734  7746  7746 D WindowOnBackDispatcher: setTopOnBackInvokedCallback (unwrapped): null
02-17 05:36:58.950  7746  7746 D WindowOnBackDispatcher: setTopOnBackInvokedCallback (unwrapped): android.view.ViewRootImpl$$ExternalSyntheticLambda12@5896e87
02-17 05:36:59.430  7746  7746 D WindowOnBackDispatcher: setTopOnBackInvokedCallback (unwrapped): null
02-17 05:36:59.438  7746  7746 D WindowOnBackDispatcher: setTopOnBackInvokedCallback (unwrapped): null
02-17 05:36:59.711  7746  7746 D WindowOnBackDispatcher: setTopOnBackInvokedCallback (unwrapped): null
02-17 05:36:59.714  7746  7803 D HWUI    : endAllActiveAnimators on 0x7ad08ba6b0 (RippleDrawable) with handle 0x793086a8f0
02-17 05:37:05.351  7746  7746 D WindowOnBackDispatcher: setTopOnBackInvokedCallback (unwrapped): android.view.ViewRootImpl$$ExternalSyntheticLambda12@f9247b
02-17 05:37:05.366  7746  7746 D WindowOnBackDispatcher: setTopOnBackInvokedCallback (unwrapped): android.view.ViewRootImpl$$ExternalSyntheticLambda12@a8d652d
02-17 05:37:05.386  7746  7746 D WindowOnBackDispatcher: setTopOnBackInvokedCallback (unwrapped): android.view.ViewRootImpl$$ExternalSyntheticLambda12@cb4d04f
02-17 05:37:05.506  7746  7746 E ViewDragHelper: Ignoring pointerId=0 because ACTION_DOWN was not received for this pointer before ACTION_MOVE. It likely happened because  ViewDragHelper did not receive all the events in the event stream.
02-17 05:37:05.506  7746  7746 E ViewDragHelper: Ignoring pointerId=0 because ACTION_DOWN was not received for this pointer before ACTION_MOVE. It likely happened because  ViewDragHelper did not receive all the events in the event stream.
02-17 05:37:05.506  7746  7746 E ViewDragHelper: Ignoring pointerId=0 because ACTION_DOWN was not received for this pointer before ACTION_MOVE. It likely happened because  ViewDragHelper did not receive all the events in the event stream.
02-17 05:37:05.506  7746  7746 E ViewDragHelper: Ignoring pointerId=0 because ACTION_DOWN was not received for this pointer before ACTION_MOVE. It likely happened because  ViewDragHelper did not receive all the events in the event stream.
02-17 05:37:05.624  7746  7746 D WindowOnBackDispatcher: setTopOnBackInvokedCallback (unwrapped): null
02-17 05:37:05.825  7746  7746 D WindowOnBackDispatcher: setTopOnBackInvokedCallback (unwrapped): android.view.ViewRootImpl$$ExternalSyntheticLambda12@64fe836
02-17 05:37:06.342  7746  7746 D WindowOnBackDispatcher: setTopOnBackInvokedCallback (unwrapped): null
02-17 05:37:06.351  7746  7746 D WindowOnBackDispatcher: setTopOnBackInvokedCallback (unwrapped): null
02-17 05:37:06.617  7746  7746 D WindowOnBackDispatcher: setTopOnBackInvokedCallback (unwrapped): null
02-17 05:37:06.621  7746  7803 D HWUI    : endAllActiveAnimators on 0x7ad08c74b0 (RippleDrawable) with handle 0x79308daa30
02-17 05:37:07.055 27069 27069 W MainThread: type=1400 audit(0.0:68861): avc:  granted  { execute } for  name="bash" dev="dm-45" ino=103898 scontext=u:r:untrusted_app_27:s0:c206,c257,c512,c768 tcontext=u:object_r:app_data_file:s0:c206,c257,c512,c768 tclass=file app=com.termux
02-17 05:37:07.055 27069 27069 W MainThread: type=1400 audit(0.0:68862): avc:  granted  { execute } for  name="bash" dev="dm-45" ino=103898 scontext=u:r:untrusted_app_27:s0:c206,c257,c512,c768 tcontext=u:object_r:app_data_file:s0:c206,c257,c512,c768 tclass=file app=com.termux
02-17 05:37:07.055 27069 27069 W MainThread: type=1400 audit(0.0:68863): avc:  granted  { execute_no_trans } for  path="/data/data/com.termux/files/usr/bin/bash" dev="dm-45" ino=103898 scontext=u:r:untrusted_app_27:s0:c206,c257,c512,c768 tcontext=u:object_r:app_data_file:s0:c206,c257,c512,c768 tclass=file app=com.termux
02-17 05:37:07.087 27069 27069 W bash    : type=1400 audit(0.0:68864): avc:  granted  { execute } for  path="/data/data/com.termux/files/usr/bin/bash" dev="dm-45" ino=103898 scontext=u:r:untrusted_app_27:s0:c206,c257,c512,c768 tcontext=u:object_r:app_data_file:s0:c206,c257,c512,c768 tclass=file app=com.termux
02-17 05:37:07.091 27069 27069 W bash    : type=1400 audit(0.0:68865): avc:  denied  { search } for  name="tests" dev="dm-45" ino=113 scontext=u:r:untrusted_app_27:s0:c206,c257,c512,c768 tcontext=u:object_r:shell_test_data_file:s0 tclass=dir permissive=0 app=com.termux
02-17 05:37:07.091 27069 27069 W bash    : type=1400 audit(0.0:68866): avc:  denied  { search } for  name="tests" dev="dm-45" ino=113 scontext=u:r:untrusted_app_27:s0:c206,c257,c512,c768 tcontext=u:object_r:shell_test_data_file:s0 tclass=dir permissive=0 app=com.termux
02-17 05:37:07.091 27069 27069 W bash    : type=1400 audit(0.0:68867): avc:  denied  { search } for  name="tests" dev="dm-45" ino=113 scontext=u:r:untrusted_app_27:s0:c206,c257,c512,c768 tcontext=u:object_r:shell_test_data_file:s0 tclass=dir permissive=0 app=com.termux
02-17 05:37:07.091 27069 27069 W bash    : type=1400 audit(0.0:68868): avc:  denied  { search } for  name="tests" dev="dm-45" ino=113 scontext=u:r:untrusted_app_27:s0:c206,c257,c512,c768 tcontext=u:object_r:shell_test_data_file:s0 tclass=dir permissive=0 app=com.termux
02-17 05:37:07.091 27069 27069 W bash    : type=1400 audit(0.0:68869): avc:  granted  { execute } for  path="/data/data/com.termux/files/usr/lib/libiconv.so" dev="dm-45" ino=151081 scontext=u:r:untrusted_app_27:s0:c206,c257,c512,c768 tcontext=u:object_r:app_data_file:s0:c206,c257,c512,c768 tclass=file app=com.termux
02-17 05:37:07.118 27069 27069 W audit   : audit_lost=66741 audit_rate_limit=5 audit_backlog_limit=64
02-17 05:37:07.118 27069 27069 E audit   : rate limit exceeded
02-17 05:37:07.182 27073 27073 W libc    : Access denied finding property "ro.debuggable"
02-17 05:37:07.182 27073 27073 W libc    : Access denied finding property "ro.debuggable"
02-17 05:37:07.182 27073 27073 W libc    : Access denied finding property "ro.debuggable"
02-17 05:37:07.183 27073 27073 D AndroidRuntime: >>>>>> START com.android.internal.os.RuntimeInit uid 10462 <<<<<<
02-17 05:37:07.183 27073 27073 W libc    : Access denied finding property "ro.debuggable"
02-17 05:37:07.187 27073 27073 I AndroidRuntime: Using default boot image
02-17 05:37:07.187 27073 27073 I AndroidRuntime: Leaving lock profiling enabled
02-17 05:37:07.187 27073 27073 W libc    : Access denied finding property "odsign.verification.success"
02-17 05:37:07.187 27073 27073 W libc    : Access denied finding property "ro.debuggable"
02-17 05:37:07.188 27073 27073 W app_process: ART APEX data files are untrusted.
02-17 05:37:07.188 27073 27073 I app_process: Using CollectorTypeCMC GC.
02-17 05:37:07.249 27073 27073 D nativeloader: InitDefaultPublicLibraries for_preload=1: libandroid.so:libaaudio.so:libamidi.so:libbinder_ndk.so:libc.so:libcamera2ndk.so:libdl.so:libEGL.so:libGLESv1_CM.so:libGLESv2.so:libGLESv3.so:libicu.so:libicui18n.so:libicuuc.so:libjnigraphics.so:liblog.so:libmediandk.so:libm.so:libnativehelper.so:libnativewindow.so:libOpenMAXAL.so:libOpenSLES.so:libRS.so:libstdc++.so:libsync.so:libvulkan.so:libwebviewchromium_plat_support.so:libz.so
02-17 05:37:07.254 27073 27073 D nativeloader: Load libicu_jni.so using APEX ns com_android_art for caller /apex/com.android.art/javalib/core-oj.jar: ok
02-17 05:37:07.254 27073 27073 D app_process: u_setTimeZoneFilesDirectory("/apex/com.android.tzdata/etc/tz/versioned/9/icu") succeeded. 
02-17 05:37:07.254 27073 27073 D app_process: I18n APEX ICU file found: /apex/com.android.i18n/etc/icu/icudt76l.dat
02-17 05:37:07.255 27073 27073 D nativeloader: Load libjavacore.so using APEX ns com_android_art for caller /apex/com.android.art/javalib/core-oj.jar: ok
02-17 05:37:07.255 27073 27073 D nativeloader: Load libopenjdk.so using APEX ns com_android_art for caller /apex/com.android.art/javalib/core-oj.jar: ok
02-17 05:37:07.256 27073 27073 I app_process: Priority-to-niceness mapping: 19, 16, 13, 10, 0, -2, -4, -5, -6, -8
02-17 05:37:07.274 27073 27073 W libc    : Access denied finding property "ro.product.name_for_attestation"
02-17 05:37:07.274 27073 27073 W libc    : Access denied finding property "ro.product.device_for_attestation"
02-17 05:37:07.274 27073 27073 W libc    : Access denied finding property "ro.product.manufacturer_for_attestation"
02-17 05:37:07.274 27073 27073 W libc    : Access denied finding property "ro.product.brand_for_attestation"
02-17 05:37:07.274 27073 27073 W libc    : Access denied finding property "ro.product.model_for_attestation"
02-17 05:37:07.274 27073 27073 W libc    : Access denied finding property "ro.debuggable"
02-17 05:37:07.282 27073 27073 D nativeloader: Load libframework-connectivity-tiramisu-jni.so using APEX ns com_android_tethering for caller /apex/com.android.tethering/javalib/framework-connectivity-t.jar: ok
02-17 05:37:07.282 27073 27073 D AndroidRuntime: Calling main entry com.termux.termuxam.Am
02-17 05:37:07.285 27073 27073 I AconfigPackage: com.android.nfc.flags is mapped to system
02-17 05:37:07.285 27073 27073 I AconfigPackage: android.app.admin.flags is mapped to system
02-17 05:37:07.285 27073 27073 I AconfigPackage: com.android.graphics.graphicsenv.flags is mapped to system
02-17 05:37:07.285 27073 27073 I AconfigPackage: android.database.sqlite is mapped to system
02-17 05:37:07.285 27073 27073 I AconfigPackage: com.android.providers.calendar is mapped to system
02-17 05:37:07.285 27073 27073 I AconfigPackage: com.android.server.power.feature.flags is mapped to system
02-17 05:37:07.285 27073 27073 I AconfigPackage: com.android.settingslib.widget.theme.flags is mapped to system
02-17 05:37:07.285 27073 27073 I AconfigPackage: android.app.contextualsearch.flags is mapped to system
02-17 05:37:07.285 27073 27073 I AconfigPackage: android.app.ondeviceintelligence.flags is mapped to system
02-17 05:37:07.285 27073 27073 I AconfigPackage: com.android.media.projection.flags is mapped to system
02-17 05:37:07.285 27073 27073 I AconfigPackage: android.companion is mapped to system
02-17 05:37:07.285 27073 27073 I AconfigPackage: android.service.controls.flags is mapped to system
02-17 05:37:07.285 27073 27073 I AconfigPackage: com.android.text.flags is mapped to system
02-17 05:37:07.285 27073 27073 I AconfigPackage: com.android.providers.contactkeys.flags is mapped to system
02-17 05:37:07.285 27073 27073 I AconfigPackage: com.android.intentresolver is mapped to system
02-17 05:37:07.285 27073 27073 I AconfigPackage: android.companion.virtualdevice.flags is mapped to system
02-17 05:37:07.285 27073 27073 I AconfigPackage: android.uprobestats.flags is mapped to system
02-17 05:37:07.285 27073 27073 I AconfigPackage: com.android.net.thread.platform.flags is mapped to system
02-17 05:37:07.285 27073 27073 I AconfigPackage: android.view.contentprotection.flags is mapped to system
02-17 05:37:07.285 27073 27073 I AconfigPackage: com.android.graphics.surfaceflinger.flags is mapped to system
02-17 05:37:07.285 27073 27073 I AconfigPackage: com.android.hardware.input is mapped to system
02-17 05:37:07.285 27073 27073 I AconfigPackage: android.sdk is mapped to system
02-17 05:37:07.285 27073 27073 I AconfigPackage: com.android.input.flags is mapped to system
02-17 05:37:07.285 27073 27073 I AconfigPackage: android.tracing is mapped to system
02-17 05:37:07.285 27073 27073 I AconfigPackage: com.android.server.biometrics is mapped to system
02-17 05:37:07.285 27073 27073 I AconfigPackage: android.view.contentcapture.flags is mapped to system
02-17 05:37:07.285 27073 27073 I AconfigPackage: android.app.job is mapped to system
02-17 05:37:07.285 27073 27073 I AconfigPackage: android.content.res is mapped to system
02-17 05:37:07.285 27073 27073 I AconfigPackage: android.net.platform.flags is mapped to system
02-17 05:37:07.285 27073 27073 I AconfigPackage: com.android.aconfig.flags is mapped to system
02-17 05:37:07.285 27073 27073 I AconfigPackage: com.android.graphics.flags is mapped to system
02-17 05:37:07.285 27073 27073 I AconfigPackage: android.server.app is mapped to system
02-17 05:37:07.285 27073 27073 I AconfigPackage: android.speech.flags is mapped to system
02-17 05:37:07.285 27073 27073 I AconfigPackage: com.android.server.stats is mapped to system
02-17 05:37:07.285 27073 27073 I AconfigPackage: android.hardware.biometrics is mapped to system
02-17 05:37:07.285 27073 27073 I AconfigPackage: android.car.feature is mapped to system
02-17 05:37:07.285 27073 27073 I AconfigPackage: android.adpf is mapped to system
02-17 05:37:07.285 27073 27073 I AconfigPackage: android.location.flags is mapped to system
02-17 05:37:07.285 27073 27073 I AconfigPackage: com.android.settingslib.flags is mapped to system
02-17 05:37:07.285 27073 27073 I AconfigPackage: com.android.managedprovisioning.flags is mapped to system
02-17 05:37:07.285 27073 27073 I AconfigPackage: android.app.assist.flags is mapped to system
02-17 05:37:07.285 27073 27073 I AconfigPackage: com.android.server.net is mapped to system
02-17 05:37:07.285 27073 27073 I AconfigPackage: com.android.settingslib.widget.flags is mapped to system
02-17 05:37:07.285 27073 27073 I AconfigPackage: com.android.internal.camera.flags is mapped to system
02-17 05:37:07.285 27073 27073 I AconfigPackage: com.android.hardware.libsensor.flags is mapped to system
02-17 05:37:07.285 27073 27073 I AconfigPackage: com.android.internal.jank is mapped to system
02-17 05:37:07.285 27073 27073 I AconfigPackage: com.android.providers.settings is mapped to system
02-17 05:37:07.285 27073 27073 I AconfigPackage: android.multiuser is mapped to system
02-17 05:37:07.285 27073 27073 I AconfigPackage: com.android.server.power.optimization is mapped to system
02-17 05:37:07.285 27073 27073 I AconfigPackage: com.android.calllogbackup is mapped to system
02-17 05:37:07.285 27073 27073 I AconfigPackage: com.android.media.flags is mapped to system
02-17 05:37:07.285 27073 27073 I AconfigPackage: com.android.media.mediasession.flags is mapped to system
02-17 05:37:07.285 27073 27073 I AconfigPackage: com.android.server.flags is mapped to system
02-17 05:37:07.285 27073 27073 I AconfigPackage: com.android.graphics.libvulkan.flags is mapped to system
02-17 05:37:07.285 27073 27073 I AconfigPackage: android.app.appfunctions.flags is mapped to system
02-17 05:37:07.285 27073 27073 I AconfigPackage: android.app.smartspace.flags is mapped to system
02-17 05:37:07.285 27073 27073 I AconfigPackage: com.android.providers.contacts.flags is mapped to system
02-17 05:37:07.285 27073 27073 I AconfigPackage: com.android.shell.flags is mapped to system
02-17 05:37:07.285 27073 27073 I AconfigPackage: com.android.media.aaudio is mapped to system
02-17 05:37:07.285 27073 27073 I AconfigPackage: android.hardware.radio is mapped to system
02-17 05:37:07.285 27073 27073 I AconfigPackage: suspend_service.flags is mapped to system
02-17 05:37:07.285 27073 27073 I AconfigPackage: android.media.midi is mapped to system
02-17 05:37:07.285 27073 27073 I AconfigPackage: com.android.libcore.readonly is mapped to system
02-17 05:37:07.285 27073 27073 I AconfigPackage: android.service.notification is mapped to system
02-17 05:37:07.285 27073 27073 I AconfigPackage: com.android.systemui.shared is mapped to system
02-17 05:37:07.285 27073 27073 I AconfigPackage: android.app.jank is mapped to system
02-17 05:37:07.285 27073 27073 I AconfigPackage: android.app.wearable is mapped to system
02-17 05:37:07.285 27073 27073 I AconfigPackage: com.android.media.audio is mapped to system
02-17 05:37:07.285 27073 27073 I AconfigPackage: android.service.chooser is mapped to system
02-17 05:37:07.285 27073 27073 I AconfigPackage: com.android.server.compat is mapped to system
02-17 05:37:07.285 27073 27073 I AconfigPackage: com.android.server.alarm is mapped to system
02-17 05:37:07.285 27073 27073 I AconfigPackage: com.android.apex.flags is mapped to system
02-17 05:37:07.285 27073 27073 I AconfigPackage: android.service.quickaccesswallet is mapped to system
02-17 05:37:07.285 27073 27073 I AconfigPackage: android.app.usage is mapped to system
02-17 05:37:07.285 27073 27073 I AconfigPackage: com.android.server.accessibility is mapped to system
02-17 05:37:07.285 27073 27073 I AconfigPackage: android.app.supervision.flags is mapped to system
02-17 05:37:07.286 27073 27073 I AconfigPackage: com.android.server.utils is mapped to system
02-17 05:37:07.286 27073 27073 I AconfigPackage: android.chre.flags is mapped to system
02-17 05:37:07.286 27073 27073 I AconfigPackage: android.content.flags is mapped to system
02-17 05:37:07.286 27073 27073 I AconfigPackage: android.media.codec is mapped to system
02-17 05:37:07.286 27073 27073 I AconfigPackage: com.android.internal.os is mapped to system
02-17 05:37:07.286 27073 27073 I AconfigPackage: com.android.nfc.nci.flags is mapped to system
02-17 05:37:07.286 27073 27073 I AconfigPackage: android.app is mapped to system
02-17 05:37:07.286 27073 27073 I AconfigPackage: android.security.keystore2 is mapped to system
02-17 05:37:07.286 27073 27073 I AconfigPackage: android.crashrecovery.flags is mapped to system
02-17 05:37:07.286 27073 27073 I AconfigPackage: com.android.tradeinmode.flags is mapped to system
02-17 05:37:07.286 27073 27073 I AconfigPackage: android.hardware.flags is mapped to system
02-17 05:37:07.286 27073 27073 I AconfigPackage: com.android.server.telecom.flags is mapped to system
02-17 05:37:07.286 27073 27073 I AconfigPackage: com.android.settingslib.media.flags is mapped to system
02-17 05:37:07.286 27073 27073 I AconfigPackage: com.android.server.policy is mapped to system
02-17 05:37:07.286 27073 27073 I AconfigPackage: android.media.audiopolicy is mapped to system
02-17 05:37:07.286 27073 27073 I AconfigPackage: com.android.egg.flags is mapped to system
02-17 05:37:07.286 27073 27073 I AconfigPackage: com.android.internal.compat.flags is mapped to system
02-17 05:37:07.286 27073 27073 I AconfigPackage: android.security is mapped to system
02-17 05:37:07.286 27073 27073 I AconfigPackage: android.service.autofill is mapped to system
02-17 05:37:07.286 27073 27073 I AconfigPackage: com.example.android.aconfig.demo.flags is mapped to system
02-17 05:37:07.286 27073 27073 I AconfigPackage: com.android.server.clipboard is mapped to system
02-17 05:37:07.286 27073 27073 I AconfigPackage: android.view.flags is mapped to system
02-17 05:37:07.286 27073 27073 I AconfigPackage: android.companion.virtual.flags is mapped to system
02-17 05:37:07.286 27073 27073 I AconfigPackage: com.android.aconfig_new_storage is mapped to system
02-17 05:37:07.286 27073 27073 I AconfigPackage: com.android.server.feature.flags is mapped to system
02-17 05:37:07.286 27073 27073 I AconfigPackage: com.android.systemui is mapped to system
02-17 05:37:07.286 27073 27073 I AconfigPackage: com.android.server.power.batterysaver is mapped to system
02-17 05:37:07.286 27073 27073 I AconfigPackage: android.widget.flags is mapped to system
02-17 05:37:07.286 27073 27073 I AconfigPackage: com.android.media.editing.flags is mapped to system
02-17 05:37:07.286 27073 27073 I AconfigPackage: com.android.media.codec.flags is mapped to system
02-17 05:37:07.286 27073 27073 I AconfigPackage: com.android.server.powerstats is mapped to system
02-17 05:37:07.286 27073 27073 I AconfigPackage: com.android.graphics.egl.flags is mapped to system
02-17 05:37:07.286 27073 27073 I AconfigPackage: com.android.media.audioserver is mapped to system
02-17 05:37:07.286 27073 27073 I AconfigPackage: com.android.server.deviceidle is mapped to system
02-17 05:37:07.286 27073 27073 I AconfigPackage: android.nfc is mapped to system
02-17 05:37:07.286 27073 27073 I AconfigPackage: android.permission.flags is mapped to system
02-17 05:37:07.286 27073 27073 I AconfigPackage: android.service.voice.flags is mapped to system
02-17 05:37:07.286 27073 27073 I AconfigPackage: android.content.pm is mapped to system
02-17 05:37:07.286 27073 27073 I AconfigPackage: com.android.server.power.hint is mapped to system
02-17 05:37:07.286 27073 27073 I AconfigPackage: android.os is mapped to system
02-17 05:37:07.286 27073 27073 I AconfigPackage: android.service.dreams is mapped to system
02-17 05:37:07.286 27073 27073 I AconfigPackage: com.android.graphics.libgui.flags is mapped to system
02-17 05:37:07.286 27073 27073 I AconfigPackage: android.hardware.usb.flags is mapped to system
02-17 05:37:07.286 27073 27073 I AconfigPackage: android.provider is mapped to system
02-17 05:37:07.286 27073 27073 I AconfigPackage: com.android.server.job is mapped to system
02-17 05:37:07.286 27073 27073 I AconfigPackage: com.android.internal.foldables.flags is mapped to system
02-17 05:37:07.286 27073 27073 I AconfigPackage: com.android.internal.telephony.flags is mapped to system
02-17 05:37:07.286 27073 27073 I AconfigPackage: android.webkit is mapped to system
02-17 05:37:07.286 27073 27073 I AconfigPackage: android.credentials.flags is mapped to system
02-17 05:37:07.286 27073 27073 I AconfigPackage: com.android.documentsui.flags is mapped to system
02-17 05:37:07.286 27073 27073 I AconfigPackage: com.android.server.display.feature.flags is mapped to system
02-17 05:37:07.286 27073 27073 I AconfigPackage: com.android.server.notification is mapped to system
02-17 05:37:07.286 27073 27073 I AconfigPackage: android.appwidget.flags is mapped to system
02-17 05:37:07.286 27073 27073 I AconfigPackage: com.android.frameworks.sensorservice.flags is mapped to system
02-17 05:37:07.286 27073 27073 I AconfigPackage: com.android.printspooler.flags is mapped to system
02-17 05:37:07.286 27073 27073 I AconfigPackage: com.android.window.flags is mapped to system
02-17 05:37:07.286 27073 27073 I AconfigPackage: android.net.wifi.flags is mapped to system
02-17 05:37:07.286 27073 27073 I AconfigPackage: android.media.tv.flags is mapped to system
02-17 05:37:07.286 27073 27073 I AconfigPackage: com.android.server.usb.flags is mapped to system
02-17 05:37:07.286 27073 27073 I AconfigPackage: android.os.vibrator is mapped to system
02-17 05:37:07.286 27073 27073 I AconfigPackage: android.vold.flags is mapped to system
02-17 05:37:07.286 27073 27073 I AconfigPackage: android.hardware.devicestate.feature.flags is mapped to system
02-17 05:37:07.286 27073 27073 I AconfigPackage: com.android.server.usage is mapped to system
02-17 05:37:07.286 27073 27073 I AconfigPackage: android.server is mapped to system
02-17 05:37:07.286 27073 27073 I AconfigPackage: com.android.wm.shell is mapped to system
02-17 05:37:07.286 27073 27073 I AconfigPackage: android.view.inputmethod is mapped to system
02-17 05:37:07.286 27073 27073 I AconfigPackage: com.android.graphics.hwui.flags is mapped to system
02-17 05:37:07.286 27073 27073 I AconfigPackage: com.android.server.backup is mapped to system
02-17 05:37:07.286 27073 27073 I AconfigPackage: com.android.internal.pm.pkg.component.flags is mapped to system
02-17 05:37:07.286 27073 27073 I AconfigPackage: android.view.accessibility is mapped to system
02-17 05:37:07.286 27073 27073 I AconfigPackage: android.media.audio is mapped to system
02-17 05:37:07.286 27073 27073 I AconfigPackage: com.android.server.am is mapped to system
02-17 05:37:07.286 27073 27073 I AconfigPackage: com.android.server.print is mapped to system
02-17 05:37:07.286 27073 27073 I AconfigPackage: com.android.settings.keyboard is mapped to system_ext
02-17 05:37:07.286 27073 27073 I AconfigPackage: com.android.systemui.accessibility.accessibilitymenu is mapped to system_ext
02-17 05:37:07.286 27073 27073 I AconfigPackage: com.android.server.policy.feature.flags is mapped to system_ext
02-17 05:37:07.286 27073 27073 I AconfigPackage: com.android.settings.factory_reset is mapped to system_ext
02-17 05:37:07.286 27073 27073 I AconfigPackage: com.android.settings.media_drm is mapped to system_ext
02-17 05:37:07.286 27073 27073 I AconfigPackage: com.android.launcher3 is mapped to system_ext
02-17 05:37:07.286 27073 27073 I AconfigPackage: com.android.settings.accessibility is mapped to system_ext
02-17 05:37:07.286 27073 27073 I AconfigPackage: com.android.wallpaper is mapped to system_ext
02-17 05:37:07.286 27073 27073 I AconfigPackage: com.android.settings.flags is mapped to system_ext
02-17 05:37:07.286 27073 27073 I AconfigPackage: com.android.permission.flags is mapped to com.android.permission
02-17 05:37:07.286 27073 27073 I AconfigPackage: android.provider.flags is mapped to com.android.configinfrastructure
02-17 05:37:07.286 27073 27073 I AconfigPackage: com.android.server.deviceconfig is mapped to com.android.configinfrastructure
02-17 05:37:07.287 27073 27073 I AconfigPackage: android.os.profiling is mapped to com.android.profiling
02-17 05:37:07.287 27073 27073 I AconfigPackage: com.android.crashrecovery.flags is mapped to com.android.crashrecovery
02-17 05:37:07.287 27073 27073 I AconfigPackage: com.android.adservices.ondevicepersonalization.flags is mapped to com.android.ondevicepersonalization
02-17 05:37:07.287 27073 27073 I AconfigPackage: android.graphics.pdf.flags is mapped to com.android.mediaprovider
02-17 05:37:07.287 27073 27073 I AconfigPackage: com.android.providers.media.flags is mapped to com.android.mediaprovider
02-17 05:37:07.287 27073 27073 I AconfigPackage: android.graphics.pdf.flags.readonly is mapped to com.android.mediaprovider
02-17 05:37:07.287 27073 27073 I AconfigPackage: android.media.swcodec.flags is mapped to com.android.media.swcodec
02-17 05:37:07.287 27073 27073 I AconfigPackage: com.android.art.flags is mapped to com.android.art
02-17 05:37:07.287 27073 27073 I AconfigPackage: com.android.art.native.flags is mapped to com.android.art
02-17 05:37:07.287 27073 27073 I AconfigPackage: com.android.libcore is mapped to com.android.art
02-17 05:37:07.287 27073 27073 I AconfigPackage: com.android.nfc.module.flags is mapped to com.android.nfcservices
02-17 05:37:07.287 27073 27073 I AconfigPackage: com.android.ipsec.flags is mapped to com.android.ipsec
02-17 05:37:07.288 27073 27073 I AconfigPackage: com.android.adbd.flags is mapped to com.android.adbd
02-17 05:37:07.288 27073 27073 I AconfigPackage: com.android.adservices.flags is mapped to com.android.adservices
02-17 05:37:07.288 27073 27073 I AconfigPackage: com.android.sdksandbox.flags is mapped to com.android.adservices
02-17 05:37:07.288 27073 27073 I AconfigPackage: com.android.appsearch.flags is mapped to com.android.appsearch
02-17 05:37:07.288 27073 27073 I AconfigPackage: com.android.uwb.flags is mapped to com.android.uwb
02-17 05:37:07.288 27073 27073 I AconfigPackage: com.android.ranging.flags is mapped to com.android.uwb
02-17 05:37:07.288 27073 27073 I AconfigPackage: com.android.org.conscrypt.flags is mapped to com.android.conscrypt
02-17 05:37:07.288 27073 27073 I AconfigPackage: com.android.org.conscrypt.net.flags is mapped to com.android.conscrypt
02-17 05:37:07.288 27073 27073 I AconfigPackage: com.android.media.extractor.flags is mapped to com.android.media
02-17 05:37:07.288 27073 27073 I AconfigPackage: com.android.media.mainline.flags is mapped to com.android.media
02-17 05:37:07.288 27073 27073 I AconfigPackage: com.android.net.ct.flags is mapped to com.android.tethering
02-17 05:37:07.288 27073 27073 I AconfigPackage: com.android.net.flags is mapped to com.android.tethering
02-17 05:37:07.288 27073 27073 I AconfigPackage: android.net.vcn is mapped to com.android.tethering
02-17 05:37:07.288 27073 27073 I AconfigPackage: com.android.nearby.flags is mapped to com.android.tethering
02-17 05:37:07.288 27073 27073 I AconfigPackage: android.net.http is mapped to com.android.tethering
02-17 05:37:07.288 27073 27073 I AconfigPackage: com.android.net.thread.flags is mapped to com.android.tethering
02-17 05:37:07.288 27073 27073 I AconfigPackage: com.android.system.virtualmachine.flags is mapped to com.android.virt
02-17 05:37:07.288 27073 27073 I AconfigPackage: com.android.cellbroadcastreceiver.flags is mapped to com.android.cellbroadcast
02-17 05:37:07.289 27073 27073 I AconfigPackage: com.android.devicelock.flags is mapped to com.android.devicelock
02-17 05:37:07.289 27073 27073 I AconfigPackage: com.android.icu is mapped to com.android.i18n
02-17 05:37:07.289 27073 27073 I AconfigPackage: android.uprobestats.mainline.flags is mapped to com.android.uprobestats
02-17 05:37:07.289 27073 27073 I AconfigPackage: com.android.os.statsd.flags is mapped to com.android.os.statsd
02-17 05:37:07.289 27073 27073 I AconfigPackage: com.android.rkpd.flags is mapped to com.android.rkpd
02-17 05:37:07.289 27073 27073 I AconfigPackage: com.android.healthfitness.flags is mapped to com.android.healthfitness
02-17 05:37:07.289 27073 27073 I AconfigPackage: com.android.healthfitness.beta.test is mapped to com.android.healthfitness
02-17 05:37:07.289 27073 27073 I AconfigPackage: com.android.wifi.flags is mapped to com.android.wifi
02-17 05:37:07.289 27073 27073 I AconfigPackage: com.android.bluetooth.flags is mapped to com.android.bt
02-17 05:37:07.289 27073 27073 E FeatureFlagsImplExport: android.os.flagging.AconfigStorageReadException: ERROR_PACKAGE_NOT_FOUND: package android.xr cannot be found on the device
02-17 05:37:07.294 27073 27073 I app_process: System.exit called, status: 0
02-17 05:37:07.294 27073 27073 I AndroidRuntime: VM exiting with result code 0.
02-17 05:37:07.376  7746  7746 I ImeTracker: system_server:eaaf407e: onCancelled at PHASE_CLIENT_ON_CONTROLS_CHANGED
02-17 05:37:08.535  7746  7746 D ImeBackDispatcher: Clear (mImeCallbacks.size=1)
02-17 05:37:08.536  7746  7746 D WindowOnBackDispatcher: setTopOnBackInvokedCallback (unwrapped): android.view.ViewRootImpl$$ExternalSyntheticLambda12@f8337b5
02-17 05:37:08.536  7746  7746 D ImeBackDispatcher: switch root view (mImeCallbacks.size=0)
02-17 05:37:10.297  7746  7746 D ActivityThread: Package [com.catfewd.nemotron] reported as REPLACED, but missing application info. Assuming REMOVED.
02-17 05:37:10.308  7746  7746 D ActivityThread: Package [com.catfewd.nemotron] reported as REPLACED, but missing application info. Assuming REMOVED.
02-17 05:37:10.310  7746  7746 D ActivityThread: Package [com.catfewd.nemotron] reported as REPLACED, but missing application info. Assuming REMOVED.
02-17 05:37:12.880  7746  7746 D ImeBackDispatcher: switch root view (mImeCallbacks.size=0)
02-17 05:37:12.881  7746  7746 D ImeBackDispatcher: updateReceivingDispatcher (mQueuedReceive.size=1)
02-17 05:37:12.881  7746  7746 D ImeBackDispatcher: Unregister received callback id=223842117
02-17 05:37:12.881  7746  7746 W ImeBackDispatcher: Ime callback not found. Ignoring unregisterReceivedCallback. callbackId: 223842117 remaining callbacks: 0
02-17 05:37:12.913  7746  7746 D ImeBackDispatcher: Register received callback id=223842117 priority=0
02-17 05:37:12.913  7746  7746 D WindowOnBackDispatcher: setTopOnBackInvokedCallback (unwrapped): ImeOnBackInvokedCallback@223842117 Callback=android.window.IOnBackInvokedCallback$Stub$Proxy@b91bef7
02-17 05:37:12.930  7746  7746 D ImeBackDispatcher: Unregister received callback id=223842117
02-17 05:37:12.930  7746  7746 D WindowOnBackDispatcher: setTopOnBackInvokedCallback (unwrapped): android.view.ViewRootImpl$$ExternalSyntheticLambda12@f8337b5
02-17 05:37:12.934  7746  7746 D ImeBackDispatcher: Register received callback id=223842117 priority=0
02-17 05:37:12.934  7746  7746 D WindowOnBackDispatcher: setTopOnBackInvokedCallback (unwrapped): ImeOnBackInvokedCallback@223842117 Callback=android.window.IOnBackInvokedCallback$Stub$Proxy@5d1ffcd
02-17 05:37:13.140  7746  7746 I ImeTracker: com.termux:b395a15d: onRequestShow at ORIGIN_CLIENT reason SHOW_SOFT_INPUT fromUser false
02-17 05:37:13.141  7746  7746 D InsetsController: show(ime())
02-17 05:37:13.141  7746  7746 I ImeTracker: com.termux:b395a15d: onCancelled at PHASE_CLIENT_APPLY_ANIMATION
02-17 05:37:13.177  7746  7746 I ImeTracker: system_server:5e547f3d: onShown
02-17 05:37:26.273  7746  7746 I ImeTracker: system_server:339969b7: onCancelled at PHASE_CLIENT_ON_CONTROLS_CHANGED
02-17 05:37:26.281  7746  7746 D ImeBackDispatcher: Clear (mImeCallbacks.size=1)
02-17 05:37:26.281  7746  7746 D WindowOnBackDispatcher: setTopOnBackInvokedCallback (unwrapped): android.view.ViewRootImpl$$ExternalSyntheticLambda12@f8337b5
02-17 05:37:26.282  7746  7746 D ImeBackDispatcher: switch root view (mImeCallbacks.size=0)
02-17 05:37:26.760  7746  7746 D VRI[TermuxActivity]: visibilityChanged oldVisibility=true newVisibility=false
02-17 05:37:26.819  7746  7767 W System  : A resource failed to call release. 
02-17 05:37:26.822  7746  7767 W System  : A resource failed to call release. 
02-17 05:37:26.822  7746  7767 W System  : A resource failed to call release. 
02-17 05:37:30.131  7746  7746 D ViewRootImpl: Skipping stats log for color mode
02-17 05:37:30.149  7746 27285 D MediaCodecList: codecHandlesFormat: no format, so no extra checks
02-17 05:37:30.150  7746 27287 D CCodec  : allocate(c2.android.vorbis.decoder)
02-17 05:37:30.152  7746 27287 I CCodec  : setting up 'default' as default (vendor) store
02-17 05:37:30.154  7746  7895 D BufferPoolAccessor2.0: bufferpool2 0x7b00825828 : 0(0 size) total buffers - 0(0 size) used buffers - 1/7 (recycle/alloc) - 6/24 (fetch/transfer)
02-17 05:37:30.154  7746  7895 D BufferPoolAccessor2.0: Destruction - bufferpool2 0x7b00825828 cached: 0/0M, 0/0% in use; allocs: 7, 14% recycled; transfers: 24, 75% unfetched
02-17 05:37:30.154  7746 27287 I CCodec  : Created component [c2.android.vorbis.decoder] for [c2.android.vorbis.decoder]
02-17 05:37:30.155  7746 27287 D CCodecConfig: read media type: audio/vorbis
02-17 05:37:30.156  7746 27287 D ReflectedParamUpdater: extent() != 1 for single value type: algo.buffers.max-count.values
02-17 05:37:30.156  7746 27287 D ReflectedParamUpdater: extent() != 1 for single value type: output.subscribed-indices.values
02-17 05:37:30.156  7746 27287 D ReflectedParamUpdater: extent() != 1 for single value type: input.buffers.allocator-ids.values
02-17 05:37:30.156  7746 27287 D ReflectedParamUpdater: extent() != 1 for single value type: output.buffers.allocator-ids.values
02-17 05:37:30.156  7746 27287 D ReflectedParamUpdater: extent() != 1 for single value type: algo.buffers.allocator-ids.values
02-17 05:37:30.156  7746 27287 D ReflectedParamUpdater: extent() != 1 for single value type: output.buffers.pool-ids.values
02-17 05:37:30.156  7746 27287 D ReflectedParamUpdater: extent() != 1 for single value type: algo.buffers.pool-ids.values
02-17 05:37:30.159  7746 27287 I CCodecConfig: query failed after returning 8 values (BAD_INDEX)
02-17 05:37:30.160  7746 27287 D CCodecConfig: c2 config diff is Dict {
02-17 05:37:30.160  7746 27287 D CCodecConfig:   c2::u32 coded.bitrate.value = 64000
02-17 05:37:30.160  7746 27287 D CCodecConfig:   c2::u32 input.buffers.max-size.value = 32768
02-17 05:37:30.160  7746 27287 D CCodecConfig:   c2::u32 input.delay.value = 0
02-17 05:37:30.160  7746 27287 D CCodecConfig:   string input.media-type.value = "audio/vorbis"
02-17 05:37:30.160  7746 27287 D CCodecConfig:   c2::u32 output.large-frame.max-size = 0
02-17 05:37:30.160  7746 27287 D CCodecConfig:   c2::u32 output.large-frame.threshold-size = 0
02-17 05:37:30.160  7746 27287 D CCodecConfig:   string output.media-type.value = "audio/raw"
02-17 05:37:30.160  7746 27287 D CCodecConfig:   c2::u32 raw.channel-count.value = 1
02-17 05:37:30.160  7746 27287 D CCodecConfig:   c2::u32 raw.sample-rate.value = 48000
02-17 05:37:30.160  7746 27287 D CCodecConfig: }
02-17 05:37:30.160  7746 27287 D CCodec  : [c2.android.vorbis.decoder] buffers are bound to CCodec for this session
02-17 05:37:30.161  7746 27287 D CCodecConfig: no c2 equivalents for durationUs
02-17 05:37:30.161  7746 27287 D CCodecConfig: no c2 equivalents for track-id
02-17 05:37:30.161  7746 27287 D CCodecConfig: no c2 equivalents for csd-1
02-17 05:37:30.161  7746 27287 D CCodecConfig: no c2 equivalents for flags
02-17 05:37:30.161  7746 27287 D CCodecConfig: c2 config diff is   c2::u32 coded.bitrate.value = 96000
02-17 05:37:30.161  7746 27287 D CCodecConfig:   c2::u32 raw.sample-rate.value = 44100
02-17 05:37:30.161  7746 27287 W Codec2Client: query -- param skipped: index = 1107298332.
02-17 05:37:30.161  7746 27287 D CCodec  : encoding statistics level = 0
02-17 05:37:30.161  7746 27287 D CCodec  : setup formats input: AMessage(what = 0x00000000) = {
02-17 05:37:30.161  7746 27287 D CCodec  :   int32_t bitrate = 96000
02-17 05:37:30.161  7746 27287 D CCodec  :   int32_t channel-count = 1
02-17 05:37:30.161  7746 27287 D CCodec  :   int32_t max-input-size = 32768
02-17 05:37:30.161  7746 27287 D CCodec  :   string mime = "audio/vorbis"
02-17 05:37:30.161  7746 27287 D CCodec  :   int32_t sample-rate = 44100
02-17 05:37:30.161  7746 27287 D CCodec  : }
02-17 05:37:30.161  7746 27287 D CCodec  : setup formats output: AMessage(what = 0x00000000) = {
02-17 05:37:30.161  7746 27287 D CCodec  :   int32_t buffer-batch-max-output-size = 0
02-17 05:37:30.161  7746 27287 D CCodec  :   int32_t buffer-batch-threshold-output-size = 0
02-17 05:37:30.161  7746 27287 D CCodec  :   int32_t channel-count = 1
02-17 05:37:30.161  7746 27287 D CCodec  :   string mime = "audio/raw"
02-17 05:37:30.161  7746 27287 D CCodec  :   int32_t sample-rate = 44100
02-17 05:37:30.161  7746 27287 D CCodec  :   int32_t channel-mask = 1
02-17 05:37:30.161  7746 27287 D CCodec  :   int32_t android._config-pcm-encoding = 2
02-17 05:37:30.161  7746 27287 D CCodec  : }
02-17 05:37:30.161  7746 27287 I CCodecConfig: query failed after returning 8 values (BAD_INDEX)
02-17 05:37:30.163  7746 27287 W Codec2Client: query -- param skipped: index = 1342179345.
02-17 05:37:30.163  7746 27287 W Codec2Client: query -- param skipped: index = 2415921170.
02-17 05:37:30.164  7746 27287 D CCodecBufferChannel: [c2.android.vorbis.decoder#307] Created input block pool with allocatorID 16 => poolID 27 - OK (0)
02-17 05:37:30.165  7746 27287 I CCodecBufferChannel: [c2.android.vorbis.decoder#307] Created output block pool with allocatorID 16 => poolID 56 - OK
02-17 05:37:30.165  7746 27287 D CCodecBufferChannel: [c2.android.vorbis.decoder#307] Configured output block pool ids 56 => OK
02-17 05:37:30.173  7746 27287 D CCodecBufferChannel: [c2.android.vorbis.decoder#307] MediaCodec discarded an unknown buffer
02-17 05:37:30.174  7746 27287 I hw-BpHwBinder: onLastStrongRef automatically unlinking death recipients
02-17 05:37:30.199  7746  7746 D ImeBackDispatcher: switch root view (mImeCallbacks.size=0)
02-17 05:37:30.199  7746  7746 D ImeBackDispatcher: updateReceivingDispatcher (mQueuedReceive.size=1)
02-17 05:37:30.199  7746  7746 D ImeBackDispatcher: Unregister received callback id=223842117
02-17 05:37:30.199  7746  7746 W ImeBackDispatcher: Ime callback not found. Ignoring unregisterReceivedCallback. callbackId: 223842117 remaining callbacks: 0
02-17 05:37:30.206  7746  7746 D InsetsController: show(ime())
02-17 05:37:30.206  7746  7746 I ImeTracker: com.termux:e6a51762: onCancelled at PHASE_CLIENT_REPORT_REQUESTED_VISIBLE_TYPES
02-17 05:37:30.242  7746  7746 D ImeBackDispatcher: Register received callback id=223842117 priority=0
02-17 05:37:30.242  7746  7746 D WindowOnBackDispatcher: setTopOnBackInvokedCallback (unwrapped): ImeOnBackInvokedCallback@223842117 Callback=android.window.IOnBackInvokedCallback$Stub$Proxy@241d1cb
02-17 05:37:30.442  7746  7746 I ImeTracker: com.termux:73638ac3: onRequestShow at ORIGIN_CLIENT reason SHOW_SOFT_INPUT fromUser false
02-17 05:37:30.442  7746  7746 D InsetsController: show(ime())
02-17 05:37:30.442  7746  7746 I ImeTracker: com.termux:73638ac3: onCancelled at PHASE_CLIENT_APPLY_ANIMATION
02-17 05:37:30.548  7746  7746 I ImeTracker: system_server:d321417f: onShown
02-17 05:37:31.375  7746  7746 I ImeTracker: system_server:cf866d41: onCancelled at PHASE_CLIENT_ON_CONTROLS_CHANGED
02-17 05:37:35.157  7746  7894 D BufferPoolAccessor2.0: evictor expired: 1, evicted: 0
02-17 05:37:35.349  7746  7746 I ImeTracker: system_server:cc3efaaf: onCancelled at PHASE_CLIENT_ON_CONTROLS_CHANGED
02-17 05:37:36.157  7746  7894 D BufferPoolAccessor2.0: bufferpool2 0x7b00873d88 : 0(0 size) total buffers - 0(0 size) used buffers - 1/7 (recycle/alloc) - 6/24 (fetch/transfer)
02-17 05:37:36.157  7746  7894 D BufferPoolAccessor2.0: evictor expired: 1, evicted: 1
02-17 05:38:12.647  7746  7746 D InsetsController: hide(ime())
02-17 05:38:12.647  7746  7746 D ImeBackDispatcher: Preliminary clear (mImeCallbacks.size=1)
02-17 05:38:12.647  7746  7746 D WindowOnBackDispatcher: setTopOnBackInvokedCallback (unwrapped): android.view.ViewRootImpl$$ExternalSyntheticLambda12@f8337b5
02-17 05:38:12.647  7746  7746 D InsetsController: Setting requestedVisibleTypes to -9 (was -1)
02-17 05:38:12.648  7746  7746 D InsetsController: hide(ime())
02-17 05:38:12.648  7746  7746 I ImeTracker: org.futo.inputmethod.latin.playstore:7c49370f: onCancelled at PHASE_CLIENT_ALREADY_HIDDEN
02-17 05:38:12.883  7746  7746 D ImeBackDispatcher: Unregister received callback id=223842117
02-17 05:38:12.895  7746  7746 I ImeTracker: system_server:4792c1db: onCancelled at PHASE_CLIENT_ON_CONTROLS_CHANGED
02-17 05:38:55.763  7746  7746 D WindowOnBackDispatcher: setTopOnBackInvokedCallback (unwrapped): android.view.ViewRootImpl$$ExternalSyntheticLambda12@214deb3
02-17 05:38:55.777  7746  7746 D WindowOnBackDispatcher: setTopOnBackInvokedCallback (unwrapped): android.view.ViewRootImpl$$ExternalSyntheticLambda12@aee8da5
02-17 05:38:55.795  7746  7746 D WindowOnBackDispatcher: setTopOnBackInvokedCallback (unwrapped): android.view.ViewRootImpl$$ExternalSyntheticLambda12@f15f507
02-17 05:38:56.164  7746  7746 E ViewDragHelper: Ignoring pointerId=0 because ACTION_DOWN was not received for this pointer before ACTION_MOVE. It likely happened because  ViewDragHelper did not receive all the events in the event stream.
02-17 05:38:56.164  7746  7746 E ViewDragHelper: Ignoring pointerId=0 because ACTION_DOWN was not received for this pointer before ACTION_MOVE. It likely happened because  ViewDragHelper did not receive all the events in the event stream.
02-17 05:38:56.164  7746  7746 E ViewDragHelper: Ignoring pointerId=0 because ACTION_DOWN was not received for this pointer before ACTION_MOVE. It likely happened because  ViewDragHelper did not receive all the events in the event stream.
