02-17 05:31:13.513 21647 21647 I AconfigPackage: com.android.libcore is mapped to com.android.art
02-17 05:31:13.513 21647 21647 I AconfigPackage: com.android.nfc.module.flags is mapped to com.android.nfcservices
02-17 05:31:13.513 21647 21647 I AconfigPackage: com.android.ipsec.flags is mapped to com.android.ipsec
02-17 05:31:13.513 21647 21647 I AconfigPackage: com.android.adbd.flags is mapped to com.android.adbd
02-17 05:31:13.513 21647 21647 I AconfigPackage: com.android.adservices.flags is mapped to com.android.adservices
02-17 05:31:13.513 21647 21647 I AconfigPackage: com.android.sdksandbox.flags is mapped to com.android.adservices
02-17 05:31:13.513 21647 21647 I AconfigPackage: com.android.appsearch.flags is mapped to com.android.appsearch
02-17 05:31:13.513 21647 21647 I AconfigPackage: com.android.uwb.flags is mapped to com.android.uwb
02-17 05:31:13.513 21647 21647 I AconfigPackage: com.android.ranging.flags is mapped to com.android.uwb
02-17 05:31:13.513 21647 21647 I AconfigPackage: com.android.org.conscrypt.flags is mapped to com.android.conscrypt
02-17 05:31:13.513 21647 21647 I AconfigPackage: com.android.org.conscrypt.net.flags is mapped to com.android.conscrypt
02-17 05:31:13.513 21647 21647 I AconfigPackage: com.android.media.extractor.flags is mapped to com.android.media
02-17 05:31:13.513 21647 21647 I AconfigPackage: com.android.media.mainline.flags is mapped to com.android.media
02-17 05:31:13.513 21647 21647 I AconfigPackage: com.android.net.ct.flags is mapped to com.android.tethering
02-17 05:31:13.513 21647 21647 I AconfigPackage: com.android.net.flags is mapped to com.android.tethering
02-17 05:31:13.513 21647 21647 I AconfigPackage: android.net.vcn is mapped to com.android.tethering
02-17 05:31:13.513 21647 21647 I AconfigPackage: com.android.nearby.flags is mapped to com.android.tethering
02-17 05:31:13.513 21647 21647 I AconfigPackage: android.net.http is mapped to com.android.tethering
02-17 05:31:13.513 21647 21647 I AconfigPackage: com.android.net.thread.flags is mapped to com.android.tethering
02-17 05:31:13.513 21647 21647 I AconfigPackage: com.android.system.virtualmachine.flags is mapped to com.android.virt
02-17 05:31:13.513 21647 21647 I AconfigPackage: com.android.cellbroadcastreceiver.flags is mapped to com.android.cellbroadcast
02-17 05:31:13.513 21647 21647 I AconfigPackage: com.android.devicelock.flags is mapped to com.android.devicelock
02-17 05:31:13.513 21647 21647 I AconfigPackage: com.android.icu is mapped to com.android.i18n
02-17 05:31:13.514 21647 21647 I AconfigPackage: android.uprobestats.mainline.flags is mapped to com.android.uprobestats
02-17 05:31:13.514 21647 21647 I AconfigPackage: com.android.os.statsd.flags is mapped to com.android.os.statsd
02-17 05:31:13.514 21647 21647 I AconfigPackage: com.android.rkpd.flags is mapped to com.android.rkpd
02-17 05:31:13.514 21647 21647 I AconfigPackage: com.android.healthfitness.flags is mapped to com.android.healthfitness
02-17 05:31:13.514 21647 21647 I AconfigPackage: com.android.healthfitness.beta.test is mapped to com.android.healthfitness
02-17 05:31:13.514 21647 21647 I AconfigPackage: com.android.wifi.flags is mapped to com.android.wifi
02-17 05:31:13.514 21647 21647 I AconfigPackage: com.android.bluetooth.flags is mapped to com.android.bt
02-17 05:31:13.514 21647 21647 E FeatureFlagsImplExport: android.os.flagging.AconfigStorageReadException: ERROR_PACKAGE_NOT_FOUND: package android.xr cannot be found on the device
02-17 05:31:13.523 21647 21647 I app_process: System.exit called, status: 0
02-17 05:31:13.523 21647 21647 I AndroidRuntime: VM exiting with result code 0.
02-17 05:31:15.547 21696 21696 W bash    : type=1400 audit(0.0:48048): avc:  granted  { execute } for  name="logcat" dev="dm-45" ino=103418 scontext=u:r:untrusted_app_27:s0:c206,c257,c512,c768 tcontext=u:object_r:app_data_file:s0:c206,c257,c512,c768 tclass=file app=com.termux
02-17 05:31:15.547 21696 21696 W bash    : type=1400 audit(0.0:48049): avc:  granted  { execute } for  name="dash" dev="dm-45" ino=382337 scontext=u:r:untrusted_app_27:s0:c206,c257,c512,c768 tcontext=u:object_r:app_data_file:s0:c206,c257,c512,c768 tclass=file app=com.termux
02-17 05:31:15.547 21696 21696 W bash    : type=1400 audit(0.0:48050): avc:  granted  { execute_no_trans } for  path="/data/data/com.termux/files/usr/bin/dash" dev="dm-45" ino=382337 scontext=u:r:untrusted_app_27:s0:c206,c257,c512,c768 tcontext=u:object_r:app_data_file:s0:c206,c257,c512,c768 tclass=file app=com.termux
02-17 05:31:15.547 21696 21696 W sh      : type=1400 audit(0.0:48051): avc:  granted  { execute } for  path="/data/data/com.termux/files/usr/bin/dash" dev="dm-45" ino=382337 scontext=u:r:untrusted_app_27:s0:c206,c257,c512,c768 tcontext=u:object_r:app_data_file:s0:c206,c257,c512,c768 tclass=file app=com.termux
02-17 05:31:15.551 21696 21696 W sh      : type=1400 audit(0.0:48052): avc:  denied  { search } for  name="tests" dev="dm-45" ino=113 scontext=u:r:untrusted_app_27:s0:c206,c257,c512,c768 tcontext=u:object_r:shell_test_data_file:s0 tclass=dir permissive=0 app=com.termux
02-17 05:31:15.551 21696 21696 W sh      : type=1400 audit(0.0:48053): avc:  denied  { search } for  name="tests" dev="dm-45" ino=113 scontext=u:r:untrusted_app_27:s0:c206,c257,c512,c768 tcontext=u:object_r:shell_test_data_file:s0 tclass=dir permissive=0 app=com.termux
02-17 05:31:15.551 21696 21696 W sh      : type=1400 audit(0.0:48054): avc:  denied  { search } for  name="tests" dev="dm-45" ino=113 scontext=u:r:untrusted_app_27:s0:c206,c257,c512,c768 tcontext=u:object_r:shell_test_data_file:s0 tclass=dir permissive=0 app=com.termux
02-17 05:31:15.551 21696 21696 W sh      : type=1400 audit(0.0:48055): avc:  denied  { search } for  name="tests" dev="dm-45" ino=113 scontext=u:r:untrusted_app_27:s0:c206,c257,c512,c768 tcontext=u:object_r:shell_test_data_file:s0 tclass=dir permissive=0 app=com.termux
02-17 05:31:15.582 21696 21696 W audit   : audit_lost=46507 audit_rate_limit=5 audit_backlog_limit=64
02-17 05:31:15.582 21696 21696 E audit   : rate limit exceeded
02-17 05:31:28.723  7746  7746 D ViewRootImpl: Skipping stats log for color mode
02-17 05:31:28.731  7746 21861 D MediaCodecList: codecHandlesFormat: no format, so no extra checks
02-17 05:31:28.731  7746 21865 D CCodec  : allocate(c2.android.vorbis.decoder)
02-17 05:31:28.732  7746 21865 I CCodec  : setting up 'default' as default (vendor) store
02-17 05:31:28.733  7746  7895 D BufferPoolAccessor2.0: bufferpool2 0x7b00833628 : 0(0 size) total buffers - 0(0 size) used buffers - 2/7 (recycle/alloc) - 5/24 (fetch/transfer)
02-17 05:31:28.733  7746  7895 D BufferPoolAccessor2.0: Destruction - bufferpool2 0x7b00833628 cached: 0/0M, 0/0% in use; allocs: 7, 29% recycled; transfers: 24, 79% unfetched
02-17 05:31:28.733  7746 21865 I CCodec  : Created component [c2.android.vorbis.decoder] for [c2.android.vorbis.decoder]
02-17 05:31:28.733  7746 21865 D CCodecConfig: read media type: audio/vorbis
02-17 05:31:28.733  7746 21865 D ReflectedParamUpdater: extent() != 1 for single value type: algo.buffers.max-count.values
02-17 05:31:28.733  7746 21865 D ReflectedParamUpdater: extent() != 1 for single value type: output.subscribed-indices.values
02-17 05:31:28.734  7746 21865 D ReflectedParamUpdater: extent() != 1 for single value type: input.buffers.allocator-ids.values
02-17 05:31:28.734  7746 21865 D ReflectedParamUpdater: extent() != 1 for single value type: output.buffers.allocator-ids.values
02-17 05:31:28.734  7746 21865 D ReflectedParamUpdater: extent() != 1 for single value type: algo.buffers.allocator-ids.values
02-17 05:31:28.734  7746 21865 D ReflectedParamUpdater: extent() != 1 for single value type: output.buffers.pool-ids.values
02-17 05:31:28.734  7746 21865 D ReflectedParamUpdater: extent() != 1 for single value type: algo.buffers.pool-ids.values
02-17 05:31:28.734  7746 21865 I CCodecConfig: query failed after returning 8 values (BAD_INDEX)
02-17 05:31:28.734  7746 21865 D CCodecConfig: c2 config diff is Dict {
02-17 05:31:28.734  7746 21865 D CCodecConfig:   c2::u32 coded.bitrate.value = 64000
02-17 05:31:28.734  7746 21865 D CCodecConfig:   c2::u32 input.buffers.max-size.value = 32768
02-17 05:31:28.734  7746 21865 D CCodecConfig:   c2::u32 input.delay.value = 0
02-17 05:31:28.734  7746 21865 D CCodecConfig:   string input.media-type.value = "audio/vorbis"
02-17 05:31:28.734  7746 21865 D CCodecConfig:   c2::u32 output.large-frame.max-size = 0
02-17 05:31:28.734  7746 21865 D CCodecConfig:   c2::u32 output.large-frame.threshold-size = 0
02-17 05:31:28.734  7746 21865 D CCodecConfig:   string output.media-type.value = "audio/raw"
02-17 05:31:28.734  7746 21865 D CCodecConfig:   c2::u32 raw.channel-count.value = 1
02-17 05:31:28.734  7746 21865 D CCodecConfig:   c2::u32 raw.sample-rate.value = 48000
02-17 05:31:28.734  7746 21865 D CCodecConfig: }
02-17 05:31:28.735  7746 21865 D CCodec  : [c2.android.vorbis.decoder] buffers are bound to CCodec for this session
02-17 05:31:28.735  7746 21865 D CCodecConfig: no c2 equivalents for durationUs
02-17 05:31:28.735  7746 21865 D CCodecConfig: no c2 equivalents for track-id
02-17 05:31:28.735  7746 21865 D CCodecConfig: no c2 equivalents for csd-1
02-17 05:31:28.735  7746 21865 D CCodecConfig: no c2 equivalents for flags
02-17 05:31:28.735  7746 21865 D CCodecConfig: c2 config diff is   c2::u32 coded.bitrate.value = 96000
02-17 05:31:28.735  7746 21865 D CCodecConfig:   c2::u32 raw.sample-rate.value = 44100
02-17 05:31:28.735  7746 21865 W Codec2Client: query -- param skipped: index = 1107298332.
02-17 05:31:28.735  7746 21865 D CCodec  : encoding statistics level = 0
02-17 05:31:28.735  7746 21865 D CCodec  : setup formats input: AMessage(what = 0x00000000) = {
02-17 05:31:28.735  7746 21865 D CCodec  :   int32_t bitrate = 96000
02-17 05:31:28.735  7746 21865 D CCodec  :   int32_t channel-count = 1
02-17 05:31:28.735  7746 21865 D CCodec  :   int32_t max-input-size = 32768
02-17 05:31:28.735  7746 21865 D CCodec  :   string mime = "audio/vorbis"
02-17 05:31:28.735  7746 21865 D CCodec  :   int32_t sample-rate = 44100
02-17 05:31:28.735  7746 21865 D CCodec  : }
02-17 05:31:28.735  7746 21865 D CCodec  : setup formats output: AMessage(what = 0x00000000) = {
02-17 05:31:28.735  7746 21865 D CCodec  :   int32_t buffer-batch-max-output-size = 0
02-17 05:31:28.735  7746 21865 D CCodec  :   int32_t buffer-batch-threshold-output-size = 0
02-17 05:31:28.735  7746 21865 D CCodec  :   int32_t channel-count = 1
02-17 05:31:28.735  7746 21865 D CCodec  :   string mime = "audio/raw"
02-17 05:31:28.735  7746 21865 D CCodec  :   int32_t sample-rate = 44100
02-17 05:31:28.735  7746 21865 D CCodec  :   int32_t channel-mask = 1
02-17 05:31:28.735  7746 21865 D CCodec  :   int32_t android._config-pcm-encoding = 2
02-17 05:31:28.735  7746 21865 D CCodec  : }
02-17 05:31:28.735  7746 21865 I CCodecConfig: query failed after returning 8 values (BAD_INDEX)
02-17 05:31:28.735  7746 21865 W Codec2Client: query -- param skipped: index = 1342179345.
02-17 05:31:28.735  7746 21865 W Codec2Client: query -- param skipped: index = 2415921170.
02-17 05:31:28.736  7746 21865 D CCodecBufferChannel: [c2.android.vorbis.decoder#951] Created input block pool with allocatorID 16 => poolID 24 - OK (0)
02-17 05:31:28.736  7746 21865 I CCodecBufferChannel: [c2.android.vorbis.decoder#951] Created output block pool with allocatorID 16 => poolID 50 - OK
02-17 05:31:28.736  7746 21865 D CCodecBufferChannel: [c2.android.vorbis.decoder#951] Configured output block pool ids 50 => OK
02-17 05:31:28.742  7746 21865 D CCodecBufferChannel: [c2.android.vorbis.decoder#951] MediaCodec discarded an unknown buffer
02-17 05:31:28.742  7746 21865 D CCodecBufferChannel: [c2.android.vorbis.decoder#951] MediaCodec discarded an unknown buffer
02-17 05:31:28.742  7746 21865 D CCodecBufferChannel: [c2.android.vorbis.decoder#951] MediaCodec discarded an unknown buffer
02-17 05:31:28.742  7746 21865 I hw-BpHwBinder: onLastStrongRef automatically unlinking death recipients
02-17 05:31:28.806  7746  7746 D ImeBackDispatcher: switch root view (mImeCallbacks.size=0)
02-17 05:31:28.806  7746  7746 D ImeBackDispatcher: updateReceivingDispatcher (mQueuedReceive.size=1)
02-17 05:31:28.806  7746  7746 D ImeBackDispatcher: Unregister received callback id=223842117
02-17 05:31:28.806  7746  7746 W ImeBackDispatcher: Ime callback not found. Ignoring unregisterReceivedCallback. callbackId: 223842117 remaining callbacks: 0
02-17 05:31:28.811  7746  7746 D InsetsController: show(ime())
02-17 05:31:28.811  7746  7746 I ImeTracker: com.termux:6d41bb: onCancelled at PHASE_CLIENT_REPORT_REQUESTED_VISIBLE_TYPES
02-17 05:31:28.838  7746  7746 D ImeBackDispatcher: Register received callback id=223842117 priority=0
02-17 05:31:28.838  7746  7746 D WindowOnBackDispatcher: setTopOnBackInvokedCallback (unwrapped): ImeOnBackInvokedCallback@223842117 Callback=android.window.IOnBackInvokedCallback$Stub$Proxy@8a8a1a6
02-17 05:31:28.887  7746  7746 I ImeTracker: system_server:9f414e19: onShown
02-17 05:31:29.028  7746  7746 I ImeTracker: com.termux:f68cbeaf: onRequestShow at ORIGIN_CLIENT reason SHOW_SOFT_INPUT fromUser false
02-17 05:31:29.028  7746  7746 D InsetsController: show(ime())
02-17 05:31:29.028  7746  7746 I ImeTracker: com.termux:f68cbeaf: onCancelled at PHASE_CLIENT_APPLY_ANIMATION
02-17 05:31:33.736  7746  7894 D BufferPoolAccessor2.0: bufferpool2 0x7b00857a98 : 0(0 size) total buffers - 0(0 size) used buffers - 1/7 (recycle/alloc) - 6/24 (fetch/transfer)
02-17 05:31:33.736  7746  7894 D BufferPoolAccessor2.0: evictor expired: 2, evicted: 1
02-17 05:31:39.594  7746  7746 D WindowOnBackDispatcher: setTopOnBackInvokedCallback (unwrapped): android.view.ViewRootImpl$$ExternalSyntheticLambda12@32b17f4
02-17 05:31:39.602  7746  7746 D WindowOnBackDispatcher: setTopOnBackInvokedCallback (unwrapped): android.view.ViewRootImpl$$ExternalSyntheticLambda12@ddd54de
02-17 05:31:39.606  7746  7746 D WindowOnBackDispatcher: setTopOnBackInvokedCallback (unwrapped): android.view.ViewRootImpl$$ExternalSyntheticLambda12@f061a78
02-17 05:31:39.708  7746  7746 E ViewDragHelper: Ignoring pointerId=0 because ACTION_DOWN was not received for this pointer before ACTION_MOVE. It likely happened because  ViewDragHelper did not receive all the events in the event stream.
02-17 05:31:39.708  7746  7746 E ViewDragHelper: Ignoring pointerId=0 because ACTION_DOWN was not received for this pointer before ACTION_MOVE. It likely happened because  ViewDragHelper did not receive all the events in the event stream.
02-17 05:31:39.708  7746  7746 E ViewDragHelper: Ignoring pointerId=0 because ACTION_DOWN was not received for this pointer before ACTION_MOVE. It likely happened because  ViewDragHelper did not receive all the events in the event stream.
02-17 05:31:39.708  7746  7746 E ViewDragHelper: Ignoring pointerId=0 because ACTION_DOWN was not received for this pointer before ACTION_MOVE. It likely happened because  ViewDragHelper did not receive all the events in the event stream.
02-17 05:31:39.724  7746  7746 E ViewDragHelper: Ignoring pointerId=0 because ACTION_DOWN was not received for this pointer before ACTION_MOVE. It likely happened because  ViewDragHelper did not receive all the events in the event stream.
02-17 05:31:39.724  7746  7746 E ViewDragHelper: Ignoring pointerId=0 because ACTION_DOWN was not received for this pointer before ACTION_MOVE. It likely happened because  ViewDragHelper did not receive all the events in the event stream.
02-17 05:31:39.724  7746  7746 E ViewDragHelper: Ignoring pointerId=0 because ACTION_DOWN was not received for this pointer before ACTION_MOVE. It likely happened because  ViewDragHelper did not receive all the events in the event stream.
02-17 05:31:39.724  7746  7746 E ViewDragHelper: Ignoring pointerId=0 because ACTION_DOWN was not received for this pointer before ACTION_MOVE. It likely happened because  ViewDragHelper did not receive all the events in the event stream.
02-17 05:31:39.808  7746  7746 D WindowOnBackDispatcher: setTopOnBackInvokedCallback (unwrapped): null
02-17 05:31:47.082  7746  7746 D WindowOnBackDispatcher: setTopOnBackInvokedCallback (unwrapped): null
02-17 05:31:47.089  7746  7746 D WindowOnBackDispatcher: setTopOnBackInvokedCallback (unwrapped): null
02-17 05:31:47.127  7746  7746 D WindowOnBackDispatcher: setTopOnBackInvokedCallback (unwrapped): android.view.ViewRootImpl$$ExternalSyntheticLambda12@5389a3e
02-17 05:31:47.293  7746  7746 D WindowOnBackDispatcher: setTopOnBackInvokedCallback (unwrapped): null
02-17 05:31:47.580  7746  7746 D WindowOnBackDispatcher: setTopOnBackInvokedCallback (unwrapped): android.view.ViewRootImpl$$ExternalSyntheticLambda12@5c60469
02-17 05:31:47.674  7746  7746 D WindowOnBackDispatcher: setTopOnBackInvokedCallback (unwrapped): null
02-17 05:31:47.968  7746  7746 D WindowOnBackDispatcher: setTopOnBackInvokedCallback (unwrapped): android.view.ViewRootImpl$$ExternalSyntheticLambda12@f8fcc20
02-17 05:31:49.313  7746  7746 D WindowOnBackDispatcher: setTopOnBackInvokedCallback (unwrapped): null
02-17 05:31:50.686  7746  7746 I ImeTracker: system_server:11a9d1ee: onCancelled at PHASE_CLIENT_ON_CONTROLS_CHANGED
02-17 05:31:55.205  7746  7746 D InsetsController: hide(ime())
02-17 05:31:55.206  7746  7746 D ImeBackDispatcher: Preliminary clear (mImeCallbacks.size=1)
02-17 05:31:55.206  7746  7746 D WindowOnBackDispatcher: setTopOnBackInvokedCallback (unwrapped): android.view.ViewRootImpl$$ExternalSyntheticLambda12@f8337b5
--------- beginning of system
02-17 05:31:55.207  7746  7746 D InsetsController: Setting requestedVisibleTypes to -9 (was -1)
02-17 05:31:55.444  7746  7746 D ImeBackDispatcher: Unregister received callback id=223842117
02-17 05:31:55.639  7746  7746 D VRI[TermuxActivity]: visibilityChanged oldVisibility=true newVisibility=false
02-17 05:31:55.696  7746  7767 W System  : A resource failed to call release. 
02-17 05:31:55.696  7746  7767 W System  : A resource failed to call release. 
02-17 05:31:55.696  7746  7767 W System  : A resource failed to call release. 
02-17 05:31:55.696  7746  7767 W System  : A resource failed to call release. 
02-17 05:31:56.595  7746  7746 D ImeBackDispatcher: Clear (mImeCallbacks.size=0)
02-17 05:31:56.595  7746  7746 D ImeBackDispatcher: switch root view (mImeCallbacks.size=0)
02-17 05:32:08.163  7746  7746 D ViewRootImpl: Skipping stats log for color mode
02-17 05:32:08.169  7746 22159 D MediaCodecList: codecHandlesFormat: no format, so no extra checks
02-17 05:32:08.170  7746 22161 D CCodec  : allocate(c2.android.vorbis.decoder)
02-17 05:32:08.172  7746 22161 I CCodec  : setting up 'default' as default (vendor) store
02-17 05:32:08.174  7746  7895 D BufferPoolAccessor2.0: bufferpool2 0x7b00857a98 : 0(0 size) total buffers - 0(0 size) used buffers - 1/7 (recycle/alloc) - 6/24 (fetch/transfer)
02-17 05:32:08.174  7746  7895 D BufferPoolAccessor2.0: Destruction - bufferpool2 0x7b00857a98 cached: 0/0M, 0/0% in use; allocs: 7, 14% recycled; transfers: 24, 75% unfetched
02-17 05:32:08.175  7746 22161 I CCodec  : Created component [c2.android.vorbis.decoder] for [c2.android.vorbis.decoder]
02-17 05:32:08.175  7746 22161 D CCodecConfig: read media type: audio/vorbis
02-17 05:32:08.177  7746 22161 D ReflectedParamUpdater: extent() != 1 for single value type: algo.buffers.max-count.values
02-17 05:32:08.177  7746 22161 D ReflectedParamUpdater: extent() != 1 for single value type: output.subscribed-indices.values
02-17 05:32:08.177  7746 22161 D ReflectedParamUpdater: extent() != 1 for single value type: input.buffers.allocator-ids.values
02-17 05:32:08.177  7746 22161 D ReflectedParamUpdater: extent() != 1 for single value type: output.buffers.allocator-ids.values
02-17 05:32:08.178  7746 22161 D ReflectedParamUpdater: extent() != 1 for single value type: algo.buffers.allocator-ids.values
02-17 05:32:08.178  7746 22161 D ReflectedParamUpdater: extent() != 1 for single value type: output.buffers.pool-ids.values
02-17 05:32:08.178  7746 22161 D ReflectedParamUpdater: extent() != 1 for single value type: algo.buffers.pool-ids.values
02-17 05:32:08.179  7746 22161 I CCodecConfig: query failed after returning 8 values (BAD_INDEX)
02-17 05:32:08.179  7746 22161 D CCodecConfig: c2 config diff is Dict {
02-17 05:32:08.179  7746 22161 D CCodecConfig:   c2::u32 coded.bitrate.value = 64000
02-17 05:32:08.179  7746 22161 D CCodecConfig:   c2::u32 input.buffers.max-size.value = 32768
02-17 05:32:08.179  7746 22161 D CCodecConfig:   c2::u32 input.delay.value = 0
02-17 05:32:08.179  7746 22161 D CCodecConfig:   string input.media-type.value = "audio/vorbis"
02-17 05:32:08.179  7746 22161 D CCodecConfig:   c2::u32 output.large-frame.max-size = 0
02-17 05:32:08.179  7746 22161 D CCodecConfig:   c2::u32 output.large-frame.threshold-size = 0
02-17 05:32:08.179  7746 22161 D CCodecConfig:   string output.media-type.value = "audio/raw"
02-17 05:32:08.179  7746 22161 D CCodecConfig:   c2::u32 raw.channel-count.value = 1
02-17 05:32:08.179  7746 22161 D CCodecConfig:   c2::u32 raw.sample-rate.value = 48000
02-17 05:32:08.179  7746 22161 D CCodecConfig: }
02-17 05:32:08.180  7746 22161 D CCodec  : [c2.android.vorbis.decoder] buffers are bound to CCodec for this session
02-17 05:32:08.180  7746 22161 D CCodecConfig: no c2 equivalents for durationUs
02-17 05:32:08.180  7746 22161 D CCodecConfig: no c2 equivalents for track-id
02-17 05:32:08.180  7746 22161 D CCodecConfig: no c2 equivalents for csd-1
02-17 05:32:08.180  7746 22161 D CCodecConfig: no c2 equivalents for flags
02-17 05:32:08.180  7746 22161 D CCodecConfig: c2 config diff is   c2::u32 coded.bitrate.value = 96000
02-17 05:32:08.180  7746 22161 D CCodecConfig:   c2::u32 raw.sample-rate.value = 44100
02-17 05:32:08.180  7746 22161 W Codec2Client: query -- param skipped: index = 1107298332.
02-17 05:32:08.180  7746 22161 D CCodec  : encoding statistics level = 0
02-17 05:32:08.180  7746 22161 D CCodec  : setup formats input: AMessage(what = 0x00000000) = {
02-17 05:32:08.180  7746 22161 D CCodec  :   int32_t bitrate = 96000
02-17 05:32:08.180  7746 22161 D CCodec  :   int32_t channel-count = 1
02-17 05:32:08.180  7746 22161 D CCodec  :   int32_t max-input-size = 32768
02-17 05:32:08.180  7746 22161 D CCodec  :   string mime = "audio/vorbis"
02-17 05:32:08.180  7746 22161 D CCodec  :   int32_t sample-rate = 44100
02-17 05:32:08.180  7746 22161 D CCodec  : }
02-17 05:32:08.180  7746 22161 D CCodec  : setup formats output: AMessage(what = 0x00000000) = {
02-17 05:32:08.180  7746 22161 D CCodec  :   int32_t buffer-batch-max-output-size = 0
02-17 05:32:08.180  7746 22161 D CCodec  :   int32_t buffer-batch-threshold-output-size = 0
02-17 05:32:08.180  7746 22161 D CCodec  :   int32_t channel-count = 1
02-17 05:32:08.180  7746 22161 D CCodec  :   string mime = "audio/raw"
02-17 05:32:08.180  7746 22161 D CCodec  :   int32_t sample-rate = 44100
02-17 05:32:08.180  7746 22161 D CCodec  :   int32_t channel-mask = 1
02-17 05:32:08.180  7746 22161 D CCodec  :   int32_t android._config-pcm-encoding = 2
02-17 05:32:08.180  7746 22161 D CCodec  : }
02-17 05:32:08.181  7746 22161 I CCodecConfig: query failed after returning 8 values (BAD_INDEX)
02-17 05:32:08.181  7746 22161 W Codec2Client: query -- param skipped: index = 1342179345.
02-17 05:32:08.181  7746 22161 W Codec2Client: query -- param skipped: index = 2415921170.
02-17 05:32:08.182  7746 22161 D CCodecBufferChannel: [c2.android.vorbis.decoder#954] Created input block pool with allocatorID 16 => poolID 25 - OK (0)
02-17 05:32:08.182  7746 22161 I CCodecBufferChannel: [c2.android.vorbis.decoder#954] Created output block pool with allocatorID 16 => poolID 52 - OK
02-17 05:32:08.182  7746 22161 D CCodecBufferChannel: [c2.android.vorbis.decoder#954] Configured output block pool ids 52 => OK
02-17 05:32:08.192  7746 22161 I hw-BpHwBinder: onLastStrongRef automatically unlinking death recipients
02-17 05:32:08.220  7746  7746 D ImeBackDispatcher: switch root view (mImeCallbacks.size=0)
02-17 05:32:08.232  7746  7746 D InsetsController: show(ime())
02-17 05:32:08.232  7746  7746 D ImeBackDispatcher: Undo preliminary clear (mImeCallbacks.size=0)
02-17 05:32:08.232  7746  7746 D InsetsController: Setting requestedVisibleTypes to -1 (was -9)
02-17 05:32:08.244  7746  7746 D ImeBackDispatcher: Register received callback id=223842117 priority=0
02-17 05:32:08.244  7746  7746 D WindowOnBackDispatcher: setTopOnBackInvokedCallback (unwrapped): ImeOnBackInvokedCallback@223842117 Callback=android.window.IOnBackInvokedCallback$Stub$Proxy@6d32d88
02-17 05:32:08.257  7746  7746 D ImeBackDispatcher: Unregister received callback id=223842117
02-17 05:32:08.257  7746  7746 D WindowOnBackDispatcher: setTopOnBackInvokedCallback (unwrapped): android.view.ViewRootImpl$$ExternalSyntheticLambda12@f8337b5
02-17 05:32:08.281  7746  7746 I ImeTracker: system_server:cfaecac: onShown
02-17 05:32:08.281  7746  7746 D ImeBackDispatcher: Register received callback id=223842117 priority=0
02-17 05:32:08.281  7746  7746 D WindowOnBackDispatcher: setTopOnBackInvokedCallback (unwrapped): ImeOnBackInvokedCallback@223842117 Callback=android.window.IOnBackInvokedCallback$Stub$Proxy@96825a0
02-17 05:32:08.466  7746  7746 I ImeTracker: com.termux:b6d4775a: onRequestShow at ORIGIN_CLIENT reason SHOW_SOFT_INPUT fromUser false
02-17 05:32:08.466  7746  7746 D InsetsController: show(ime())
02-17 05:32:08.466  7746  7746 I ImeTracker: com.termux:b6d4775a: onCancelled at PHASE_CLIENT_APPLY_ANIMATION
02-17 05:32:13.177  7746  7894 D BufferPoolAccessor2.0: evictor expired: 1, evicted: 0
02-17 05:32:14.178  7746  7894 D BufferPoolAccessor2.0: bufferpool2 0x7b00825828 : 0(0 size) total buffers - 0(0 size) used buffers - 2/7 (recycle/alloc) - 5/24 (fetch/transfer)
02-17 05:32:14.178  7746  7894 D BufferPoolAccessor2.0: evictor expired: 1, evicted: 1
02-17 05:32:36.743  7746  7746 D WindowOnBackDispatcher: setTopOnBackInvokedCallback (unwrapped): android.view.ViewRootImpl$$ExternalSyntheticLambda12@9430211
02-17 05:32:36.760  7746  7746 D WindowOnBackDispatcher: setTopOnBackInvokedCallback (unwrapped): android.view.ViewRootImpl$$ExternalSyntheticLambda12@39be613
02-17 05:32:36.777  7746  7746 D WindowOnBackDispatcher: setTopOnBackInvokedCallback (unwrapped): android.view.ViewRootImpl$$ExternalSyntheticLambda12@1465a05
02-17 05:32:36.789  7746  7746 E ViewDragHelper: Ignoring pointerId=0 because ACTION_DOWN was not received for this pointer before ACTION_MOVE. It likely happened because  ViewDragHelper did not receive all the events in the event stream.
02-17 05:32:36.789  7746  7746 E ViewDragHelper: Ignoring pointerId=0 because ACTION_DOWN was not received for this pointer before ACTION_MOVE. It likely happened because  ViewDragHelper did not receive all the events in the event stream.
02-17 05:32:36.789  7746  7746 E ViewDragHelper: Ignoring pointerId=0 because ACTION_DOWN was not received for this pointer before ACTION_MOVE. It likely happened because  ViewDragHelper did not receive all the events in the event stream.
02-17 05:32:36.789  7746  7746 E ViewDragHelper: Ignoring pointerId=0 because ACTION_DOWN was not received for this pointer before ACTION_MOVE. It likely happened because  ViewDragHelper did not receive all the events in the event stream.
02-17 05:32:36.894  7746  7746 D WindowOnBackDispatcher: setTopOnBackInvokedCallback (unwrapped): null
02-17 05:32:37.104  7746  7746 D WindowOnBackDispatcher: setTopOnBackInvokedCallback (unwrapped): android.view.ViewRootImpl$$ExternalSyntheticLambda12@76c5a44
02-17 05:32:37.533  7746  7746 D WindowOnBackDispatcher: setTopOnBackInvokedCallback (unwrapped): null
02-17 05:32:37.544  7746  7746 D WindowOnBackDispatcher: setTopOnBackInvokedCallback (unwrapped): null
02-17 05:32:37.821  7746  7746 D WindowOnBackDispatcher: setTopOnBackInvokedCallback (unwrapped): null
02-17 05:32:37.824  7746  7803 D HWUI    : endAllActiveAnimators on 0x7ad088bbf0 (RippleDrawable) with handle 0x79308c77a0
02-17 05:33:08.716  7746  7746 W Choreographer: Frame time is 0.03955 ms in the future!  Check that graphics HAL is generating vsync timestamps using the correct timebase.
02-17 05:33:17.890  7746  7746 W Choreographer: Frame time is 0.205783 ms in the future!  Check that graphics HAL is generating vsync timestamps using the correct timebase.
02-17 05:33:19.199  7746  7746 W Choreographer: Frame time is 0.029846 ms in the future!  Check that graphics HAL is generating vsync timestamps using the correct timebase.
02-17 05:33:20.698  7746  7746 W Choreographer: Frame time is 0.090358 ms in the future!  Check that graphics HAL is generating vsync timestamps using the correct timebase.
02-17 05:33:54.173  7746  7746 D ImeBackDispatcher: Clear (mImeCallbacks.size=1)
02-17 05:33:54.173  7746  7746 D WindowOnBackDispatcher: setTopOnBackInvokedCallback (unwrapped): android.view.ViewRootImpl$$ExternalSyntheticLambda12@f8337b5
02-17 05:33:54.176  7746  7746 D ImeBackDispatcher: Unregister received callback id=223842117
02-17 05:33:54.176  7746  7746 W ImeBackDispatcher: Ime callback not found. Ignoring unregisterReceivedCallback. callbackId: 223842117 remaining callbacks: 0
02-17 05:33:54.616  7746  7746 D VRI[TermuxActivity]: visibilityChanged oldVisibility=true newVisibility=false
02-17 05:33:55.048  7746  7746 I ImeTracker: system_server:4c21f172: onCancelled at PHASE_CLIENT_ON_CONTROLS_CHANGED
02-17 05:33:55.049  7746  7746 D ImeBackDispatcher: Clear (mImeCallbacks.size=0)
02-17 05:33:55.049  7746  7746 D ImeBackDispatcher: switch root view (mImeCallbacks.size=0)
02-17 05:33:55.088  7746  7746 I ImeTracker: system_server:7d95e211: onCancelled at PHASE_CLIENT_ON_CONTROLS_CHANGED
02-17 05:33:55.138  7746  7746 I ImeTracker: system_server:aa4d7fc8: onCancelled at PHASE_CLIENT_ON_CONTROLS_CHANGED
02-17 05:33:59.266  7746  7746 I ImeTracker: system_server:c94b50b1: onCancelled at PHASE_CLIENT_ON_CONTROLS_CHANGED
02-17 05:33:59.272  7746  7746 I ImeTracker: system_server:e77f8399: onCancelled at PHASE_CLIENT_ON_CONTROLS_CHANGED
02-17 05:34:39.948  7746  7746 I ImeTracker: system_server:d4b4ee5e: onCancelled at PHASE_CLIENT_ON_CONTROLS_CHANGED
02-17 05:34:40.366  7746  7746 D ViewRootImpl: Skipping stats log for color mode
02-17 05:34:40.397  7746 22641 D MediaCodecList: codecHandlesFormat: no format, so no extra checks
02-17 05:34:40.399  7746 22643 D CCodec  : allocate(c2.android.vorbis.decoder)
02-17 05:34:40.403  7746 22643 I CCodec  : setting up 'default' as default (vendor) store
02-17 05:34:40.423  7746  7746 I ImeTracker: system_server:29aa58fd: onCancelled at PHASE_CLIENT_ON_CONTROLS_CHANGED
02-17 05:34:40.426  7746  7746 I ImeTracker: system_server:dbffe850: onCancelled at PHASE_CLIENT_ON_CONTROLS_CHANGED
02-17 05:34:40.427  7746  7746 I ImeTracker: system_server:5c3d338b: onCancelled at PHASE_CLIENT_ON_CONTROLS_CHANGED
02-17 05:34:40.434  7746  7895 D BufferPoolAccessor2.0: bufferpool2 0x7b00825828 : 0(0 size) total buffers - 0(0 size) used buffers - 2/7 (recycle/alloc) - 5/24 (fetch/transfer)
02-17 05:34:40.434  7746  7895 D BufferPoolAccessor2.0: Destruction - bufferpool2 0x7b00825828 cached: 0/0M, 0/0% in use; allocs: 7, 29% recycled; transfers: 24, 79% unfetched
02-17 05:34:40.434  7746 22643 I CCodec  : Created component [c2.android.vorbis.decoder] for [c2.android.vorbis.decoder]
02-17 05:34:40.434  7746 22643 D CCodecConfig: read media type: audio/vorbis
02-17 05:34:40.436  7746 22643 D ReflectedParamUpdater: extent() != 1 for single value type: algo.buffers.max-count.values
02-17 05:34:40.436  7746 22643 D ReflectedParamUpdater: extent() != 1 for single value type: output.subscribed-indices.values
02-17 05:34:40.436  7746 22643 D ReflectedParamUpdater: extent() != 1 for single value type: input.buffers.allocator-ids.values
02-17 05:34:40.436  7746 22643 D ReflectedParamUpdater: extent() != 1 for single value type: output.buffers.allocator-ids.values
02-17 05:34:40.436  7746 22643 D ReflectedParamUpdater: extent() != 1 for single value type: algo.buffers.allocator-ids.values
02-17 05:34:40.436  7746 22643 D ReflectedParamUpdater: extent() != 1 for single value type: output.buffers.pool-ids.values
02-17 05:34:40.436  7746 22643 D ReflectedParamUpdater: extent() != 1 for single value type: algo.buffers.pool-ids.values
02-17 05:34:40.437  7746 22643 I CCodecConfig: query failed after returning 8 values (BAD_INDEX)
02-17 05:34:40.437  7746 22643 D CCodecConfig: c2 config diff is Dict {
02-17 05:34:40.437  7746 22643 D CCodecConfig:   c2::u32 coded.bitrate.value = 64000
02-17 05:34:40.437  7746 22643 D CCodecConfig:   c2::u32 input.buffers.max-size.value = 32768
02-17 05:34:40.437  7746 22643 D CCodecConfig:   c2::u32 input.delay.value = 0
02-17 05:34:40.437  7746 22643 D CCodecConfig:   string input.media-type.value = "audio/vorbis"
02-17 05:34:40.437  7746 22643 D CCodecConfig:   c2::u32 output.large-frame.max-size = 0
02-17 05:34:40.437  7746 22643 D CCodecConfig:   c2::u32 output.large-frame.threshold-size = 0
02-17 05:34:40.437  7746 22643 D CCodecConfig:   string output.media-type.value = "audio/raw"
02-17 05:34:40.437  7746 22643 D CCodecConfig:   c2::u32 raw.channel-count.value = 1
02-17 05:34:40.437  7746 22643 D CCodecConfig:   c2::u32 raw.sample-rate.value = 48000
02-17 05:34:40.437  7746 22643 D CCodecConfig: }
02-17 05:34:40.438  7746  7746 I ImeTracker: system_server:89f2e46: onCancelled at PHASE_CLIENT_ON_CONTROLS_CHANGED
02-17 05:34:40.439  7746 22643 D CCodec  : [c2.android.vorbis.decoder] buffers are bound to CCodec for this session
02-17 05:34:40.440  7746 22643 D CCodecConfig: no c2 equivalents for durationUs
02-17 05:34:40.440  7746 22643 D CCodecConfig: no c2 equivalents for track-id
02-17 05:34:40.440  7746 22643 D CCodecConfig: no c2 equivalents for csd-1
02-17 05:34:40.440  7746 22643 D CCodecConfig: no c2 equivalents for flags
02-17 05:34:40.440  7746 22643 D CCodecConfig: c2 config diff is   c2::u32 coded.bitrate.value = 96000
02-17 05:34:40.440  7746 22643 D CCodecConfig:   c2::u32 raw.sample-rate.value = 44100
02-17 05:34:40.440  7746  7746 D ImeBackDispatcher: switch root view (mImeCallbacks.size=0)
02-17 05:34:40.441  7746 22643 W Codec2Client: query -- param skipped: index = 1107298332.
02-17 05:34:40.441  7746 22643 D CCodec  : encoding statistics level = 0
02-17 05:34:40.441  7746 22643 D CCodec  : setup formats input: AMessage(what = 0x00000000) = {
02-17 05:34:40.441  7746 22643 D CCodec  :   int32_t bitrate = 96000
02-17 05:34:40.441  7746 22643 D CCodec  :   int32_t channel-count = 1
02-17 05:34:40.441  7746 22643 D CCodec  :   int32_t max-input-size = 32768
02-17 05:34:40.441  7746 22643 D CCodec  :   string mime = "audio/vorbis"
02-17 05:34:40.441  7746 22643 D CCodec  :   int32_t sample-rate = 44100
02-17 05:34:40.441  7746 22643 D CCodec  : }
02-17 05:34:40.441  7746 22643 D CCodec  : setup formats output: AMessage(what = 0x00000000) = {
02-17 05:34:40.441  7746 22643 D CCodec  :   int32_t buffer-batch-max-output-size = 0
02-17 05:34:40.441  7746 22643 D CCodec  :   int32_t buffer-batch-threshold-output-size = 0
02-17 05:34:40.441  7746 22643 D CCodec  :   int32_t channel-count = 1
02-17 05:34:40.441  7746 22643 D CCodec  :   string mime = "audio/raw"
02-17 05:34:40.441  7746 22643 D CCodec  :   int32_t sample-rate = 44100
02-17 05:34:40.441  7746 22643 D CCodec  :   int32_t channel-mask = 1
02-17 05:34:40.441  7746 22643 D CCodec  :   int32_t android._config-pcm-encoding = 2
02-17 05:34:40.441  7746 22643 D CCodec  : }
02-17 05:34:40.441  7746 22643 I CCodecConfig: query failed after returning 8 values (BAD_INDEX)
02-17 05:34:40.442  7746 22643 W Codec2Client: query -- param skipped: index = 1342179345.
02-17 05:34:40.442  7746 22643 W Codec2Client: query -- param skipped: index = 2415921170.
02-17 05:34:40.442  7746 22643 D CCodecBufferChannel: [c2.android.vorbis.decoder#768] Created input block pool with allocatorID 16 => poolID 26 - OK (0)
02-17 05:34:40.443  7746 22643 I CCodecBufferChannel: [c2.android.vorbis.decoder#768] Created output block pool with allocatorID 16 => poolID 54 - OK
02-17 05:34:40.443  7746 22643 D CCodecBufferChannel: [c2.android.vorbis.decoder#768] Configured output block pool ids 54 => OK
02-17 05:34:40.466  7746 22643 D CCodecBufferChannel: [c2.android.vorbis.decoder#768] MediaCodec discarded an unknown buffer
02-17 05:34:40.466  7746 22643 D CCodecBufferChannel: [c2.android.vorbis.decoder#768] MediaCodec discarded an unknown buffer
02-17 05:34:40.466  7746 22643 D CCodecBufferChannel: [c2.android.vorbis.decoder#768] MediaCodec discarded an unknown buffer
02-17 05:34:40.466  7746 22643 I hw-BpHwBinder: onLastStrongRef automatically unlinking death recipients
02-17 05:34:40.477  7746  7746 D ImeBackDispatcher: Register received callback id=223842117 priority=0
02-17 05:34:40.477  7746  7746 D WindowOnBackDispatcher: setTopOnBackInvokedCallback (unwrapped): ImeOnBackInvokedCallback@223842117 Callback=android.window.IOnBackInvokedCallback$Stub$Proxy@23ab370
02-17 05:34:40.683  7746  7746 I ImeTracker: com.termux:ec04c480: onRequestShow at ORIGIN_CLIENT reason SHOW_SOFT_INPUT fromUser false
02-17 05:34:40.684  7746  7746 D InsetsController: show(ime())
02-17 05:34:40.684  7746  7746 I ImeTracker: com.termux:ec04c480: onCancelled at PHASE_CLIENT_APPLY_ANIMATION
02-17 05:34:41.539 22670 22670 W MainThread: type=1400 audit(0.0:48333): avc:  granted  { execute } for  name="bash" dev="dm-45" ino=103898 scontext=u:r:untrusted_app_27:s0:c206,c257,c512,c768 tcontext=u:object_r:app_data_file:s0:c206,c257,c512,c768 tclass=file app=com.termux
02-17 05:34:41.539 22670 22670 W MainThread: type=1400 audit(0.0:48334): avc:  granted  { execute } for  name="bash" dev="dm-45" ino=103898 scontext=u:r:untrusted_app_27:s0:c206,c257,c512,c768 tcontext=u:object_r:app_data_file:s0:c206,c257,c512,c768 tclass=file app=com.termux
02-17 05:34:41.539 22670 22670 W MainThread: type=1400 audit(0.0:48335): avc:  granted  { execute_no_trans } for  path="/data/data/com.termux/files/usr/bin/bash" dev="dm-45" ino=103898 scontext=u:r:untrusted_app_27:s0:c206,c257,c512,c768 tcontext=u:object_r:app_data_file:s0:c206,c257,c512,c768 tclass=file app=com.termux
02-17 05:34:41.563 22670 22670 W bash    : type=1400 audit(0.0:48336): avc:  granted  { execute } for  path="/data/data/com.termux/files/usr/bin/bash" dev="dm-45" ino=103898 scontext=u:r:untrusted_app_27:s0:c206,c257,c512,c768 tcontext=u:object_r:app_data_file:s0:c206,c257,c512,c768 tclass=file app=com.termux
02-17 05:34:41.590 22670 22670 W audit   : audit_lost=46571 audit_rate_limit=5 audit_backlog_limit=64
02-17 05:34:41.590 22670 22670 E audit   : rate limit exceeded
02-17 05:34:41.563 22670 22670 W bash    : type=1400 audit(0.0:48337): avc:  denied  { search } for  name="tests" dev="dm-45" ino=113 scontext=u:r:untrusted_app_27:s0:c206,c257,c512,c768 tcontext=u:object_r:shell_test_data_file:s0 tclass=dir permissive=0 app=com.termux
02-17 05:34:41.567 22670 22670 W bash    : type=1400 audit(0.0:48338): avc:  denied  { search } for  name="tests" dev="dm-45" ino=113 scontext=u:r:untrusted_app_27:s0:c206,c257,c512,c768 tcontext=u:object_r:shell_test_data_file:s0 tclass=dir permissive=0 app=com.termux
02-17 05:34:41.567 22670 22670 W bash    : type=1400 audit(0.0:48339): avc:  denied  { search } for  name="tests" dev="dm-45" ino=113 scontext=u:r:untrusted_app_27:s0:c206,c257,c512,c768 tcontext=u:object_r:shell_test_data_file:s0 tclass=dir permissive=0 app=com.termux
02-17 05:34:45.436  7746  7894 D BufferPoolAccessor2.0: evictor expired: 1, evicted: 0
02-17 05:34:46.437  7746  7894 D BufferPoolAccessor2.0: bufferpool2 0x7b00825828 : 0(0 size) total buffers - 0(0 size) used buffers - 1/7 (recycle/alloc) - 6/24 (fetch/transfer)
02-17 05:34:46.437  7746  7894 D BufferPoolAccessor2.0: evictor expired: 1, evicted: 1
02-17 05:34:48.266  7746  7746 D InsetsController: hide(ime())
02-17 05:34:48.266  7746  7746 D ImeBackDispatcher: Preliminary clear (mImeCallbacks.size=1)
02-17 05:34:48.266  7746  7746 D WindowOnBackDispatcher: setTopOnBackInvokedCallback (unwrapped): android.view.ViewRootImpl$$ExternalSyntheticLambda12@f8337b5
02-17 05:34:48.266  7746  7746 D InsetsController: Setting requestedVisibleTypes to -9 (was -1)
02-17 05:34:48.268  7746  7746 D InsetsController: hide(ime())
02-17 05:34:48.268  7746  7746 I ImeTracker: org.futo.inputmethod.latin.playstore:e4a8f40a: onCancelled at PHASE_CLIENT_ALREADY_HIDDEN
02-17 05:34:48.507  7746  7746 D ImeBackDispatcher: Unregister received callback id=223842117
02-17 05:34:48.512  7746  7746 I ImeTracker: system_server:9b7a62b8: onCancelled at PHASE_CLIENT_ON_CONTROLS_CHANGED
02-17 05:34:49.424  7746  7746 D WindowOnBackDispatcher: setTopOnBackInvokedCallback (unwrapped): android.view.ViewRootImpl$$ExternalSyntheticLambda12@143240b
02-17 05:34:49.434  7746  7746 D WindowOnBackDispatcher: setTopOnBackInvokedCallback (unwrapped): android.view.ViewRootImpl$$ExternalSyntheticLambda12@820e83d
02-17 05:34:49.442  7746  7746 E ViewDragHelper: Ignoring pointerId=0 because ACTION_DOWN was not received for this pointer before ACTION_MOVE. It likely happened because  ViewDragHelper did not receive all the events in the event stream.
02-17 05:34:49.442  7746  7746 E ViewDragHelper: Ignoring pointerId=0 because ACTION_DOWN was not received for this pointer before ACTION_MOVE. It likely happened because  ViewDragHelper did not receive all the events in the event stream.
02-17 05:34:49.442  7746  7746 E ViewDragHelper: Ignoring pointerId=0 because ACTION_DOWN was not received for this pointer before ACTION_MOVE. It likely happened because  ViewDragHelper did not receive all the events in the event stream.
02-17 05:34:49.442  7746  7746 E ViewDragHelper: Ignoring pointerId=0 because ACTION_DOWN was not received for this pointer before ACTION_MOVE. It likely happened because  ViewDragHelper did not receive all the events in the event stream.
02-17 05:34:49.463  7746  7746 E ViewDragHelper: Ignoring pointerId=0 because ACTION_DOWN was not received for this pointer before ACTION_MOVE. It likely happened because  ViewDragHelper did not receive all the events in the event stream.
02-17 05:34:49.463  7746  7746 E ViewDragHelper: Ignoring pointerId=0 because ACTION_DOWN was not received for this pointer before ACTION_MOVE. It likely happened because  ViewDragHelper did not receive all the events in the event stream.
02-17 05:34:49.463  7746  7746 E ViewDragHelper: Ignoring pointerId=0 because ACTION_DOWN was not received for this pointer before ACTION_MOVE. It likely happened because  ViewDragHelper did not receive all the events in the event stream.
02-17 05:34:49.463  7746  7746 E ViewDragHelper: Ignoring pointerId=0 because ACTION_DOWN was not received for this pointer before ACTION_MOVE. It likely happened because  ViewDragHelper did not receive all the events in the event stream.
02-17 05:34:49.471  7746  7746 E ViewDragHelper: Ignoring pointerId=0 because ACTION_DOWN was not received for this pointer before ACTION_MOVE. It likely happened because  ViewDragHelper did not receive all the events in the event stream.
02-17 05:34:49.471  7746  7746 E ViewDragHelper: Ignoring pointerId=0 because ACTION_DOWN was not received for this pointer before ACTION_MOVE. It likely happened because  ViewDragHelper did not receive all the events in the event stream.
02-17 05:34:49.471  7746  7746 E ViewDragHelper: Ignoring pointerId=0 because ACTION_DOWN was not received for this pointer before ACTION_MOVE. It likely happened because  ViewDragHelper did not receive all the events in the event stream.
02-17 05:34:49.471  7746  7746 E ViewDragHelper: Ignoring pointerId=0 because ACTION_DOWN was not received for this pointer before ACTION_MOVE. It likely happened because  ViewDragHelper did not receive all the events in the event stream.
02-17 05:34:49.504  7746  7746 E ViewDragHelper: Ignoring pointerId=0 because ACTION_DOWN was not received for this pointer before ACTION_MOVE. It likely happened because  ViewDragHelper did not receive all the events in the event stream.
02-17 05:34:49.504  7746  7746 E ViewDragHelper: Ignoring pointerId=0 because ACTION_DOWN was not received for this pointer before ACTION_MOVE. It likely happened because  ViewDragHelper did not receive all the events in the event stream.
02-17 05:34:49.504  7746  7746 E ViewDragHelper: Ignoring pointerId=0 because ACTION_DOWN was not received for this pointer before ACTION_MOVE. It likely happened because  ViewDragHelper did not receive all the events in the event stream.
02-17 05:34:49.504  7746  7746 E ViewDragHelper: Ignoring pointerId=0 because ACTION_DOWN was not received for this pointer before ACTION_MOVE. It likely happened because  ViewDragHelper did not receive all the events in the event stream.
02-17 05:34:49.546  7746  7746 D WindowOnBackDispatcher: setTopOnBackInvokedCallback (unwrapped): null
02-17 05:34:49.571  7746  7746 E ViewDragHelper: Ignoring pointerId=0 because ACTION_DOWN was not received for this pointer before ACTION_MOVE. It likely happened because  ViewDragHelper did not receive all the events in the event stream.
02-17 05:34:49.571  7746  7746 E ViewDragHelper: Ignoring pointerId=0 because ACTION_DOWN was not received for this pointer before ACTION_MOVE. It likely happened because  ViewDragHelper did not receive all the events in the event stream.
02-17 05:34:49.571  7746  7746 E ViewDragHelper: Ignoring pointerId=0 because ACTION_DOWN was not received for this pointer before ACTION_MOVE. It likely happened because  ViewDragHelper did not receive all the events in the event stream.
02-17 05:34:49.571  7746  7746 E ViewDragHelper: Ignoring pointerId=0 because ACTION_DOWN was not received for this pointer before ACTION_MOVE. It likely happened because  ViewDragHelper did not receive all the events in the event stream.
02-17 05:34:49.903  7746  7746 D WindowOnBackDispatcher: setTopOnBackInvokedCallback (unwrapped): android.view.ViewRootImpl$$ExternalSyntheticLambda12@5eb3f5c
02-17 05:34:50.085  7746  7746 D WindowOnBackDispatcher: setTopOnBackInvokedCallback (unwrapped): null
02-17 05:34:50.510  7746  7746 D WindowOnBackDispatcher: setTopOnBackInvokedCallback (unwrapped): null
02-17 05:34:50.514  7746  7746 D WindowOnBackDispatcher: setTopOnBackInvokedCallback (unwrapped): null
02-17 05:34:51.789  7746  7746 D WindowOnBackDispatcher: setTopOnBackInvokedCallback (unwrapped): android.view.ViewRootImpl$$ExternalSyntheticLambda12@56eec24
02-17 05:34:51.801  7746  7746 D WindowOnBackDispatcher: setTopOnBackInvokedCallback (unwrapped): android.view.ViewRootImpl$$ExternalSyntheticLambda12@833078e
02-17 05:34:52.638  7746  7746 D WindowOnBackDispatcher: setTopOnBackInvokedCallback (unwrapped): android.view.ViewRootImpl$$ExternalSyntheticLambda12@554de9f
02-17 05:34:56.600  7746  7746 D WindowOnBackDispatcher: setTopOnBackInvokedCallback (unwrapped): null
02-17 05:34:56.908  7746  7746 D WindowOnBackDispatcher: setTopOnBackInvokedCallback (unwrapped): android.view.ViewRootImpl$$ExternalSyntheticLambda12@7fd64ee
02-17 05:34:57.115  7746  7746 D WindowOnBackDispatcher: setTopOnBackInvokedCallback (unwrapped): null
02-17 05:34:57.503  7746  7746 D WindowOnBackDispatcher: setTopOnBackInvokedCallback (unwrapped): android.view.ViewRootImpl$$ExternalSyntheticLambda12@f1247d9
02-17 05:34:58.190  7746  7746 D WindowOnBackDispatcher: setTopOnBackInvokedCallback (unwrapped): null
02-17 05:34:58.632  7746  7746 D WindowOnBackDispatcher: setTopOnBackInvokedCallback (unwrapped): android.view.ViewRootImpl$$ExternalSyntheticLambda12@8476350
02-17 05:34:59.448  7746  7746 D WindowOnBackDispatcher: setTopOnBackInvokedCallback (unwrapped): null
02-17 05:34:59.796  7746  7746 D WindowOnBackDispatcher: setTopOnBackInvokedCallback (unwrapped): android.view.ViewRootImpl$$ExternalSyntheticLambda12@e709903
02-17 05:35:02.077  7746  7746 D WindowOnBackDispatcher: setTopOnBackInvokedCallback (unwrapped): null
02-17 05:35:02.082  7746  7746 D WindowOnBackDispatcher: setTopOnBackInvokedCallback (unwrapped): null
02-17 05:35:02.123  7746  7746 D WindowOnBackDispatcher: setTopOnBackInvokedCallback (unwrapped): null
02-17 05:35:11.371 22801 22801 W MainThread: type=1400 audit(0.0:48424): avc:  granted  { execute } for  name="bash" dev="dm-45" ino=103898 scontext=u:r:untrusted_app_27:s0:c206,c257,c512,c768 tcontext=u:object_r:app_data_file:s0:c206,c257,c512,c768 tclass=file app=com.termux
02-17 05:35:11.371 22801 22801 W MainThread: type=1400 audit(0.0:48425): avc:  granted  { execute } for  name="bash" dev="dm-45" ino=103898 scontext=u:r:untrusted_app_27:s0:c206,c257,c512,c768 tcontext=u:object_r:app_data_file:s0:c206,c257,c512,c768 tclass=file app=com.termux
02-17 05:35:11.371 22801 22801 W MainThread: type=1400 audit(0.0:48426): avc:  granted  { execute_no_trans } for  path="/data/data/com.termux/files/usr/bin/bash" dev="dm-45" ino=103898 scontext=u:r:untrusted_app_27:s0:c206,c257,c512,c768 tcontext=u:object_r:app_data_file:s0:c206,c257,c512,c768 tclass=file app=com.termux
02-17 05:35:11.399 22801 22801 W bash    : type=1400 audit(0.0:48427): avc:  granted  { execute } for  path="/data/data/com.termux/files/usr/bin/bash" dev="dm-45" ino=103898 scontext=u:r:untrusted_app_27:s0:c206,c257,c512,c768 tcontext=u:object_r:app_data_file:s0:c206,c257,c512,c768 tclass=file app=com.termux
02-17 05:35:11.403 22801 22801 W bash    : type=1400 audit(0.0:48428): avc:  denied  { search } for  name="tests" dev="dm-45" ino=113 scontext=u:r:untrusted_app_27:s0:c206,c257,c512,c768 tcontext=u:object_r:shell_test_data_file:s0 tclass=dir permissive=0 app=com.termux
02-17 05:35:11.403 22801 22801 W bash    : type=1400 audit(0.0:48429): avc:  denied  { search } for  name="tests" dev="dm-45" ino=113 scontext=u:r:untrusted_app_27:s0:c206,c257,c512,c768 tcontext=u:object_r:shell_test_data_file:s0 tclass=dir permissive=0 app=com.termux
