--------- beginning of main
02-18 14:58:56.440  1505  1544 D BufferPoolAccessor2.0: bufferpool2 0x7917730988 : 0(0 size) total buffers - 0(0 size) used buffers - 1/7 (recycle/alloc) - 6/24 (fetch/transfer)
02-18 14:58:56.440  1505  1544 D BufferPoolAccessor2.0: evictor expired: 1, evicted: 1
02-18 14:58:57.072  1505  1505 D WindowOnBackDispatcher: setTopOnBackInvokedCallback (unwrapped): android.view.ViewRootImpl$$ExternalSyntheticLambda12@98eadb9
02-18 14:58:57.080  1505  1505 D WindowOnBackDispatcher: setTopOnBackInvokedCallback (unwrapped): android.view.ViewRootImpl$$ExternalSyntheticLambda12@ebf47b
02-18 14:58:57.087  1505  1505 D WindowOnBackDispatcher: setTopOnBackInvokedCallback (unwrapped): android.view.ViewRootImpl$$ExternalSyntheticLambda12@269b52d
02-18 14:58:57.123  1505  1505 E ViewDragHelper: Ignoring pointerId=0 because ACTION_DOWN was not received for this pointer before ACTION_MOVE. It likely happened because  ViewDragHelper did not receive all the events in the event stream.
02-18 14:58:57.123  1505  1505 E ViewDragHelper: Ignoring pointerId=0 because ACTION_DOWN was not received for this pointer before ACTION_MOVE. It likely happened because  ViewDragHelper did not receive all the events in the event stream.
02-18 14:58:57.124  1505  1505 E ViewDragHelper: Ignoring pointerId=0 because ACTION_DOWN was not received for this pointer before ACTION_MOVE. It likely happened because  ViewDragHelper did not receive all the events in the event stream.
02-18 14:58:57.124  1505  1505 E ViewDragHelper: Ignoring pointerId=0 because ACTION_DOWN was not received for this pointer before ACTION_MOVE. It likely happened because  ViewDragHelper did not receive all the events in the event stream.
02-18 14:58:57.148  1505  1505 E ViewDragHelper: Ignoring pointerId=0 because ACTION_DOWN was not received for this pointer before ACTION_MOVE. It likely happened because  ViewDragHelper did not receive all the events in the event stream.
02-18 14:58:57.148  1505  1505 E ViewDragHelper: Ignoring pointerId=0 because ACTION_DOWN was not received for this pointer before ACTION_MOVE. It likely happened because  ViewDragHelper did not receive all the events in the event stream.
02-18 14:58:57.148  1505  1505 E ViewDragHelper: Ignoring pointerId=0 because ACTION_DOWN was not received for this pointer before ACTION_MOVE. It likely happened because  ViewDragHelper did not receive all the events in the event stream.
02-18 14:58:57.148  1505  1505 E ViewDragHelper: Ignoring pointerId=0 because ACTION_DOWN was not received for this pointer before ACTION_MOVE. It likely happened because  ViewDragHelper did not receive all the events in the event stream.
02-18 14:58:57.232  1505  1505 D WindowOnBackDispatcher: setTopOnBackInvokedCallback (unwrapped): null
02-18 14:58:57.419  1505  1505 D WindowOnBackDispatcher: setTopOnBackInvokedCallback (unwrapped): null
02-18 14:58:57.424  1505  1505 D WindowOnBackDispatcher: setTopOnBackInvokedCallback (unwrapped): null
02-18 14:59:08.018  1505  1505 D WindowOnBackDispatcher: setTopOnBackInvokedCallback (unwrapped): android.view.ViewRootImpl$$ExternalSyntheticLambda12@aad4e0d
02-18 14:59:08.027  1505  1505 D WindowOnBackDispatcher: setTopOnBackInvokedCallback (unwrapped): android.view.ViewRootImpl$$ExternalSyntheticLambda12@462722f
02-18 14:59:08.325  1505  1505 D WindowOnBackDispatcher: setTopOnBackInvokedCallback (unwrapped): android.view.ViewRootImpl$$ExternalSyntheticLambda12@279106c
02-18 14:59:13.620  1505  1505 D WindowOnBackDispatcher: setTopOnBackInvokedCallback (unwrapped): null
02-18 14:59:13.624  1505  1505 D WindowOnBackDispatcher: setTopOnBackInvokedCallback (unwrapped): null
02-18 14:59:13.639  1505  1505 D ImeBackDispatcher: Unregister received callback id=263673973
02-18 14:59:13.640  1505  1505 D WindowOnBackDispatcher: setTopOnBackInvokedCallback (unwrapped): android.view.ViewRootImpl$$ExternalSyntheticLambda12@3c7707f
02-18 14:59:13.663  1505  1505 D ImeBackDispatcher: Register received callback id=130588940 priority=0
02-18 14:59:13.663  1505  1505 D WindowOnBackDispatcher: setTopOnBackInvokedCallback (unwrapped): ImeOnBackInvokedCallback@130588940 Callback=android.window.IOnBackInvokedCallback$Stub$Proxy@f7cb688
02-18 14:59:13.884  1505  1505 D WindowOnBackDispatcher: setTopOnBackInvokedCallback (unwrapped): null
02-18 14:59:13.930  1505  1505 I ImeTracker: system_server:cd1c20c3: onShown
02-18 14:59:14.126  1505  1505 I ImeTracker: system_server:599b6471: onCancelled at PHASE_CLIENT_ON_CONTROLS_CHANGED
02-18 14:59:18.119  1505  1505 I ImeTracker: system_server:50e4494c: onCancelled at PHASE_CLIENT_ON_CONTROLS_CHANGED
02-18 14:59:24.878 10936 10936 W bash    : type=1400 audit(0.0:90064): avc:  granted  { execute } for  name="pgrep" dev="dm-45" ino=102429 scontext=u:r:untrusted_app_27:s0:c206,c257,c512,c768 tcontext=u:object_r:app_data_file:s0:c206,c257,c512,c768 tclass=file app=com.termux
02-18 14:59:24.882 10936 10936 W bash    : type=1400 audit(0.0:90065): avc:  granted  { execute } for  name="pgrep" dev="dm-45" ino=102429 scontext=u:r:untrusted_app_27:s0:c206,c257,c512,c768 tcontext=u:object_r:app_data_file:s0:c206,c257,c512,c768 tclass=file app=com.termux
02-18 14:59:24.882 10936 10936 W bash    : type=1400 audit(0.0:90066): avc:  granted  { execute_no_trans } for  path="/data/data/com.termux/files/usr/bin/pgrep" dev="dm-45" ino=102429 scontext=u:r:untrusted_app_27:s0:c206,c257,c512,c768 tcontext=u:object_r:app_data_file:s0:c206,c257,c512,c768 tclass=file app=com.termux
02-18 14:59:24.882 10936 10936 W pgrep   : type=1400 audit(0.0:90067): avc:  granted  { execute } for  path="/data/data/com.termux/files/usr/bin/pgrep" dev="dm-45" ino=102429 scontext=u:r:untrusted_app_27:s0:c206,c257,c512,c768 tcontext=u:object_r:app_data_file:s0:c206,c257,c512,c768 tclass=file app=com.termux
02-18 14:59:24.882 10936 10936 W pgrep   : type=1400 audit(0.0:90068): avc:  denied  { search } for  name="tests" dev="dm-45" ino=113 scontext=u:r:untrusted_app_27:s0:c206,c257,c512,c768 tcontext=u:object_r:shell_test_data_file:s0 tclass=dir permissive=0 app=com.termux
--------- beginning of kernel
02-18 14:59:24.680 10936 10936 W audit   : audit_lost=56404 audit_rate_limit=5 audit_backlog_limit=64
02-18 14:59:24.680 10936 10936 E audit   : rate limit exceeded
02-18 14:59:25.645  1505  1505 D ImeBackDispatcher: Unregister received callback id=130588940
02-18 14:59:25.645  1505  1505 D WindowOnBackDispatcher: setTopOnBackInvokedCallback (unwrapped): android.view.ViewRootImpl$$ExternalSyntheticLambda12@3c7707f
02-18 14:59:25.713  1505  1505 D ImeBackDispatcher: Register received callback id=249467177 priority=0
02-18 14:59:25.713  1505  1505 D WindowOnBackDispatcher: setTopOnBackInvokedCallback (unwrapped): ImeOnBackInvokedCallback@249467177 Callback=android.window.IOnBackInvokedCallback$Stub$Proxy@8cc4c1b
02-18 14:59:26.010  1505  1505 I ImeTracker: system_server:4aea1369: onShown
02-18 14:59:31.495  1505  1505 W Choreographer: Frame time is 0.001877 ms in the future!  Check that graphics HAL is generating vsync timestamps using the correct timebase.
02-18 14:59:44.658  1505  1505 W Choreographer: Frame time is 0.044851 ms in the future!  Check that graphics HAL is generating vsync timestamps using the correct timebase.
02-18 14:59:46.355  1505  1505 W Choreographer: Frame time is 0.116644 ms in the future!  Check that graphics HAL is generating vsync timestamps using the correct timebase.
02-18 14:59:48.018 10990 10990 W MainThread: type=1400 audit(0.0:90075): avc:  granted  { execute } for  name="bash" dev="dm-45" ino=103898 scontext=u:r:untrusted_app_27:s0:c206,c257,c512,c768 tcontext=u:object_r:app_data_file:s0:c206,c257,c512,c768 tclass=file app=com.termux
02-18 14:59:48.018 10990 10990 W MainThread: type=1400 audit(0.0:90076): avc:  granted  { execute } for  name="bash" dev="dm-45" ino=103898 scontext=u:r:untrusted_app_27:s0:c206,c257,c512,c768 tcontext=u:object_r:app_data_file:s0:c206,c257,c512,c768 tclass=file app=com.termux
02-18 14:59:48.018 10990 10990 W MainThread: type=1400 audit(0.0:90077): avc:  granted  { execute_no_trans } for  path="/data/data/com.termux/files/usr/bin/bash" dev="dm-45" ino=103898 scontext=u:r:untrusted_app_27:s0:c206,c257,c512,c768 tcontext=u:object_r:app_data_file:s0:c206,c257,c512,c768 tclass=file app=com.termux
02-18 14:59:48.078 10990 10990 W bash    : type=1400 audit(0.0:90078): avc:  granted  { execute } for  path="/data/data/com.termux/files/usr/bin/bash" dev="dm-45" ino=103898 scontext=u:r:untrusted_app_27:s0:c206,c257,c512,c768 tcontext=u:object_r:app_data_file:s0:c206,c257,c512,c768 tclass=file app=com.termux
02-18 14:59:48.078 10990 10990 W bash    : type=1400 audit(0.0:90079): avc:  denied  { search } for  name="tests" dev="dm-45" ino=113 scontext=u:r:untrusted_app_27:s0:c206,c257,c512,c768 tcontext=u:object_r:shell_test_data_file:s0 tclass=dir permissive=0 app=com.termux
02-18 14:59:47.874 10990 10990 W audit   : audit_lost=56410 audit_rate_limit=5 audit_backlog_limit=64
02-18 14:59:47.874 10990 10990 E audit   : rate limit exceeded
02-18 14:59:51.165  1505  1505 W Choreographer: Frame time is 0.075979 ms in the future!  Check that graphics HAL is generating vsync timestamps using the correct timebase.
02-18 15:00:27.980  1505  1505 D ImeBackDispatcher: Clear (mImeCallbacks.size=1)
02-18 15:00:27.980  1505  1505 D WindowOnBackDispatcher: setTopOnBackInvokedCallback (unwrapped): android.view.ViewRootImpl$$ExternalSyntheticLambda12@3c7707f
02-18 15:00:27.982  1505  1505 D ImeBackDispatcher: Unregister received callback id=249467177
02-18 15:00:27.982  1505  1505 W ImeBackDispatcher: Ime callback not found. Ignoring unregisterReceivedCallback. callbackId: 249467177 remaining callbacks: 0
02-18 15:00:28.456  1505  1505 D VRI[TermuxActivity]: visibilityChanged oldVisibility=true newVisibility=false
02-18 15:00:28.499  1505  1512 W System  : A resource failed to call release. 
02-18 15:00:28.500  1505  1512 W System  : A resource failed to call release. 
02-18 15:00:28.895  1505  1505 I ImeTracker: system_server:d29e32c8: onCancelled at PHASE_CLIENT_ON_CONTROLS_CHANGED
02-18 15:00:28.898  1505  1505 D ImeBackDispatcher: Clear (mImeCallbacks.size=0)
02-18 15:00:28.899  1505  1505 D ImeBackDispatcher: switch root view (mImeCallbacks.size=0)
02-18 15:00:28.937  1505  1505 I ImeTracker: system_server:821ea467: onCancelled at PHASE_CLIENT_ON_CONTROLS_CHANGED
02-18 15:00:28.974  1505  1505 I ImeTracker: system_server:730089f7: onCancelled at PHASE_CLIENT_ON_CONTROLS_CHANGED
02-18 15:00:33.297  1505  1505 I ImeTracker: system_server:e7b741d6: onCancelled at PHASE_CLIENT_ON_CONTROLS_CHANGED
02-18 15:00:33.314  1505  1505 I ImeTracker: system_server:97b6283: onCancelled at PHASE_CLIENT_ON_CONTROLS_CHANGED
02-18 15:00:33.455  1505  1505 I ImeTracker: system_server:816c03a: onCancelled at PHASE_CLIENT_ON_CONTROLS_CHANGED
02-18 15:01:37.808  1505  1505 I ImeTracker: system_server:33d2f3a0: onCancelled at PHASE_CLIENT_ON_CONTROLS_CHANGED
02-18 15:01:37.827  1505  1505 I ImeTracker: system_server:ab30213f: onCancelled at PHASE_CLIENT_ON_CONTROLS_CHANGED
02-18 15:01:38.369  1505  1505 I ImeTracker: system_server:2fd4f6: onCancelled at PHASE_CLIENT_ON_CONTROLS_CHANGED
02-18 15:01:38.868  1505  1505 I ImeTracker: system_server:cf2b8953: onCancelled at PHASE_CLIENT_ON_CONTROLS_CHANGED
02-18 15:03:12.939  1505  1505 I ImeTracker: system_server:77cd3aa9: onCancelled at PHASE_CLIENT_ON_CONTROLS_CHANGED
02-18 15:03:13.863  1505  1505 I ImeTracker: system_server:c30e70d8: onCancelled at PHASE_CLIENT_ON_CONTROLS_CHANGED
02-18 15:03:25.233  1505  1505 D ViewRootImpl: Skipping stats log for color mode
02-18 15:03:25.267  1505 11298 D MediaCodecList: codecHandlesFormat: no format, so no extra checks
02-18 15:03:25.268  1505 11301 D CCodec  : allocate(c2.android.vorbis.decoder)
02-18 15:03:25.273  1505 11301 I CCodec  : setting up 'default' as default (vendor) store
02-18 15:03:25.284  1505  1505 I ImeTracker: system_server:f879658c: onCancelled at PHASE_CLIENT_ON_CONTROLS_CHANGED
02-18 15:03:25.285  1505  1505 I ImeTracker: system_server:7956e35c: onCancelled at PHASE_CLIENT_ON_CONTROLS_CHANGED
02-18 15:03:25.298  1505  1545 D BufferPoolAccessor2.0: bufferpool2 0x7917730988 : 0(0 size) total buffers - 0(0 size) used buffers - 1/7 (recycle/alloc) - 6/24 (fetch/transfer)
02-18 15:03:25.298  1505  1545 D BufferPoolAccessor2.0: Destruction - bufferpool2 0x7917730988 cached: 0/0M, 0/0% in use; allocs: 7, 14% recycled; transfers: 24, 75% unfetched
02-18 15:03:25.299  1505 11301 I CCodec  : Created component [c2.android.vorbis.decoder] for [c2.android.vorbis.decoder]
02-18 15:03:25.299  1505 11301 D CCodecConfig: read media type: audio/vorbis
02-18 15:03:25.299  1505 11301 D ReflectedParamUpdater: extent() != 1 for single value type: algo.buffers.max-count.values
02-18 15:03:25.299  1505 11301 D ReflectedParamUpdater: extent() != 1 for single value type: output.subscribed-indices.values
02-18 15:03:25.299  1505 11301 D ReflectedParamUpdater: extent() != 1 for single value type: input.buffers.allocator-ids.values
02-18 15:03:25.299  1505 11301 D ReflectedParamUpdater: extent() != 1 for single value type: output.buffers.allocator-ids.values
02-18 15:03:25.299  1505 11301 D ReflectedParamUpdater: extent() != 1 for single value type: algo.buffers.allocator-ids.values
02-18 15:03:25.299  1505 11301 D ReflectedParamUpdater: extent() != 1 for single value type: output.buffers.pool-ids.values
02-18 15:03:25.299  1505 11301 D ReflectedParamUpdater: extent() != 1 for single value type: algo.buffers.pool-ids.values
02-18 15:03:25.300  1505 11301 I CCodecConfig: query failed after returning 8 values (BAD_INDEX)
02-18 15:03:25.300  1505 11301 D CCodecConfig: c2 config diff is Dict {
02-18 15:03:25.300  1505 11301 D CCodecConfig:   c2::u32 coded.bitrate.value = 64000
02-18 15:03:25.300  1505 11301 D CCodecConfig:   c2::u32 input.buffers.max-size.value = 32768
02-18 15:03:25.300  1505 11301 D CCodecConfig:   c2::u32 input.delay.value = 0
02-18 15:03:25.300  1505 11301 D CCodecConfig:   string input.media-type.value = "audio/vorbis"
02-18 15:03:25.300  1505 11301 D CCodecConfig:   c2::u32 output.large-frame.max-size = 0
02-18 15:03:25.300  1505 11301 D CCodecConfig:   c2::u32 output.large-frame.threshold-size = 0
02-18 15:03:25.300  1505 11301 D CCodecConfig:   string output.media-type.value = "audio/raw"
02-18 15:03:25.300  1505 11301 D CCodecConfig:   c2::u32 raw.channel-count.value = 1
02-18 15:03:25.300  1505 11301 D CCodecConfig:   c2::u32 raw.sample-rate.value = 48000
02-18 15:03:25.300  1505 11301 D CCodecConfig: }
02-18 15:03:25.301  1505 11301 D CCodec  : [c2.android.vorbis.decoder] buffers are bound to CCodec for this session
02-18 15:03:25.301  1505 11301 D CCodecConfig: no c2 equivalents for durationUs
02-18 15:03:25.301  1505 11301 D CCodecConfig: no c2 equivalents for track-id
02-18 15:03:25.301  1505 11301 D CCodecConfig: no c2 equivalents for csd-1
02-18 15:03:25.301  1505 11301 D CCodecConfig: no c2 equivalents for flags
02-18 15:03:25.301  1505 11301 D CCodecConfig: c2 config diff is   c2::u32 coded.bitrate.value = 96000
02-18 15:03:25.301  1505 11301 D CCodecConfig:   c2::u32 raw.sample-rate.value = 44100
02-18 15:03:25.301  1505 11301 W Codec2Client: query -- param skipped: index = 1107298332.
02-18 15:03:25.301  1505 11301 D CCodec  : encoding statistics level = 0
02-18 15:03:25.301  1505 11301 D CCodec  : setup formats input: AMessage(what = 0x00000000) = {
02-18 15:03:25.301  1505 11301 D CCodec  :   int32_t bitrate = 96000
02-18 15:03:25.301  1505 11301 D CCodec  :   int32_t channel-count = 1
02-18 15:03:25.301  1505 11301 D CCodec  :   int32_t max-input-size = 32768
02-18 15:03:25.301  1505 11301 D CCodec  :   string mime = "audio/vorbis"
02-18 15:03:25.301  1505 11301 D CCodec  :   int32_t sample-rate = 44100
02-18 15:03:25.301  1505 11301 D CCodec  : }
02-18 15:03:25.301  1505 11301 D CCodec  : setup formats output: AMessage(what = 0x00000000) = {
02-18 15:03:25.301  1505 11301 D CCodec  :   int32_t buffer-batch-max-output-size = 0
02-18 15:03:25.301  1505 11301 D CCodec  :   int32_t buffer-batch-threshold-output-size = 0
02-18 15:03:25.301  1505 11301 D CCodec  :   int32_t channel-count = 1
02-18 15:03:25.301  1505 11301 D CCodec  :   string mime = "audio/raw"
02-18 15:03:25.301  1505 11301 D CCodec  :   int32_t sample-rate = 44100
02-18 15:03:25.301  1505 11301 D CCodec  :   int32_t channel-mask = 1
02-18 15:03:25.301  1505 11301 D CCodec  :   int32_t android._config-pcm-encoding = 2
02-18 15:03:25.301  1505 11301 D CCodec  : }
02-18 15:03:25.301  1505 11301 I CCodecConfig: query failed after returning 8 values (BAD_INDEX)
02-18 15:03:25.302  1505 11301 W Codec2Client: query -- param skipped: index = 1342179345.
02-18 15:03:25.302  1505 11301 W Codec2Client: query -- param skipped: index = 2415921170.
02-18 15:03:25.302  1505 11301 D CCodecBufferChannel: [c2.android.vorbis.decoder#975] Created input block pool with allocatorID 16 => poolID 22 - OK (0)
02-18 15:03:25.302  1505 11301 I CCodecBufferChannel: [c2.android.vorbis.decoder#975] Created output block pool with allocatorID 16 => poolID 247 - OK
02-18 15:03:25.303  1505 11301 D CCodecBufferChannel: [c2.android.vorbis.decoder#975] Configured output block pool ids 247 => OK
02-18 15:03:25.309  1505 11301 D CCodecBufferChannel: [c2.android.vorbis.decoder#975] MediaCodec discarded an unknown buffer
02-18 15:03:25.309  1505 11301 I hw-BpHwBinder: onLastStrongRef automatically unlinking death recipients
02-18 15:03:25.340  1505  1505 D VRI[TermuxActivity]: visibilityChanged oldVisibility=true newVisibility=false
02-18 15:03:25.359  1505  1505 I ImeTracker: system_server:da8237f3: onCancelled at PHASE_CLIENT_ON_CONTROLS_CHANGED
02-18 15:03:25.400  1505  1505 I ImeTracker: system_server:d18bf374: onCancelled at PHASE_CLIENT_ON_CONTROLS_CHANGED
02-18 15:03:25.548  1505  1505 I ImeTracker: com.termux:1768885a: onRequestShow at ORIGIN_CLIENT reason SHOW_SOFT_INPUT fromUser false
02-18 15:03:25.548  1505  1505 I ImeTracker: com.termux:1768885a: onFailed at PHASE_CLIENT_VIEW_SERVED
02-18 15:03:25.549  1505  1505 W InputMethodManager: Ignoring showSoftInput() as view=com.termux.view.TerminalView{9f9b151 VFED.V.L. .F...... 0,0-1424,1469 #7f080191 app:id/terminal_view aid=1073741825} is not served.
02-18 15:03:30.299  1505  1544 D BufferPoolAccessor2.0: evictor expired: 1, evicted: 0
02-18 15:03:31.300  1505  1544 D BufferPoolAccessor2.0: bufferpool2 0x791774c588 : 0(0 size) total buffers - 0(0 size) used buffers - 2/7 (recycle/alloc) - 5/24 (fetch/transfer)
02-18 15:03:31.301  1505  1544 D BufferPoolAccessor2.0: evictor expired: 1, evicted: 1
02-18 15:03:35.823  1505  1505 D ImeBackDispatcher: Clear (mImeCallbacks.size=0)
02-18 15:03:35.887  1505  1505 I ImeTracker: system_server:c6a16b86: onCancelled at PHASE_CLIENT_ON_CONTROLS_CHANGED
02-18 15:03:35.949  1505  1505 I ImeTracker: system_server:c273d5ed: onCancelled at PHASE_CLIENT_ON_CONTROLS_CHANGED
02-18 15:03:36.695  1505  1505 I ImeTracker: system_server:7381cf66: onCancelled at PHASE_CLIENT_ON_CONTROLS_CHANGED
02-18 15:03:36.739  1505  1505 I ImeTracker: system_server:3692bf6: onCancelled at PHASE_CLIENT_ON_CONTROLS_CHANGED
02-18 15:03:36.764  1505  1505 I ImeTracker: system_server:b7d6db1e: onCancelled at PHASE_CLIENT_ON_CONTROLS_CHANGED
02-18 15:03:46.059  1505  1505 I ImeTracker: system_server:90a33777: onCancelled at PHASE_CLIENT_ON_CONTROLS_CHANGED
02-18 15:03:46.075  1505  1505 I ImeTracker: system_server:5dbab9ae: onCancelled at PHASE_CLIENT_ON_CONTROLS_CHANGED
02-18 15:03:46.175  1505  1505 I ImeTracker: system_server:11a15774: onCancelled at PHASE_CLIENT_ON_CONTROLS_CHANGED
02-18 15:03:47.056  1505  1505 I ImeTracker: system_server:f0c53c17: onCancelled at PHASE_CLIENT_ON_CONTROLS_CHANGED
02-18 15:03:48.057  1505  1505 I ImeTracker: system_server:463f2fce: onCancelled at PHASE_CLIENT_ON_CONTROLS_CHANGED
02-18 15:03:56.571  1505  1505 I ImeTracker: system_server:da4be748: onCancelled at PHASE_CLIENT_ON_CONTROLS_CHANGED
02-18 15:03:56.596  1505  1505 I ImeTracker: system_server:55339d7a: onCancelled at PHASE_CLIENT_ON_CONTROLS_CHANGED
02-18 15:03:57.069  1505  1505 I ImeTracker: system_server:d8bdd69d: onCancelled at PHASE_CLIENT_ON_CONTROLS_CHANGED
02-18 15:03:57.178  1505  1505 I ImeTracker: system_server:fdc5c560: onCancelled at PHASE_CLIENT_ON_CONTROLS_CHANGED
02-18 15:03:58.073  1505  1505 I ImeTracker: system_server:b0726b17: onCancelled at PHASE_CLIENT_ON_CONTROLS_CHANGED
02-18 15:03:59.284  1505  1505 I ImeTracker: system_server:5eb9ea87: onCancelled at PHASE_CLIENT_ON_CONTROLS_CHANGED
02-18 15:03:59.296  1505  1505 I ImeTracker: system_server:a1649f06: onCancelled at PHASE_CLIENT_ON_CONTROLS_CHANGED
02-18 15:04:02.180  1505  1505 I ImeTracker: system_server:a559b3b1: onCancelled at PHASE_CLIENT_ON_CONTROLS_CHANGED
02-18 15:04:03.116  1505  1505 I ImeTracker: system_server:715c7d9b: onCancelled at PHASE_CLIENT_ON_CONTROLS_CHANGED
02-18 15:04:03.133  1505  1505 I ImeTracker: system_server:bd889995: onCancelled at PHASE_CLIENT_ON_CONTROLS_CHANGED
02-18 15:04:03.177  1505  1505 I ImeTracker: system_server:f0e9fff7: onCancelled at PHASE_CLIENT_ON_CONTROLS_CHANGED
02-18 15:04:04.201  1505  1505 I ImeTracker: system_server:604a2386: onCancelled at PHASE_CLIENT_ON_CONTROLS_CHANGED
02-18 15:04:04.577  1505  1505 I ImeTracker: system_server:e1648668: onCancelled at PHASE_CLIENT_ON_CONTROLS_CHANGED
02-18 15:04:05.061  1505  1505 I ImeTracker: system_server:ee861309: onCancelled at PHASE_CLIENT_ON_CONTROLS_CHANGED
02-18 15:04:05.178  1505  1505 I ImeTracker: system_server:4599913c: onCancelled at PHASE_CLIENT_ON_CONTROLS_CHANGED
02-18 15:04:06.055  1505  1505 I ImeTracker: system_server:8670b8a3: onCancelled at PHASE_CLIENT_ON_CONTROLS_CHANGED
02-18 15:04:06.071  1505  1505 I ImeTracker: system_server:b8617344: onCancelled at PHASE_CLIENT_ON_CONTROLS_CHANGED
02-18 15:04:09.008  1505  1505 I ImeTracker: system_server:8d77b5c: onCancelled at PHASE_CLIENT_ON_CONTROLS_CHANGED
02-18 15:04:09.025  1505  1505 I ImeTracker: system_server:e4e412ff: onCancelled at PHASE_CLIENT_ON_CONTROLS_CHANGED
02-18 15:04:11.179  1505  1505 I ImeTracker: system_server:db63cbb9: onCancelled at PHASE_CLIENT_ON_CONTROLS_CHANGED
02-18 15:04:12.035  1505  1505 I ImeTracker: system_server:d93b214e: onCancelled at PHASE_CLIENT_ON_CONTROLS_CHANGED
02-18 15:04:13.142  1505  1505 I ImeTracker: system_server:11bd148c: onCancelled at PHASE_CLIENT_ON_CONTROLS_CHANGED
02-18 15:04:13.165  1505  1505 I ImeTracker: system_server:ec4c87af: onCancelled at PHASE_CLIENT_ON_CONTROLS_CHANGED
02-18 15:04:26.786  1505  1505 I ImeTracker: system_server:ef6ca632: onCancelled at PHASE_CLIENT_ON_CONTROLS_CHANGED
02-18 15:04:59.100  1505  1505 I ImeTracker: system_server:f859473b: onCancelled at PHASE_CLIENT_ON_CONTROLS_CHANGED
02-18 15:04:59.115  1505  1505 I ImeTracker: system_server:4d5c7b8c: onCancelled at PHASE_CLIENT_ON_CONTROLS_CHANGED
02-18 15:04:59.843  1505  1505 I ImeTracker: system_server:da5a7c53: onCancelled at PHASE_CLIENT_ON_CONTROLS_CHANGED
02-18 15:05:12.169  1505  1505 I ImeTracker: system_server:c91ebe6d: onCancelled at PHASE_CLIENT_ON_CONTROLS_CHANGED
02-18 15:05:12.557  1505  1505 D ViewRootImpl: Skipping stats log for color mode
02-18 15:05:12.572  1505 12080 D MediaCodecList: codecHandlesFormat: no format, so no extra checks
02-18 15:05:12.573  1505 12084 D CCodec  : allocate(c2.android.vorbis.decoder)
02-18 15:05:12.574  1505 12084 I CCodec  : setting up 'default' as default (vendor) store
02-18 15:05:12.575  1505  1545 D BufferPoolAccessor2.0: bufferpool2 0x791774c588 : 0(0 size) total buffers - 0(0 size) used buffers - 2/7 (recycle/alloc) - 5/24 (fetch/transfer)
02-18 15:05:12.575  1505  1545 D BufferPoolAccessor2.0: Destruction - bufferpool2 0x791774c588 cached: 0/0M, 0/0% in use; allocs: 7, 29% recycled; transfers: 24, 79% unfetched
02-18 15:05:12.575  1505 12084 I CCodec  : Created component [c2.android.vorbis.decoder] for [c2.android.vorbis.decoder]
02-18 15:05:12.575  1505 12084 D CCodecConfig: read media type: audio/vorbis
02-18 15:05:12.579  1505  1505 I ImeTracker: system_server:660b5579: onCancelled at PHASE_CLIENT_ON_CONTROLS_CHANGED
02-18 15:05:12.583  1505 12084 D ReflectedParamUpdater: extent() != 1 for single value type: algo.buffers.max-count.values
02-18 15:05:12.584  1505 12084 D ReflectedParamUpdater: extent() != 1 for single value type: output.subscribed-indices.values
02-18 15:05:12.584  1505 12084 D ReflectedParamUpdater: extent() != 1 for single value type: input.buffers.allocator-ids.values
02-18 15:05:12.584  1505 12084 D ReflectedParamUpdater: extent() != 1 for single value type: output.buffers.allocator-ids.values
02-18 15:05:12.584  1505 12084 D ReflectedParamUpdater: extent() != 1 for single value type: algo.buffers.allocator-ids.values
02-18 15:05:12.584  1505 12084 D ReflectedParamUpdater: extent() != 1 for single value type: output.buffers.pool-ids.values
02-18 15:05:12.584  1505 12084 D ReflectedParamUpdater: extent() != 1 for single value type: algo.buffers.pool-ids.values
02-18 15:05:12.585  1505 12084 I CCodecConfig: query failed after returning 8 values (BAD_INDEX)
02-18 15:05:12.585  1505 12084 D CCodecConfig: c2 config diff is Dict {
02-18 15:05:12.585  1505 12084 D CCodecConfig:   c2::u32 coded.bitrate.value = 64000
02-18 15:05:12.585  1505 12084 D CCodecConfig:   c2::u32 input.buffers.max-size.value = 32768
02-18 15:05:12.585  1505 12084 D CCodecConfig:   c2::u32 input.delay.value = 0
02-18 15:05:12.585  1505 12084 D CCodecConfig:   string input.media-type.value = "audio/vorbis"
02-18 15:05:12.585  1505 12084 D CCodecConfig:   c2::u32 output.large-frame.max-size = 0
02-18 15:05:12.585  1505 12084 D CCodecConfig:   c2::u32 output.large-frame.threshold-size = 0
02-18 15:05:12.585  1505 12084 D CCodecConfig:   string output.media-type.value = "audio/raw"
02-18 15:05:12.585  1505 12084 D CCodecConfig:   c2::u32 raw.channel-count.value = 1
02-18 15:05:12.585  1505 12084 D CCodecConfig:   c2::u32 raw.sample-rate.value = 48000
02-18 15:05:12.585  1505 12084 D CCodecConfig: }
02-18 15:05:12.587  1505 12084 D CCodec  : [c2.android.vorbis.decoder] buffers are bound to CCodec for this session
02-18 15:05:12.587  1505 12084 D CCodecConfig: no c2 equivalents for durationUs
02-18 15:05:12.587  1505 12084 D CCodecConfig: no c2 equivalents for track-id
02-18 15:05:12.587  1505 12084 D CCodecConfig: no c2 equivalents for csd-1
02-18 15:05:12.587  1505 12084 D CCodecConfig: no c2 equivalents for flags
02-18 15:05:12.587  1505 12084 D CCodecConfig: c2 config diff is   c2::u32 coded.bitrate.value = 96000
02-18 15:05:12.587  1505 12084 D CCodecConfig:   c2::u32 raw.sample-rate.value = 44100
02-18 15:05:12.587  1505 12084 W Codec2Client: query -- param skipped: index = 1107298332.
02-18 15:05:12.587  1505 12084 D CCodec  : encoding statistics level = 0
02-18 15:05:12.587  1505 12084 D CCodec  : setup formats input: AMessage(what = 0x00000000) = {
02-18 15:05:12.587  1505 12084 D CCodec  :   int32_t bitrate = 96000
02-18 15:05:12.587  1505 12084 D CCodec  :   int32_t channel-count = 1
02-18 15:05:12.587  1505 12084 D CCodec  :   int32_t max-input-size = 32768
02-18 15:05:12.587  1505 12084 D CCodec  :   string mime = "audio/vorbis"
02-18 15:05:12.587  1505 12084 D CCodec  :   int32_t sample-rate = 44100
02-18 15:05:12.587  1505 12084 D CCodec  : }
02-18 15:05:12.587  1505 12084 D CCodec  : setup formats output: AMessage(what = 0x00000000) = {
02-18 15:05:12.587  1505 12084 D CCodec  :   int32_t buffer-batch-max-output-size = 0
02-18 15:05:12.587  1505 12084 D CCodec  :   int32_t buffer-batch-threshold-output-size = 0
02-18 15:05:12.587  1505 12084 D CCodec  :   int32_t channel-count = 1
02-18 15:05:12.587  1505 12084 D CCodec  :   string mime = "audio/raw"
02-18 15:05:12.587  1505 12084 D CCodec  :   int32_t sample-rate = 44100
02-18 15:05:12.587  1505 12084 D CCodec  :   int32_t channel-mask = 1
02-18 15:05:12.587  1505 12084 D CCodec  :   int32_t android._config-pcm-encoding = 2
02-18 15:05:12.587  1505 12084 D CCodec  : }
02-18 15:05:12.587  1505 12084 I CCodecConfig: query failed after returning 8 values (BAD_INDEX)
02-18 15:05:12.588  1505 12084 W Codec2Client: query -- param skipped: index = 1342179345.
02-18 15:05:12.588  1505 12084 W Codec2Client: query -- param skipped: index = 2415921170.
02-18 15:05:12.588  1505 12084 D CCodecBufferChannel: [c2.android.vorbis.decoder#572] Created input block pool with allocatorID 16 => poolID 23 - OK (0)
02-18 15:05:12.589  1505 12084 I CCodecBufferChannel: [c2.android.vorbis.decoder#572] Created output block pool with allocatorID 16 => poolID 249 - OK
02-18 15:05:12.589  1505 12084 D CCodecBufferChannel: [c2.android.vorbis.decoder#572] Configured output block pool ids 249 => OK
02-18 15:05:12.609  1505  1505 I ImeTracker: system_server:692412ab: onCancelled at PHASE_CLIENT_ON_CONTROLS_CHANGED
02-18 15:05:12.612  1505  1505 D ImeBackDispatcher: switch root view (mImeCallbacks.size=0)
02-18 15:05:12.616  1505 12084 D CCodecBufferChannel: [c2.android.vorbis.decoder#572] MediaCodec discarded an unknown buffer
02-18 15:05:12.616  1505 12084 D CCodecBufferChannel: [c2.android.vorbis.decoder#572] MediaCodec discarded an unknown buffer
02-18 15:05:12.616  1505 12084 D CCodecBufferChannel: [c2.android.vorbis.decoder#572] MediaCodec discarded an unknown buffer
02-18 15:05:12.619  1505 12084 I hw-BpHwBinder: onLastStrongRef automatically unlinking death recipients
02-18 15:05:12.658  1505  1505 D ImeBackDispatcher: Register received callback id=249467177 priority=0
02-18 15:05:12.658  1505  1505 D WindowOnBackDispatcher: setTopOnBackInvokedCallback (unwrapped): ImeOnBackInvokedCallback@249467177 Callback=android.window.IOnBackInvokedCallback$Stub$Proxy@c110d8
02-18 15:05:12.864  1505  1505 I ImeTracker: com.termux:723a2b2b: onRequestShow at ORIGIN_CLIENT reason SHOW_SOFT_INPUT fromUser false
02-18 15:05:12.864  1505  1505 D InsetsController: show(ime())
02-18 15:05:12.864  1505  1505 I ImeTracker: com.termux:723a2b2b: onCancelled at PHASE_CLIENT_APPLY_ANIMATION
02-18 15:05:13.745 12169 12169 W MainThread: type=1400 audit(0.0:90235): avc:  granted  { execute } for  name="bash" dev="dm-45" ino=103898 scontext=u:r:untrusted_app_27:s0:c206,c257,c512,c768 tcontext=u:object_r:app_data_file:s0:c206,c257,c512,c768 tclass=file app=com.termux
02-18 15:05:13.745 12169 12169 W MainThread: type=1400 audit(0.0:90236): avc:  granted  { execute } for  name="bash" dev="dm-45" ino=103898 scontext=u:r:untrusted_app_27:s0:c206,c257,c512,c768 tcontext=u:object_r:app_data_file:s0:c206,c257,c512,c768 tclass=file app=com.termux
02-18 15:05:13.745 12169 12169 W MainThread: type=1400 audit(0.0:90237): avc:  granted  { execute_no_trans } for  path="/data/data/com.termux/files/usr/bin/bash" dev="dm-45" ino=103898 scontext=u:r:untrusted_app_27:s0:c206,c257,c512,c768 tcontext=u:object_r:app_data_file:s0:c206,c257,c512,c768 tclass=file app=com.termux
02-18 15:05:13.769 12169 12169 W bash    : type=1400 audit(0.0:90238): avc:  granted  { execute } for  path="/data/data/com.termux/files/usr/bin/bash" dev="dm-45" ino=103898 scontext=u:r:untrusted_app_27:s0:c206,c257,c512,c768 tcontext=u:object_r:app_data_file:s0:c206,c257,c512,c768 tclass=file app=com.termux
02-18 15:05:13.773 12169 12169 W bash    : type=1400 audit(0.0:90239): avc:  denied  { search } for  name="tests" dev="dm-45" ino=113 scontext=u:r:untrusted_app_27:s0:c206,c257,c512,c768 tcontext=u:object_r:shell_test_data_file:s0 tclass=dir permissive=0 app=com.termux
02-18 15:05:17.195  1505  1505 E ViewDragHelper: Ignoring pointerId=0 because ACTION_DOWN was not received for this pointer before ACTION_MOVE. It likely happened because  ViewDragHelper did not receive all the events in the event stream.
02-18 15:05:17.195  1505  1505 E ViewDragHelper: Ignoring pointerId=0 because ACTION_DOWN was not received for this pointer before ACTION_MOVE. It likely happened because  ViewDragHelper did not receive all the events in the event stream.
02-18 15:05:17.195  1505  1505 E ViewDragHelper: Ignoring pointerId=0 because ACTION_DOWN was not received for this pointer before ACTION_MOVE. It likely happened because  ViewDragHelper did not receive all the events in the event stream.
02-18 15:05:17.195  1505  1505 E ViewDragHelper: Ignoring pointerId=0 because ACTION_DOWN was not received for this pointer before ACTION_MOVE. It likely happened because  ViewDragHelper did not receive all the events in the event stream.
02-18 15:05:17.195  1505  1505 D WindowOnBackDispatcher: setTopOnBackInvokedCallback (unwrapped): android.view.ViewRootImpl$$ExternalSyntheticLambda12@de02695
02-18 15:05:17.205  1505  1505 D WindowOnBackDispatcher: setTopOnBackInvokedCallback (unwrapped): android.view.ViewRootImpl$$ExternalSyntheticLambda12@54d4677
02-18 15:05:17.221  1505  1505 D WindowOnBackDispatcher: setTopOnBackInvokedCallback (unwrapped): android.view.ViewRootImpl$$ExternalSyntheticLambda12@7f1749
02-18 15:05:17.234  1505  1505 E ViewDragHelper: Ignoring pointerId=0 because ACTION_DOWN was not received for this pointer before ACTION_MOVE. It likely happened because  ViewDragHelper did not receive all the events in the event stream.
02-18 15:05:17.234  1505  1505 E ViewDragHelper: Ignoring pointerId=0 because ACTION_DOWN was not received for this pointer before ACTION_MOVE. It likely happened because  ViewDragHelper did not receive all the events in the event stream.
02-18 15:05:17.234  1505  1505 E ViewDragHelper: Ignoring pointerId=0 because ACTION_DOWN was not received for this pointer before ACTION_MOVE. It likely happened because  ViewDragHelper did not receive all the events in the event stream.
02-18 15:05:17.234  1505  1505 E ViewDragHelper: Ignoring pointerId=0 because ACTION_DOWN was not received for this pointer before ACTION_MOVE. It likely happened because  ViewDragHelper did not receive all the events in the event stream.
02-18 15:05:17.239  1505  1505 E ViewDragHelper: Ignoring pointerId=0 because ACTION_DOWN was not received for this pointer before ACTION_MOVE. It likely happened because  ViewDragHelper did not receive all the events in the event stream.
02-18 15:05:17.239  1505  1505 E ViewDragHelper: Ignoring pointerId=0 because ACTION_DOWN was not received for this pointer before ACTION_MOVE. It likely happened because  ViewDragHelper did not receive all the events in the event stream.
02-18 15:05:17.239  1505  1505 E ViewDragHelper: Ignoring pointerId=0 because ACTION_DOWN was not received for this pointer before ACTION_MOVE. It likely happened because  ViewDragHelper did not receive all the events in the event stream.
02-18 15:05:17.239  1505  1505 E ViewDragHelper: Ignoring pointerId=0 because ACTION_DOWN was not received for this pointer before ACTION_MOVE. It likely happened because  ViewDragHelper did not receive all the events in the event stream.
02-18 15:05:17.249  1505  1505 E ViewDragHelper: Ignoring pointerId=0 because ACTION_DOWN was not received for this pointer before ACTION_MOVE. It likely happened because  ViewDragHelper did not receive all the events in the event stream.
02-18 15:05:17.250  1505  1505 E ViewDragHelper: Ignoring pointerId=0 because ACTION_DOWN was not received for this pointer before ACTION_MOVE. It likely happened because  ViewDragHelper did not receive all the events in the event stream.
02-18 15:05:17.250  1505  1505 E ViewDragHelper: Ignoring pointerId=0 because ACTION_DOWN was not received for this pointer before ACTION_MOVE. It likely happened because  ViewDragHelper did not receive all the events in the event stream.
02-18 15:05:17.250  1505  1505 E ViewDragHelper: Ignoring pointerId=0 because ACTION_DOWN was not received for this pointer before ACTION_MOVE. It likely happened because  ViewDragHelper did not receive all the events in the event stream.
02-18 15:05:17.253  1505  1505 E ViewDragHelper: Ignoring pointerId=0 because ACTION_DOWN was not received for this pointer before ACTION_MOVE. It likely happened because  ViewDragHelper did not receive all the events in the event stream.
02-18 15:05:17.253  1505  1505 E ViewDragHelper: Ignoring pointerId=0 because ACTION_DOWN was not received for this pointer before ACTION_MOVE. It likely happened because  ViewDragHelper did not receive all the events in the event stream.
02-18 15:05:17.253  1505  1505 E ViewDragHelper: Ignoring pointerId=0 because ACTION_DOWN was not received for this pointer before ACTION_MOVE. It likely happened because  ViewDragHelper did not receive all the events in the event stream.
02-18 15:05:17.253  1505  1505 E ViewDragHelper: Ignoring pointerId=0 because ACTION_DOWN was not received for this pointer before ACTION_MOVE. It likely happened because  ViewDragHelper did not receive all the events in the event stream.
02-18 15:05:17.261  1505  1505 E ViewDragHelper: Ignoring pointerId=0 because ACTION_DOWN was not received for this pointer before ACTION_MOVE. It likely happened because  ViewDragHelper did not receive all the events in the event stream.
02-18 15:05:17.262  1505  1505 E ViewDragHelper: Ignoring pointerId=0 because ACTION_DOWN was not received for this pointer before ACTION_MOVE. It likely happened because  ViewDragHelper did not receive all the events in the event stream.
02-18 15:05:17.262  1505  1505 E ViewDragHelper: Ignoring pointerId=0 because ACTION_DOWN was not received for this pointer before ACTION_MOVE. It likely happened because  ViewDragHelper did not receive all the events in the event stream.
02-18 15:05:17.262  1505  1505 E ViewDragHelper: Ignoring pointerId=0 because ACTION_DOWN was not received for this pointer before ACTION_MOVE. It likely happened because  ViewDragHelper did not receive all the events in the event stream.
02-18 15:05:17.270  1505  1505 E ViewDragHelper: Ignoring pointerId=0 because ACTION_DOWN was not received for this pointer before ACTION_MOVE. It likely happened because  ViewDragHelper did not receive all the events in the event stream.
02-18 15:05:17.270  1505  1505 E ViewDragHelper: Ignoring pointerId=0 because ACTION_DOWN was not received for this pointer before ACTION_MOVE. It likely happened because  ViewDragHelper did not receive all the events in the event stream.
02-18 15:05:17.270  1505  1505 E ViewDragHelper: Ignoring pointerId=0 because ACTION_DOWN was not received for this pointer before ACTION_MOVE. It likely happened because  ViewDragHelper did not receive all the events in the event stream.
02-18 15:05:17.270  1505  1505 E ViewDragHelper: Ignoring pointerId=0 because ACTION_DOWN was not received for this pointer before ACTION_MOVE. It likely happened because  ViewDragHelper did not receive all the events in the event stream.
02-18 15:05:17.278  1505  1505 E ViewDragHelper: Ignoring pointerId=0 because ACTION_DOWN was not received for this pointer before ACTION_MOVE. It likely happened because  ViewDragHelper did not receive all the events in the event stream.
02-18 15:05:17.278  1505  1505 E ViewDragHelper: Ignoring pointerId=0 because ACTION_DOWN was not received for this pointer before ACTION_MOVE. It likely happened because  ViewDragHelper did not receive all the events in the event stream.
02-18 15:05:17.278  1505  1505 E ViewDragHelper: Ignoring pointerId=0 because ACTION_DOWN was not received for this pointer before ACTION_MOVE. It likely happened because  ViewDragHelper did not receive all the events in the event stream.
02-18 15:05:17.278  1505  1505 E ViewDragHelper: Ignoring pointerId=0 because ACTION_DOWN was not received for this pointer before ACTION_MOVE. It likely happened because  ViewDragHelper did not receive all the events in the event stream.
02-18 15:05:17.286  1505  1505 E ViewDragHelper: Ignoring pointerId=0 because ACTION_DOWN was not received for this pointer before ACTION_MOVE. It likely happened because  ViewDragHelper did not receive all the events in the event stream.
02-18 15:05:17.286  1505  1505 E ViewDragHelper: Ignoring pointerId=0 because ACTION_DOWN was not received for this pointer before ACTION_MOVE. It likely happened because  ViewDragHelper did not receive all the events in the event stream.
02-18 15:05:17.286  1505  1505 E ViewDragHelper: Ignoring pointerId=0 because ACTION_DOWN was not received for this pointer before ACTION_MOVE. It likely happened because  ViewDragHelper did not receive all the events in the event stream.
02-18 15:05:17.286  1505  1505 E ViewDragHelper: Ignoring pointerId=0 because ACTION_DOWN was not received for this pointer before ACTION_MOVE. It likely happened because  ViewDragHelper did not receive all the events in the event stream.
02-18 15:05:17.295  1505  1505 D WindowOnBackDispatcher: setTopOnBackInvokedCallback (unwrapped): null
02-18 15:05:17.579  1505  1544 D BufferPoolAccessor2.0: evictor expired: 1, evicted: 0
02-18 15:05:17.614  1505  1505 D WindowOnBackDispatcher: setTopOnBackInvokedCallback (unwrapped): null
02-18 15:05:17.617  1505  1505 D WindowOnBackDispatcher: setTopOnBackInvokedCallback (unwrapped): null
02-18 15:05:18.579  1505  1544 D BufferPoolAccessor2.0: bufferpool2 0x791779b678 : 0(0 size) total buffers - 0(0 size) used buffers - 2/7 (recycle/alloc) - 5/24 (fetch/transfer)
02-18 15:05:18.579  1505  1544 D BufferPoolAccessor2.0: evictor expired: 1, evicted: 1
02-18 15:05:19.984  1505  1505 D WindowOnBackDispatcher: setTopOnBackInvokedCallback (unwrapped): android.view.ViewRootImpl$$ExternalSyntheticLambda12@aaf3fb0
02-18 15:05:19.993  1505  1505 D WindowOnBackDispatcher: setTopOnBackInvokedCallback (unwrapped): android.view.ViewRootImpl$$ExternalSyntheticLambda12@78deba
02-18 15:05:20.316  1505  1505 D WindowOnBackDispatcher: setTopOnBackInvokedCallback (unwrapped): android.view.ViewRootImpl$$ExternalSyntheticLambda12@7c3cb5b
02-18 15:05:21.669  1505  1505 D WindowOnBackDispatcher: setTopOnBackInvokedCallback (unwrapped): null
02-18 15:05:21.680  1505  1505 D WindowOnBackDispatcher: setTopOnBackInvokedCallback (unwrapped): null
02-18 15:05:21.685  1505  1505 D WindowOnBackDispatcher: setTopOnBackInvokedCallback (unwrapped): null
02-18 15:05:24.309  1505  1505 D WindowOnBackDispatcher: setTopOnBackInvokedCallback (unwrapped): android.view.ViewRootImpl$$ExternalSyntheticLambda12@d4f8ec3
02-18 15:05:24.321  1505  1505 D WindowOnBackDispatcher: setTopOnBackInvokedCallback (unwrapped): android.view.ViewRootImpl$$ExternalSyntheticLambda12@6993d35
02-18 15:05:24.646  1505  1505 D WindowOnBackDispatcher: setTopOnBackInvokedCallback (unwrapped): android.view.ViewRootImpl$$ExternalSyntheticLambda12@908d57a
02-18 15:05:25.631  1505  1505 D WindowOnBackDispatcher: setTopOnBackInvokedCallback (unwrapped): null
02-18 15:05:25.634  1505  1505 D WindowOnBackDispatcher: setTopOnBackInvokedCallback (unwrapped): null
02-18 15:05:25.656  1505  1505 D ImeBackDispatcher: Unregister received callback id=249467177
02-18 15:05:25.656  1505  1505 D WindowOnBackDispatcher: setTopOnBackInvokedCallback (unwrapped): android.view.ViewRootImpl$$ExternalSyntheticLambda12@3c7707f
02-18 15:05:25.686  1505  1505 D ImeBackDispatcher: Register received callback id=96778239 priority=0
02-18 15:05:25.686  1505  1505 D WindowOnBackDispatcher: setTopOnBackInvokedCallback (unwrapped): ImeOnBackInvokedCallback@96778239 Callback=android.window.IOnBackInvokedCallback$Stub$Proxy@e7f95f6
02-18 15:05:25.896  1505  1505 D WindowOnBackDispatcher: setTopOnBackInvokedCallback (unwrapped): null
02-18 15:05:25.965  1505  1505 I ImeTracker: system_server:ad6cf446: onShown
02-18 15:05:26.168  1505  1505 I ImeTracker: system_server:4d3775b7: onCancelled at PHASE_CLIENT_ON_CONTROLS_CHANGED
02-18 15:05:29.655  1505  1505 D ImeBackDispatcher: Unregister received callback id=96778239
02-18 15:05:29.655  1505  1505 D WindowOnBackDispatcher: setTopOnBackInvokedCallback (unwrapped): android.view.ViewRootImpl$$ExternalSyntheticLambda12@3c7707f
02-18 15:05:29.787  1505  1505 D ImeBackDispatcher: Register received callback id=168287291 priority=0
02-18 15:05:29.787  1505  1505 D WindowOnBackDispatcher: setTopOnBackInvokedCallback (unwrapped): ImeOnBackInvokedCallback@168287291 Callback=android.window.IOnBackInvokedCallback$Stub$Proxy@dba5201
02-18 15:05:30.106  1505  1505 I ImeTracker: system_server:50054009: onShown
02-18 15:05:30.161  1505  1505 I ImeTracker: system_server:837a16d6: onCancelled at PHASE_CLIENT_ON_CONTROLS_CHANGED
02-18 15:05:31.313 12272 12272 W MainThread: type=1400 audit(0.0:90287): avc:  granted  { execute } for  name="bash" dev="dm-45" ino=103898 scontext=u:r:untrusted_app_27:s0:c206,c257,c512,c768 tcontext=u:object_r:app_data_file:s0:c206,c257,c512,c768 tclass=file app=com.termux
02-18 15:05:31.313 12272 12272 W MainThread: type=1400 audit(0.0:90288): avc:  granted  { execute } for  name="bash" dev="dm-45" ino=103898 scontext=u:r:untrusted_app_27:s0:c206,c257,c512,c768 tcontext=u:object_r:app_data_file:s0:c206,c257,c512,c768 tclass=file app=com.termux
02-18 15:05:31.313 12272 12272 W MainThread: type=1400 audit(0.0:90289): avc:  granted  { execute_no_trans } for  path="/data/data/com.termux/files/usr/bin/bash" dev="dm-45" ino=103898 scontext=u:r:untrusted_app_27:s0:c206,c257,c512,c768 tcontext=u:object_r:app_data_file:s0:c206,c257,c512,c768 tclass=file app=com.termux
02-18 15:05:31.353 12272 12272 W bash    : type=1400 audit(0.0:90290): avc:  granted  { execute } for  path="/data/data/com.termux/files/usr/bin/bash" dev="dm-45" ino=103898 scontext=u:r:untrusted_app_27:s0:c206,c257,c512,c768 tcontext=u:object_r:app_data_file:s0:c206,c257,c512,c768 tclass=file app=com.termux
02-18 15:05:31.353 12272 12272 W bash    : type=1400 audit(0.0:90291): avc:  denied  { search } for  name="tests" dev="dm-45" ino=113 scontext=u:r:untrusted_app_27:s0:c206,c257,c512,c768 tcontext=u:object_r:shell_test_data_file:s0 tclass=dir permissive=0 app=com.termux
02-18 15:05:31.124 12272 12272 E audit   : rate limit exceeded
02-18 15:05:32.364  1505  1505 D ImeBackDispatcher: Unregister received callback id=168287291
02-18 15:05:32.364  1505  1505 D WindowOnBackDispatcher: setTopOnBackInvokedCallback (unwrapped): android.view.ViewRootImpl$$ExternalSyntheticLambda12@3c7707f
02-18 15:05:32.380  1505  1505 D ImeBackDispatcher: Register received callback id=82454809 priority=0
02-18 15:05:32.381  1505  1505 D WindowOnBackDispatcher: setTopOnBackInvokedCallback (unwrapped): ImeOnBackInvokedCallback@82454809 Callback=android.window.IOnBackInvokedCallback$Stub$Proxy@5d8ec8a
02-18 15:05:32.614  1505  1505 I ImeTracker: system_server:acaf99e8: onShown
02-18 15:05:35.537  1505  1505 I ImeTracker: com.termux:329f99b6: onRequestShow at ORIGIN_CLIENT reason SHOW_SOFT_INPUT fromUser false
02-18 15:05:35.537  1505  1505 D InsetsController: show(ime())
02-18 15:05:35.537  1505  1505 I ImeTracker: com.termux:329f99b6: onCancelled at PHASE_CLIENT_APPLY_ANIMATION
02-18 15:05:38.282  1505  1505 D InsetsController: hide(ime())
02-18 15:05:38.282  1505  1505 D ImeBackDispatcher: Preliminary clear (mImeCallbacks.size=1)
02-18 15:05:38.283  1505  1505 D WindowOnBackDispatcher: setTopOnBackInvokedCallback (unwrapped): android.view.ViewRootImpl$$ExternalSyntheticLambda12@3c7707f
--------- beginning of system
02-18 15:05:38.283  1505  1505 D InsetsController: Setting requestedVisibleTypes to -9 (was -1)
02-18 15:05:38.284  1505  1505 D InsetsController: hide(ime())
02-18 15:05:38.284  1505  1505 I ImeTracker: com.catfewd.nemotron:48cf3af2: onCancelled at PHASE_CLIENT_ALREADY_HIDDEN
02-18 15:05:38.533  1505  1505 D ImeBackDispatcher: Unregister received callback id=82454809
02-18 15:05:38.539  1505  1505 I ImeTracker: system_server:56768f95: onCancelled at PHASE_CLIENT_ON_CONTROLS_CHANGED
02-18 15:05:39.835  1505  1505 I ImeTracker: com.termux:cc438a22: onRequestShow at ORIGIN_CLIENT reason SHOW_SOFT_INPUT fromUser false
02-18 15:05:39.835  1505  1505 D InsetsController: show(ime())
02-18 15:05:39.835  1505  1505 D ImeBackDispatcher: Undo preliminary clear (mImeCallbacks.size=0)
02-18 15:05:39.835  1505  1505 D InsetsController: Setting requestedVisibleTypes to -1 (was -9)
02-18 15:05:39.861  1505  1505 D ImeBackDispatcher: Register received callback id=82454809 priority=0
02-18 15:05:39.861  1505  1505 D WindowOnBackDispatcher: setTopOnBackInvokedCallback (unwrapped): ImeOnBackInvokedCallback@82454809 Callback=android.window.IOnBackInvokedCallback$Stub$Proxy@333765
02-18 15:05:40.105  1505  1505 I ImeTracker: com.termux:cc438a22: onShown
02-18 15:06:13.530  1505  1505 D ImeBackDispatcher: Unregister received callback id=82454809
02-18 15:06:13.530  1505  1505 D WindowOnBackDispatcher: setTopOnBackInvokedCallback (unwrapped): android.view.ViewRootImpl$$ExternalSyntheticLambda12@3c7707f
02-18 15:06:13.594  1505  1505 D ImeBackDispatcher: Register received callback id=9263334 priority=0
02-18 15:06:13.594  1505  1505 D WindowOnBackDispatcher: setTopOnBackInvokedCallback (unwrapped): ImeOnBackInvokedCallback@9263334 Callback=android.window.IOnBackInvokedCallback$Stub$Proxy@7dd7bde
02-18 15:06:13.848  1505  1505 I ImeTracker: system_server:7a3ab2ac: onShown
02-18 15:06:30.549  1505  1505 D InsetsController: hide(ime())
02-18 15:06:30.549  1505  1505 D ImeBackDispatcher: Preliminary clear (mImeCallbacks.size=1)
02-18 15:06:30.550  1505  1505 D WindowOnBackDispatcher: setTopOnBackInvokedCallback (unwrapped): android.view.ViewRootImpl$$ExternalSyntheticLambda12@3c7707f
02-18 15:06:30.550  1505  1505 D InsetsController: Setting requestedVisibleTypes to -9 (was -1)
02-18 15:06:30.551  1505  1505 D InsetsController: hide(ime())
02-18 15:06:30.551  1505  1505 I ImeTracker: org.futo.inputmethod.latin.playstore:49e72751: onCancelled at PHASE_CLIENT_ALREADY_HIDDEN
02-18 15:06:30.784  1505  1505 D ImeBackDispatcher: Unregister received callback id=9263334
02-18 15:06:30.789  1505  1505 I ImeTracker: system_server:de79b116: onCancelled at PHASE_CLIENT_ON_CONTROLS_CHANGED
