02-18 15:20:11.380  1505 25246 D CCodec  :   string mime = "audio/raw"
02-18 15:20:11.380  1505 25246 D CCodec  :   int32_t sample-rate = 44100
02-18 15:20:11.380  1505 25246 D CCodec  :   int32_t channel-mask = 1
02-18 15:20:11.380  1505 25246 D CCodec  :   int32_t android._config-pcm-encoding = 2
02-18 15:20:11.380  1505 25246 D CCodec  : }
02-18 15:20:11.380  1505 25246 I CCodecConfig: query failed after returning 8 values (BAD_INDEX)
02-18 15:20:11.380  1505 25246 W Codec2Client: query -- param skipped: index = 1342179345.
02-18 15:20:11.380  1505 25246 W Codec2Client: query -- param skipped: index = 2415921170.
02-18 15:20:11.381  1505 25246 D CCodecBufferChannel: [c2.android.vorbis.decoder#806] Created input block pool with allocatorID 16 => poolID 27 - OK (0)
02-18 15:20:11.381  1505 25246 I CCodecBufferChannel: [c2.android.vorbis.decoder#806] Created output block pool with allocatorID 16 => poolID 269 - OK
02-18 15:20:11.381  1505 25246 D CCodecBufferChannel: [c2.android.vorbis.decoder#806] Configured output block pool ids 269 => OK
02-18 15:20:11.416  1505 25246 D CCodecBufferChannel: [c2.android.vorbis.decoder#806] MediaCodec discarded an unknown buffer
02-18 15:20:11.416  1505 25246 D CCodecBufferChannel: [c2.android.vorbis.decoder#806] MediaCodec discarded an unknown buffer
02-18 15:20:11.416  1505 25246 D CCodecBufferChannel: [c2.android.vorbis.decoder#806] MediaCodec discarded an unknown buffer
02-18 15:20:11.417  1505 25246 I hw-BpHwBinder: onLastStrongRef automatically unlinking death recipients
02-18 15:20:11.604  1505  1505 I ImeTracker: system_server:1eb93c64: onCancelled at PHASE_CLIENT_ON_CONTROLS_CHANGED
02-18 15:20:11.616  1505  1505 D ImeBackDispatcher: switch root view (mImeCallbacks.size=0)
02-18 15:20:11.624  1505  1505 D ImeBackDispatcher: Register received callback id=194570894 priority=0
02-18 15:20:11.624  1505  1505 D WindowOnBackDispatcher: setTopOnBackInvokedCallback (unwrapped): ImeOnBackInvokedCallback@194570894 Callback=android.window.IOnBackInvokedCallback$Stub$Proxy@3151a33
02-18 15:20:11.651  1505  1505 I ImeTracker: com.termux:d8bd8c55: onRequestShow at ORIGIN_CLIENT reason SHOW_SOFT_INPUT fromUser false
02-18 15:20:11.652  1505  1505 D InsetsController: show(ime())
02-18 15:20:11.652  1505  1505 I ImeTracker: com.termux:d8bd8c55: onCancelled at PHASE_CLIENT_APPLY_ANIMATION
02-18 15:20:11.957  1505  1505 D ImeBackDispatcher: Unregister received callback id=194570894
02-18 15:20:11.957  1505  1505 D WindowOnBackDispatcher: setTopOnBackInvokedCallback (unwrapped): android.view.ViewRootImpl$$ExternalSyntheticLambda12@3c7707f
02-18 15:20:12.023  1505  1505 D ImeBackDispatcher: Register received callback id=222419654 priority=0
02-18 15:20:12.023  1505  1505 D WindowOnBackDispatcher: setTopOnBackInvokedCallback (unwrapped): ImeOnBackInvokedCallback@222419654 Callback=android.window.IOnBackInvokedCallback$Stub$Proxy@5bad17f
02-18 15:20:12.303  1505  1505 I ImeTracker: system_server:7b15c03c: onShown
02-18 15:20:16.383  1505  1544 D BufferPoolAccessor2.0: bufferpool2 0x7917773a88 : 0(0 size) total buffers - 0(0 size) used buffers - 2/7 (recycle/alloc) - 5/24 (fetch/transfer)
02-18 15:20:16.383  1505  1544 D BufferPoolAccessor2.0: evictor expired: 1, evicted: 1
02-18 15:20:17.480  1505  1505 I ImeTracker: system_server:42ce65b3: onCancelled at PHASE_CLIENT_ON_CONTROLS_CHANGED
02-18 15:20:18.158  1505  1505 D VRI[TermuxActivity]: visibilityChanged oldVisibility=true newVisibility=false
02-18 15:20:18.171  1505  1505 D ImeBackDispatcher: Clear (mImeCallbacks.size=1)
02-18 15:20:18.171  1505  1505 D WindowOnBackDispatcher: setTopOnBackInvokedCallback (unwrapped): android.view.ViewRootImpl$$ExternalSyntheticLambda12@3c7707f
02-18 15:20:18.171  1505  1505 D ImeBackDispatcher: switch root view (mImeCallbacks.size=0)
02-18 15:20:30.318  1505  1505 D ViewRootImpl: Skipping stats log for color mode
02-18 15:20:30.326  1505 25376 D MediaCodecList: codecHandlesFormat: no format, so no extra checks
02-18 15:20:30.326  1505 25379 D CCodec  : allocate(c2.android.vorbis.decoder)
02-18 15:20:30.327  1505 25379 I CCodec  : setting up 'default' as default (vendor) store
02-18 15:20:30.328  1505  1545 D BufferPoolAccessor2.0: bufferpool2 0x7917773a88 : 0(0 size) total buffers - 0(0 size) used buffers - 2/7 (recycle/alloc) - 5/24 (fetch/transfer)
02-18 15:20:30.328  1505  1545 D BufferPoolAccessor2.0: Destruction - bufferpool2 0x7917773a88 cached: 0/0M, 0/0% in use; allocs: 7, 29% recycled; transfers: 24, 79% unfetched
02-18 15:20:30.330  1505 25379 I CCodec  : Created component [c2.android.vorbis.decoder] for [c2.android.vorbis.decoder]
02-18 15:20:30.330  1505 25379 D CCodecConfig: read media type: audio/vorbis
02-18 15:20:30.333  1505 25379 D ReflectedParamUpdater: extent() != 1 for single value type: algo.buffers.max-count.values
02-18 15:20:30.333  1505 25379 D ReflectedParamUpdater: extent() != 1 for single value type: output.subscribed-indices.values
02-18 15:20:30.333  1505 25379 D ReflectedParamUpdater: extent() != 1 for single value type: input.buffers.allocator-ids.values
02-18 15:20:30.333  1505 25379 D ReflectedParamUpdater: extent() != 1 for single value type: output.buffers.allocator-ids.values
02-18 15:20:30.333  1505 25379 D ReflectedParamUpdater: extent() != 1 for single value type: algo.buffers.allocator-ids.values
02-18 15:20:30.333  1505 25379 D ReflectedParamUpdater: extent() != 1 for single value type: output.buffers.pool-ids.values
02-18 15:20:30.334  1505 25379 D ReflectedParamUpdater: extent() != 1 for single value type: algo.buffers.pool-ids.values
02-18 15:20:30.334  1505 25379 I CCodecConfig: query failed after returning 8 values (BAD_INDEX)
02-18 15:20:30.334  1505 25379 D CCodecConfig: c2 config diff is Dict {
02-18 15:20:30.334  1505 25379 D CCodecConfig:   c2::u32 coded.bitrate.value = 64000
02-18 15:20:30.334  1505 25379 D CCodecConfig:   c2::u32 input.buffers.max-size.value = 32768
02-18 15:20:30.334  1505 25379 D CCodecConfig:   c2::u32 input.delay.value = 0
02-18 15:20:30.334  1505 25379 D CCodecConfig:   string input.media-type.value = "audio/vorbis"
02-18 15:20:30.334  1505 25379 D CCodecConfig:   c2::u32 output.large-frame.max-size = 0
02-18 15:20:30.334  1505 25379 D CCodecConfig:   c2::u32 output.large-frame.threshold-size = 0
02-18 15:20:30.334  1505 25379 D CCodecConfig:   string output.media-type.value = "audio/raw"
02-18 15:20:30.334  1505 25379 D CCodecConfig:   c2::u32 raw.channel-count.value = 1
02-18 15:20:30.334  1505 25379 D CCodecConfig:   c2::u32 raw.sample-rate.value = 48000
02-18 15:20:30.334  1505 25379 D CCodecConfig: }
02-18 15:20:30.336  1505 25379 D CCodec  : [c2.android.vorbis.decoder] buffers are bound to CCodec for this session
02-18 15:20:30.336  1505 25379 D CCodecConfig: no c2 equivalents for durationUs
02-18 15:20:30.336  1505 25379 D CCodecConfig: no c2 equivalents for track-id
02-18 15:20:30.336  1505 25379 D CCodecConfig: no c2 equivalents for csd-1
02-18 15:20:30.336  1505 25379 D CCodecConfig: no c2 equivalents for flags
02-18 15:20:30.336  1505 25379 D CCodecConfig: c2 config diff is   c2::u32 coded.bitrate.value = 96000
02-18 15:20:30.336  1505 25379 D CCodecConfig:   c2::u32 raw.sample-rate.value = 44100
02-18 15:20:30.337  1505 25379 W Codec2Client: query -- param skipped: index = 1107298332.
02-18 15:20:30.337  1505 25379 D CCodec  : encoding statistics level = 0
02-18 15:20:30.337  1505 25379 D CCodec  : setup formats input: AMessage(what = 0x00000000) = {
02-18 15:20:30.337  1505 25379 D CCodec  :   int32_t bitrate = 96000
02-18 15:20:30.337  1505 25379 D CCodec  :   int32_t channel-count = 1
02-18 15:20:30.337  1505 25379 D CCodec  :   int32_t max-input-size = 32768
02-18 15:20:30.337  1505 25379 D CCodec  :   string mime = "audio/vorbis"
02-18 15:20:30.337  1505 25379 D CCodec  :   int32_t sample-rate = 44100
02-18 15:20:30.337  1505 25379 D CCodec  : }
02-18 15:20:30.337  1505 25379 D CCodec  : setup formats output: AMessage(what = 0x00000000) = {
02-18 15:20:30.337  1505 25379 D CCodec  :   int32_t buffer-batch-max-output-size = 0
02-18 15:20:30.337  1505 25379 D CCodec  :   int32_t buffer-batch-threshold-output-size = 0
02-18 15:20:30.337  1505 25379 D CCodec  :   int32_t channel-count = 1
02-18 15:20:30.337  1505 25379 D CCodec  :   string mime = "audio/raw"
02-18 15:20:30.337  1505 25379 D CCodec  :   int32_t sample-rate = 44100
02-18 15:20:30.337  1505 25379 D CCodec  :   int32_t channel-mask = 1
02-18 15:20:30.337  1505 25379 D CCodec  :   int32_t android._config-pcm-encoding = 2
02-18 15:20:30.337  1505 25379 D CCodec  : }
02-18 15:20:30.337  1505 25379 I CCodecConfig: query failed after returning 8 values (BAD_INDEX)
02-18 15:20:30.337  1505 25379 W Codec2Client: query -- param skipped: index = 1342179345.
02-18 15:20:30.337  1505 25379 W Codec2Client: query -- param skipped: index = 2415921170.
02-18 15:20:30.338  1505 25379 D CCodecBufferChannel: [c2.android.vorbis.decoder#875] Created input block pool with allocatorID 16 => poolID 28 - OK (0)
02-18 15:20:30.338  1505 25379 I CCodecBufferChannel: [c2.android.vorbis.decoder#875] Created output block pool with allocatorID 16 => poolID 271 - OK
02-18 15:20:30.338  1505 25379 D CCodecBufferChannel: [c2.android.vorbis.decoder#875] Configured output block pool ids 271 => OK
02-18 15:20:30.345  1505 25379 D CCodecBufferChannel: [c2.android.vorbis.decoder#875] MediaCodec discarded an unknown buffer
02-18 15:20:30.345  1505 25379 D CCodecBufferChannel: [c2.android.vorbis.decoder#875] MediaCodec discarded an unknown buffer
02-18 15:20:30.345  1505 25379 D CCodecBufferChannel: [c2.android.vorbis.decoder#875] MediaCodec discarded an unknown buffer
02-18 15:20:30.346  1505 25379 I hw-BpHwBinder: onLastStrongRef automatically unlinking death recipients
02-18 15:20:30.369  1505  1505 D ImeBackDispatcher: switch root view (mImeCallbacks.size=0)
02-18 15:20:30.369  1505  1505 D ImeBackDispatcher: updateReceivingDispatcher (mQueuedReceive.size=1)
02-18 15:20:30.369  1505  1505 D ImeBackDispatcher: Unregister received callback id=222419654
02-18 15:20:30.369  1505  1505 W ImeBackDispatcher: Ime callback not found. Ignoring unregisterReceivedCallback. callbackId: 222419654 remaining callbacks: 0
02-18 15:20:30.373  1505  1505 D InsetsController: show(ime())
02-18 15:20:30.373  1505  1505 I ImeTracker: com.termux:ad67241f: onCancelled at PHASE_CLIENT_REPORT_REQUESTED_VISIBLE_TYPES
02-18 15:20:30.384  1505  1505 D ImeBackDispatcher: Register received callback id=222419654 priority=0
02-18 15:20:30.384  1505  1505 D WindowOnBackDispatcher: setTopOnBackInvokedCallback (unwrapped): ImeOnBackInvokedCallback@222419654 Callback=android.window.IOnBackInvokedCallback$Stub$Proxy@cc03212
02-18 15:20:30.409  1505  1505 I ImeTracker: system_server:4b0ad00f: onShown
02-18 15:20:30.619  1505  1505 I ImeTracker: com.termux:2611dbe2: onRequestShow at ORIGIN_CLIENT reason SHOW_SOFT_INPUT fromUser false
02-18 15:20:30.619  1505  1505 D InsetsController: show(ime())
02-18 15:20:30.620  1505  1505 I ImeTracker: com.termux:2611dbe2: onCancelled at PHASE_CLIENT_APPLY_ANIMATION
02-18 15:20:32.028  1505  1505 D WindowOnBackDispatcher: setTopOnBackInvokedCallback (unwrapped): android.view.ViewRootImpl$$ExternalSyntheticLambda12@cbe3b8d
02-18 15:20:32.032  1505  1505 D WindowOnBackDispatcher: setTopOnBackInvokedCallback (unwrapped): android.view.ViewRootImpl$$ExternalSyntheticLambda12@18ff3af
02-18 15:20:32.037  1505  1505 D WindowOnBackDispatcher: setTopOnBackInvokedCallback (unwrapped): android.view.ViewRootImpl$$ExternalSyntheticLambda12@a579ac1
02-18 15:20:32.118  1505  1505 E ViewDragHelper: Ignoring pointerId=0 because ACTION_DOWN was not received for this pointer before ACTION_MOVE. It likely happened because  ViewDragHelper did not receive all the events in the event stream.
02-18 15:20:32.118  1505  1505 E ViewDragHelper: Ignoring pointerId=0 because ACTION_DOWN was not received for this pointer before ACTION_MOVE. It likely happened because  ViewDragHelper did not receive all the events in the event stream.
02-18 15:20:32.118  1505  1505 E ViewDragHelper: Ignoring pointerId=0 because ACTION_DOWN was not received for this pointer before ACTION_MOVE. It likely happened because  ViewDragHelper did not receive all the events in the event stream.
02-18 15:20:32.118  1505  1505 E ViewDragHelper: Ignoring pointerId=0 because ACTION_DOWN was not received for this pointer before ACTION_MOVE. It likely happened because  ViewDragHelper did not receive all the events in the event stream.
02-18 15:20:32.132  1505  1505 E ViewDragHelper: Ignoring pointerId=0 because ACTION_DOWN was not received for this pointer before ACTION_MOVE. It likely happened because  ViewDragHelper did not receive all the events in the event stream.
02-18 15:20:32.132  1505  1505 E ViewDragHelper: Ignoring pointerId=0 because ACTION_DOWN was not received for this pointer before ACTION_MOVE. It likely happened because  ViewDragHelper did not receive all the events in the event stream.
02-18 15:20:32.132  1505  1505 E ViewDragHelper: Ignoring pointerId=0 because ACTION_DOWN was not received for this pointer before ACTION_MOVE. It likely happened because  ViewDragHelper did not receive all the events in the event stream.
02-18 15:20:32.132  1505  1505 E ViewDragHelper: Ignoring pointerId=0 because ACTION_DOWN was not received for this pointer before ACTION_MOVE. It likely happened because  ViewDragHelper did not receive all the events in the event stream.
02-18 15:20:32.226  1505  1505 D WindowOnBackDispatcher: setTopOnBackInvokedCallback (unwrapped): null
02-18 15:20:32.379  1505  1505 D WindowOnBackDispatcher: setTopOnBackInvokedCallback (unwrapped): null
02-18 15:20:32.388  1505  1505 D WindowOnBackDispatcher: setTopOnBackInvokedCallback (unwrapped): null
02-18 15:20:35.331  1505  1544 D BufferPoolAccessor2.0: evictor expired: 1, evicted: 0
02-18 15:20:36.331  1505  1544 D BufferPoolAccessor2.0: bufferpool2 0x7917774868 : 0(0 size) total buffers - 0(0 size) used buffers - 2/7 (recycle/alloc) - 5/24 (fetch/transfer)
02-18 15:20:36.332  1505  1544 D BufferPoolAccessor2.0: evictor expired: 1, evicted: 1
02-18 15:20:54.439  1505  1505 D WindowOnBackDispatcher: setTopOnBackInvokedCallback (unwrapped): android.view.ViewRootImpl$$ExternalSyntheticLambda12@a44501c
02-18 15:21:03.081  1505  1505 D WindowOnBackDispatcher: setTopOnBackInvokedCallback (unwrapped): null
02-18 15:21:03.582  1505  1505 D WindowOnBackDispatcher: setTopOnBackInvokedCallback (unwrapped): android.view.ViewRootImpl$$ExternalSyntheticLambda12@f00607f
02-18 15:21:08.685  1505  1505 D ImeBackDispatcher: Unregister received callback id=222419654
02-18 15:21:08.685  1505  1505 D WindowOnBackDispatcher: setTopOnBackInvokedCallback (unwrapped): android.view.ViewRootImpl$$ExternalSyntheticLambda12@3c7707f
02-18 15:21:08.803  1505  1505 D ImeBackDispatcher: Register received callback id=211112664 priority=0
02-18 15:21:08.804  1505  1505 D WindowOnBackDispatcher: setTopOnBackInvokedCallback (unwrapped): ImeOnBackInvokedCallback@211112664 Callback=android.window.IOnBackInvokedCallback$Stub$Proxy@fb8676f
02-18 15:21:08.925  1505  1505 D WindowOnBackDispatcher: setTopOnBackInvokedCallback (unwrapped): null
02-18 15:21:09.109  1505  1505 I ImeTracker: system_server:329cd871: onShown
02-18 15:21:09.287  1505  1505 I ImeTracker: system_server:b966ce7a: onCancelled at PHASE_CLIENT_ON_CONTROLS_CHANGED
02-18 15:21:13.298  1505  1505 I ImeTracker: system_server:aa5814b: onCancelled at PHASE_CLIENT_ON_CONTROLS_CHANGED
02-18 15:21:25.497  1505  1505 D ImeBackDispatcher: Unregister received callback id=211112664
02-18 15:21:25.497  1505  1505 D WindowOnBackDispatcher: setTopOnBackInvokedCallback (unwrapped): android.view.ViewRootImpl$$ExternalSyntheticLambda12@3c7707f
02-18 15:21:25.543  1505  1505 D ImeBackDispatcher: Register received callback id=198295355 priority=0
02-18 15:21:25.543  1505  1505 D WindowOnBackDispatcher: setTopOnBackInvokedCallback (unwrapped): ImeOnBackInvokedCallback@198295355 Callback=android.window.IOnBackInvokedCallback$Stub$Proxy@53ff2fe
02-18 15:21:25.892  1505  1505 I ImeTracker: system_server:35ec256c: onShown
02-18 15:21:27.246  1505  1505 W Choreographer: Frame time is 0.107369 ms in the future!  Check that graphics HAL is generating vsync timestamps using the correct timebase.
02-18 15:21:44.126  1505  1505 D ImeBackDispatcher: Unregister received callback id=198295355
02-18 15:21:44.126  1505  1505 D WindowOnBackDispatcher: setTopOnBackInvokedCallback (unwrapped): android.view.ViewRootImpl$$ExternalSyntheticLambda12@3c7707f
02-18 15:21:44.179  1505  1505 D ImeBackDispatcher: Register received callback id=184200419 priority=0
02-18 15:21:44.179  1505  1505 D WindowOnBackDispatcher: setTopOnBackInvokedCallback (unwrapped): ImeOnBackInvokedCallback@184200419 Callback=android.window.IOnBackInvokedCallback$Stub$Proxy@dc590f3
02-18 15:21:44.427  1505  1505 I ImeTracker: system_server:9096b37: onShown
02-18 15:21:44.653  1505  1505 I ImeTracker: system_server:9f0d835d: onCancelled at PHASE_CLIENT_ON_CONTROLS_CHANGED
02-18 15:21:48.638  1505  1505 I ImeTracker: system_server:7afe868: onCancelled at PHASE_CLIENT_ON_CONTROLS_CHANGED
02-18 15:22:24.096  1505  1505 D ImeBackDispatcher: Unregister received callback id=184200419
02-18 15:22:24.096  1505  1505 D WindowOnBackDispatcher: setTopOnBackInvokedCallback (unwrapped): android.view.ViewRootImpl$$ExternalSyntheticLambda12@3c7707f
02-18 15:22:24.133  1505  1505 D ImeBackDispatcher: Register received callback id=92835591 priority=0
02-18 15:22:24.133  1505  1505 D WindowOnBackDispatcher: setTopOnBackInvokedCallback (unwrapped): ImeOnBackInvokedCallback@92835591 Callback=android.window.IOnBackInvokedCallback$Stub$Proxy@6560774
02-18 15:22:24.394  1505  1505 I ImeTracker: system_server:176476b6: onShown
02-18 15:22:29.674  1505  1505 W Choreographer: Frame time is 0.037812 ms in the future!  Check that graphics HAL is generating vsync timestamps using the correct timebase.
02-18 15:22:40.523  1505  1505 D WindowOnBackDispatcher: setTopOnBackInvokedCallback (unwrapped): android.view.ViewRootImpl$$ExternalSyntheticLambda12@d76c57d
02-18 15:22:40.531  1505  1505 D WindowOnBackDispatcher: setTopOnBackInvokedCallback (unwrapped): android.view.ViewRootImpl$$ExternalSyntheticLambda12@62eae1f
02-18 15:22:40.538  1505  1505 D WindowOnBackDispatcher: setTopOnBackInvokedCallback (unwrapped): android.view.ViewRootImpl$$ExternalSyntheticLambda12@25701b1
02-18 15:22:40.635  1505  1505 E ViewDragHelper: Ignoring pointerId=0 because ACTION_DOWN was not received for this pointer before ACTION_MOVE. It likely happened because  ViewDragHelper did not receive all the events in the event stream.
02-18 15:22:40.635  1505  1505 E ViewDragHelper: Ignoring pointerId=0 because ACTION_DOWN was not received for this pointer before ACTION_MOVE. It likely happened because  ViewDragHelper did not receive all the events in the event stream.
02-18 15:22:40.635  1505  1505 E ViewDragHelper: Ignoring pointerId=0 because ACTION_DOWN was not received for this pointer before ACTION_MOVE. It likely happened because  ViewDragHelper did not receive all the events in the event stream.
02-18 15:22:40.635  1505  1505 E ViewDragHelper: Ignoring pointerId=0 because ACTION_DOWN was not received for this pointer before ACTION_MOVE. It likely happened because  ViewDragHelper did not receive all the events in the event stream.
02-18 15:22:40.641  1505  1505 E ViewDragHelper: Ignoring pointerId=0 because ACTION_DOWN was not received for this pointer before ACTION_MOVE. It likely happened because  ViewDragHelper did not receive all the events in the event stream.
02-18 15:22:40.641  1505  1505 E ViewDragHelper: Ignoring pointerId=0 because ACTION_DOWN was not received for this pointer before ACTION_MOVE. It likely happened because  ViewDragHelper did not receive all the events in the event stream.
02-18 15:22:40.641  1505  1505 E ViewDragHelper: Ignoring pointerId=0 because ACTION_DOWN was not received for this pointer before ACTION_MOVE. It likely happened because  ViewDragHelper did not receive all the events in the event stream.
02-18 15:22:40.641  1505  1505 E ViewDragHelper: Ignoring pointerId=0 because ACTION_DOWN was not received for this pointer before ACTION_MOVE. It likely happened because  ViewDragHelper did not receive all the events in the event stream.
02-18 15:22:40.735  1505  1505 D WindowOnBackDispatcher: setTopOnBackInvokedCallback (unwrapped): null
02-18 15:22:40.945  1505  1505 D WindowOnBackDispatcher: setTopOnBackInvokedCallback (unwrapped): null
02-18 15:22:40.950  1505  1505 D WindowOnBackDispatcher: setTopOnBackInvokedCallback (unwrapped): null
02-18 15:22:41.570  1505  1505 D WindowOnBackDispatcher: setTopOnBackInvokedCallback (unwrapped): android.view.ViewRootImpl$$ExternalSyntheticLambda12@6ca69cc
02-18 15:22:50.828  1505  1505 D WindowOnBackDispatcher: setTopOnBackInvokedCallback (unwrapped): android.view.ViewRootImpl$$ExternalSyntheticLambda12@341bada
02-18 15:22:50.841  1505  1505 D WindowOnBackDispatcher: setTopOnBackInvokedCallback (unwrapped): android.view.ViewRootImpl$$ExternalSyntheticLambda12@4e5f094
02-18 15:22:50.877  1505  1505 D WindowOnBackDispatcher: setTopOnBackInvokedCallback (unwrapped): null
02-18 15:22:51.171  1505  1505 D WindowOnBackDispatcher: setTopOnBackInvokedCallback (unwrapped): android.view.ViewRootImpl$$ExternalSyntheticLambda12@a160073
02-18 15:22:51.476  1505  1505 D WindowOnBackDispatcher: setTopOnBackInvokedCallback (unwrapped): null
02-18 15:22:51.483  1505  1505 D WindowOnBackDispatcher: setTopOnBackInvokedCallback (unwrapped): null
02-18 15:22:51.754  1505  1505 D WindowOnBackDispatcher: setTopOnBackInvokedCallback (unwrapped): null
02-18 15:22:53.955  1505  1505 D ImeBackDispatcher: Unregister received callback id=92835591
02-18 15:22:53.955  1505  1505 D WindowOnBackDispatcher: setTopOnBackInvokedCallback (unwrapped): android.view.ViewRootImpl$$ExternalSyntheticLambda12@3c7707f
02-18 15:22:53.965  1505  1505 D ImeBackDispatcher: Register received callback id=229189304 priority=0
02-18 15:22:53.965  1505  1505 D WindowOnBackDispatcher: setTopOnBackInvokedCallback (unwrapped): ImeOnBackInvokedCallback@229189304 Callback=android.window.IOnBackInvokedCallback$Stub$Proxy@b75add5
02-18 15:22:54.208  1505  1505 I ImeTracker: system_server:eec56484: onShown
02-18 15:22:54.458  1505  1505 I ImeTracker: system_server:614637fd: onCancelled at PHASE_CLIENT_ON_CONTROLS_CHANGED
02-18 15:22:58.433  1505  1505 I ImeTracker: system_server:5ed267a4: onCancelled at PHASE_CLIENT_ON_CONTROLS_CHANGED
02-18 15:23:29.256  1505  1505 D ImeBackDispatcher: Unregister received callback id=229189304
02-18 15:23:29.256  1505  1505 D WindowOnBackDispatcher: setTopOnBackInvokedCallback (unwrapped): android.view.ViewRootImpl$$ExternalSyntheticLambda12@3c7707f
02-18 15:23:29.326  1505  1505 D ImeBackDispatcher: Register received callback id=259409459 priority=0
02-18 15:23:29.326  1505  1505 D WindowOnBackDispatcher: setTopOnBackInvokedCallback (unwrapped): ImeOnBackInvokedCallback@259409459 Callback=android.window.IOnBackInvokedCallback$Stub$Proxy@2fb9a8e
02-18 15:23:29.639  1505  1505 I ImeTracker: system_server:ec935329: onShown
02-18 15:23:50.177  1505  1505 I ImeTracker: system_server:abeccc16: onCancelled at PHASE_CLIENT_ON_CONTROLS_CHANGED
02-18 15:23:52.894  1505  1505 I ImeTracker: system_server:876bd3b5: onCancelled at PHASE_CLIENT_ON_CONTROLS_CHANGED
02-18 15:23:53.301  1505  1505 D VRI[TermuxActivity]: visibilityChanged oldVisibility=true newVisibility=false
02-18 15:23:53.340  1505  1505 D ImeBackDispatcher: Clear (mImeCallbacks.size=1)
02-18 15:23:53.343  1505  1505 D WindowOnBackDispatcher: setTopOnBackInvokedCallback (unwrapped): android.view.ViewRootImpl$$ExternalSyntheticLambda12@3c7707f
02-18 15:23:53.343  1505  1505 D ImeBackDispatcher: switch root view (mImeCallbacks.size=0)
02-18 15:23:53.403  1505  1512 W System  : A resource failed to call release. 
02-18 15:23:53.403  1505  1512 W System  : A resource failed to call release. 
02-18 15:23:53.403  1505  1512 W System  : A resource failed to call release. 
02-18 15:23:53.403  1505  1512 W System  : A resource failed to call release. 
02-18 15:23:53.403  1505  1512 W System  : A resource failed to call release. 
02-18 15:24:23.245  1505  1545 D BufferPoolAccessor2.0: bufferpool2 0x7917774868 : 0(0 size) total buffers - 0(0 size) used buffers - 2/7 (recycle/alloc) - 5/24 (fetch/transfer)
02-18 15:24:23.246  1505  1545 D BufferPoolAccessor2.0: Destruction - bufferpool2 0x7917774868 cached: 0/0M, 0/0% in use; allocs: 7, 29% recycled; transfers: 24, 79% unfetched
02-18 15:24:28.247  1505  1544 D BufferPoolAccessor2.0: evictor expired: 1, evicted: 0
02-18 15:25:33.872  1505  1505 D ViewRootImpl: Skipping stats log for color mode
02-18 15:25:33.876  1505 26804 D MediaCodecList: codecHandlesFormat: no format, so no extra checks
02-18 15:25:33.878  1505 26806 D CCodec  : allocate(c2.android.vorbis.decoder)
02-18 15:25:33.879  1505 26806 I CCodec  : setting up 'default' as default (vendor) store
02-18 15:25:33.881  1505 26806 I CCodec  : Created component [c2.android.vorbis.decoder] for [c2.android.vorbis.decoder]
02-18 15:25:33.881  1505 26806 D CCodecConfig: read media type: audio/vorbis
02-18 15:25:33.882  1505 26806 D ReflectedParamUpdater: extent() != 1 for single value type: algo.buffers.max-count.values
02-18 15:25:33.882  1505 26806 D ReflectedParamUpdater: extent() != 1 for single value type: output.subscribed-indices.values
02-18 15:25:33.882  1505 26806 D ReflectedParamUpdater: extent() != 1 for single value type: input.buffers.allocator-ids.values
02-18 15:25:33.882  1505 26806 D ReflectedParamUpdater: extent() != 1 for single value type: output.buffers.allocator-ids.values
02-18 15:25:33.882  1505 26806 D ReflectedParamUpdater: extent() != 1 for single value type: algo.buffers.allocator-ids.values
02-18 15:25:33.882  1505 26806 D ReflectedParamUpdater: extent() != 1 for single value type: output.buffers.pool-ids.values
02-18 15:25:33.882  1505 26806 D ReflectedParamUpdater: extent() != 1 for single value type: algo.buffers.pool-ids.values
02-18 15:25:33.882  1505 26806 I CCodecConfig: query failed after returning 8 values (BAD_INDEX)
02-18 15:25:33.882  1505 26806 D CCodecConfig: c2 config diff is Dict {
02-18 15:25:33.882  1505 26806 D CCodecConfig:   c2::u32 coded.bitrate.value = 64000
02-18 15:25:33.882  1505 26806 D CCodecConfig:   c2::u32 input.buffers.max-size.value = 32768
02-18 15:25:33.882  1505 26806 D CCodecConfig:   c2::u32 input.delay.value = 0
02-18 15:25:33.882  1505 26806 D CCodecConfig:   string input.media-type.value = "audio/vorbis"
02-18 15:25:33.882  1505 26806 D CCodecConfig:   c2::u32 output.large-frame.max-size = 0
02-18 15:25:33.882  1505 26806 D CCodecConfig:   c2::u32 output.large-frame.threshold-size = 0
02-18 15:25:33.882  1505 26806 D CCodecConfig:   string output.media-type.value = "audio/raw"
02-18 15:25:33.882  1505 26806 D CCodecConfig:   c2::u32 raw.channel-count.value = 1
02-18 15:25:33.882  1505 26806 D CCodecConfig:   c2::u32 raw.sample-rate.value = 48000
02-18 15:25:33.882  1505 26806 D CCodecConfig: }
02-18 15:25:33.883  1505 26806 D CCodec  : [c2.android.vorbis.decoder] buffers are bound to CCodec for this session
02-18 15:25:33.883  1505 26806 D CCodecConfig: no c2 equivalents for durationUs
02-18 15:25:33.883  1505 26806 D CCodecConfig: no c2 equivalents for track-id
02-18 15:25:33.883  1505 26806 D CCodecConfig: no c2 equivalents for csd-1
02-18 15:25:33.883  1505 26806 D CCodecConfig: no c2 equivalents for flags
02-18 15:25:33.884  1505 26806 D CCodecConfig: c2 config diff is   c2::u32 coded.bitrate.value = 96000
02-18 15:25:33.884  1505 26806 D CCodecConfig:   c2::u32 raw.sample-rate.value = 44100
02-18 15:25:33.884  1505 26806 W Codec2Client: query -- param skipped: index = 1107298332.
02-18 15:25:33.884  1505 26806 D CCodec  : encoding statistics level = 0
02-18 15:25:33.884  1505 26806 D CCodec  : setup formats input: AMessage(what = 0x00000000) = {
02-18 15:25:33.884  1505 26806 D CCodec  :   int32_t bitrate = 96000
02-18 15:25:33.884  1505 26806 D CCodec  :   int32_t channel-count = 1
02-18 15:25:33.884  1505 26806 D CCodec  :   int32_t max-input-size = 32768
02-18 15:25:33.884  1505 26806 D CCodec  :   string mime = "audio/vorbis"
02-18 15:25:33.884  1505 26806 D CCodec  :   int32_t sample-rate = 44100
02-18 15:25:33.884  1505 26806 D CCodec  : }
02-18 15:25:33.884  1505 26806 D CCodec  : setup formats output: AMessage(what = 0x00000000) = {
02-18 15:25:33.884  1505 26806 D CCodec  :   int32_t buffer-batch-max-output-size = 0
02-18 15:25:33.884  1505 26806 D CCodec  :   int32_t buffer-batch-threshold-output-size = 0
02-18 15:25:33.884  1505 26806 D CCodec  :   int32_t channel-count = 1
02-18 15:25:33.884  1505 26806 D CCodec  :   string mime = "audio/raw"
02-18 15:25:33.884  1505 26806 D CCodec  :   int32_t sample-rate = 44100
02-18 15:25:33.884  1505 26806 D CCodec  :   int32_t channel-mask = 1
02-18 15:25:33.884  1505 26806 D CCodec  :   int32_t android._config-pcm-encoding = 2
02-18 15:25:33.884  1505 26806 D CCodec  : }
02-18 15:25:33.884  1505 26806 I CCodecConfig: query failed after returning 8 values (BAD_INDEX)
02-18 15:25:33.884  1505 26806 W Codec2Client: query -- param skipped: index = 1342179345.
02-18 15:25:33.884  1505 26806 W Codec2Client: query -- param skipped: index = 2415921170.
02-18 15:25:33.886  1505 26806 D CCodecBufferChannel: [c2.android.vorbis.decoder#275] Created input block pool with allocatorID 16 => poolID 29 - OK (0)
02-18 15:25:33.886  1505 26806 I CCodecBufferChannel: [c2.android.vorbis.decoder#275] Created output block pool with allocatorID 16 => poolID 277 - OK
02-18 15:25:33.886  1505 26806 D CCodecBufferChannel: [c2.android.vorbis.decoder#275] Configured output block pool ids 277 => OK
02-18 15:25:33.898  1505 26806 D CCodecBufferChannel: [c2.android.vorbis.decoder#275] MediaCodec discarded an unknown buffer
02-18 15:25:33.898  1505 26806 D CCodecBufferChannel: [c2.android.vorbis.decoder#275] MediaCodec discarded an unknown buffer
02-18 15:25:33.898  1505 26806 D CCodecBufferChannel: [c2.android.vorbis.decoder#275] MediaCodec discarded an unknown buffer
02-18 15:25:33.900  1505 26809 I hw-BpHwBinder: onLastStrongRef automatically unlinking death recipients
02-18 15:25:33.908  1505  1505 D ImeBackDispatcher: switch root view (mImeCallbacks.size=0)
02-18 15:25:33.908  1505  1505 D ImeBackDispatcher: updateReceivingDispatcher (mQueuedReceive.size=1)
02-18 15:25:33.908  1505  1505 D ImeBackDispatcher: Unregister received callback id=259409459
02-18 15:25:33.908  1505  1505 W ImeBackDispatcher: Ime callback not found. Ignoring unregisterReceivedCallback. callbackId: 259409459 remaining callbacks: 0
02-18 15:25:33.909  1505  1505 D InsetsController: show(ime())
02-18 15:25:33.909  1505  1505 I ImeTracker: com.termux:3168e16f: onCancelled at PHASE_CLIENT_REPORT_REQUESTED_VISIBLE_TYPES
02-18 15:25:33.926  1505  1505 D ImeBackDispatcher: Register received callback id=80622648 priority=0
02-18 15:25:33.926  1505  1505 D WindowOnBackDispatcher: setTopOnBackInvokedCallback (unwrapped): ImeOnBackInvokedCallback@80622648 Callback=android.window.IOnBackInvokedCallback$Stub$Proxy@597214
02-18 15:25:33.962  1505  1505 I ImeTracker: system_server:9bad724d: onShown
02-18 15:25:34.174  1505  1505 I ImeTracker: com.termux:bc24bbf8: onRequestShow at ORIGIN_CLIENT reason SHOW_SOFT_INPUT fromUser false
02-18 15:25:34.175  1505  1505 D InsetsController: show(ime())
02-18 15:25:34.175  1505  1505 I ImeTracker: com.termux:bc24bbf8: onCancelled at PHASE_CLIENT_APPLY_ANIMATION
02-18 15:25:35.574  1505  1505 I ImeTracker: com.termux:535bab4d: onRequestShow at ORIGIN_CLIENT reason SHOW_SOFT_INPUT fromUser false
02-18 15:25:35.574  1505  1505 D InsetsController: show(ime())
02-18 15:25:35.574  1505  1505 I ImeTracker: com.termux:535bab4d: onCancelled at PHASE_CLIENT_APPLY_ANIMATION
02-18 15:25:35.713  1505  1505 D InsetsController: hide(ime())
02-18 15:25:35.714  1505  1505 D ImeBackDispatcher: Preliminary clear (mImeCallbacks.size=1)
02-18 15:25:35.714  1505  1505 D WindowOnBackDispatcher: setTopOnBackInvokedCallback (unwrapped): android.view.ViewRootImpl$$ExternalSyntheticLambda12@3c7707f
02-18 15:25:35.715  1505  1505 D InsetsController: Setting requestedVisibleTypes to -9 (was -1)
02-18 15:25:35.715  1505  1505 D InsetsController: hide(ime())
02-18 15:25:35.715  1505  1505 I ImeTracker: org.futo.inputmethod.latin.playstore:8f5454a2: onCancelled at PHASE_CLIENT_ALREADY_HIDDEN
02-18 15:25:35.951  1505  1505 I ImeTracker: system_server:bdb73172: onCancelled at PHASE_CLIENT_ON_CONTROLS_CHANGED
02-18 15:25:35.952  1505  1505 D ImeBackDispatcher: Unregister received callback id=80622648
02-18 15:25:36.603  1505  1505 D WindowOnBackDispatcher: setTopOnBackInvokedCallback (unwrapped): android.view.ViewRootImpl$$ExternalSyntheticLambda12@5fbeaa9
02-18 15:25:36.615  1505  1505 D WindowOnBackDispatcher: setTopOnBackInvokedCallback (unwrapped): android.view.ViewRootImpl$$ExternalSyntheticLambda12@521c9eb
02-18 15:25:36.630  1505  1505 D WindowOnBackDispatcher: setTopOnBackInvokedCallback (unwrapped): android.view.ViewRootImpl$$ExternalSyntheticLambda12@28f5f1d
02-18 15:25:36.661  1505  1505 E ViewDragHelper: Ignoring pointerId=0 because ACTION_DOWN was not received for this pointer before ACTION_MOVE. It likely happened because  ViewDragHelper did not receive all the events in the event stream.
02-18 15:25:36.661  1505  1505 E ViewDragHelper: Ignoring pointerId=0 because ACTION_DOWN was not received for this pointer before ACTION_MOVE. It likely happened because  ViewDragHelper did not receive all the events in the event stream.
02-18 15:25:36.661  1505  1505 E ViewDragHelper: Ignoring pointerId=0 because ACTION_DOWN was not received for this pointer before ACTION_MOVE. It likely happened because  ViewDragHelper did not receive all the events in the event stream.
02-18 15:25:36.661  1505  1505 E ViewDragHelper: Ignoring pointerId=0 because ACTION_DOWN was not received for this pointer before ACTION_MOVE. It likely happened because  ViewDragHelper did not receive all the events in the event stream.
02-18 15:25:36.675  1505  1505 E ViewDragHelper: Ignoring pointerId=0 because ACTION_DOWN was not received for this pointer before ACTION_MOVE. It likely happened because  ViewDragHelper did not receive all the events in the event stream.
02-18 15:25:36.676  1505  1505 E ViewDragHelper: Ignoring pointerId=0 because ACTION_DOWN was not received for this pointer before ACTION_MOVE. It likely happened because  ViewDragHelper did not receive all the events in the event stream.
02-18 15:25:36.676  1505  1505 E ViewDragHelper: Ignoring pointerId=0 because ACTION_DOWN was not received for this pointer before ACTION_MOVE. It likely happened because  ViewDragHelper did not receive all the events in the event stream.
02-18 15:25:36.676  1505  1505 E ViewDragHelper: Ignoring pointerId=0 because ACTION_DOWN was not received for this pointer before ACTION_MOVE. It likely happened because  ViewDragHelper did not receive all the events in the event stream.
02-18 15:25:36.761  1505  1505 D WindowOnBackDispatcher: setTopOnBackInvokedCallback (unwrapped): null
02-18 15:25:37.443  1505  1505 D WindowOnBackDispatcher: setTopOnBackInvokedCallback (unwrapped): null
02-18 15:25:37.446  1505  1505 D WindowOnBackDispatcher: setTopOnBackInvokedCallback (unwrapped): null
02-18 15:25:38.887  1505  1544 D BufferPoolAccessor2.0: bufferpool2 0x7917747b88 : 0(0 size) total buffers - 0(0 size) used buffers - 1/7 (recycle/alloc) - 6/24 (fetch/transfer)
02-18 15:25:38.887  1505  1544 D BufferPoolAccessor2.0: evictor expired: 1, evicted: 1
02-18 15:25:39.412  1505  1505 D WindowOnBackDispatcher: setTopOnBackInvokedCallback (unwrapped): android.view.ViewRootImpl$$ExternalSyntheticLambda12@16985a8
02-18 15:25:42.448  1505  1505 W Choreographer: Frame time is 0.131229 ms in the future!  Check that graphics HAL is generating vsync timestamps using the correct timebase.
02-18 15:25:50.314  1505  1505 D WindowOnBackDispatcher: setTopOnBackInvokedCallback (unwrapped): null
02-18 15:25:52.097  1505  1505 D WindowOnBackDispatcher: setTopOnBackInvokedCallback (unwrapped): android.view.ViewRootImpl$$ExternalSyntheticLambda12@ef07a84
02-18 15:25:52.108  1505  1505 D WindowOnBackDispatcher: setTopOnBackInvokedCallback (unwrapped): android.view.ViewRootImpl$$ExternalSyntheticLambda12@91922ee
02-18 15:25:53.582  1505  1505 D WindowOnBackDispatcher: setTopOnBackInvokedCallback (unwrapped): android.view.ViewRootImpl$$ExternalSyntheticLambda12@b5f7e7f
02-18 15:25:56.514  1505  1505 D WindowOnBackDispatcher: setTopOnBackInvokedCallback (unwrapped): null
02-18 15:25:56.693  1505  1505 D WindowOnBackDispatcher: setTopOnBackInvokedCallback (unwrapped): null
02-18 15:25:56.705  1505  1505 D WindowOnBackDispatcher: setTopOnBackInvokedCallback (unwrapped): null
02-18 15:25:57.365  1505  1505 I ImeTracker: com.termux:28c194d1: onRequestShow at ORIGIN_CLIENT reason SHOW_SOFT_INPUT fromUser false
02-18 15:25:57.366  1505  1505 D InsetsController: show(ime())
02-18 15:25:57.366  1505  1505 D ImeBackDispatcher: Undo preliminary clear (mImeCallbacks.size=0)
02-18 15:25:57.367  1505  1505 D InsetsController: Setting requestedVisibleTypes to -1 (was -9)
02-18 15:25:57.400  1505  1505 D ImeBackDispatcher: Register received callback id=80622648 priority=0
02-18 15:25:57.400  1505  1505 D WindowOnBackDispatcher: setTopOnBackInvokedCallback (unwrapped): ImeOnBackInvokedCallback@80622648 Callback=android.window.IOnBackInvokedCallback$Stub$Proxy@f741705
02-18 15:25:57.690  1505  1505 I ImeTracker: com.termux:28c194d1: onShown
02-18 15:25:57.999  1505  1505 I ImeTracker: com.termux:2bc98728: onRequestShow at ORIGIN_CLIENT reason SHOW_SOFT_INPUT fromUser false
02-18 15:25:58.000  1505  1505 D InsetsController: show(ime())
02-18 15:25:58.000  1505  1505 I ImeTracker: com.termux:2bc98728: onCancelled at PHASE_CLIENT_APPLY_ANIMATION
02-18 15:25:58.428 26874 26874 W MainThread: type=1400 audit(0.0:129283): avc:  granted  { execute } for  name="bash" dev="dm-45" ino=103898 scontext=u:r:untrusted_app_27:s0:c206,c257,c512,c768 tcontext=u:object_r:app_data_file:s0:c206,c257,c512,c768 tclass=file app=com.termux
02-18 15:25:58.428 26874 26874 W MainThread: type=1400 audit(0.0:129284): avc:  granted  { execute } for  name="bash" dev="dm-45" ino=103898 scontext=u:r:untrusted_app_27:s0:c206,c257,c512,c768 tcontext=u:object_r:app_data_file:s0:c206,c257,c512,c768 tclass=file app=com.termux
02-18 15:25:58.428 26874 26874 W MainThread: type=1400 audit(0.0:129285): avc:  granted  { execute_no_trans } for  path="/data/data/com.termux/files/usr/bin/bash" dev="dm-45" ino=103898 scontext=u:r:untrusted_app_27:s0:c206,c257,c512,c768 tcontext=u:object_r:app_data_file:s0:c206,c257,c512,c768 tclass=file app=com.termux
02-18 15:25:58.480 26874 26874 W bash    : type=1400 audit(0.0:129286): avc:  granted  { execute } for  path="/data/data/com.termux/files/usr/bin/bash" dev="dm-45" ino=103898 scontext=u:r:untrusted_app_27:s0:c206,c257,c512,c768 tcontext=u:object_r:app_data_file:s0:c206,c257,c512,c768 tclass=file app=com.termux
02-18 15:25:58.484 26874 26874 W bash    : type=1400 audit(0.0:129287): avc:  denied  { search } for  name="tests" dev="dm-45" ino=113 scontext=u:r:untrusted_app_27:s0:c206,c257,c512,c768 tcontext=u:object_r:shell_test_data_file:s0 tclass=dir permissive=0 app=com.termux
02-18 15:25:58.484 26874 26874 W bash    : type=1400 audit(0.0:129288): avc:  denied  { search } for  name="tests" dev="dm-45" ino=113 scontext=u:r:untrusted_app_27:s0:c206,c257,c512,c768 tcontext=u:object_r:shell_test_data_file:s0 tclass=dir permissive=0 app=com.termux
02-18 15:25:58.484 26874 26874 W bash    : type=1400 audit(0.0:129289): avc:  denied  { search } for  name="tests" dev="dm-45" ino=113 scontext=u:r:untrusted_app_27:s0:c206,c257,c512,c768 tcontext=u:object_r:shell_test_data_file:s0 tclass=dir permissive=0 app=com.termux
02-18 15:25:58.484 26874 26874 W bash    : type=1400 audit(0.0:129290): avc:  denied  { search } for  name="tests" dev="dm-45" ino=113 scontext=u:r:untrusted_app_27:s0:c206,c257,c512,c768 tcontext=u:object_r:shell_test_data_file:s0 tclass=dir permissive=0 app=com.termux
02-18 15:25:58.484 26874 26874 W bash    : type=1400 audit(0.0:129291): avc:  granted  { execute } for  path="/data/data/com.termux/files/usr/lib/libncursesw.so.6.5" dev="dm-45" ino=600258 scontext=u:r:untrusted_app_27:s0:c206,c257,c512,c768 tcontext=u:object_r:app_data_file:s0:c206,c257,c512,c768 tclass=file app=com.termux
02-18 15:25:58.248 26874 26874 W audit   : audit_lost=94777 audit_rate_limit=5 audit_backlog_limit=64
02-18 15:25:58.248 26874 26874 E audit   : rate limit exceeded
02-18 15:25:58.548 26875 26875 W libc    : Access denied finding property "ro.debuggable"
02-18 15:25:58.548 26875 26875 W libc    : Access denied finding property "ro.debuggable"
02-18 15:25:58.548 26875 26875 W libc    : Access denied finding property "ro.debuggable"
02-18 15:25:58.549 26875 26875 D AndroidRuntime: >>>>>> START com.android.internal.os.RuntimeInit uid 10462 <<<<<<
02-18 15:25:58.549 26875 26875 W libc    : Access denied finding property "ro.debuggable"
02-18 15:25:58.552 26875 26875 I AndroidRuntime: Using default boot image
02-18 15:25:58.552 26875 26875 I AndroidRuntime: Leaving lock profiling enabled
02-18 15:25:58.552 26875 26875 W libc    : Access denied finding property "odsign.verification.success"
02-18 15:25:58.552 26875 26875 W libc    : Access denied finding property "ro.debuggable"
02-18 15:25:58.553 26875 26875 W app_process: ART APEX data files are untrusted.
02-18 15:25:58.553 26875 26875 I app_process: Using CollectorTypeCMC GC.
02-18 15:25:58.593 26875 26875 D nativeloader: InitDefaultPublicLibraries for_preload=1: libandroid.so:libaaudio.so:libamidi.so:libbinder_ndk.so:libc.so:libcamera2ndk.so:libdl.so:libEGL.so:libGLESv1_CM.so:libGLESv2.so:libGLESv3.so:libicu.so:libicui18n.so:libicuuc.so:libjnigraphics.so:liblog.so:libmediandk.so:libm.so:libnativehelper.so:libnativewindow.so:libOpenMAXAL.so:libOpenSLES.so:libRS.so:libstdc++.so:libsync.so:libvulkan.so:libwebviewchromium_plat_support.so:libz.so
02-18 15:25:58.598 26875 26875 D nativeloader: Load libicu_jni.so using APEX ns com_android_art for caller /apex/com.android.art/javalib/core-oj.jar: ok
02-18 15:25:58.598 26875 26875 D app_process: u_setTimeZoneFilesDirectory("/apex/com.android.tzdata/etc/tz/versioned/9/icu") succeeded. 
02-18 15:25:58.598 26875 26875 D app_process: I18n APEX ICU file found: /apex/com.android.i18n/etc/icu/icudt76l.dat
02-18 15:25:58.598 26875 26875 D nativeloader: Load libjavacore.so using APEX ns com_android_art for caller /apex/com.android.art/javalib/core-oj.jar: ok
02-18 15:25:58.599 26875 26875 D nativeloader: Load libopenjdk.so using APEX ns com_android_art for caller /apex/com.android.art/javalib/core-oj.jar: ok
02-18 15:25:58.599 26875 26875 I app_process: Priority-to-niceness mapping: 19, 16, 13, 10, 0, -2, -4, -5, -6, -8
02-18 15:25:58.615 26875 26875 W libc    : Access denied finding property "ro.product.name_for_attestation"
02-18 15:25:58.615 26875 26875 W libc    : Access denied finding property "ro.product.device_for_attestation"
02-18 15:25:58.615 26875 26875 W libc    : Access denied finding property "ro.product.manufacturer_for_attestation"
02-18 15:25:58.615 26875 26875 W libc    : Access denied finding property "ro.product.brand_for_attestation"
02-18 15:25:58.615 26875 26875 W libc    : Access denied finding property "ro.product.model_for_attestation"
02-18 15:25:58.615 26875 26875 W libc    : Access denied finding property "ro.debuggable"
02-18 15:25:58.620 26875 26875 D nativeloader: Load libframework-connectivity-tiramisu-jni.so using APEX ns com_android_tethering for caller /apex/com.android.tethering/javalib/framework-connectivity-t.jar: ok
02-18 15:25:58.620 26875 26875 D AndroidRuntime: Calling main entry com.termux.termuxam.Am
02-18 15:25:58.622 26875 26875 I AconfigPackage: com.android.nfc.flags is mapped to system
02-18 15:25:58.622 26875 26875 I AconfigPackage: android.app.admin.flags is mapped to system
02-18 15:25:58.622 26875 26875 I AconfigPackage: com.android.graphics.graphicsenv.flags is mapped to system
02-18 15:25:58.622 26875 26875 I AconfigPackage: android.database.sqlite is mapped to system
02-18 15:25:58.622 26875 26875 I AconfigPackage: com.android.providers.calendar is mapped to system
02-18 15:25:58.622 26875 26875 I AconfigPackage: com.android.server.power.feature.flags is mapped to system
02-18 15:25:58.622 26875 26875 I AconfigPackage: com.android.settingslib.widget.theme.flags is mapped to system
02-18 15:25:58.622 26875 26875 I AconfigPackage: android.app.contextualsearch.flags is mapped to system
02-18 15:25:58.622 26875 26875 I AconfigPackage: android.app.ondeviceintelligence.flags is mapped to system
02-18 15:25:58.622 26875 26875 I AconfigPackage: com.android.media.projection.flags is mapped to system
02-18 15:25:58.622 26875 26875 I AconfigPackage: android.companion is mapped to system
02-18 15:25:58.622 26875 26875 I AconfigPackage: android.service.controls.flags is mapped to system
02-18 15:25:58.622 26875 26875 I AconfigPackage: com.android.text.flags is mapped to system
02-18 15:25:58.622 26875 26875 I AconfigPackage: com.android.providers.contactkeys.flags is mapped to system
02-18 15:25:58.622 26875 26875 I AconfigPackage: com.android.intentresolver is mapped to system
02-18 15:25:58.622 26875 26875 I AconfigPackage: android.companion.virtualdevice.flags is mapped to system
02-18 15:25:58.622 26875 26875 I AconfigPackage: android.uprobestats.flags is mapped to system
02-18 15:25:58.622 26875 26875 I AconfigPackage: com.android.net.thread.platform.flags is mapped to system
02-18 15:25:58.622 26875 26875 I AconfigPackage: android.view.contentprotection.flags is mapped to system
02-18 15:25:58.622 26875 26875 I AconfigPackage: com.android.graphics.surfaceflinger.flags is mapped to system
02-18 15:25:58.622 26875 26875 I AconfigPackage: com.android.hardware.input is mapped to system
02-18 15:25:58.622 26875 26875 I AconfigPackage: android.sdk is mapped to system
02-18 15:25:58.622 26875 26875 I AconfigPackage: com.android.input.flags is mapped to system
02-18 15:25:58.622 26875 26875 I AconfigPackage: android.tracing is mapped to system
02-18 15:25:58.622 26875 26875 I AconfigPackage: com.android.server.biometrics is mapped to system
02-18 15:25:58.622 26875 26875 I AconfigPackage: android.view.contentcapture.flags is mapped to system
02-18 15:25:58.622 26875 26875 I AconfigPackage: android.app.job is mapped to system
02-18 15:25:58.622 26875 26875 I AconfigPackage: android.content.res is mapped to system
02-18 15:25:58.622 26875 26875 I AconfigPackage: android.net.platform.flags is mapped to system
02-18 15:25:58.622 26875 26875 I AconfigPackage: com.android.aconfig.flags is mapped to system
02-18 15:25:58.622 26875 26875 I AconfigPackage: com.android.graphics.flags is mapped to system
02-18 15:25:58.622 26875 26875 I AconfigPackage: android.server.app is mapped to system
02-18 15:25:58.622 26875 26875 I AconfigPackage: android.speech.flags is mapped to system
02-18 15:25:58.622 26875 26875 I AconfigPackage: com.android.server.stats is mapped to system
02-18 15:25:58.622 26875 26875 I AconfigPackage: android.hardware.biometrics is mapped to system
02-18 15:25:58.622 26875 26875 I AconfigPackage: android.car.feature is mapped to system
02-18 15:25:58.622 26875 26875 I AconfigPackage: android.adpf is mapped to system
02-18 15:25:58.622 26875 26875 I AconfigPackage: android.location.flags is mapped to system
02-18 15:25:58.622 26875 26875 I AconfigPackage: com.android.settingslib.flags is mapped to system
02-18 15:25:58.622 26875 26875 I AconfigPackage: com.android.managedprovisioning.flags is mapped to system
02-18 15:25:58.622 26875 26875 I AconfigPackage: android.app.assist.flags is mapped to system
02-18 15:25:58.622 26875 26875 I AconfigPackage: com.android.server.net is mapped to system
02-18 15:25:58.622 26875 26875 I AconfigPackage: com.android.settingslib.widget.flags is mapped to system
02-18 15:25:58.622 26875 26875 I AconfigPackage: com.android.internal.camera.flags is mapped to system
02-18 15:25:58.622 26875 26875 I AconfigPackage: com.android.hardware.libsensor.flags is mapped to system
02-18 15:25:58.622 26875 26875 I AconfigPackage: com.android.internal.jank is mapped to system
02-18 15:25:58.622 26875 26875 I AconfigPackage: com.android.providers.settings is mapped to system
02-18 15:25:58.622 26875 26875 I AconfigPackage: android.multiuser is mapped to system
02-18 15:25:58.622 26875 26875 I AconfigPackage: com.android.server.power.optimization is mapped to system
02-18 15:25:58.622 26875 26875 I AconfigPackage: com.android.calllogbackup is mapped to system
02-18 15:25:58.622 26875 26875 I AconfigPackage: com.android.media.flags is mapped to system
02-18 15:25:58.622 26875 26875 I AconfigPackage: com.android.media.mediasession.flags is mapped to system
02-18 15:25:58.622 26875 26875 I AconfigPackage: com.android.server.flags is mapped to system
02-18 15:25:58.622 26875 26875 I AconfigPackage: com.android.graphics.libvulkan.flags is mapped to system
02-18 15:25:58.622 26875 26875 I AconfigPackage: android.app.appfunctions.flags is mapped to system
02-18 15:25:58.622 26875 26875 I AconfigPackage: android.app.smartspace.flags is mapped to system
02-18 15:25:58.622 26875 26875 I AconfigPackage: com.android.providers.contacts.flags is mapped to system
02-18 15:25:58.622 26875 26875 I AconfigPackage: com.android.shell.flags is mapped to system
02-18 15:25:58.622 26875 26875 I AconfigPackage: com.android.media.aaudio is mapped to system
02-18 15:25:58.622 26875 26875 I AconfigPackage: android.hardware.radio is mapped to system
