02-18 15:14:37.761 18550 18550 W rustc   : type=1400 audit(0.0:107290): avc:  granted  { execute } for  path="/data/data/com.termux/files/usr/lib/libc++_shared.so" dev="dm-45" ino=151135 scontext=u:r:untrusted_app_27:s0:c206,c257,c512,c768 tcontext=u:object_r:app_data_file:s0:c206,c257,c512,c768 tclass=file app=com.termux
02-18 15:14:37.761 18550 18550 W rustc   : type=1400 audit(0.0:107291): avc:  granted  { execute } for  path="/data/data/com.termux/files/usr/lib/libc++_shared.so" dev="dm-45" ino=151135 scontext=u:r:untrusted_app_27:s0:c206,c257,c512,c768 tcontext=u:object_r:app_data_file:s0:c206,c257,c512,c768 tclass=file app=com.termux
02-18 15:14:37.761 18550 18550 W rustc   : type=1400 audit(0.0:107292): avc:  granted  { execute } for  path="/data/data/com.termux/files/usr/lib/libiconv.so" dev="dm-45" ino=151081 scontext=u:r:untrusted_app_27:s0:c206,c257,c512,c768 tcontext=u:object_r:app_data_file:s0:c206,c257,c512,c768 tclass=file app=com.termux
02-18 15:14:37.761 18550 18550 W rustc   : type=1400 audit(0.0:107293): avc:  granted  { execute } for  path="/data/data/com.termux/files/usr/lib/libtermux-exec-ld-preload.so" dev="dm-45" ino=103227 scontext=u:r:untrusted_app_27:s0:c206,c257,c512,c768 tcontext=u:object_r:app_data_file:s0:c206,c257,c512,c768 tclass=file app=com.termux
02-18 15:14:37.812 18569 18569 W audit   : audit_lost=73390 audit_rate_limit=5 audit_backlog_limit=64
02-18 15:14:37.812 18569 18569 E audit   : rate limit exceeded
02-18 15:14:39.305 18572 18572 W bash    : type=1400 audit(0.0:107646): avc:  denied  { ioctl } for  path="pipe:[1188142]" dev="pipefs" ino=1188142 ioctlcmd=0x5413 scontext=u:r:untrusted_app_27:s0:c206,c257,c512,c768 tcontext=u:r:untrusted_app_27:s0:c206,c257,c512,c768 tclass=fifo_file permissive=0 app=com.termux
02-18 15:14:39.365 18571 18571 W bash    : type=1400 audit(0.0:107647): avc:  denied  { ioctl } for  path="pipe:[1182690]" dev="pipefs" ino=1182690 ioctlcmd=0x5413 scontext=u:r:untrusted_app_27:s0:c206,c257,c512,c768 tcontext=u:r:untrusted_app_27:s0:c206,c257,c512,c768 tclass=fifo_file permissive=0 app=com.termux
02-18 15:14:39.369 18569 18569 W bash    : type=1400 audit(0.0:107648): avc:  denied  { ioctl } for  path="pipe:[1182686]" dev="pipefs" ino=1182686 ioctlcmd=0x5413 scontext=u:r:untrusted_app_27:s0:c206,c257,c512,c768 tcontext=u:r:untrusted_app_27:s0:c206,c257,c512,c768 tclass=fifo_file permissive=0 app=com.termux
02-18 15:14:39.473 18576 18576 W bash    : type=1400 audit(0.0:107649): avc:  denied  { ioctl } for  path="pipe:[1191205]" dev="pipefs" ino=1191205 ioctlcmd=0x5413 scontext=u:r:untrusted_app_27:s0:c206,c257,c512,c768 tcontext=u:r:untrusted_app_27:s0:c206,c257,c512,c768 tclass=fifo_file permissive=0 app=com.termux
02-18 15:14:39.477 18570 18570 W bash    : type=1400 audit(0.0:107650): avc:  denied  { ioctl } for  path="pipe:[1182688]" dev="pipefs" ino=1182688 ioctlcmd=0x5413 scontext=u:r:untrusted_app_27:s0:c206,c257,c512,c768 tcontext=u:r:untrusted_app_27:s0:c206,c257,c512,c768 tclass=fifo_file permissive=0 app=com.termux
02-18 15:14:39.348 18598 18598 W audit   : audit_lost=73661 audit_rate_limit=5 audit_backlog_limit=64
02-18 15:14:39.348 18598 18598 E audit   : rate limit exceeded
02-18 15:14:40.821 18601 18601 W bash    : type=1400 audit(0.0:107851): avc:  denied  { ioctl } for  path="pipe:[1188234]" dev="pipefs" ino=1188234 ioctlcmd=0x5413 scontext=u:r:untrusted_app_27:s0:c206,c257,c512,c768 tcontext=u:r:untrusted_app_27:s0:c206,c257,c512,c768 tclass=fifo_file permissive=0 app=com.termux
02-18 15:14:40.857 18600 18600 W bash    : type=1400 audit(0.0:107852): avc:  denied  { ioctl } for  path="pipe:[1189100]" dev="pipefs" ino=1189100 ioctlcmd=0x5413 scontext=u:r:untrusted_app_27:s0:c206,c257,c512,c768 tcontext=u:r:untrusted_app_27:s0:c206,c257,c512,c768 tclass=fifo_file permissive=0 app=com.termux
02-18 15:14:40.897 18598 18598 W bash    : type=1400 audit(0.0:107853): avc:  denied  { ioctl } for  path="pipe:[1191277]" dev="pipefs" ino=1191277 ioctlcmd=0x5413 scontext=u:r:untrusted_app_27:s0:c206,c257,c512,c768 tcontext=u:r:untrusted_app_27:s0:c206,c257,c512,c768 tclass=fifo_file permissive=0 app=com.termux
02-18 15:14:41.193 18637 18637 W build-script-bu: type=1400 audit(0.0:107854): avc:  granted  { execute } for  name="aarch64-linux-android-clang++" dev="dm-45" ino=115807 scontext=u:r:untrusted_app_27:s0:c206,c257,c512,c768 tcontext=u:object_r:app_data_file:s0:c206,c257,c512,c768 tclass=file app=com.termux
02-18 15:14:41.209 18637 18637 W build-script-bu: type=1400 audit(0.0:107855): avc:  granted  { execute } for  name="bash" dev="dm-45" ino=103898 scontext=u:r:untrusted_app_27:s0:c206,c257,c512,c768 tcontext=u:object_r:app_data_file:s0:c206,c257,c512,c768 tclass=file app=com.termux
02-18 15:14:40.980 18637 18637 W audit   : audit_lost=73861 audit_rate_limit=5 audit_backlog_limit=64
02-18 15:14:40.980 18637 18637 E audit   : rate limit exceeded
02-18 15:14:41.419  1505  1505 D ImeBackDispatcher: Clear (mImeCallbacks.size=1)
02-18 15:14:41.419  1505  1505 D WindowOnBackDispatcher: setTopOnBackInvokedCallback (unwrapped): android.view.ViewRootImpl$$ExternalSyntheticLambda12@3c7707f
02-18 15:14:41.420  1505  1505 D ImeBackDispatcher: Unregister received callback id=236493227
02-18 15:14:41.420  1505  1505 W ImeBackDispatcher: Ime callback not found. Ignoring unregisterReceivedCallback. callbackId: 236493227 remaining callbacks: 0
02-18 15:14:41.837  1505  1505 D VRI[TermuxActivity]: visibilityChanged oldVisibility=true newVisibility=false
02-18 15:14:42.255  1505  1505 I ImeTracker: system_server:40558197: onCancelled at PHASE_CLIENT_ON_CONTROLS_CHANGED
02-18 15:14:42.255  1505  1505 D ImeBackDispatcher: Clear (mImeCallbacks.size=0)
02-18 15:14:42.255  1505  1505 D ImeBackDispatcher: switch root view (mImeCallbacks.size=0)
02-18 15:14:42.300  1505  1505 I ImeTracker: system_server:71baf295: onCancelled at PHASE_CLIENT_ON_CONTROLS_CHANGED
02-18 15:14:42.321  1505  1505 I ImeTracker: system_server:caa1af6f: onCancelled at PHASE_CLIENT_ON_CONTROLS_CHANGED
02-18 15:14:43.511 18639 18639 W bash    : type=1400 audit(0.0:108033): avc:  denied  { ioctl } for  path="pipe:[1187690]" dev="pipefs" ino=1187690 ioctlcmd=0x5413 scontext=u:r:untrusted_app_27:s0:c206,c257,c512,c768 tcontext=u:r:untrusted_app_27:s0:c206,c257,c512,c768 tclass=fifo_file permissive=0 app=com.termux
02-18 15:14:43.531 18637 18637 W bash    : type=1400 audit(0.0:108034): avc:  denied  { ioctl } for  path="pipe:[1191281]" dev="pipefs" ino=1191281 ioctlcmd=0x5413 scontext=u:r:untrusted_app_27:s0:c206,c257,c512,c768 tcontext=u:r:untrusted_app_27:s0:c206,c257,c512,c768 tclass=fifo_file permissive=0 app=com.termux
02-18 15:14:43.595 18649 18649 W bash    : type=1400 audit(0.0:108035): avc:  denied  { ioctl } for  path="pipe:[1187704]" dev="pipefs" ino=1187704 ioctlcmd=0x5413 scontext=u:r:untrusted_app_27:s0:c206,c257,c512,c768 tcontext=u:r:untrusted_app_27:s0:c206,c257,c512,c768 tclass=fifo_file permissive=0 app=com.termux
02-18 15:14:44.354 18690 18690 W build-script-bu: type=1400 audit(0.0:108036): avc:  granted  { execute } for  name="aarch64-linux-android-clang++" dev="dm-45" ino=115807 scontext=u:r:untrusted_app_27:s0:c206,c257,c512,c768 tcontext=u:object_r:app_data_file:s0:c206,c257,c512,c768 tclass=file app=com.termux
02-18 15:14:44.354 18690 18690 W build-script-bu: type=1400 audit(0.0:108037): avc:  granted  { execute } for  name="bash" dev="dm-45" ino=103898 scontext=u:r:untrusted_app_27:s0:c206,c257,c512,c768 tcontext=u:object_r:app_data_file:s0:c206,c257,c512,c768 tclass=file app=com.termux
02-18 15:14:43.273 18690 18690 W audit   : audit_lost=74038 audit_rate_limit=5 audit_backlog_limit=64
02-18 15:14:43.273 18690 18690 E audit   : rate limit exceeded
02-18 15:14:44.966 18709 18709 W build-script-bu: type=1400 audit(0.0:108136): avc:  granted  { execute } for  name="aarch64-linux-android-clang++" dev="dm-45" ino=115807 scontext=u:r:untrusted_app_27:s0:c206,c257,c512,c768 tcontext=u:object_r:app_data_file:s0:c206,c257,c512,c768 tclass=file app=com.termux
02-18 15:14:44.970 18709 18709 W build-script-bu: type=1400 audit(0.0:108137): avc:  granted  { execute } for  name="bash" dev="dm-45" ino=103898 scontext=u:r:untrusted_app_27:s0:c206,c257,c512,c768 tcontext=u:object_r:app_data_file:s0:c206,c257,c512,c768 tclass=file app=com.termux
02-18 15:14:44.970 18709 18709 W build-script-bu: type=1400 audit(0.0:108138): avc:  granted  { execute_no_trans } for  path="/data/data/com.termux/files/usr/bin/bash" dev="dm-45" ino=103898 scontext=u:r:untrusted_app_27:s0:c206,c257,c512,c768 tcontext=u:object_r:app_data_file:s0:c206,c257,c512,c768 tclass=file app=com.termux
02-18 15:14:44.970 18709 18709 W bash    : type=1400 audit(0.0:108139): avc:  granted  { execute } for  path="/data/data/com.termux/files/usr/bin/bash" dev="dm-45" ino=103898 scontext=u:r:untrusted_app_27:s0:c206,c257,c512,c768 tcontext=u:object_r:app_data_file:s0:c206,c257,c512,c768 tclass=file app=com.termux
02-18 15:14:44.978 18709 18709 W bash    : type=1400 audit(0.0:108140): avc:  denied  { search } for  name="tests" dev="dm-45" ino=113 scontext=u:r:untrusted_app_27:s0:c206,c257,c512,c768 tcontext=u:object_r:shell_test_data_file:s0 tclass=dir permissive=0 app=com.termux
02-18 15:14:44.597 18690 18690 W audit   : audit_lost=74232 audit_rate_limit=5 audit_backlog_limit=64
02-18 15:14:44.597 18690 18690 E audit   : rate limit exceeded
02-18 15:14:46.366 18716 18716 W bash    : type=1400 audit(0.0:108289): avc:  denied  { ioctl } for  path="pipe:[1187776]" dev="pipefs" ino=1187776 ioctlcmd=0x5413 scontext=u:r:untrusted_app_27:s0:c206,c257,c512,c768 tcontext=u:r:untrusted_app_27:s0:c206,c257,c512,c768 tclass=fifo_file permissive=0 app=com.termux
02-18 15:14:46.881  1505  1505 I ImeTracker: system_server:4d8ac44a: onCancelled at PHASE_CLIENT_ON_CONTROLS_CHANGED
02-18 15:14:46.879 18731 18731 W build-script-bu: type=1400 audit(0.0:108290): avc:  granted  { execute } for  name="aarch64-linux-android-clang++" dev="dm-45" ino=115807 scontext=u:r:untrusted_app_27:s0:c206,c257,c512,c768 tcontext=u:object_r:app_data_file:s0:c206,c257,c512,c768 tclass=file app=com.termux
02-18 15:14:46.879 18731 18731 W build-script-bu: type=1400 audit(0.0:108291): avc:  granted  { execute } for  name="bash" dev="dm-45" ino=103898 scontext=u:r:untrusted_app_27:s0:c206,c257,c512,c768 tcontext=u:object_r:app_data_file:s0:c206,c257,c512,c768 tclass=file app=com.termux
02-18 15:14:46.879 18731 18731 W build-script-bu: type=1400 audit(0.0:108292): avc:  granted  { execute_no_trans } for  path="/data/data/com.termux/files/usr/bin/bash" dev="dm-45" ino=103898 scontext=u:r:untrusted_app_27:s0:c206,c257,c512,c768 tcontext=u:object_r:app_data_file:s0:c206,c257,c512,c768 tclass=file app=com.termux
02-18 15:14:46.879 18731 18731 W bash    : type=1400 audit(0.0:108293): avc:  granted  { execute } for  path="/data/data/com.termux/files/usr/bin/bash" dev="dm-45" ino=103898 scontext=u:r:untrusted_app_27:s0:c206,c257,c512,c768 tcontext=u:object_r:app_data_file:s0:c206,c257,c512,c768 tclass=file app=com.termux
02-18 15:14:46.914  1505  1505 I ImeTracker: system_server:fe25fb06: onCancelled at PHASE_CLIENT_ON_CONTROLS_CHANGED
02-18 15:14:45.598 18736 18736 W audit   : audit_lost=74378 audit_rate_limit=5 audit_backlog_limit=64
02-18 15:14:45.598 18736 18736 E audit   : rate limit exceeded
02-18 15:14:48.342 18740 18740 W build-script-bu: type=1400 audit(0.0:108391): avc:  granted  { execute } for  name="aarch64-linux-android-clang++" dev="dm-45" ino=115807 scontext=u:r:untrusted_app_27:s0:c206,c257,c512,c768 tcontext=u:object_r:app_data_file:s0:c206,c257,c512,c768 tclass=file app=com.termux
02-18 15:14:48.346 18740 18740 W build-script-bu: type=1400 audit(0.0:108392): avc:  granted  { execute } for  name="bash" dev="dm-45" ino=103898 scontext=u:r:untrusted_app_27:s0:c206,c257,c512,c768 tcontext=u:object_r:app_data_file:s0:c206,c257,c512,c768 tclass=file app=com.termux
02-18 15:14:48.346 18740 18740 W build-script-bu: type=1400 audit(0.0:108393): avc:  granted  { execute_no_trans } for  path="/data/data/com.termux/files/usr/bin/bash" dev="dm-45" ino=103898 scontext=u:r:untrusted_app_27:s0:c206,c257,c512,c768 tcontext=u:object_r:app_data_file:s0:c206,c257,c512,c768 tclass=file app=com.termux
02-18 15:14:48.346 18740 18740 W bash    : type=1400 audit(0.0:108394): avc:  granted  { execute } for  path="/data/data/com.termux/files/usr/bin/bash" dev="dm-45" ino=103898 scontext=u:r:untrusted_app_27:s0:c206,c257,c512,c768 tcontext=u:object_r:app_data_file:s0:c206,c257,c512,c768 tclass=file app=com.termux
02-18 15:14:48.346 18740 18740 W bash    : type=1400 audit(0.0:108395): avc:  denied  { search } for  name="tests" dev="dm-45" ino=113 scontext=u:r:untrusted_app_27:s0:c206,c257,c512,c768 tcontext=u:object_r:shell_test_data_file:s0 tclass=dir permissive=0 app=com.termux
02-18 15:14:46.603 18741 18741 W audit   : audit_lost=74391 audit_rate_limit=5 audit_backlog_limit=64
02-18 15:14:46.603 18741 18741 E audit   : rate limit exceeded
02-18 15:14:49.787 18731 18731 W bash    : type=1400 audit(0.0:108472): avc:  denied  { ioctl } for  path="pipe:[1189232]" dev="pipefs" ino=1189232 ioctlcmd=0x5413 scontext=u:r:untrusted_app_27:s0:c206,c257,c512,c768 tcontext=u:r:untrusted_app_27:s0:c206,c257,c512,c768 tclass=fifo_file permissive=0 app=com.termux
02-18 15:14:49.787 18750 18750 W bash    : type=1400 audit(0.0:108473): avc:  granted  { execute } for  name="clang-21" dev="dm-45" ino=115824 scontext=u:r:untrusted_app_27:s0:c206,c257,c512,c768 tcontext=u:object_r:app_data_file:s0:c206,c257,c512,c768 tclass=file app=com.termux
02-18 15:14:49.787 18750 18750 W bash    : type=1400 audit(0.0:108474): avc:  granted  { execute } for  name="clang-21" dev="dm-45" ino=115824 scontext=u:r:untrusted_app_27:s0:c206,c257,c512,c768 tcontext=u:object_r:app_data_file:s0:c206,c257,c512,c768 tclass=file app=com.termux
02-18 15:14:49.787 18750 18750 W bash    : type=1400 audit(0.0:108475): avc:  granted  { execute_no_trans } for  path="/data/data/com.termux/files/usr/bin/clang-21" dev="dm-45" ino=115824 scontext=u:r:untrusted_app_27:s0:c206,c257,c512,c768 tcontext=u:object_r:app_data_file:s0:c206,c257,c512,c768 tclass=file app=com.termux
02-18 15:14:49.787 18750 18750 W clang++ : type=1400 audit(0.0:108476): avc:  granted  { execute } for  path="/data/data/com.termux/files/usr/bin/clang-21" dev="dm-45" ino=115824 scontext=u:r:untrusted_app_27:s0:c206,c257,c512,c768 tcontext=u:object_r:app_data_file:s0:c206,c257,c512,c768 tclass=file app=com.termux
02-18 15:14:47.647 18751 18751 W audit   : audit_lost=74473 audit_rate_limit=5 audit_backlog_limit=64
02-18 15:14:47.647 18751 18751 E audit   : rate limit exceeded
02-18 15:14:51.118 18758 18758 W build-script-bu: type=1400 audit(0.0:108613): avc:  granted  { execute } for  name="aarch64-linux-android-clang++" dev="dm-45" ino=115807 scontext=u:r:untrusted_app_27:s0:c206,c257,c512,c768 tcontext=u:object_r:app_data_file:s0:c206,c257,c512,c768 tclass=file app=com.termux
02-18 15:14:51.118 18758 18758 W build-script-bu: type=1400 audit(0.0:108614): avc:  granted  { execute } for  name="bash" dev="dm-45" ino=103898 scontext=u:r:untrusted_app_27:s0:c206,c257,c512,c768 tcontext=u:object_r:app_data_file:s0:c206,c257,c512,c768 tclass=file app=com.termux
02-18 15:14:51.118 18758 18758 W build-script-bu: type=1400 audit(0.0:108615): avc:  granted  { execute_no_trans } for  path="/data/data/com.termux/files/usr/bin/bash" dev="dm-45" ino=103898 scontext=u:r:untrusted_app_27:s0:c206,c257,c512,c768 tcontext=u:object_r:app_data_file:s0:c206,c257,c512,c768 tclass=file app=com.termux
02-18 15:14:51.118 18758 18758 W bash    : type=1400 audit(0.0:108616): avc:  granted  { execute } for  path="/data/data/com.termux/files/usr/bin/bash" dev="dm-45" ino=103898 scontext=u:r:untrusted_app_27:s0:c206,c257,c512,c768 tcontext=u:object_r:app_data_file:s0:c206,c257,c512,c768 tclass=file app=com.termux
02-18 15:14:51.118 18758 18758 W bash    : type=1400 audit(0.0:108617): avc:  denied  { search } for  name="tests" dev="dm-45" ino=113 scontext=u:r:untrusted_app_27:s0:c206,c257,c512,c768 tcontext=u:object_r:shell_test_data_file:s0 tclass=dir permissive=0 app=com.termux
02-18 15:14:48.755 18758 18758 W audit   : audit_lost=74593 audit_rate_limit=5 audit_backlog_limit=64
02-18 15:14:48.755 18758 18758 E audit   : rate limit exceeded
02-18 15:14:50.400 18770 18770 W audit   : audit_lost=74690 audit_rate_limit=5 audit_backlog_limit=64
02-18 15:14:52.923 18770 18770 W build-script-bu: type=1400 audit(0.0:108715): avc:  granted  { execute } for  name="aarch64-linux-android-clang++" dev="dm-45" ino=115807 scontext=u:r:untrusted_app_27:s0:c206,c257,c512,c768 tcontext=u:object_r:app_data_file:s0:c206,c257,c512,c768 tclass=file app=com.termux
02-18 15:14:52.923 18770 18770 W build-script-bu: type=1400 audit(0.0:108716): avc:  granted  { execute } for  name="bash" dev="dm-45" ino=103898 scontext=u:r:untrusted_app_27:s0:c206,c257,c512,c768 tcontext=u:object_r:app_data_file:s0:c206,c257,c512,c768 tclass=file app=com.termux
02-18 15:14:52.923 18770 18770 W build-script-bu: type=1400 audit(0.0:108717): avc:  granted  { execute_no_trans } for  path="/data/data/com.termux/files/usr/bin/bash" dev="dm-45" ino=103898 scontext=u:r:untrusted_app_27:s0:c206,c257,c512,c768 tcontext=u:object_r:app_data_file:s0:c206,c257,c512,c768 tclass=file app=com.termux
02-18 15:14:52.923 18770 18770 W bash    : type=1400 audit(0.0:108718): avc:  granted  { execute } for  path="/data/data/com.termux/files/usr/bin/bash" dev="dm-45" ino=103898 scontext=u:r:untrusted_app_27:s0:c206,c257,c512,c768 tcontext=u:object_r:app_data_file:s0:c206,c257,c512,c768 tclass=file app=com.termux
02-18 15:14:52.923 18770 18770 W bash    : type=1400 audit(0.0:108719): avc:  denied  { search } for  name="tests" dev="dm-45" ino=113 scontext=u:r:untrusted_app_27:s0:c206,c257,c512,c768 tcontext=u:object_r:shell_test_data_file:s0 tclass=dir permissive=0 app=com.termux
02-18 15:14:50.400 18770 18770 E audit   : rate limit exceeded
02-18 15:14:54.521 18758 18758 W bash    : type=1400 audit(0.0:108765): avc:  denied  { ioctl } for  path="pipe:[1195028]" dev="pipefs" ino=1195028 ioctlcmd=0x5413 scontext=u:r:untrusted_app_27:s0:c206,c257,c512,c768 tcontext=u:r:untrusted_app_27:s0:c206,c257,c512,c768 tclass=fifo_file permissive=0 app=com.termux
02-18 15:14:55.051 18779 18779 W build-script-bu: type=1400 audit(0.0:108766): avc:  granted  { execute } for  name="aarch64-linux-android-clang++" dev="dm-45" ino=115807 scontext=u:r:untrusted_app_27:s0:c206,c257,c512,c768 tcontext=u:object_r:app_data_file:s0:c206,c257,c512,c768 tclass=file app=com.termux
02-18 15:14:55.051 18779 18779 W build-script-bu: type=1400 audit(0.0:108767): avc:  granted  { execute } for  name="bash" dev="dm-45" ino=103898 scontext=u:r:untrusted_app_27:s0:c206,c257,c512,c768 tcontext=u:object_r:app_data_file:s0:c206,c257,c512,c768 tclass=file app=com.termux
02-18 15:14:55.051 18779 18779 W build-script-bu: type=1400 audit(0.0:108768): avc:  granted  { execute_no_trans } for  path="/data/data/com.termux/files/usr/bin/bash" dev="dm-45" ino=103898 scontext=u:r:untrusted_app_27:s0:c206,c257,c512,c768 tcontext=u:object_r:app_data_file:s0:c206,c257,c512,c768 tclass=file app=com.termux
02-18 15:14:55.051 18779 18779 W bash    : type=1400 audit(0.0:108769): avc:  granted  { execute } for  path="/data/data/com.termux/files/usr/bin/bash" dev="dm-45" ino=103898 scontext=u:r:untrusted_app_27:s0:c206,c257,c512,c768 tcontext=u:object_r:app_data_file:s0:c206,c257,c512,c768 tclass=file app=com.termux
02-18 15:14:52.235 18779 18779 W audit   : audit_lost=74735 audit_rate_limit=5 audit_backlog_limit=64
02-18 15:14:52.235 18779 18779 E audit   : rate limit exceeded
02-18 15:14:55.639 18792 18792 W bash    : type=1400 audit(0.0:108898): avc:  granted  { execute } for  name="clang-21" dev="dm-45" ino=115824 scontext=u:r:untrusted_app_27:s0:c206,c257,c512,c768 tcontext=u:object_r:app_data_file:s0:c206,c257,c512,c768 tclass=file app=com.termux
02-18 15:14:55.639 18792 18792 W bash    : type=1400 audit(0.0:108899): avc:  granted  { execute } for  name="clang-21" dev="dm-45" ino=115824 scontext=u:r:untrusted_app_27:s0:c206,c257,c512,c768 tcontext=u:object_r:app_data_file:s0:c206,c257,c512,c768 tclass=file app=com.termux
02-18 15:14:55.639 18792 18792 W bash    : type=1400 audit(0.0:108900): avc:  granted  { execute_no_trans } for  path="/data/data/com.termux/files/usr/bin/clang-21" dev="dm-45" ino=115824 scontext=u:r:untrusted_app_27:s0:c206,c257,c512,c768 tcontext=u:object_r:app_data_file:s0:c206,c257,c512,c768 tclass=file app=com.termux
02-18 15:14:55.639 18792 18792 W clang++ : type=1400 audit(0.0:108901): avc:  granted  { execute } for  path="/data/data/com.termux/files/usr/bin/clang-21" dev="dm-45" ino=115824 scontext=u:r:untrusted_app_27:s0:c206,c257,c512,c768 tcontext=u:object_r:app_data_file:s0:c206,c257,c512,c768 tclass=file app=com.termux
02-18 15:14:55.639 18792 18792 W clang++ : type=1400 audit(0.0:108902): avc:  denied  { search } for  name="tests" dev="dm-45" ino=113 scontext=u:r:untrusted_app_27:s0:c206,c257,c512,c768 tcontext=u:object_r:shell_test_data_file:s0 tclass=dir permissive=0 app=com.termux
02-18 15:14:53.795 18779 18779 W audit   : audit_lost=74878 audit_rate_limit=5 audit_backlog_limit=64
02-18 15:14:53.795 18779 18779 E audit   : rate limit exceeded
02-18 15:14:56.927 18783 18783 W bash    : type=1400 audit(0.0:108919): avc:  denied  { ioctl } for  path="pipe:[1188271]" dev="pipefs" ino=1188271 ioctlcmd=0x5413 scontext=u:r:untrusted_app_27:s0:c206,c257,c512,c768 tcontext=u:r:untrusted_app_27:s0:c206,c257,c512,c768 tclass=fifo_file permissive=0 app=com.termux
02-18 15:14:57.079 18799 18799 W build-script-bu: type=1400 audit(0.0:108920): avc:  granted  { execute } for  name="aarch64-linux-android-clang++" dev="dm-45" ino=115807 scontext=u:r:untrusted_app_27:s0:c206,c257,c512,c768 tcontext=u:object_r:app_data_file:s0:c206,c257,c512,c768 tclass=file app=com.termux
02-18 15:14:57.079 18799 18799 W build-script-bu: type=1400 audit(0.0:108921): avc:  granted  { execute } for  name="bash" dev="dm-45" ino=103898 scontext=u:r:untrusted_app_27:s0:c206,c257,c512,c768 tcontext=u:object_r:app_data_file:s0:c206,c257,c512,c768 tclass=file app=com.termux
02-18 15:14:57.079 18799 18799 W build-script-bu: type=1400 audit(0.0:108922): avc:  granted  { execute_no_trans } for  path="/data/data/com.termux/files/usr/bin/bash" dev="dm-45" ino=103898 scontext=u:r:untrusted_app_27:s0:c206,c257,c512,c768 tcontext=u:object_r:app_data_file:s0:c206,c257,c512,c768 tclass=file app=com.termux
02-18 15:14:57.083 18799 18799 W bash    : type=1400 audit(0.0:108923): avc:  granted  { execute } for  path="/data/data/com.termux/files/usr/bin/bash" dev="dm-45" ino=103898 scontext=u:r:untrusted_app_27:s0:c206,c257,c512,c768 tcontext=u:object_r:app_data_file:s0:c206,c257,c512,c768 tclass=file app=com.termux
02-18 15:14:54.848 18815 18815 W audit   : audit_lost=75077 audit_rate_limit=5 audit_backlog_limit=64
02-18 15:14:54.848 18815 18815 E audit   : rate limit exceeded
02-18 15:14:59.019 18827 18827 W build-script-bu: type=1400 audit(0.0:109173): avc:  granted  { execute } for  name="aarch64-linux-android-clang++" dev="dm-45" ino=115807 scontext=u:r:untrusted_app_27:s0:c206,c257,c512,c768 tcontext=u:object_r:app_data_file:s0:c206,c257,c512,c768 tclass=file app=com.termux
02-18 15:14:59.019 18827 18827 W build-script-bu: type=1400 audit(0.0:109174): avc:  granted  { execute } for  name="bash" dev="dm-45" ino=103898 scontext=u:r:untrusted_app_27:s0:c206,c257,c512,c768 tcontext=u:object_r:app_data_file:s0:c206,c257,c512,c768 tclass=file app=com.termux
02-18 15:14:59.019 18827 18827 W build-script-bu: type=1400 audit(0.0:109175): avc:  granted  { execute_no_trans } for  path="/data/data/com.termux/files/usr/bin/bash" dev="dm-45" ino=103898 scontext=u:r:untrusted_app_27:s0:c206,c257,c512,c768 tcontext=u:object_r:app_data_file:s0:c206,c257,c512,c768 tclass=file app=com.termux
02-18 15:14:59.019 18827 18827 W bash    : type=1400 audit(0.0:109176): avc:  granted  { execute } for  path="/data/data/com.termux/files/usr/bin/bash" dev="dm-45" ino=103898 scontext=u:r:untrusted_app_27:s0:c206,c257,c512,c768 tcontext=u:object_r:app_data_file:s0:c206,c257,c512,c768 tclass=file app=com.termux
02-18 15:14:59.023 18827 18827 W bash    : type=1400 audit(0.0:109177): avc:  denied  { search } for  name="tests" dev="dm-45" ino=113 scontext=u:r:untrusted_app_27:s0:c206,c257,c512,c768 tcontext=u:object_r:shell_test_data_file:s0 tclass=dir permissive=0 app=com.termux
02-18 15:14:56.244 18799 18799 W audit   : audit_lost=75173 audit_rate_limit=5 audit_backlog_limit=64
02-18 15:14:56.244 18799 18799 E audit   : rate limit exceeded
02-18 15:15:00.206 18820 18820 W bash    : type=1400 audit(0.0:109275): avc:  denied  { ioctl } for  path="pipe:[1193229]" dev="pipefs" ino=1193229 ioctlcmd=0x5413 scontext=u:r:untrusted_app_27:s0:c206,c257,c512,c768 tcontext=u:r:untrusted_app_27:s0:c206,c257,c512,c768 tclass=fifo_file permissive=0 app=com.termux
02-18 15:15:00.418 18827 18827 W bash    : type=1400 audit(0.0:109276): avc:  denied  { ioctl } for  path="pipe:[1193266]" dev="pipefs" ino=1193266 ioctlcmd=0x5413 scontext=u:r:untrusted_app_27:s0:c206,c257,c512,c768 tcontext=u:r:untrusted_app_27:s0:c206,c257,c512,c768 tclass=fifo_file permissive=0 app=com.termux
02-18 15:15:01.106 18830 18830 W bash    : type=1400 audit(0.0:109277): avc:  denied  { ioctl } for  path="pipe:[1190652]" dev="pipefs" ino=1190652 ioctlcmd=0x5413 scontext=u:r:untrusted_app_27:s0:c206,c257,c512,c768 tcontext=u:r:untrusted_app_27:s0:c206,c257,c512,c768 tclass=fifo_file permissive=0 app=com.termux
02-18 15:15:01.462 18837 18837 W build-script-bu: type=1400 audit(0.0:109278): avc:  granted  { execute } for  name="llvm-ar" dev="dm-45" ino=111374 scontext=u:r:untrusted_app_27:s0:c206,c257,c512,c768 tcontext=u:object_r:app_data_file:s0:c206,c257,c512,c768 tclass=file app=com.termux
02-18 15:15:01.462 18837 18837 W build-script-bu: type=1400 audit(0.0:109279): avc:  granted  { execute } for  name="llvm-ar" dev="dm-45" ino=111374 scontext=u:r:untrusted_app_27:s0:c206,c257,c512,c768 tcontext=u:object_r:app_data_file:s0:c206,c257,c512,c768 tclass=file app=com.termux
02-18 15:15:01.462 18837 18837 W build-script-bu: type=1400 audit(0.0:109280): avc:  granted  { execute_no_trans } for  path="/data/data/com.termux/files/usr/bin/llvm-ar" dev="dm-45" ino=111374 scontext=u:r:untrusted_app_27:s0:c206,c257,c512,c768 tcontext=u:object_r:app_data_file:s0:c206,c257,c512,c768 tclass=file app=com.termux
02-18 15:15:01.462 18837 18837 W llvm-ar : type=1400 audit(0.0:109281): avc:  granted  { execute } for  path="/data/data/com.termux/files/usr/bin/llvm-ar" dev="dm-45" ino=111374 scontext=u:r:untrusted_app_27:s0:c206,c257,c512,c768 tcontext=u:object_r:app_data_file:s0:c206,c257,c512,c768 tclass=file app=com.termux
02-18 15:15:01.466 18837 18837 W llvm-ar : type=1400 audit(0.0:109282): avc:  denied  { search } for  name="tests" dev="dm-45" ino=113 scontext=u:r:untrusted_app_27:s0:c206,c257,c512,c768 tcontext=u:object_r:shell_test_data_file:s0 tclass=dir permissive=0 app=com.termux
02-18 15:15:01.466 18837 18837 W llvm-ar : type=1400 audit(0.0:109283): avc:  denied  { search } for  name="tests" dev="dm-45" ino=113 scontext=u:r:untrusted_app_27:s0:c206,c257,c512,c768 tcontext=u:object_r:shell_test_data_file:s0 tclass=dir permissive=0 app=com.termux
02-18 15:15:01.466 18837 18837 W llvm-ar : type=1400 audit(0.0:109284): avc:  denied  { search } for  name="tests" dev="dm-45" ino=113 scontext=u:r:untrusted_app_27:s0:c206,c257,c512,c768 tcontext=u:object_r:shell_test_data_file:s0 tclass=dir permissive=0 app=com.termux
02-18 15:14:58.081 18837 18837 W audit   : audit_lost=75225 audit_rate_limit=5 audit_backlog_limit=64
02-18 15:14:58.081 18837 18837 E audit   : rate limit exceeded
02-18 15:15:08.059 18905 18905 W cargo   : type=1400 audit(0.0:109360): avc:  granted  { execute } for  name="rustc" dev="dm-45" ino=606633 scontext=u:r:untrusted_app_27:s0:c206,c257,c512,c768 tcontext=u:object_r:app_data_file:s0:c206,c257,c512,c768 tclass=file app=com.termux
02-18 15:15:08.059 18905 18905 W cargo   : type=1400 audit(0.0:109361): avc:  granted  { execute } for  name="rustc" dev="dm-45" ino=606633 scontext=u:r:untrusted_app_27:s0:c206,c257,c512,c768 tcontext=u:object_r:app_data_file:s0:c206,c257,c512,c768 tclass=file app=com.termux
02-18 15:15:08.059 18905 18905 W cargo   : type=1400 audit(0.0:109362): avc:  granted  { execute_no_trans } for  path="/data/data/com.termux/files/usr/bin/rustc" dev="dm-45" ino=606633 scontext=u:r:untrusted_app_27:s0:c206,c257,c512,c768 tcontext=u:object_r:app_data_file:s0:c206,c257,c512,c768 tclass=file app=com.termux
02-18 15:15:08.063 18905 18905 W rustc   : type=1400 audit(0.0:109363): avc:  granted  { execute } for  path="/data/data/com.termux/files/usr/bin/rustc" dev="dm-45" ino=606633 scontext=u:r:untrusted_app_27:s0:c206,c257,c512,c768 tcontext=u:object_r:app_data_file:s0:c206,c257,c512,c768 tclass=file app=com.termux
02-18 15:15:08.067 18905 18905 W rustc   : type=1400 audit(0.0:109364): avc:  denied  { search } for  name="tests" dev="dm-45" ino=113 scontext=u:r:untrusted_app_27:s0:c206,c257,c512,c768 tcontext=u:object_r:shell_test_data_file:s0 tclass=dir permissive=0 app=com.termux
02-18 15:15:03.941 18905 18905 W audit   : audit_lost=75300 audit_rate_limit=5 audit_backlog_limit=64
02-18 15:15:03.941 18905 18905 E audit   : rate limit exceeded
02-18 15:15:14.071 18962 18962 W cargo   : type=1400 audit(0.0:109383): avc:  granted  { execute } for  name="rustc" dev="dm-45" ino=606633 scontext=u:r:untrusted_app_27:s0:c206,c257,c512,c768 tcontext=u:object_r:app_data_file:s0:c206,c257,c512,c768 tclass=file app=com.termux
02-18 15:15:14.071 18962 18962 W cargo   : type=1400 audit(0.0:109384): avc:  granted  { execute } for  name="rustc" dev="dm-45" ino=606633 scontext=u:r:untrusted_app_27:s0:c206,c257,c512,c768 tcontext=u:object_r:app_data_file:s0:c206,c257,c512,c768 tclass=file app=com.termux
02-18 15:15:14.071 18962 18962 W cargo   : type=1400 audit(0.0:109385): avc:  granted  { execute_no_trans } for  path="/data/data/com.termux/files/usr/bin/rustc" dev="dm-45" ino=606633 scontext=u:r:untrusted_app_27:s0:c206,c257,c512,c768 tcontext=u:object_r:app_data_file:s0:c206,c257,c512,c768 tclass=file app=com.termux
02-18 15:15:14.075 18962 18962 W rustc   : type=1400 audit(0.0:109386): avc:  granted  { execute } for  path="/data/data/com.termux/files/usr/bin/rustc" dev="dm-45" ino=606633 scontext=u:r:untrusted_app_27:s0:c206,c257,c512,c768 tcontext=u:object_r:app_data_file:s0:c206,c257,c512,c768 tclass=file app=com.termux
02-18 15:15:14.075 18962 18962 W rustc   : type=1400 audit(0.0:109387): avc:  denied  { search } for  name="tests" dev="dm-45" ino=113 scontext=u:r:untrusted_app_27:s0:c206,c257,c512,c768 tcontext=u:object_r:shell_test_data_file:s0 tclass=dir permissive=0 app=com.termux
02-18 15:15:08.513 18962 18962 W audit   : audit_lost=75318 audit_rate_limit=5 audit_backlog_limit=64
02-18 15:15:08.513 18962 18962 E audit   : rate limit exceeded
02-18 15:15:21.719 19018 19018 W rustc   : type=1400 audit(0.0:109413): avc:  granted  { execute } for  name="aarch64-linux-android-clang" dev="dm-45" ino=115776 scontext=u:r:untrusted_app_27:s0:c206,c257,c512,c768 tcontext=u:object_r:app_data_file:s0:c206,c257,c512,c768 tclass=file app=com.termux
02-18 15:15:21.719 19018 19018 W rustc   : type=1400 audit(0.0:109414): avc:  granted  { execute } for  name="bash" dev="dm-45" ino=103898 scontext=u:r:untrusted_app_27:s0:c206,c257,c512,c768 tcontext=u:object_r:app_data_file:s0:c206,c257,c512,c768 tclass=file app=com.termux
02-18 15:15:21.719 19018 19018 W rustc   : type=1400 audit(0.0:109415): avc:  granted  { execute_no_trans } for  path="/data/data/com.termux/files/usr/bin/bash" dev="dm-45" ino=103898 scontext=u:r:untrusted_app_27:s0:c206,c257,c512,c768 tcontext=u:object_r:app_data_file:s0:c206,c257,c512,c768 tclass=file app=com.termux
02-18 15:15:21.727 19018 19018 W bash    : type=1400 audit(0.0:109416): avc:  granted  { execute } for  path="/data/data/com.termux/files/usr/bin/bash" dev="dm-45" ino=103898 scontext=u:r:untrusted_app_27:s0:c206,c257,c512,c768 tcontext=u:object_r:app_data_file:s0:c206,c257,c512,c768 tclass=file app=com.termux
02-18 15:15:21.735 19018 19018 W bash    : type=1400 audit(0.0:109417): avc:  denied  { search } for  name="tests" dev="dm-45" ino=113 scontext=u:r:untrusted_app_27:s0:c206,c257,c512,c768 tcontext=u:object_r:shell_test_data_file:s0 tclass=dir permissive=0 app=com.termux
02-18 15:15:11.695 19018 19018 W audit   : audit_lost=75343 audit_rate_limit=5 audit_backlog_limit=64
02-18 15:15:11.695 19018 19018 E audit   : rate limit exceeded
02-18 15:15:25.904 19032 19032 W bash    : type=1400 audit(0.0:109557): avc:  granted  { execute } for  name="aapt2" dev="dm-45" ino=156551 scontext=u:r:untrusted_app_27:s0:c206,c257,c512,c768 tcontext=u:object_r:app_data_file:s0:c206,c257,c512,c768 tclass=file app=com.termux
02-18 15:15:25.904 19032 19032 W bash    : type=1400 audit(0.0:109558): avc:  granted  { execute } for  name="aapt2" dev="dm-45" ino=156551 scontext=u:r:untrusted_app_27:s0:c206,c257,c512,c768 tcontext=u:object_r:app_data_file:s0:c206,c257,c512,c768 tclass=file app=com.termux
02-18 15:15:25.904 19032 19032 W bash    : type=1400 audit(0.0:109559): avc:  granted  { execute_no_trans } for  path="/data/data/com.termux/files/usr/bin/aapt2" dev="dm-45" ino=156551 scontext=u:r:untrusted_app_27:s0:c206,c257,c512,c768 tcontext=u:object_r:app_data_file:s0:c206,c257,c512,c768 tclass=file app=com.termux
02-18 15:15:25.904 19032 19032 W aapt2   : type=1400 audit(0.0:109560): avc:  granted  { execute } for  path="/data/data/com.termux/files/usr/bin/aapt2" dev="dm-45" ino=156551 scontext=u:r:untrusted_app_27:s0:c206,c257,c512,c768 tcontext=u:object_r:app_data_file:s0:c206,c257,c512,c768 tclass=file app=com.termux
02-18 15:15:25.904 19032 19032 W aapt2   : type=1400 audit(0.0:109561): avc:  denied  { search } for  name="tests" dev="dm-45" ino=113 scontext=u:r:untrusted_app_27:s0:c206,c257,c512,c768 tcontext=u:object_r:shell_test_data_file:s0 tclass=dir permissive=0 app=com.termux
02-18 15:15:13.224 19032 19032 W audit   : audit_lost=75482 audit_rate_limit=5 audit_backlog_limit=64
02-18 15:15:13.224 19032 19032 E audit   : rate limit exceeded
02-18 15:15:28.001 19035 19035 I libc    : SetHeapTaggingLevel: tag level set to 0
02-18 15:15:28.916 19035 19035 W javac   : type=1400 audit(0.0:109669): avc:  granted  { execute } for  name="login" dev="dm-45" ino=103416 scontext=u:r:untrusted_app_27:s0:c206,c257,c512,c768 tcontext=u:object_r:app_data_file:s0:c206,c257,c512,c768 tclass=file app=com.termux
02-18 15:15:29.024 19035 19035 W javac   : type=1400 audit(0.0:109670): avc:  granted  { execute } for  path="/data/data/com.termux/files/usr/lib/jvm/java-21-openjdk/lib/libnio.so" dev="dm-45" ino=659202 scontext=u:r:untrusted_app_27:s0:c206,c257,c512,c768 tcontext=u:object_r:app_data_file:s0:c206,c257,c512,c768 tclass=file app=com.termux
02-18 15:15:29.024 19035 19035 W javac   : type=1400 audit(0.0:109671): avc:  granted  { execute } for  path="/data/data/com.termux/files/usr/lib/jvm/java-21-openjdk/lib/libnet.so" dev="dm-45" ino=659199 scontext=u:r:untrusted_app_27:s0:c206,c257,c512,c768 tcontext=u:object_r:app_data_file:s0:c206,c257,c512,c768 tclass=file app=com.termux
02-18 15:15:29.959 19035 19035 W javac   : type=1400 audit(0.0:109672): avc:  denied  { read } for  name="if_inet6" dev="proc" ino=4026532207 scontext=u:r:untrusted_app_27:s0:c206,c257,c512,c768 tcontext=u:object_r:proc_net:s0 tclass=file permissive=0 app=com.termux
02-18 15:15:31.800 19035 19035 W javac   : type=1400 audit(0.0:109673): avc:  granted  { execute } for  path="/data/data/com.termux/files/usr/lib/jvm/java-21-openjdk/lib/libzip.so" dev="dm-45" ino=633755 scontext=u:r:untrusted_app_27:s0:c206,c257,c512,c768 tcontext=u:object_r:app_data_file:s0:c206,c257,c512,c768 tclass=file app=com.termux
02-18 15:15:32.907 19068 19068 W bash    : type=1400 audit(0.0:109674): avc:  granted  { execute } for  name="pgrep" dev="dm-45" ino=102429 scontext=u:r:untrusted_app_27:s0:c206,c257,c512,c768 tcontext=u:object_r:app_data_file:s0:c206,c257,c512,c768 tclass=file app=com.termux
02-18 15:15:32.911 19068 19068 W bash    : type=1400 audit(0.0:109675): avc:  granted  { execute } for  name="pgrep" dev="dm-45" ino=102429 scontext=u:r:untrusted_app_27:s0:c206,c257,c512,c768 tcontext=u:object_r:app_data_file:s0:c206,c257,c512,c768 tclass=file app=com.termux
02-18 15:15:32.911 19068 19068 W bash    : type=1400 audit(0.0:109676): avc:  granted  { execute_no_trans } for  path="/data/data/com.termux/files/usr/bin/pgrep" dev="dm-45" ino=102429 scontext=u:r:untrusted_app_27:s0:c206,c257,c512,c768 tcontext=u:object_r:app_data_file:s0:c206,c257,c512,c768 tclass=file app=com.termux
02-18 15:15:32.911 19068 19068 W pgrep   : type=1400 audit(0.0:109677): avc:  granted  { execute } for  path="/data/data/com.termux/files/usr/bin/pgrep" dev="dm-45" ino=102429 scontext=u:r:untrusted_app_27:s0:c206,c257,c512,c768 tcontext=u:object_r:app_data_file:s0:c206,c257,c512,c768 tclass=file app=com.termux
02-18 15:15:32.919 19068 19068 W pgrep   : type=1400 audit(0.0:109678): avc:  denied  { search } for  name="tests" dev="dm-45" ino=113 scontext=u:r:untrusted_app_27:s0:c206,c257,c512,c768 tcontext=u:object_r:shell_test_data_file:s0 tclass=dir permissive=0 app=com.termux
02-18 15:15:16.292 19068 19068 W audit   : audit_lost=75589 audit_rate_limit=5 audit_backlog_limit=64
02-18 15:15:16.292 19068 19068 E audit   : rate limit exceeded
02-18 15:15:39.316  1505  1505 I ImeTracker: system_server:eeec719e: onCancelled at PHASE_CLIENT_ON_CONTROLS_CHANGED
02-18 15:15:39.325  1505  1505 I ImeTracker: system_server:2fe8e76: onCancelled at PHASE_CLIENT_ON_CONTROLS_CHANGED
02-18 15:16:11.446  1505  1505 I ImeTracker: system_server:f615e035: onCancelled at PHASE_CLIENT_ON_CONTROLS_CHANGED
02-18 15:16:12.082  1505  1505 D ViewRootImpl: Skipping stats log for color mode
02-18 15:16:12.123  1505 19277 D MediaCodecList: codecHandlesFormat: no format, so no extra checks
02-18 15:16:12.124  1505 19286 D CCodec  : allocate(c2.android.vorbis.decoder)
02-18 15:16:12.128  1505 19286 I CCodec  : setting up 'default' as default (vendor) store
02-18 15:16:12.131  1505  1505 I ImeTracker: system_server:b3bf0a4e: onCancelled at PHASE_CLIENT_ON_CONTROLS_CHANGED
02-18 15:16:12.134  1505  1505 I ImeTracker: system_server:646afff9: onCancelled at PHASE_CLIENT_ON_CONTROLS_CHANGED
02-18 15:16:12.151  1505  1505 D ImeBackDispatcher: switch root view (mImeCallbacks.size=0)
02-18 15:16:12.152  1505  1545 D BufferPoolAccessor2.0: bufferpool2 0x7917792028 : 0(0 size) total buffers - 0(0 size) used buffers - 2/7 (recycle/alloc) - 5/24 (fetch/transfer)
02-18 15:16:12.152  1505  1545 D BufferPoolAccessor2.0: Destruction - bufferpool2 0x7917792028 cached: 0/0M, 0/0% in use; allocs: 7, 29% recycled; transfers: 24, 79% unfetched
02-18 15:16:12.153  1505 19286 I CCodec  : Created component [c2.android.vorbis.decoder] for [c2.android.vorbis.decoder]
02-18 15:16:12.154  1505 19286 D CCodecConfig: read media type: audio/vorbis
02-18 15:16:12.154  1505 19286 D ReflectedParamUpdater: extent() != 1 for single value type: algo.buffers.max-count.values
02-18 15:16:12.154  1505 19286 D ReflectedParamUpdater: extent() != 1 for single value type: output.subscribed-indices.values
02-18 15:16:12.154  1505 19286 D ReflectedParamUpdater: extent() != 1 for single value type: input.buffers.allocator-ids.values
02-18 15:16:12.154  1505 19286 D ReflectedParamUpdater: extent() != 1 for single value type: output.buffers.allocator-ids.values
02-18 15:16:12.154  1505 19286 D ReflectedParamUpdater: extent() != 1 for single value type: algo.buffers.allocator-ids.values
02-18 15:16:12.154  1505 19286 D ReflectedParamUpdater: extent() != 1 for single value type: output.buffers.pool-ids.values
02-18 15:16:12.154  1505 19286 D ReflectedParamUpdater: extent() != 1 for single value type: algo.buffers.pool-ids.values
02-18 15:16:12.155  1505 19286 I CCodecConfig: query failed after returning 8 values (BAD_INDEX)
02-18 15:16:12.155  1505 19286 D CCodecConfig: c2 config diff is Dict {
02-18 15:16:12.155  1505 19286 D CCodecConfig:   c2::u32 coded.bitrate.value = 64000
02-18 15:16:12.155  1505 19286 D CCodecConfig:   c2::u32 input.buffers.max-size.value = 32768
02-18 15:16:12.155  1505 19286 D CCodecConfig:   c2::u32 input.delay.value = 0
02-18 15:16:12.155  1505 19286 D CCodecConfig:   string input.media-type.value = "audio/vorbis"
02-18 15:16:12.155  1505 19286 D CCodecConfig:   c2::u32 output.large-frame.max-size = 0
02-18 15:16:12.155  1505 19286 D CCodecConfig:   c2::u32 output.large-frame.threshold-size = 0
02-18 15:16:12.155  1505 19286 D CCodecConfig:   string output.media-type.value = "audio/raw"
02-18 15:16:12.155  1505 19286 D CCodecConfig:   c2::u32 raw.channel-count.value = 1
02-18 15:16:12.155  1505 19286 D CCodecConfig:   c2::u32 raw.sample-rate.value = 48000
02-18 15:16:12.155  1505 19286 D CCodecConfig: }
02-18 15:16:12.155  1505 19286 D CCodec  : [c2.android.vorbis.decoder] buffers are bound to CCodec for this session
02-18 15:16:12.155  1505 19286 D CCodecConfig: no c2 equivalents for durationUs
02-18 15:16:12.156  1505 19286 D CCodecConfig: no c2 equivalents for track-id
02-18 15:16:12.156  1505 19286 D CCodecConfig: no c2 equivalents for csd-1
02-18 15:16:12.156  1505 19286 D CCodecConfig: no c2 equivalents for flags
02-18 15:16:12.156  1505 19286 D CCodecConfig: c2 config diff is   c2::u32 coded.bitrate.value = 96000
02-18 15:16:12.156  1505 19286 D CCodecConfig:   c2::u32 raw.sample-rate.value = 44100
02-18 15:16:12.156  1505 19286 W Codec2Client: query -- param skipped: index = 1107298332.
02-18 15:16:12.156  1505 19286 D CCodec  : encoding statistics level = 0
02-18 15:16:12.156  1505 19286 D CCodec  : setup formats input: AMessage(what = 0x00000000) = {
02-18 15:16:12.156  1505 19286 D CCodec  :   int32_t bitrate = 96000
02-18 15:16:12.156  1505 19286 D CCodec  :   int32_t channel-count = 1
02-18 15:16:12.156  1505 19286 D CCodec  :   int32_t max-input-size = 32768
02-18 15:16:12.156  1505 19286 D CCodec  :   string mime = "audio/vorbis"
02-18 15:16:12.156  1505 19286 D CCodec  :   int32_t sample-rate = 44100
02-18 15:16:12.156  1505 19286 D CCodec  : }
02-18 15:16:12.156  1505 19286 D CCodec  : setup formats output: AMessage(what = 0x00000000) = {
02-18 15:16:12.156  1505 19286 D CCodec  :   int32_t buffer-batch-max-output-size = 0
02-18 15:16:12.156  1505 19286 D CCodec  :   int32_t buffer-batch-threshold-output-size = 0
02-18 15:16:12.156  1505 19286 D CCodec  :   int32_t channel-count = 1
02-18 15:16:12.156  1505 19286 D CCodec  :   string mime = "audio/raw"
02-18 15:16:12.156  1505 19286 D CCodec  :   int32_t sample-rate = 44100
02-18 15:16:12.156  1505 19286 D CCodec  :   int32_t channel-mask = 1
02-18 15:16:12.156  1505 19286 D CCodec  :   int32_t android._config-pcm-encoding = 2
02-18 15:16:12.156  1505 19286 D CCodec  : }
02-18 15:16:12.156  1505 19286 I CCodecConfig: query failed after returning 8 values (BAD_INDEX)
02-18 15:16:12.157  1505 19286 W Codec2Client: query -- param skipped: index = 1342179345.
02-18 15:16:12.157  1505 19286 W Codec2Client: query -- param skipped: index = 2415921170.
02-18 15:16:12.158  1505 19286 D CCodecBufferChannel: [c2.android.vorbis.decoder#697] Created input block pool with allocatorID 16 => poolID 25 - OK (0)
02-18 15:16:12.159  1505 19286 I CCodecBufferChannel: [c2.android.vorbis.decoder#697] Created output block pool with allocatorID 16 => poolID 259 - OK
02-18 15:16:12.159  1505 19286 D CCodecBufferChannel: [c2.android.vorbis.decoder#697] Configured output block pool ids 259 => OK
02-18 15:16:12.173  1505 19286 D CCodecBufferChannel: [c2.android.vorbis.decoder#697] MediaCodec discarded an unknown buffer
02-18 15:16:12.173  1505 19286 D CCodecBufferChannel: [c2.android.vorbis.decoder#697] MediaCodec discarded an unknown buffer
02-18 15:16:12.173  1505 19286 D CCodecBufferChannel: [c2.android.vorbis.decoder#697] MediaCodec discarded an unknown buffer
02-18 15:16:12.174  1505 19286 I hw-BpHwBinder: onLastStrongRef automatically unlinking death recipients
02-18 15:16:12.180  1505  1505 D ImeBackDispatcher: Register received callback id=236493227 priority=0
02-18 15:16:12.180  1505  1505 D WindowOnBackDispatcher: setTopOnBackInvokedCallback (unwrapped): ImeOnBackInvokedCallback@236493227 Callback=android.window.IOnBackInvokedCallback$Stub$Proxy@c06de92
02-18 15:16:12.398  1505  1505 I ImeTracker: com.termux:4d5835da: onRequestShow at ORIGIN_CLIENT reason SHOW_SOFT_INPUT fromUser false
02-18 15:16:12.398  1505  1505 D InsetsController: show(ime())
02-18 15:16:12.399  1505  1505 I ImeTracker: com.termux:4d5835da: onCancelled at PHASE_CLIENT_APPLY_ANIMATION
02-18 15:16:15.023  1505  1505 D WindowOnBackDispatcher: setTopOnBackInvokedCallback (unwrapped): android.view.ViewRootImpl$$ExternalSyntheticLambda12@967485b
02-18 15:16:15.035  1505  1505 D WindowOnBackDispatcher: setTopOnBackInvokedCallback (unwrapped): android.view.ViewRootImpl$$ExternalSyntheticLambda12@5f6a0d
02-18 15:16:15.054  1505  1505 D WindowOnBackDispatcher: setTopOnBackInvokedCallback (unwrapped): android.view.ViewRootImpl$$ExternalSyntheticLambda12@623ae2f
02-18 15:16:15.069  1505  1505 E ViewDragHelper: Ignoring pointerId=0 because ACTION_DOWN was not received for this pointer before ACTION_MOVE. It likely happened because  ViewDragHelper did not receive all the events in the event stream.
02-18 15:16:15.069  1505  1505 E ViewDragHelper: Ignoring pointerId=0 because ACTION_DOWN was not received for this pointer before ACTION_MOVE. It likely happened because  ViewDragHelper did not receive all the events in the event stream.
02-18 15:16:15.069  1505  1505 E ViewDragHelper: Ignoring pointerId=0 because ACTION_DOWN was not received for this pointer before ACTION_MOVE. It likely happened because  ViewDragHelper did not receive all the events in the event stream.
02-18 15:16:15.069  1505  1505 E ViewDragHelper: Ignoring pointerId=0 because ACTION_DOWN was not received for this pointer before ACTION_MOVE. It likely happened because  ViewDragHelper did not receive all the events in the event stream.
02-18 15:16:15.104  1505  1505 E ViewDragHelper: Ignoring pointerId=0 because ACTION_DOWN was not received for this pointer before ACTION_MOVE. It likely happened because  ViewDragHelper did not receive all the events in the event stream.
02-18 15:16:15.104  1505  1505 E ViewDragHelper: Ignoring pointerId=0 because ACTION_DOWN was not received for this pointer before ACTION_MOVE. It likely happened because  ViewDragHelper did not receive all the events in the event stream.
02-18 15:16:15.104  1505  1505 E ViewDragHelper: Ignoring pointerId=0 because ACTION_DOWN was not received for this pointer before ACTION_MOVE. It likely happened because  ViewDragHelper did not receive all the events in the event stream.
02-18 15:16:15.104  1505  1505 E ViewDragHelper: Ignoring pointerId=0 because ACTION_DOWN was not received for this pointer before ACTION_MOVE. It likely happened because  ViewDragHelper did not receive all the events in the event stream.
02-18 15:16:15.112  1505  1505 E ViewDragHelper: Ignoring pointerId=0 because ACTION_DOWN was not received for this pointer before ACTION_MOVE. It likely happened because  ViewDragHelper did not receive all the events in the event stream.
02-18 15:16:15.113  1505  1505 E ViewDragHelper: Ignoring pointerId=0 because ACTION_DOWN was not received for this pointer before ACTION_MOVE. It likely happened because  ViewDragHelper did not receive all the events in the event stream.
02-18 15:16:15.113  1505  1505 E ViewDragHelper: Ignoring pointerId=0 because ACTION_DOWN was not received for this pointer before ACTION_MOVE. It likely happened because  ViewDragHelper did not receive all the events in the event stream.
02-18 15:16:15.113  1505  1505 E ViewDragHelper: Ignoring pointerId=0 because ACTION_DOWN was not received for this pointer before ACTION_MOVE. It likely happened because  ViewDragHelper did not receive all the events in the event stream.
02-18 15:16:15.171  1505  1505 D WindowOnBackDispatcher: setTopOnBackInvokedCallback (unwrapped): null
02-18 15:16:15.522  1505  1505 D WindowOnBackDispatcher: setTopOnBackInvokedCallback (unwrapped): null
02-18 15:16:15.526  1505  1505 D WindowOnBackDispatcher: setTopOnBackInvokedCallback (unwrapped): null
02-18 15:16:17.153  1505  1544 D BufferPoolAccessor2.0: evictor expired: 1, evicted: 0
02-18 15:16:18.154  1505  1544 D BufferPoolAccessor2.0: bufferpool2 0x791779d238 : 0(0 size) total buffers - 0(0 size) used buffers - 1/7 (recycle/alloc) - 6/24 (fetch/transfer)
02-18 15:16:18.155  1505  1544 D BufferPoolAccessor2.0: evictor expired: 1, evicted: 1
02-18 15:16:23.517  1505  1505 D WindowOnBackDispatcher: setTopOnBackInvokedCallback (unwrapped): android.view.ViewRootImpl$$ExternalSyntheticLambda12@e3fd522
02-18 15:16:24.543  1505  1505 D WindowOnBackDispatcher: setTopOnBackInvokedCallback (unwrapped): null
02-18 15:16:43.469  1505  1505 D WindowOnBackDispatcher: setTopOnBackInvokedCallback (unwrapped): android.view.ViewRootImpl$$ExternalSyntheticLambda12@6f715d
02-18 15:16:43.600  1505  1505 D WindowOnBackDispatcher: setTopOnBackInvokedCallback (unwrapped): null
02-18 15:16:45.513  1505  1505 D WindowOnBackDispatcher: setTopOnBackInvokedCallback (unwrapped): android.view.ViewRootImpl$$ExternalSyntheticLambda12@2a05d64
02-18 15:16:45.943  1505  1505 D WindowOnBackDispatcher: setTopOnBackInvokedCallback (unwrapped): null
02-18 15:16:46.468  1505  1505 D WindowOnBackDispatcher: setTopOnBackInvokedCallback (unwrapped): android.view.ViewRootImpl$$ExternalSyntheticLambda12@19edfe7
02-18 15:16:46.995  1505  1505 D WindowOnBackDispatcher: setTopOnBackInvokedCallback (unwrapped): null
