02-17 07:53:02.288 31819 31819 I AconfigPackage: com.android.server.utils is mapped to system
02-17 07:53:02.288 31819 31819 I AconfigPackage: android.chre.flags is mapped to system
02-17 07:53:02.288 31819 31819 I AconfigPackage: android.content.flags is mapped to system
02-17 07:53:02.288 31819 31819 I AconfigPackage: android.media.codec is mapped to system
02-17 07:53:02.288 31819 31819 I AconfigPackage: com.android.internal.os is mapped to system
02-17 07:53:02.288 31819 31819 I AconfigPackage: com.android.nfc.nci.flags is mapped to system
02-17 07:53:02.288 31819 31819 I AconfigPackage: android.app is mapped to system
02-17 07:53:02.288 31819 31819 I AconfigPackage: android.security.keystore2 is mapped to system
02-17 07:53:02.288 31819 31819 I AconfigPackage: android.crashrecovery.flags is mapped to system
02-17 07:53:02.288 31819 31819 I AconfigPackage: com.android.tradeinmode.flags is mapped to system
02-17 07:53:02.288 31819 31819 I AconfigPackage: android.hardware.flags is mapped to system
02-17 07:53:02.288 31819 31819 I AconfigPackage: com.android.server.telecom.flags is mapped to system
02-17 07:53:02.288 31819 31819 I AconfigPackage: com.android.settingslib.media.flags is mapped to system
02-17 07:53:02.288 31819 31819 I AconfigPackage: com.android.server.policy is mapped to system
02-17 07:53:02.288 31819 31819 I AconfigPackage: android.media.audiopolicy is mapped to system
02-17 07:53:02.288 31819 31819 I AconfigPackage: com.android.egg.flags is mapped to system
02-17 07:53:02.288 31819 31819 I AconfigPackage: com.android.internal.compat.flags is mapped to system
02-17 07:53:02.288 31819 31819 I AconfigPackage: android.security is mapped to system
02-17 07:53:02.288 31819 31819 I AconfigPackage: android.service.autofill is mapped to system
02-17 07:53:02.288 31819 31819 I AconfigPackage: com.example.android.aconfig.demo.flags is mapped to system
02-17 07:53:02.288 31819 31819 I AconfigPackage: com.android.server.clipboard is mapped to system
02-17 07:53:02.288 31819 31819 I AconfigPackage: android.view.flags is mapped to system
02-17 07:53:02.288 31819 31819 I AconfigPackage: android.companion.virtual.flags is mapped to system
02-17 07:53:02.288 31819 31819 I AconfigPackage: com.android.aconfig_new_storage is mapped to system
02-17 07:53:02.288 31819 31819 I AconfigPackage: com.android.server.feature.flags is mapped to system
02-17 07:53:02.288 31819 31819 I AconfigPackage: com.android.systemui is mapped to system
02-17 07:53:02.288 31819 31819 I AconfigPackage: com.android.server.power.batterysaver is mapped to system
02-17 07:53:02.288 31819 31819 I AconfigPackage: android.widget.flags is mapped to system
02-17 07:53:02.288 31819 31819 I AconfigPackage: com.android.media.editing.flags is mapped to system
02-17 07:53:02.288 31819 31819 I AconfigPackage: com.android.media.codec.flags is mapped to system
02-17 07:53:02.288 31819 31819 I AconfigPackage: com.android.server.powerstats is mapped to system
02-17 07:53:02.288 31819 31819 I AconfigPackage: com.android.graphics.egl.flags is mapped to system
02-17 07:53:02.288 31819 31819 I AconfigPackage: com.android.media.audioserver is mapped to system
02-17 07:53:02.288 31819 31819 I AconfigPackage: com.android.server.deviceidle is mapped to system
02-17 07:53:02.288 31819 31819 I AconfigPackage: android.nfc is mapped to system
02-17 07:53:02.288 31819 31819 I AconfigPackage: android.permission.flags is mapped to system
02-17 07:53:02.288 31819 31819 I AconfigPackage: android.service.voice.flags is mapped to system
02-17 07:53:02.288 31819 31819 I AconfigPackage: android.content.pm is mapped to system
02-17 07:53:02.288 31819 31819 I AconfigPackage: com.android.server.power.hint is mapped to system
02-17 07:53:02.289 31819 31819 I AconfigPackage: android.os is mapped to system
02-17 07:53:02.289 31819 31819 I AconfigPackage: android.service.dreams is mapped to system
02-17 07:53:02.289 31819 31819 I AconfigPackage: com.android.graphics.libgui.flags is mapped to system
02-17 07:53:02.289 31819 31819 I AconfigPackage: android.hardware.usb.flags is mapped to system
02-17 07:53:02.289 31819 31819 I AconfigPackage: android.provider is mapped to system
02-17 07:53:02.289 31819 31819 I AconfigPackage: com.android.server.job is mapped to system
02-17 07:53:02.289 31819 31819 I AconfigPackage: com.android.internal.foldables.flags is mapped to system
02-17 07:53:02.289 31819 31819 I AconfigPackage: com.android.internal.telephony.flags is mapped to system
02-17 07:53:02.289 31819 31819 I AconfigPackage: android.webkit is mapped to system
02-17 07:53:02.289 31819 31819 I AconfigPackage: android.credentials.flags is mapped to system
02-17 07:53:02.289 31819 31819 I AconfigPackage: com.android.documentsui.flags is mapped to system
02-17 07:53:02.289 31819 31819 I AconfigPackage: com.android.server.display.feature.flags is mapped to system
02-17 07:53:02.289 31819 31819 I AconfigPackage: com.android.server.notification is mapped to system
02-17 07:53:02.289 31819 31819 I AconfigPackage: android.appwidget.flags is mapped to system
02-17 07:53:02.289 31819 31819 I AconfigPackage: com.android.frameworks.sensorservice.flags is mapped to system
02-17 07:53:02.289 31819 31819 I AconfigPackage: com.android.printspooler.flags is mapped to system
02-17 07:53:02.289 31819 31819 I AconfigPackage: com.android.window.flags is mapped to system
02-17 07:53:02.289 31819 31819 I AconfigPackage: android.net.wifi.flags is mapped to system
02-17 07:53:02.289 31819 31819 I AconfigPackage: android.media.tv.flags is mapped to system
02-17 07:53:02.289 31819 31819 I AconfigPackage: com.android.server.usb.flags is mapped to system
02-17 07:53:02.289 31819 31819 I AconfigPackage: android.os.vibrator is mapped to system
02-17 07:53:02.289 31819 31819 I AconfigPackage: android.vold.flags is mapped to system
02-17 07:53:02.289 31819 31819 I AconfigPackage: android.hardware.devicestate.feature.flags is mapped to system
02-17 07:53:02.289 31819 31819 I AconfigPackage: com.android.server.usage is mapped to system
02-17 07:53:02.289 31819 31819 I AconfigPackage: android.server is mapped to system
02-17 07:53:02.289 31819 31819 I AconfigPackage: com.android.wm.shell is mapped to system
02-17 07:53:02.289 31819 31819 I AconfigPackage: android.view.inputmethod is mapped to system
02-17 07:53:02.289 31819 31819 I AconfigPackage: com.android.graphics.hwui.flags is mapped to system
02-17 07:53:02.289 31819 31819 I AconfigPackage: com.android.server.backup is mapped to system
02-17 07:53:02.289 31819 31819 I AconfigPackage: com.android.internal.pm.pkg.component.flags is mapped to system
02-17 07:53:02.289 31819 31819 I AconfigPackage: android.view.accessibility is mapped to system
02-17 07:53:02.289 31819 31819 I AconfigPackage: android.media.audio is mapped to system
02-17 07:53:02.289 31819 31819 I AconfigPackage: com.android.server.am is mapped to system
02-17 07:53:02.289 31819 31819 I AconfigPackage: com.android.server.print is mapped to system
02-17 07:53:02.289 31819 31819 I AconfigPackage: com.android.settings.keyboard is mapped to system_ext
02-17 07:53:02.289 31819 31819 I AconfigPackage: com.android.systemui.accessibility.accessibilitymenu is mapped to system_ext
02-17 07:53:02.289 31819 31819 I AconfigPackage: com.android.server.policy.feature.flags is mapped to system_ext
02-17 07:53:02.289 31819 31819 I AconfigPackage: com.android.settings.factory_reset is mapped to system_ext
02-17 07:53:02.289 31819 31819 I AconfigPackage: com.android.settings.media_drm is mapped to system_ext
02-17 07:53:02.289 31819 31819 I AconfigPackage: com.android.launcher3 is mapped to system_ext
02-17 07:53:02.289 31819 31819 I AconfigPackage: com.android.settings.accessibility is mapped to system_ext
02-17 07:53:02.289 31819 31819 I AconfigPackage: com.android.wallpaper is mapped to system_ext
02-17 07:53:02.289 31819 31819 I AconfigPackage: com.android.settings.flags is mapped to system_ext
02-17 07:53:02.289 31819 31819 I AconfigPackage: com.android.permission.flags is mapped to com.android.permission
02-17 07:53:02.289 31819 31819 I AconfigPackage: android.provider.flags is mapped to com.android.configinfrastructure
02-17 07:53:02.289 31819 31819 I AconfigPackage: com.android.server.deviceconfig is mapped to com.android.configinfrastructure
02-17 07:53:02.289 31819 31819 I AconfigPackage: android.os.profiling is mapped to com.android.profiling
02-17 07:53:02.289 31819 31819 I AconfigPackage: com.android.crashrecovery.flags is mapped to com.android.crashrecovery
02-17 07:53:02.289 31819 31819 I AconfigPackage: com.android.adservices.ondevicepersonalization.flags is mapped to com.android.ondevicepersonalization
02-17 07:53:02.289 31819 31819 I AconfigPackage: android.graphics.pdf.flags is mapped to com.android.mediaprovider
02-17 07:53:02.289 31819 31819 I AconfigPackage: com.android.providers.media.flags is mapped to com.android.mediaprovider
02-17 07:53:02.289 31819 31819 I AconfigPackage: android.graphics.pdf.flags.readonly is mapped to com.android.mediaprovider
02-17 07:53:02.289 31819 31819 I AconfigPackage: android.media.swcodec.flags is mapped to com.android.media.swcodec
02-17 07:53:02.289 31819 31819 I AconfigPackage: com.android.art.flags is mapped to com.android.art
02-17 07:53:02.289 31819 31819 I AconfigPackage: com.android.art.native.flags is mapped to com.android.art
02-17 07:53:02.289 31819 31819 I AconfigPackage: com.android.libcore is mapped to com.android.art
02-17 07:53:02.289 31819 31819 I AconfigPackage: com.android.nfc.module.flags is mapped to com.android.nfcservices
02-17 07:53:02.289 31819 31819 I AconfigPackage: com.android.ipsec.flags is mapped to com.android.ipsec
02-17 07:53:02.289 31819 31819 I AconfigPackage: com.android.adbd.flags is mapped to com.android.adbd
02-17 07:53:02.289 31819 31819 I AconfigPackage: com.android.adservices.flags is mapped to com.android.adservices
02-17 07:53:02.289 31819 31819 I AconfigPackage: com.android.sdksandbox.flags is mapped to com.android.adservices
02-17 07:53:02.289 31819 31819 I AconfigPackage: com.android.appsearch.flags is mapped to com.android.appsearch
02-17 07:53:02.289 31819 31819 I AconfigPackage: com.android.uwb.flags is mapped to com.android.uwb
02-17 07:53:02.289 31819 31819 I AconfigPackage: com.android.ranging.flags is mapped to com.android.uwb
02-17 07:53:02.289 31819 31819 I AconfigPackage: com.android.org.conscrypt.flags is mapped to com.android.conscrypt
02-17 07:53:02.289 31819 31819 I AconfigPackage: com.android.org.conscrypt.net.flags is mapped to com.android.conscrypt
02-17 07:53:02.289 31819 31819 I AconfigPackage: com.android.media.extractor.flags is mapped to com.android.media
02-17 07:53:02.289 31819 31819 I AconfigPackage: com.android.media.mainline.flags is mapped to com.android.media
02-17 07:53:02.290 31819 31819 I AconfigPackage: com.android.net.ct.flags is mapped to com.android.tethering
02-17 07:53:02.290 31819 31819 I AconfigPackage: com.android.net.flags is mapped to com.android.tethering
02-17 07:53:02.290 31819 31819 I AconfigPackage: android.net.vcn is mapped to com.android.tethering
02-17 07:53:02.290 31819 31819 I AconfigPackage: com.android.nearby.flags is mapped to com.android.tethering
02-17 07:53:02.290 31819 31819 I AconfigPackage: android.net.http is mapped to com.android.tethering
02-17 07:53:02.290 31819 31819 I AconfigPackage: com.android.net.thread.flags is mapped to com.android.tethering
02-17 07:53:02.290 31819 31819 I AconfigPackage: com.android.system.virtualmachine.flags is mapped to com.android.virt
02-17 07:53:02.290 31819 31819 I AconfigPackage: com.android.cellbroadcastreceiver.flags is mapped to com.android.cellbroadcast
02-17 07:53:02.290 31819 31819 I AconfigPackage: com.android.devicelock.flags is mapped to com.android.devicelock
02-17 07:53:02.290 31819 31819 I AconfigPackage: com.android.icu is mapped to com.android.i18n
02-17 07:53:02.290 31819 31819 I AconfigPackage: android.uprobestats.mainline.flags is mapped to com.android.uprobestats
02-17 07:53:02.290 31819 31819 I AconfigPackage: com.android.os.statsd.flags is mapped to com.android.os.statsd
02-17 07:53:02.290 31819 31819 I AconfigPackage: com.android.rkpd.flags is mapped to com.android.rkpd
02-17 07:53:02.290 31819 31819 I AconfigPackage: com.android.healthfitness.flags is mapped to com.android.healthfitness
02-17 07:53:02.290 31819 31819 I AconfigPackage: com.android.healthfitness.beta.test is mapped to com.android.healthfitness
02-17 07:53:02.290 31819 31819 I AconfigPackage: com.android.wifi.flags is mapped to com.android.wifi
02-17 07:53:02.290 31819 31819 I AconfigPackage: com.android.bluetooth.flags is mapped to com.android.bt
02-17 07:53:02.290 31819 31819 E FeatureFlagsImplExport: android.os.flagging.AconfigStorageReadException: ERROR_PACKAGE_NOT_FOUND: package android.xr cannot be found on the device
02-17 07:53:02.299 31819 31819 I app_process: System.exit called, status: 0
02-17 07:53:02.299 31819 31819 I AndroidRuntime: VM exiting with result code 0.
02-17 07:53:02.342  7746  7746 I ImeTracker: system_server:5f40bfcf: onCancelled at PHASE_CLIENT_ON_CONTROLS_CHANGED
02-17 07:53:02.477  7746  7746 I ImeTracker: system_server:e77232f3: onCancelled at PHASE_CLIENT_ON_CONTROLS_CHANGED
02-17 07:53:02.480  7746  7746 D ImeBackDispatcher: switch root view (mImeCallbacks.size=1)
02-17 07:53:02.480  7746  7746 D WindowOnBackDispatcher: setTopOnBackInvokedCallback (unwrapped): android.view.ViewRootImpl$$ExternalSyntheticLambda12@2ce1405
02-17 07:53:02.480  7746  7746 D WindowOnBackDispatcher: setTopOnBackInvokedCallback (unwrapped): ImeOnBackInvokedCallback@131072203 Callback=android.window.IOnBackInvokedCallback$Stub$Proxy@c4bc8c0
02-17 07:53:02.784  7746  7746 I ImeTracker: com.termux:9bac1cbd: onRequestShow at ORIGIN_CLIENT reason SHOW_SOFT_INPUT fromUser false
02-17 07:53:02.784  7746  7746 D InsetsController: show(ime())
02-17 07:53:02.785  7746  7746 I ImeTracker: com.termux:9bac1cbd: onCancelled at PHASE_CLIENT_APPLY_ANIMATION
02-17 07:53:03.533  7746  7894 D BufferPoolAccessor2.0: evictor expired: 1, evicted: 0
02-17 07:53:04.326 31856 31856 W bash    : type=1400 audit(0.0:317363): avc:  granted  { execute } for  name="logcat" dev="dm-45" ino=103418 scontext=u:r:untrusted_app_27:s0:c206,c257,c512,c768 tcontext=u:object_r:app_data_file:s0:c206,c257,c512,c768 tclass=file app=com.termux
02-17 07:53:04.326 31856 31856 W bash    : type=1400 audit(0.0:317364): avc:  granted  { execute } for  name="dash" dev="dm-45" ino=382337 scontext=u:r:untrusted_app_27:s0:c206,c257,c512,c768 tcontext=u:object_r:app_data_file:s0:c206,c257,c512,c768 tclass=file app=com.termux
02-17 07:53:04.326 31856 31856 W bash    : type=1400 audit(0.0:317365): avc:  granted  { execute_no_trans } for  path="/data/data/com.termux/files/usr/bin/dash" dev="dm-45" ino=382337 scontext=u:r:untrusted_app_27:s0:c206,c257,c512,c768 tcontext=u:object_r:app_data_file:s0:c206,c257,c512,c768 tclass=file app=com.termux
02-17 07:53:04.326 31857 31857 W bash    : type=1400 audit(0.0:317366): avc:  granted  { execute } for  name="grep" dev="dm-45" ino=780302 scontext=u:r:untrusted_app_27:s0:c206,c257,c512,c768 tcontext=u:object_r:app_data_file:s0:c206,c257,c512,c768 tclass=file app=com.termux
02-17 07:53:04.326 31856 31856 W sh      : type=1400 audit(0.0:317367): avc:  granted  { execute } for  path="/data/data/com.termux/files/usr/bin/dash" dev="dm-45" ino=382337 scontext=u:r:untrusted_app_27:s0:c206,c257,c512,c768 tcontext=u:object_r:app_data_file:s0:c206,c257,c512,c768 tclass=file app=com.termux
02-17 07:53:04.349 31857 31857 W audit   : audit_lost=307429 audit_rate_limit=5 audit_backlog_limit=64
02-17 07:53:04.349 31857 31857 E audit   : rate limit exceeded
02-17 07:53:04.534  7746  7894 D BufferPoolAccessor2.0: bufferpool2 0x7b008cfe98 : 0(0 size) total buffers - 0(0 size) used buffers - 1/7 (recycle/alloc) - 6/24 (fetch/transfer)
02-17 07:53:04.534  7746  7894 D BufferPoolAccessor2.0: evictor expired: 1, evicted: 1
02-17 07:53:08.659 26520 26520 E iostack : irqs = 779379, self-block = 0
02-17 07:53:09.176 26520 26520 I [kworke][0x28f7a5ebf7][00:53:09.158027] wlan: [26520:I:PMO] pmo_core_psoc_send_host_wakeup_ind_to_fw: Host wakeup indication sent to fw
02-17 07:53:09.182 31876 31876 W MainThread: type=1400 audit(0.0:317409): avc:  granted  { execute } for  name="bash" dev="dm-45" ino=103898 scontext=u:r:untrusted_app_27:s0:c206,c257,c512,c768 tcontext=u:object_r:app_data_file:s0:c206,c257,c512,c768 tclass=file app=com.termux
02-17 07:53:09.182 31876 31876 W MainThread: type=1400 audit(0.0:317410): avc:  granted  { execute } for  name="bash" dev="dm-45" ino=103898 scontext=u:r:untrusted_app_27:s0:c206,c257,c512,c768 tcontext=u:object_r:app_data_file:s0:c206,c257,c512,c768 tclass=file app=com.termux
02-17 07:53:09.182 31876 31876 W MainThread: type=1400 audit(0.0:317411): avc:  granted  { execute_no_trans } for  path="/data/data/com.termux/files/usr/bin/bash" dev="dm-45" ino=103898 scontext=u:r:untrusted_app_27:s0:c206,c257,c512,c768 tcontext=u:object_r:app_data_file:s0:c206,c257,c512,c768 tclass=file app=com.termux
02-17 07:53:09.226 31876 31876 W bash    : type=1400 audit(0.0:317412): avc:  granted  { execute } for  path="/data/data/com.termux/files/usr/bin/bash" dev="dm-45" ino=103898 scontext=u:r:untrusted_app_27:s0:c206,c257,c512,c768 tcontext=u:object_r:app_data_file:s0:c206,c257,c512,c768 tclass=file app=com.termux
02-17 07:53:09.226 31876 31876 W bash    : type=1400 audit(0.0:317413): avc:  denied  { search } for  name="tests" dev="dm-45" ino=113 scontext=u:r:untrusted_app_27:s0:c206,c257,c512,c768 tcontext=u:object_r:shell_test_data_file:s0 tclass=dir permissive=0 app=com.termux
02-17 07:53:09.247 31876 31876 W audit   : audit_lost=307470 audit_rate_limit=5 audit_backlog_limit=64
02-17 07:53:09.247 31876 31876 E audit   : rate limit exceeded
02-17 07:53:09.698 26520 26520 I [kworke][0x28f83e9ea0][00:53:09.679236] wlan: [26520:I:PMO] pmo_core_enable_wow_in_fw: drv wow is enabled
02-17 07:53:16.150 31895 31895 W MainThread: type=1400 audit(0.0:317455): avc:  granted  { execute } for  name="bash" dev="dm-45" ino=103898 scontext=u:r:untrusted_app_27:s0:c206,c257,c512,c768 tcontext=u:object_r:app_data_file:s0:c206,c257,c512,c768 tclass=file app=com.termux
02-17 07:53:16.150 31895 31895 W MainThread: type=1400 audit(0.0:317456): avc:  granted  { execute } for  name="bash" dev="dm-45" ino=103898 scontext=u:r:untrusted_app_27:s0:c206,c257,c512,c768 tcontext=u:object_r:app_data_file:s0:c206,c257,c512,c768 tclass=file app=com.termux
02-17 07:53:16.150 31895 31895 W MainThread: type=1400 audit(0.0:317457): avc:  granted  { execute_no_trans } for  path="/data/data/com.termux/files/usr/bin/bash" dev="dm-45" ino=103898 scontext=u:r:untrusted_app_27:s0:c206,c257,c512,c768 tcontext=u:object_r:app_data_file:s0:c206,c257,c512,c768 tclass=file app=com.termux
02-17 07:53:16.198 31895 31895 W bash    : type=1400 audit(0.0:317458): avc:  granted  { execute } for  path="/data/data/com.termux/files/usr/bin/bash" dev="dm-45" ino=103898 scontext=u:r:untrusted_app_27:s0:c206,c257,c512,c768 tcontext=u:object_r:app_data_file:s0:c206,c257,c512,c768 tclass=file app=com.termux
02-17 07:53:16.198 31895 31895 W bash    : type=1400 audit(0.0:317459): avc:  denied  { search } for  name="tests" dev="dm-45" ino=113 scontext=u:r:untrusted_app_27:s0:c206,c257,c512,c768 tcontext=u:object_r:shell_test_data_file:s0 tclass=dir permissive=0 app=com.termux
02-17 07:53:16.222 31895 31895 W audit   : audit_lost=307511 audit_rate_limit=5 audit_backlog_limit=64
02-17 07:53:16.222 31895 31895 E audit   : rate limit exceeded
02-17 07:53:18.899 26520 26520 E iostack : irqs = 779440, self-block = 0
02-17 07:53:20.084  7746  7746 W Choreographer: Frame time is 0.011899 ms in the future!  Check that graphics HAL is generating vsync timestamps using the correct timebase.
02-17 07:53:21.622 31919 31919 W MainThread: type=1400 audit(0.0:317507): avc:  granted  { execute } for  name="bash" dev="dm-45" ino=103898 scontext=u:r:untrusted_app_27:s0:c206,c257,c512,c768 tcontext=u:object_r:app_data_file:s0:c206,c257,c512,c768 tclass=file app=com.termux
02-17 07:53:21.622 31919 31919 W MainThread: type=1400 audit(0.0:317508): avc:  granted  { execute } for  name="bash" dev="dm-45" ino=103898 scontext=u:r:untrusted_app_27:s0:c206,c257,c512,c768 tcontext=u:object_r:app_data_file:s0:c206,c257,c512,c768 tclass=file app=com.termux
02-17 07:53:21.622 31919 31919 W MainThread: type=1400 audit(0.0:317509): avc:  granted  { execute_no_trans } for  path="/data/data/com.termux/files/usr/bin/bash" dev="dm-45" ino=103898 scontext=u:r:untrusted_app_27:s0:c206,c257,c512,c768 tcontext=u:object_r:app_data_file:s0:c206,c257,c512,c768 tclass=file app=com.termux
02-17 07:53:21.670 31919 31919 W bash    : type=1400 audit(0.0:317510): avc:  granted  { execute } for  path="/data/data/com.termux/files/usr/bin/bash" dev="dm-45" ino=103898 scontext=u:r:untrusted_app_27:s0:c206,c257,c512,c768 tcontext=u:object_r:app_data_file:s0:c206,c257,c512,c768 tclass=file app=com.termux
02-17 07:53:21.670 31919 31919 W bash    : type=1400 audit(0.0:317511): avc:  denied  { search } for  name="tests" dev="dm-45" ino=113 scontext=u:r:untrusted_app_27:s0:c206,c257,c512,c768 tcontext=u:object_r:shell_test_data_file:s0 tclass=dir permissive=0 app=com.termux
02-17 07:53:21.692 31919 31919 W audit   : audit_lost=307558 audit_rate_limit=5 audit_backlog_limit=64
02-17 07:53:21.692 31919 31919 E audit   : rate limit exceeded
02-17 07:53:26.202 31930 31930 W MainThread: type=1400 audit(0.0:317568): avc:  granted  { execute } for  name="bash" dev="dm-45" ino=103898 scontext=u:r:untrusted_app_27:s0:c206,c257,c512,c768 tcontext=u:object_r:app_data_file:s0:c206,c257,c512,c768 tclass=file app=com.termux
02-17 07:53:26.202 31930 31930 W MainThread: type=1400 audit(0.0:317569): avc:  granted  { execute } for  name="bash" dev="dm-45" ino=103898 scontext=u:r:untrusted_app_27:s0:c206,c257,c512,c768 tcontext=u:object_r:app_data_file:s0:c206,c257,c512,c768 tclass=file app=com.termux
02-17 07:53:26.202 31930 31930 W MainThread: type=1400 audit(0.0:317570): avc:  granted  { execute_no_trans } for  path="/data/data/com.termux/files/usr/bin/bash" dev="dm-45" ino=103898 scontext=u:r:untrusted_app_27:s0:c206,c257,c512,c768 tcontext=u:object_r:app_data_file:s0:c206,c257,c512,c768 tclass=file app=com.termux
02-17 07:53:26.258 31930 31930 W bash    : type=1400 audit(0.0:317571): avc:  granted  { execute } for  path="/data/data/com.termux/files/usr/bin/bash" dev="dm-45" ino=103898 scontext=u:r:untrusted_app_27:s0:c206,c257,c512,c768 tcontext=u:object_r:app_data_file:s0:c206,c257,c512,c768 tclass=file app=com.termux
02-17 07:53:26.258 31930 31930 W bash    : type=1400 audit(0.0:317572): avc:  denied  { search } for  name="tests" dev="dm-45" ino=113 scontext=u:r:untrusted_app_27:s0:c206,c257,c512,c768 tcontext=u:object_r:shell_test_data_file:s0 tclass=dir permissive=0 app=com.termux
02-17 07:53:26.280 31930 31930 W audit   : audit_lost=307614 audit_rate_limit=5 audit_backlog_limit=64
02-17 07:53:26.280 31930 31930 E audit   : rate limit exceeded
02-17 07:53:29.142 26520 26520 E iostack : irqs = 779468, self-block = 0
02-17 07:53:30.668  7746  7746 I ImeTracker: system_server:a5408229: onCancelled at PHASE_CLIENT_ON_CONTROLS_CHANGED
02-17 07:53:31.642 31952 31952 W MainThread: type=1400 audit(0.0:317629): avc:  granted  { execute } for  name="bash" dev="dm-45" ino=103898 scontext=u:r:untrusted_app_27:s0:c206,c257,c512,c768 tcontext=u:object_r:app_data_file:s0:c206,c257,c512,c768 tclass=file app=com.termux
02-17 07:53:31.642 31952 31952 W MainThread: type=1400 audit(0.0:317630): avc:  granted  { execute } for  name="bash" dev="dm-45" ino=103898 scontext=u:r:untrusted_app_27:s0:c206,c257,c512,c768 tcontext=u:object_r:app_data_file:s0:c206,c257,c512,c768 tclass=file app=com.termux
02-17 07:53:31.642 31952 31952 W MainThread: type=1400 audit(0.0:317631): avc:  granted  { execute_no_trans } for  path="/data/data/com.termux/files/usr/bin/bash" dev="dm-45" ino=103898 scontext=u:r:untrusted_app_27:s0:c206,c257,c512,c768 tcontext=u:object_r:app_data_file:s0:c206,c257,c512,c768 tclass=file app=com.termux
02-17 07:53:31.690 31952 31952 W bash    : type=1400 audit(0.0:317632): avc:  granted  { execute } for  path="/data/data/com.termux/files/usr/bin/bash" dev="dm-45" ino=103898 scontext=u:r:untrusted_app_27:s0:c206,c257,c512,c768 tcontext=u:object_r:app_data_file:s0:c206,c257,c512,c768 tclass=file app=com.termux
02-17 07:53:31.690 31952 31952 W bash    : type=1400 audit(0.0:317633): avc:  denied  { search } for  name="tests" dev="dm-45" ino=113 scontext=u:r:untrusted_app_27:s0:c206,c257,c512,c768 tcontext=u:object_r:shell_test_data_file:s0 tclass=dir permissive=0 app=com.termux
02-17 07:53:31.713 31952 31952 W audit   : audit_lost=307670 audit_rate_limit=5 audit_backlog_limit=64
02-17 07:53:31.713 31952 31952 E audit   : rate limit exceeded
02-17 07:53:31.697  7746  7746 D VRI[TermuxActivity]: visibilityChanged oldVisibility=true newVisibility=false
02-17 07:53:31.717  7746  7746 D ImeBackDispatcher: Clear (mImeCallbacks.size=1)
02-17 07:53:31.717  7746  7746 D WindowOnBackDispatcher: setTopOnBackInvokedCallback (unwrapped): android.view.ViewRootImpl$$ExternalSyntheticLambda12@2ce1405
02-17 07:53:31.717  7746  7746 D ImeBackDispatcher: switch root view (mImeCallbacks.size=0)
02-17 07:53:36.438 32006 32006 W MainThread: type=1400 audit(0.0:317690): avc:  granted  { execute } for  name="bash" dev="dm-45" ino=103898 scontext=u:r:untrusted_app_27:s0:c206,c257,c512,c768 tcontext=u:object_r:app_data_file:s0:c206,c257,c512,c768 tclass=file app=com.termux
02-17 07:53:36.442 32006 32006 W MainThread: type=1400 audit(0.0:317691): avc:  granted  { execute } for  name="bash" dev="dm-45" ino=103898 scontext=u:r:untrusted_app_27:s0:c206,c257,c512,c768 tcontext=u:object_r:app_data_file:s0:c206,c257,c512,c768 tclass=file app=com.termux
02-17 07:53:36.442 32006 32006 W MainThread: type=1400 audit(0.0:317692): avc:  granted  { execute_no_trans } for  path="/data/data/com.termux/files/usr/bin/bash" dev="dm-45" ino=103898 scontext=u:r:untrusted_app_27:s0:c206,c257,c512,c768 tcontext=u:object_r:app_data_file:s0:c206,c257,c512,c768 tclass=file app=com.termux
02-17 07:53:36.503 32006 32006 W audit   : audit_lost=307726 audit_rate_limit=5 audit_backlog_limit=64
02-17 07:53:36.503 32006 32006 E audit   : rate limit exceeded
02-17 07:53:36.478 32006 32006 W bash    : type=1400 audit(0.0:317693): avc:  granted  { execute } for  path="/data/data/com.termux/files/usr/bin/bash" dev="dm-45" ino=103898 scontext=u:r:untrusted_app_27:s0:c206,c257,c512,c768 tcontext=u:object_r:app_data_file:s0:c206,c257,c512,c768 tclass=file app=com.termux
02-17 07:53:36.482 32006 32006 W bash    : type=1400 audit(0.0:317694): avc:  denied  { search } for  name="tests" dev="dm-45" ino=113 scontext=u:r:untrusted_app_27:s0:c206,c257,c512,c768 tcontext=u:object_r:shell_test_data_file:s0 tclass=dir permissive=0 app=com.termux
02-17 07:53:39.379 26520 26520 E iostack : irqs = 779473, self-block = 0
02-17 07:53:49.618 26520 26520 E iostack : irqs = 779656, self-block = 0
02-17 07:53:56.545  7746  7746 D ViewRootImpl: Skipping stats log for color mode
02-17 07:53:56.552  7746 32147 D MediaCodecList: codecHandlesFormat: no format, so no extra checks
02-17 07:53:56.553  7746 32149 D CCodec  : allocate(c2.android.vorbis.decoder)
02-17 07:53:56.555  7746 32149 I CCodec  : setting up 'default' as default (vendor) store
02-17 07:53:56.558  7746  7895 D BufferPoolAccessor2.0: bufferpool2 0x7b008cfe98 : 0(0 size) total buffers - 0(0 size) used buffers - 1/7 (recycle/alloc) - 6/24 (fetch/transfer)
02-17 07:53:56.558  7746  7895 D BufferPoolAccessor2.0: Destruction - bufferpool2 0x7b008cfe98 cached: 0/0M, 0/0% in use; allocs: 7, 14% recycled; transfers: 24, 75% unfetched
02-17 07:53:56.558  7746 32149 I CCodec  : Created component [c2.android.vorbis.decoder] for [c2.android.vorbis.decoder]
02-17 07:53:56.558  7746 32149 D CCodecConfig: read media type: audio/vorbis
02-17 07:53:56.560  7746 32149 D ReflectedParamUpdater: extent() != 1 for single value type: algo.buffers.max-count.values
02-17 07:53:56.560  7746 32149 D ReflectedParamUpdater: extent() != 1 for single value type: output.subscribed-indices.values
02-17 07:53:56.560  7746 32149 D ReflectedParamUpdater: extent() != 1 for single value type: input.buffers.allocator-ids.values
02-17 07:53:56.561  7746 32149 D ReflectedParamUpdater: extent() != 1 for single value type: output.buffers.allocator-ids.values
02-17 07:53:56.561  7746 32149 D ReflectedParamUpdater: extent() != 1 for single value type: algo.buffers.allocator-ids.values
02-17 07:53:56.561  7746 32149 D ReflectedParamUpdater: extent() != 1 for single value type: output.buffers.pool-ids.values
02-17 07:53:56.561  7746 32149 D ReflectedParamUpdater: extent() != 1 for single value type: algo.buffers.pool-ids.values
02-17 07:53:56.562  7746 32149 I CCodecConfig: query failed after returning 8 values (BAD_INDEX)
02-17 07:53:56.562  7746 32149 D CCodecConfig: c2 config diff is Dict {
02-17 07:53:56.562  7746 32149 D CCodecConfig:   c2::u32 coded.bitrate.value = 64000
02-17 07:53:56.562  7746 32149 D CCodecConfig:   c2::u32 input.buffers.max-size.value = 32768
02-17 07:53:56.562  7746 32149 D CCodecConfig:   c2::u32 input.delay.value = 0
02-17 07:53:56.562  7746 32149 D CCodecConfig:   string input.media-type.value = "audio/vorbis"
02-17 07:53:56.562  7746 32149 D CCodecConfig:   c2::u32 output.large-frame.max-size = 0
02-17 07:53:56.562  7746 32149 D CCodecConfig:   c2::u32 output.large-frame.threshold-size = 0
02-17 07:53:56.562  7746 32149 D CCodecConfig:   string output.media-type.value = "audio/raw"
02-17 07:53:56.562  7746 32149 D CCodecConfig:   c2::u32 raw.channel-count.value = 1
02-17 07:53:56.562  7746 32149 D CCodecConfig:   c2::u32 raw.sample-rate.value = 48000
02-17 07:53:56.562  7746 32149 D CCodecConfig: }
02-17 07:53:56.564  7746 32149 D CCodec  : [c2.android.vorbis.decoder] buffers are bound to CCodec for this session
02-17 07:53:56.564  7746 32149 D CCodecConfig: no c2 equivalents for durationUs
02-17 07:53:56.564  7746 32149 D CCodecConfig: no c2 equivalents for track-id
02-17 07:53:56.564  7746 32149 D CCodecConfig: no c2 equivalents for csd-1
02-17 07:53:56.564  7746 32149 D CCodecConfig: no c2 equivalents for flags
02-17 07:53:56.564  7746 32149 D CCodecConfig: c2 config diff is   c2::u32 coded.bitrate.value = 96000
02-17 07:53:56.564  7746 32149 D CCodecConfig:   c2::u32 raw.sample-rate.value = 44100
02-17 07:53:56.564  7746 32149 W Codec2Client: query -- param skipped: index = 1107298332.
02-17 07:53:56.564  7746 32149 D CCodec  : encoding statistics level = 0
02-17 07:53:56.564  7746 32149 D CCodec  : setup formats input: AMessage(what = 0x00000000) = {
02-17 07:53:56.564  7746 32149 D CCodec  :   int32_t bitrate = 96000
02-17 07:53:56.564  7746 32149 D CCodec  :   int32_t channel-count = 1
02-17 07:53:56.564  7746 32149 D CCodec  :   int32_t max-input-size = 32768
02-17 07:53:56.564  7746 32149 D CCodec  :   string mime = "audio/vorbis"
02-17 07:53:56.564  7746 32149 D CCodec  :   int32_t sample-rate = 44100
02-17 07:53:56.564  7746 32149 D CCodec  : }
02-17 07:53:56.564  7746 32149 D CCodec  : setup formats output: AMessage(what = 0x00000000) = {
02-17 07:53:56.564  7746 32149 D CCodec  :   int32_t buffer-batch-max-output-size = 0
02-17 07:53:56.564  7746 32149 D CCodec  :   int32_t buffer-batch-threshold-output-size = 0
02-17 07:53:56.564  7746 32149 D CCodec  :   int32_t channel-count = 1
02-17 07:53:56.564  7746 32149 D CCodec  :   string mime = "audio/raw"
02-17 07:53:56.564  7746 32149 D CCodec  :   int32_t sample-rate = 44100
02-17 07:53:56.564  7746 32149 D CCodec  :   int32_t channel-mask = 1
02-17 07:53:56.564  7746 32149 D CCodec  :   int32_t android._config-pcm-encoding = 2
02-17 07:53:56.564  7746 32149 D CCodec  : }
02-17 07:53:56.565  7746 32149 I CCodecConfig: query failed after returning 8 values (BAD_INDEX)
02-17 07:53:56.565  7746 32149 W Codec2Client: query -- param skipped: index = 1342179345.
02-17 07:53:56.565  7746 32149 W Codec2Client: query -- param skipped: index = 2415921170.
02-17 07:53:56.566  7746 32149 D CCodecBufferChannel: [c2.android.vorbis.decoder#856] Created input block pool with allocatorID 16 => poolID 79 - OK (0)
02-17 07:53:56.567  7746 32149 I CCodecBufferChannel: [c2.android.vorbis.decoder#856] Created output block pool with allocatorID 16 => poolID 168 - OK
02-17 07:53:56.567  7746 32149 D CCodecBufferChannel: [c2.android.vorbis.decoder#856] Configured output block pool ids 168 => OK
02-17 07:53:56.582  7746 32149 D CCodecBufferChannel: [c2.android.vorbis.decoder#856] MediaCodec discarded an unknown buffer
02-17 07:53:56.583  7746 32149 I hw-BpHwBinder: onLastStrongRef automatically unlinking death recipients
02-17 07:53:56.606  7746  7746 D ImeBackDispatcher: switch root view (mImeCallbacks.size=0)
02-17 07:53:56.606  7746  7746 D ImeBackDispatcher: updateReceivingDispatcher (mQueuedReceive.size=1)
02-17 07:53:56.606  7746  7746 D ImeBackDispatcher: Unregister received callback id=131072203
02-17 07:53:56.606  7746  7746 W ImeBackDispatcher: Ime callback not found. Ignoring unregisterReceivedCallback. callbackId: 131072203 remaining callbacks: 0
02-17 07:53:56.611  7746  7746 D InsetsController: show(ime())
02-17 07:53:56.611  7746  7746 I ImeTracker: com.termux:eb5f55d9: onCancelled at PHASE_CLIENT_REPORT_REQUESTED_VISIBLE_TYPES
02-17 07:53:56.639  7746  7746 D ImeBackDispatcher: Register received callback id=131072203 priority=0
02-17 07:53:56.639  7746  7746 D WindowOnBackDispatcher: setTopOnBackInvokedCallback (unwrapped): ImeOnBackInvokedCallback@131072203 Callback=android.window.IOnBackInvokedCallback$Stub$Proxy@198ed9d
02-17 07:53:56.678  7746  7746 I ImeTracker: system_server:a844753e: onShown
02-17 07:53:56.850  7746  7746 I ImeTracker: com.termux:1f8d5107: onRequestShow at ORIGIN_CLIENT reason SHOW_SOFT_INPUT fromUser false
02-17 07:53:56.850  7746  7746 D InsetsController: show(ime())
02-17 07:53:56.851  7746  7746 I ImeTracker: com.termux:1f8d5107: onCancelled at PHASE_CLIENT_APPLY_ANIMATION
02-17 07:53:58.361  7746  7746 I ImeTracker: system_server:f0e96640: onCancelled at PHASE_CLIENT_ON_CONTROLS_CHANGED
02-17 07:53:59.337  7746  7746 D VRI[TermuxActivity]: visibilityChanged oldVisibility=true newVisibility=false
02-17 07:53:59.439  7746  7746 D ImeBackDispatcher: Unregister received callback id=131072203
02-17 07:53:59.439  7746  7746 D WindowOnBackDispatcher: setTopOnBackInvokedCallback (unwrapped): android.view.ViewRootImpl$$ExternalSyntheticLambda12@2ce1405
02-17 07:53:59.444  7746  7746 D ImeBackDispatcher: Clear (mImeCallbacks.size=0)
02-17 07:53:59.444  7746  7746 D ImeBackDispatcher: switch root view (mImeCallbacks.size=0)
02-17 07:53:59.858 26520 26520 E iostack : irqs = 779705, self-block = 0
02-17 07:54:01.559  7746  7894 D BufferPoolAccessor2.0: evictor expired: 1, evicted: 0
02-17 07:54:02.560  7746  7894 D BufferPoolAccessor2.0: bufferpool2 0x7b008ccbb8 : 0(0 size) total buffers - 0(0 size) used buffers - 2/7 (recycle/alloc) - 5/24 (fetch/transfer)
02-17 07:54:02.560  7746  7894 D BufferPoolAccessor2.0: evictor expired: 1, evicted: 1
02-17 07:54:10.098 26520 26520 E iostack : irqs = 780477, self-block = 0
02-17 07:54:11.378  7746  7746 D ViewRootImpl: Skipping stats log for color mode
02-17 07:54:11.388  7746 32266 D MediaCodecList: codecHandlesFormat: no format, so no extra checks
02-17 07:54:11.400  7746 32268 D CCodec  : allocate(c2.android.vorbis.decoder)
02-17 07:54:11.409  7746 32268 I CCodec  : setting up 'default' as default (vendor) store
02-17 07:54:11.410  7746  7895 D BufferPoolAccessor2.0: bufferpool2 0x7b008ccbb8 : 0(0 size) total buffers - 0(0 size) used buffers - 2/7 (recycle/alloc) - 5/24 (fetch/transfer)
02-17 07:54:11.410  7746  7895 D BufferPoolAccessor2.0: Destruction - bufferpool2 0x7b008ccbb8 cached: 0/0M, 0/0% in use; allocs: 7, 29% recycled; transfers: 24, 79% unfetched
02-17 07:54:11.410  7746 32268 I CCodec  : Created component [c2.android.vorbis.decoder] for [c2.android.vorbis.decoder]
02-17 07:54:11.410  7746 32268 D CCodecConfig: read media type: audio/vorbis
02-17 07:54:11.410  7746 32268 D ReflectedParamUpdater: extent() != 1 for single value type: algo.buffers.max-count.values
02-17 07:54:11.410  7746 32268 D ReflectedParamUpdater: extent() != 1 for single value type: output.subscribed-indices.values
02-17 07:54:11.410  7746 32268 D ReflectedParamUpdater: extent() != 1 for single value type: input.buffers.allocator-ids.values
02-17 07:54:11.410  7746 32268 D ReflectedParamUpdater: extent() != 1 for single value type: output.buffers.allocator-ids.values
02-17 07:54:11.410  7746 32268 D ReflectedParamUpdater: extent() != 1 for single value type: algo.buffers.allocator-ids.values
02-17 07:54:11.410  7746 32268 D ReflectedParamUpdater: extent() != 1 for single value type: output.buffers.pool-ids.values
02-17 07:54:11.410  7746 32268 D ReflectedParamUpdater: extent() != 1 for single value type: algo.buffers.pool-ids.values
02-17 07:54:11.411  7746 32268 I CCodecConfig: query failed after returning 8 values (BAD_INDEX)
02-17 07:54:11.411  7746 32268 D CCodecConfig: c2 config diff is Dict {
02-17 07:54:11.411  7746 32268 D CCodecConfig:   c2::u32 coded.bitrate.value = 64000
02-17 07:54:11.411  7746 32268 D CCodecConfig:   c2::u32 input.buffers.max-size.value = 32768
02-17 07:54:11.411  7746 32268 D CCodecConfig:   c2::u32 input.delay.value = 0
02-17 07:54:11.411  7746 32268 D CCodecConfig:   string input.media-type.value = "audio/vorbis"
02-17 07:54:11.411  7746 32268 D CCodecConfig:   c2::u32 output.large-frame.max-size = 0
02-17 07:54:11.411  7746 32268 D CCodecConfig:   c2::u32 output.large-frame.threshold-size = 0
02-17 07:54:11.411  7746 32268 D CCodecConfig:   string output.media-type.value = "audio/raw"
02-17 07:54:11.411  7746 32268 D CCodecConfig:   c2::u32 raw.channel-count.value = 1
02-17 07:54:11.411  7746 32268 D CCodecConfig:   c2::u32 raw.sample-rate.value = 48000
02-17 07:54:11.411  7746 32268 D CCodecConfig: }
02-17 07:54:11.412  7746 32268 D CCodec  : [c2.android.vorbis.decoder] buffers are bound to CCodec for this session
02-17 07:54:11.412  7746 32268 D CCodecConfig: no c2 equivalents for durationUs
02-17 07:54:11.412  7746 32268 D CCodecConfig: no c2 equivalents for track-id
02-17 07:54:11.412  7746 32268 D CCodecConfig: no c2 equivalents for csd-1
02-17 07:54:11.412  7746 32268 D CCodecConfig: no c2 equivalents for flags
02-17 07:54:11.414  7746 32268 D CCodecConfig: c2 config diff is   c2::u32 coded.bitrate.value = 96000
02-17 07:54:11.414  7746 32268 D CCodecConfig:   c2::u32 raw.sample-rate.value = 44100
02-17 07:54:11.414  7746 32268 W Codec2Client: query -- param skipped: index = 1107298332.
02-17 07:54:11.414  7746 32268 D CCodec  : encoding statistics level = 0
02-17 07:54:11.414  7746 32268 D CCodec  : setup formats input: AMessage(what = 0x00000000) = {
02-17 07:54:11.414  7746 32268 D CCodec  :   int32_t bitrate = 96000
02-17 07:54:11.414  7746 32268 D CCodec  :   int32_t channel-count = 1
02-17 07:54:11.414  7746 32268 D CCodec  :   int32_t max-input-size = 32768
02-17 07:54:11.414  7746 32268 D CCodec  :   string mime = "audio/vorbis"
02-17 07:54:11.414  7746 32268 D CCodec  :   int32_t sample-rate = 44100
02-17 07:54:11.414  7746 32268 D CCodec  : }
02-17 07:54:11.414  7746 32268 D CCodec  : setup formats output: AMessage(what = 0x00000000) = {
02-17 07:54:11.414  7746 32268 D CCodec  :   int32_t buffer-batch-max-output-size = 0
02-17 07:54:11.414  7746 32268 D CCodec  :   int32_t buffer-batch-threshold-output-size = 0
02-17 07:54:11.414  7746 32268 D CCodec  :   int32_t channel-count = 1
02-17 07:54:11.414  7746 32268 D CCodec  :   string mime = "audio/raw"
02-17 07:54:11.414  7746 32268 D CCodec  :   int32_t sample-rate = 44100
02-17 07:54:11.414  7746 32268 D CCodec  :   int32_t channel-mask = 1
02-17 07:54:11.414  7746 32268 D CCodec  :   int32_t android._config-pcm-encoding = 2
02-17 07:54:11.414  7746 32268 D CCodec  : }
02-17 07:54:11.414  7746 32268 I CCodecConfig: query failed after returning 8 values (BAD_INDEX)
02-17 07:54:11.425  7746 32268 W Codec2Client: query -- param skipped: index = 1342179345.
02-17 07:54:11.425  7746 32268 W Codec2Client: query -- param skipped: index = 2415921170.
02-17 07:54:11.425  7746 32268 D CCodecBufferChannel: [c2.android.vorbis.decoder#399] Created input block pool with allocatorID 16 => poolID 80 - OK (0)
02-17 07:54:11.428  7746 32268 I CCodecBufferChannel: [c2.android.vorbis.decoder#399] Created output block pool with allocatorID 16 => poolID 170 - OK
02-17 07:54:11.428  7746 32268 D CCodecBufferChannel: [c2.android.vorbis.decoder#399] Configured output block pool ids 170 => OK
02-17 07:54:11.430  7746  7746 D ImeBackDispatcher: switch root view (mImeCallbacks.size=0)
02-17 07:54:11.440  7746  7746 D InsetsController: show(ime())
02-17 07:54:11.440  7746  7746 I ImeTracker: com.termux:78e0012b: onCancelled at PHASE_CLIENT_REPORT_REQUESTED_VISIBLE_TYPES
02-17 07:54:11.449  7746 32268 D CCodecBufferChannel: [c2.android.vorbis.decoder#399] MediaCodec discarded an unknown buffer
02-17 07:54:11.450  7746 32268 I hw-BpHwBinder: onLastStrongRef automatically unlinking death recipients
02-17 07:54:11.464  7746  7746 D ImeBackDispatcher: Register received callback id=131072203 priority=0
02-17 07:54:11.464  7746  7746 D WindowOnBackDispatcher: setTopOnBackInvokedCallback (unwrapped): ImeOnBackInvokedCallback@131072203 Callback=android.window.IOnBackInvokedCallback$Stub$Proxy@ac63459
02-17 07:54:11.487  7746  7746 I ImeTracker: system_server:7a3043bb: onShown
02-17 07:54:11.683  7746  7746 I ImeTracker: com.termux:7ab23497: onRequestShow at ORIGIN_CLIENT reason SHOW_SOFT_INPUT fromUser false
02-17 07:54:11.683  7746  7746 D InsetsController: show(ime())
02-17 07:54:11.683  7746  7746 I ImeTracker: com.termux:7ab23497: onCancelled at PHASE_CLIENT_APPLY_ANIMATION
02-17 07:54:16.372  7746  7746 D InsetsController: hide(ime())
02-17 07:54:16.372  7746  7746 D ImeBackDispatcher: Preliminary clear (mImeCallbacks.size=1)
02-17 07:54:16.372  7746  7746 D WindowOnBackDispatcher: setTopOnBackInvokedCallback (unwrapped): android.view.ViewRootImpl$$ExternalSyntheticLambda12@2ce1405
02-17 07:54:16.372  7746  7746 D InsetsController: Setting requestedVisibleTypes to -9 (was -1)
02-17 07:54:16.373  7746  7746 D InsetsController: hide(ime())
02-17 07:54:16.373  7746  7746 I ImeTracker: org.futo.inputmethod.latin.playstore:a44c1fbf: onCancelled at PHASE_CLIENT_ALREADY_HIDDEN
02-17 07:54:16.412  7746  7894 D BufferPoolAccessor2.0: evictor expired: 1, evicted: 0
02-17 07:54:16.620  7746  7746 D ImeBackDispatcher: Unregister received callback id=131072203
02-17 07:54:16.621  7746  7746 I ImeTracker: system_server:d4d345ff: onCancelled at PHASE_CLIENT_ON_CONTROLS_CHANGED
02-17 07:54:17.412  7746  7894 D BufferPoolAccessor2.0: bufferpool2 0x7b00894f18 : 0(0 size) total buffers - 0(0 size) used buffers - 2/7 (recycle/alloc) - 5/24 (fetch/transfer)
02-17 07:54:17.412  7746  7894 D BufferPoolAccessor2.0: evictor expired: 1, evicted: 1
02-17 07:54:17.741  7746  7746 I ImeTracker: com.termux:2e48c3a8: onRequestShow at ORIGIN_CLIENT reason SHOW_SOFT_INPUT fromUser false
02-17 07:54:17.741  7746  7746 D InsetsController: show(ime())
02-17 07:54:17.742  7746  7746 D ImeBackDispatcher: Undo preliminary clear (mImeCallbacks.size=0)
02-17 07:54:17.742  7746  7746 D InsetsController: Setting requestedVisibleTypes to -1 (was -9)
02-17 07:54:17.840  7746  7746 D ImeBackDispatcher: Register received callback id=131072203 priority=0
02-17 07:54:17.840  7746  7746 D WindowOnBackDispatcher: setTopOnBackInvokedCallback (unwrapped): ImeOnBackInvokedCallback@131072203 Callback=android.window.IOnBackInvokedCallback$Stub$Proxy@c755d93
02-17 07:54:18.086  7746  7746 I ImeTracker: com.termux:2e48c3a8: onShown
02-17 07:54:20.338 26520 26520 E iostack : irqs = 780663, self-block = 0
02-17 07:54:30.578 26520 26520 E iostack : irqs = 780692, self-block = 0
02-17 07:54:40.819 26520 26520 E iostack : irqs = 780733, self-block = 0
02-17 07:54:44.554 32384 32384 W MainThread: type=1400 audit(0.0:318666): avc:  granted  { execute } for  name="bash" dev="dm-45" ino=103898 scontext=u:r:untrusted_app_27:s0:c206,c257,c512,c768 tcontext=u:object_r:app_data_file:s0:c206,c257,c512,c768 tclass=file app=com.termux
02-17 07:54:44.554 32384 32384 W MainThread: type=1400 audit(0.0:318667): avc:  granted  { execute } for  name="bash" dev="dm-45" ino=103898 scontext=u:r:untrusted_app_27:s0:c206,c257,c512,c768 tcontext=u:object_r:app_data_file:s0:c206,c257,c512,c768 tclass=file app=com.termux
02-17 07:54:44.554 32384 32384 W MainThread: type=1400 audit(0.0:318668): avc:  granted  { execute_no_trans } for  path="/data/data/com.termux/files/usr/bin/bash" dev="dm-45" ino=103898 scontext=u:r:untrusted_app_27:s0:c206,c257,c512,c768 tcontext=u:object_r:app_data_file:s0:c206,c257,c512,c768 tclass=file app=com.termux
02-17 07:54:44.606 32384 32384 W bash    : type=1400 audit(0.0:318669): avc:  granted  { execute } for  path="/data/data/com.termux/files/usr/bin/bash" dev="dm-45" ino=103898 scontext=u:r:untrusted_app_27:s0:c206,c257,c512,c768 tcontext=u:object_r:app_data_file:s0:c206,c257,c512,c768 tclass=file app=com.termux
02-17 07:54:44.606 32384 32384 W bash    : type=1400 audit(0.0:318670): avc:  denied  { search } for  name="tests" dev="dm-45" ino=113 scontext=u:r:untrusted_app_27:s0:c206,c257,c512,c768 tcontext=u:object_r:shell_test_data_file:s0 tclass=dir permissive=0 app=com.termux
02-17 07:54:44.629 32384 32384 W audit   : audit_lost=308682 audit_rate_limit=5 audit_backlog_limit=64
02-17 07:54:44.629 32384 32384 E audit   : rate limit exceeded
02-17 07:54:50.202 32399 32399 W MainThread: type=1400 audit(0.0:318702): avc:  granted  { execute } for  name="bash" dev="dm-45" ino=103898 scontext=u:r:untrusted_app_27:s0:c206,c257,c512,c768 tcontext=u:object_r:app_data_file:s0:c206,c257,c512,c768 tclass=file app=com.termux
02-17 07:54:50.202 32399 32399 W MainThread: type=1400 audit(0.0:318703): avc:  granted  { execute } for  name="bash" dev="dm-45" ino=103898 scontext=u:r:untrusted_app_27:s0:c206,c257,c512,c768 tcontext=u:object_r:app_data_file:s0:c206,c257,c512,c768 tclass=file app=com.termux
02-17 07:54:50.202 32399 32399 W MainThread: type=1400 audit(0.0:318704): avc:  granted  { execute_no_trans } for  path="/data/data/com.termux/files/usr/bin/bash" dev="dm-45" ino=103898 scontext=u:r:untrusted_app_27:s0:c206,c257,c512,c768 tcontext=u:object_r:app_data_file:s0:c206,c257,c512,c768 tclass=file app=com.termux
02-17 07:54:50.258 32399 32399 W bash    : type=1400 audit(0.0:318705): avc:  granted  { execute } for  path="/data/data/com.termux/files/usr/bin/bash" dev="dm-45" ino=103898 scontext=u:r:untrusted_app_27:s0:c206,c257,c512,c768 tcontext=u:object_r:app_data_file:s0:c206,c257,c512,c768 tclass=file app=com.termux
02-17 07:54:50.282 32399 32399 W audit   : audit_lost=308713 audit_rate_limit=5 audit_backlog_limit=64
02-17 07:54:50.282 32399 32399 E audit   : rate limit exceeded
02-17 07:54:50.258 32399 32399 W bash    : type=1400 audit(0.0:318706): avc:  denied  { search } for  name="tests" dev="dm-45" ino=113 scontext=u:r:untrusted_app_27:s0:c206,c257,c512,c768 tcontext=u:object_r:shell_test_data_file:s0 tclass=dir permissive=0 app=com.termux
02-17 07:54:51.058 26520 26520 E iostack : irqs = 780747, self-block = 0
02-17 07:55:01.299 26520 26520 E iostack : irqs = 780770, self-block = 0
02-17 07:55:02.352  7746  7746 W Choreographer: Frame time is 0.253562 ms in the future!  Check that graphics HAL is generating vsync timestamps using the correct timebase.
02-17 07:55:10.254 32441 32441 W MainThread: type=1400 audit(0.0:318766): avc:  granted  { execute } for  name="bash" dev="dm-45" ino=103898 scontext=u:r:untrusted_app_27:s0:c206,c257,c512,c768 tcontext=u:object_r:app_data_file:s0:c206,c257,c512,c768 tclass=file app=com.termux
02-17 07:55:10.254 32441 32441 W MainThread: type=1400 audit(0.0:318767): avc:  granted  { execute } for  name="bash" dev="dm-45" ino=103898 scontext=u:r:untrusted_app_27:s0:c206,c257,c512,c768 tcontext=u:object_r:app_data_file:s0:c206,c257,c512,c768 tclass=file app=com.termux
02-17 07:55:10.254 32441 32441 W MainThread: type=1400 audit(0.0:318768): avc:  granted  { execute_no_trans } for  path="/data/data/com.termux/files/usr/bin/bash" dev="dm-45" ino=103898 scontext=u:r:untrusted_app_27:s0:c206,c257,c512,c768 tcontext=u:object_r:app_data_file:s0:c206,c257,c512,c768 tclass=file app=com.termux
02-17 07:55:10.314 32441 32441 W bash    : type=1400 audit(0.0:318769): avc:  granted  { execute } for  path="/data/data/com.termux/files/usr/bin/bash" dev="dm-45" ino=103898 scontext=u:r:untrusted_app_27:s0:c206,c257,c512,c768 tcontext=u:object_r:app_data_file:s0:c206,c257,c512,c768 tclass=file app=com.termux
02-17 07:55:10.336 32441 32441 W audit   : audit_lost=308772 audit_rate_limit=5 audit_backlog_limit=64
02-17 07:55:10.336 32441 32441 E audit   : rate limit exceeded
02-17 07:55:10.314 32441 32441 W bash    : type=1400 audit(0.0:318770): avc:  denied  { search } for  name="tests" dev="dm-45" ino=113 scontext=u:r:untrusted_app_27:s0:c206,c257,c512,c768 tcontext=u:object_r:shell_test_data_file:s0 tclass=dir permissive=0 app=com.termux
02-17 07:55:11.538 26520 26520 E iostack : irqs = 781726, self-block = 0
02-17 07:55:21.778 26520 26520 E iostack : irqs = 789866, self-block = 0
02-17 07:55:32.018 26520 26520 E iostack : irqs = 798055, self-block = 0
02-17 07:55:36.722 32442 32442 W tar     : type=1400 audit(0.0:318806): avc:  granted  { execute } for  name="login" dev="dm-45" ino=103416 scontext=u:r:untrusted_app_27:s0:c206,c257,c512,c768 tcontext=u:object_r:app_data_file:s0:c206,c257,c512,c768 tclass=file app=com.termux
