02-17 07:56:22.218  1268  1268 W ld.lld  : type=1400 audit(0.0:321489): avc:  granted  { execute } for  path="/data/data/com.termux/files/usr/lib/libxml2.so.16.1.1" dev="dm-45" ino=108504 scontext=u:r:untrusted_app_27:s0:c206,c257,c512,c768 tcontext=u:object_r:app_data_file:s0:c206,c257,c512,c768 tclass=file app=com.termux
02-17 07:56:23.218 26520 26520 E iostack : irqs = 804562, self-block = 0
02-17 07:56:23.242  1458  1458 W cargo   : type=1400 audit(0.0:321810): avc:  granted  { execute } for  name="rustc" dev="dm-45" ino=606633 scontext=u:r:untrusted_app_27:s0:c206,c257,c512,c768 tcontext=u:object_r:app_data_file:s0:c206,c257,c512,c768 tclass=file app=com.termux
02-17 07:56:23.242  1458  1458 W cargo   : type=1400 audit(0.0:321811): avc:  granted  { execute } for  name="rustc" dev="dm-45" ino=606633 scontext=u:r:untrusted_app_27:s0:c206,c257,c512,c768 tcontext=u:object_r:app_data_file:s0:c206,c257,c512,c768 tclass=file app=com.termux
02-17 07:56:23.242  1458  1458 W cargo   : type=1400 audit(0.0:321812): avc:  granted  { execute_no_trans } for  path="/data/data/com.termux/files/usr/bin/rustc" dev="dm-45" ino=606633 scontext=u:r:untrusted_app_27:s0:c206,c257,c512,c768 tcontext=u:object_r:app_data_file:s0:c206,c257,c512,c768 tclass=file app=com.termux
02-17 07:56:23.242  1458  1458 W rustc   : type=1400 audit(0.0:321813): avc:  granted  { execute } for  path="/data/data/com.termux/files/usr/bin/rustc" dev="dm-45" ino=606633 scontext=u:r:untrusted_app_27:s0:c206,c257,c512,c768 tcontext=u:object_r:app_data_file:s0:c206,c257,c512,c768 tclass=file app=com.termux
02-17 07:56:23.246  1458  1458 W rustc   : type=1400 audit(0.0:321814): avc:  denied  { search } for  name="tests" dev="dm-45" ino=113 scontext=u:r:untrusted_app_27:s0:c206,c257,c512,c768 tcontext=u:object_r:shell_test_data_file:s0 tclass=dir permissive=0 app=com.termux
02-17 07:56:23.358  1336  1336 W audit   : audit_lost=311783 audit_rate_limit=5 audit_backlog_limit=64
02-17 07:56:23.358  1336  1336 E audit   : rate limit exceeded
02-17 07:56:24.246  1595  1595 W dirname : type=1400 audit(0.0:322159): avc:  granted  { execute } for  path="/data/data/com.termux/files/usr/lib/libgmp.so" dev="dm-45" ino=151157 scontext=u:r:untrusted_app_27:s0:c206,c257,c512,c768 tcontext=u:object_r:app_data_file:s0:c206,c257,c512,c768 tclass=file app=com.termux
02-17 07:56:24.246  1595  1595 W dirname : type=1400 audit(0.0:322160): avc:  granted  { execute } for  path="/data/data/com.termux/files/usr/lib/libcrypto.so.3" dev="dm-45" ino=398876 scontext=u:r:untrusted_app_27:s0:c206,c257,c512,c768 tcontext=u:object_r:app_data_file:s0:c206,c257,c512,c768 tclass=file app=com.termux
02-17 07:56:24.246  1595  1595 W dirname : type=1400 audit(0.0:322161): avc:  granted  { execute } for  path="/data/data/com.termux/files/usr/lib/libiconv.so" dev="dm-45" ino=151081 scontext=u:r:untrusted_app_27:s0:c206,c257,c512,c768 tcontext=u:object_r:app_data_file:s0:c206,c257,c512,c768 tclass=file app=com.termux
02-17 07:56:24.246  1595  1595 W dirname : type=1400 audit(0.0:322162): avc:  granted  { execute } for  path="/data/data/com.termux/files/usr/lib/libandroid-support.so" dev="dm-45" ino=151115 scontext=u:r:untrusted_app_27:s0:c206,c257,c512,c768 tcontext=u:object_r:app_data_file:s0:c206,c257,c512,c768 tclass=file app=com.termux
02-17 07:56:24.250  1595  1595 W dirname : type=1400 audit(0.0:322163): avc:  granted  { execute } for  path="/data/data/com.termux/files/usr/lib/libandroid-selinux.so" dev="dm-45" ino=151057 scontext=u:r:untrusted_app_27:s0:c206,c257,c512,c768 tcontext=u:object_r:app_data_file:s0:c206,c257,c512,c768 tclass=file app=com.termux
02-17 07:56:24.418  1606  1606 W audit   : audit_lost=312132 audit_rate_limit=5 audit_backlog_limit=64
02-17 07:56:24.418  1606  1606 E audit   : rate limit exceeded
02-17 07:56:25.874  1856  1856 W cargo   : type=1400 audit(0.0:322460): avc:  granted  { execute } for  name="rustc" dev="dm-45" ino=606633 scontext=u:r:untrusted_app_27:s0:c206,c257,c512,c768 tcontext=u:object_r:app_data_file:s0:c206,c257,c512,c768 tclass=file app=com.termux
02-17 07:56:25.874  1856  1856 W cargo   : type=1400 audit(0.0:322461): avc:  granted  { execute } for  name="rustc" dev="dm-45" ino=606633 scontext=u:r:untrusted_app_27:s0:c206,c257,c512,c768 tcontext=u:object_r:app_data_file:s0:c206,c257,c512,c768 tclass=file app=com.termux
02-17 07:56:25.874  1856  1856 W cargo   : type=1400 audit(0.0:322462): avc:  granted  { execute_no_trans } for  path="/data/data/com.termux/files/usr/bin/rustc" dev="dm-45" ino=606633 scontext=u:r:untrusted_app_27:s0:c206,c257,c512,c768 tcontext=u:object_r:app_data_file:s0:c206,c257,c512,c768 tclass=file app=com.termux
02-17 07:56:25.878  1856  1856 W rustc   : type=1400 audit(0.0:322463): avc:  granted  { execute } for  path="/data/data/com.termux/files/usr/bin/rustc" dev="dm-45" ino=606633 scontext=u:r:untrusted_app_27:s0:c206,c257,c512,c768 tcontext=u:object_r:app_data_file:s0:c206,c257,c512,c768 tclass=file app=com.termux
02-17 07:56:25.882  1856  1856 W rustc   : type=1400 audit(0.0:322464): avc:  denied  { search } for  name="tests" dev="dm-45" ino=113 scontext=u:r:untrusted_app_27:s0:c206,c257,c512,c768 tcontext=u:object_r:shell_test_data_file:s0 tclass=dir permissive=0 app=com.termux
02-17 07:56:25.903  1856  1856 W audit   : audit_lost=312406 audit_rate_limit=5 audit_backlog_limit=64
02-17 07:56:25.903  1856  1856 E audit   : rate limit exceeded
02-17 07:56:26.906  2086  2086 W cargo   : type=1400 audit(0.0:322649): avc:  granted  { execute } for  name="rustc" dev="dm-45" ino=606633 scontext=u:r:untrusted_app_27:s0:c206,c257,c512,c768 tcontext=u:object_r:app_data_file:s0:c206,c257,c512,c768 tclass=file app=com.termux
02-17 07:56:26.906  2086  2086 W cargo   : type=1400 audit(0.0:322650): avc:  granted  { execute } for  name="rustc" dev="dm-45" ino=606633 scontext=u:r:untrusted_app_27:s0:c206,c257,c512,c768 tcontext=u:object_r:app_data_file:s0:c206,c257,c512,c768 tclass=file app=com.termux
02-17 07:56:26.906  2086  2086 W cargo   : type=1400 audit(0.0:322651): avc:  granted  { execute_no_trans } for  path="/data/data/com.termux/files/usr/bin/rustc" dev="dm-45" ino=606633 scontext=u:r:untrusted_app_27:s0:c206,c257,c512,c768 tcontext=u:object_r:app_data_file:s0:c206,c257,c512,c768 tclass=file app=com.termux
02-17 07:56:26.926  2086  2086 W rustc   : type=1400 audit(0.0:322652): avc:  granted  { execute } for  path="/data/data/com.termux/files/usr/bin/rustc" dev="dm-45" ino=606633 scontext=u:r:untrusted_app_27:s0:c206,c257,c512,c768 tcontext=u:object_r:app_data_file:s0:c206,c257,c512,c768 tclass=file app=com.termux
02-17 07:56:26.930  2086  2086 W rustc   : type=1400 audit(0.0:322653): avc:  denied  { search } for  name="tests" dev="dm-45" ino=113 scontext=u:r:untrusted_app_27:s0:c206,c257,c512,c768 tcontext=u:object_r:shell_test_data_file:s0 tclass=dir permissive=0 app=com.termux
02-17 07:56:26.953  2086  2086 W audit   : audit_lost=312590 audit_rate_limit=5 audit_backlog_limit=64
02-17 07:56:26.953  2086  2086 E audit   : rate limit exceeded
02-17 07:56:27.578  7746  2127 D MediaCodecList: codecHandlesFormat: no format, so no extra checks
02-17 07:56:27.579  7746  2132 D CCodec  : allocate(c2.android.vorbis.decoder)
02-17 07:56:27.585  7746  2132 I CCodec  : setting up 'default' as default (vendor) store
02-17 07:56:27.589  7746  7895 D BufferPoolAccessor2.0: bufferpool2 0x7b00894f18 : 0(0 size) total buffers - 0(0 size) used buffers - 2/7 (recycle/alloc) - 5/24 (fetch/transfer)
02-17 07:56:27.589  7746  7895 D BufferPoolAccessor2.0: Destruction - bufferpool2 0x7b00894f18 cached: 0/0M, 0/0% in use; allocs: 7, 29% recycled; transfers: 24, 79% unfetched
02-17 07:56:27.590  7746  2132 I CCodec  : Created component [c2.android.vorbis.decoder] for [c2.android.vorbis.decoder]
02-17 07:56:27.590  7746  2132 D CCodecConfig: read media type: audio/vorbis
02-17 07:56:27.593  7746  2132 D ReflectedParamUpdater: extent() != 1 for single value type: algo.buffers.max-count.values
02-17 07:56:27.594  7746  2132 D ReflectedParamUpdater: extent() != 1 for single value type: output.subscribed-indices.values
02-17 07:56:27.594  7746  2132 D ReflectedParamUpdater: extent() != 1 for single value type: input.buffers.allocator-ids.values
02-17 07:56:27.594  7746  2132 D ReflectedParamUpdater: extent() != 1 for single value type: output.buffers.allocator-ids.values
02-17 07:56:27.594  7746  2132 D ReflectedParamUpdater: extent() != 1 for single value type: algo.buffers.allocator-ids.values
02-17 07:56:27.594  7746  2132 D ReflectedParamUpdater: extent() != 1 for single value type: output.buffers.pool-ids.values
02-17 07:56:27.594  7746  2132 D ReflectedParamUpdater: extent() != 1 for single value type: algo.buffers.pool-ids.values
02-17 07:56:27.600  7746  2132 I CCodecConfig: query failed after returning 8 values (BAD_INDEX)
02-17 07:56:27.601  7746  7746 D ImeBackDispatcher: switch root view (mImeCallbacks.size=0)
02-17 07:56:27.601  7746  7746 D ImeBackDispatcher: updateReceivingDispatcher (mQueuedReceive.size=1)
02-17 07:56:27.601  7746  7746 D ImeBackDispatcher: Unregister received callback id=131072203
02-17 07:56:27.601  7746  2132 D CCodecConfig: c2 config diff is Dict {
02-17 07:56:27.601  7746  2132 D CCodecConfig:   c2::u32 coded.bitrate.value = 64000
02-17 07:56:27.601  7746  2132 D CCodecConfig:   c2::u32 input.buffers.max-size.value = 32768
02-17 07:56:27.601  7746  2132 D CCodecConfig:   c2::u32 input.delay.value = 0
02-17 07:56:27.601  7746  2132 D CCodecConfig:   string input.media-type.value = "audio/vorbis"
02-17 07:56:27.601  7746  2132 D CCodecConfig:   c2::u32 output.large-frame.max-size = 0
02-17 07:56:27.601  7746  2132 D CCodecConfig:   c2::u32 output.large-frame.threshold-size = 0
02-17 07:56:27.601  7746  2132 D CCodecConfig:   string output.media-type.value = "audio/raw"
02-17 07:56:27.601  7746  2132 D CCodecConfig:   c2::u32 raw.channel-count.value = 1
02-17 07:56:27.601  7746  2132 D CCodecConfig:   c2::u32 raw.sample-rate.value = 48000
02-17 07:56:27.601  7746  2132 D CCodecConfig: }
02-17 07:56:27.601  7746  7746 W ImeBackDispatcher: Ime callback not found. Ignoring unregisterReceivedCallback. callbackId: 131072203 remaining callbacks: 0
02-17 07:56:27.605  7746  2132 D CCodec  : [c2.android.vorbis.decoder] buffers are bound to CCodec for this session
02-17 07:56:27.605  7746  7746 D InsetsController: show(ime())
02-17 07:56:27.606  7746  2132 D CCodecConfig: no c2 equivalents for durationUs
02-17 07:56:27.606  7746  2132 D CCodecConfig: no c2 equivalents for track-id
02-17 07:56:27.606  7746  7746 I ImeTracker: com.termux:76e7296d: onCancelled at PHASE_CLIENT_REPORT_REQUESTED_VISIBLE_TYPES
02-17 07:56:27.606  7746  2132 D CCodecConfig: no c2 equivalents for csd-1
02-17 07:56:27.606  7746  2132 D CCodecConfig: no c2 equivalents for flags
02-17 07:56:27.608  7746  2132 D CCodecConfig: c2 config diff is   c2::u32 coded.bitrate.value = 96000
02-17 07:56:27.608  7746  2132 D CCodecConfig:   c2::u32 raw.sample-rate.value = 44100
02-17 07:56:27.609  7746  2132 W Codec2Client: query -- param skipped: index = 1107298332.
02-17 07:56:27.609  7746  2132 D CCodec  : encoding statistics level = 0
02-17 07:56:27.609  7746  2132 D CCodec  : setup formats input: AMessage(what = 0x00000000) = {
02-17 07:56:27.609  7746  2132 D CCodec  :   int32_t bitrate = 96000
02-17 07:56:27.609  7746  2132 D CCodec  :   int32_t channel-count = 1
02-17 07:56:27.609  7746  2132 D CCodec  :   int32_t max-input-size = 32768
02-17 07:56:27.609  7746  2132 D CCodec  :   string mime = "audio/vorbis"
02-17 07:56:27.609  7746  2132 D CCodec  :   int32_t sample-rate = 44100
02-17 07:56:27.609  7746  2132 D CCodec  : }
02-17 07:56:27.609  7746  2132 D CCodec  : setup formats output: AMessage(what = 0x00000000) = {
02-17 07:56:27.609  7746  2132 D CCodec  :   int32_t buffer-batch-max-output-size = 0
02-17 07:56:27.609  7746  2132 D CCodec  :   int32_t buffer-batch-threshold-output-size = 0
02-17 07:56:27.609  7746  2132 D CCodec  :   int32_t channel-count = 1
02-17 07:56:27.609  7746  2132 D CCodec  :   string mime = "audio/raw"
02-17 07:56:27.609  7746  2132 D CCodec  :   int32_t sample-rate = 44100
02-17 07:56:27.609  7746  2132 D CCodec  :   int32_t channel-mask = 1
02-17 07:56:27.609  7746  2132 D CCodec  :   int32_t android._config-pcm-encoding = 2
02-17 07:56:27.609  7746  2132 D CCodec  : }
02-17 07:56:27.610  7746  2132 I CCodecConfig: query failed after returning 8 values (BAD_INDEX)
02-17 07:56:27.610  7746  2132 W Codec2Client: query -- param skipped: index = 1342179345.
02-17 07:56:27.610  7746  2132 W Codec2Client: query -- param skipped: index = 2415921170.
02-17 07:56:27.623  7746  2132 D CCodecBufferChannel: [c2.android.vorbis.decoder#168] Created input block pool with allocatorID 16 => poolID 81 - OK (0)
02-17 07:56:27.626  7746  2132 I CCodecBufferChannel: [c2.android.vorbis.decoder#168] Created output block pool with allocatorID 16 => poolID 172 - OK
02-17 07:56:27.626  7746  2132 D CCodecBufferChannel: [c2.android.vorbis.decoder#168] Configured output block pool ids 172 => OK
02-17 07:56:27.669  7746  7746 D ImeBackDispatcher: Register received callback id=131072203 priority=0
02-17 07:56:27.669  7746  7746 D WindowOnBackDispatcher: setTopOnBackInvokedCallback (unwrapped): ImeOnBackInvokedCallback@131072203 Callback=android.window.IOnBackInvokedCallback$Stub$Proxy@f5b7406
02-17 07:56:27.732  7746  7746 I ImeTracker: system_server:a7fe1474: onShown
02-17 07:56:27.736  7746  2132 D CCodecBufferChannel: [c2.android.vorbis.decoder#168] MediaCodec discarded an unknown buffer
02-17 07:56:27.736  7746  2132 D CCodecBufferChannel: [c2.android.vorbis.decoder#168] MediaCodec discarded an unknown buffer
02-17 07:56:27.737  7746  2132 D CCodecBufferChannel: [c2.android.vorbis.decoder#168] MediaCodec discarded an unknown buffer
02-17 07:56:27.747  7746  2150 I hw-BpHwBinder: onLastStrongRef automatically unlinking death recipients
02-17 07:56:27.824  7746  7746 I ImeTracker: com.termux:b9bcf0f7: onRequestShow at ORIGIN_CLIENT reason SHOW_SOFT_INPUT fromUser false
02-17 07:56:27.824  7746  7746 D InsetsController: show(ime())
02-17 07:56:27.824  7746  7746 I ImeTracker: com.termux:b9bcf0f7: onCancelled at PHASE_CLIENT_APPLY_ANIMATION
02-17 07:56:27.930  2154  2154 W bash    : type=1400 audit(0.0:322747): avc:  granted  { execute } for  path="/data/data/com.termux/files/usr/lib/libtermux-exec-ld-preload.so" dev="dm-45" ino=103227 scontext=u:r:untrusted_app_27:s0:c206,c257,c512,c768 tcontext=u:object_r:app_data_file:s0:c206,c257,c512,c768 tclass=file app=com.termux
02-17 07:56:27.930  2154  2154 W bash    : type=1400 audit(0.0:322748): avc:  granted  { execute } for  path="/data/data/com.termux/files/usr/lib/libncursesw.so.6.5" dev="dm-45" ino=600258 scontext=u:r:untrusted_app_27:s0:c206,c257,c512,c768 tcontext=u:object_r:app_data_file:s0:c206,c257,c512,c768 tclass=file app=com.termux
02-17 07:56:27.930  2154  2154 W bash    : type=1400 audit(0.0:322749): avc:  granted  { execute } for  path="/data/data/com.termux/files/usr/lib/libiconv.so" dev="dm-45" ino=151081 scontext=u:r:untrusted_app_27:s0:c206,c257,c512,c768 tcontext=u:object_r:app_data_file:s0:c206,c257,c512,c768 tclass=file app=com.termux
02-17 07:56:27.930  2154  2154 W bash    : type=1400 audit(0.0:322750): avc:  granted  { execute } for  path="/data/data/com.termux/files/usr/lib/libreadline.so.8.3" dev="dm-45" ino=102583 scontext=u:r:untrusted_app_27:s0:c206,c257,c512,c768 tcontext=u:object_r:app_data_file:s0:c206,c257,c512,c768 tclass=file app=com.termux
02-17 07:56:27.930  2154  2154 W bash    : type=1400 audit(0.0:322751): avc:  granted  { execute } for  path="/data/data/com.termux/files/usr/lib/libandroid-support.so" dev="dm-45" ino=151115 scontext=u:r:untrusted_app_27:s0:c206,c257,c512,c768 tcontext=u:object_r:app_data_file:s0:c206,c257,c512,c768 tclass=file app=com.termux
02-17 07:56:27.965  2154  2154 W audit   : audit_lost=312683 audit_rate_limit=5 audit_backlog_limit=64
02-17 07:56:27.965  2154  2154 E audit   : rate limit exceeded
02-17 07:56:29.082  2383  2383 W cargo   : type=1400 audit(0.0:322990): avc:  granted  { execute } for  name="rustc" dev="dm-45" ino=606633 scontext=u:r:untrusted_app_27:s0:c206,c257,c512,c768 tcontext=u:object_r:app_data_file:s0:c206,c257,c512,c768 tclass=file app=com.termux
02-17 07:56:29.082  2383  2383 W cargo   : type=1400 audit(0.0:322991): avc:  granted  { execute } for  name="rustc" dev="dm-45" ino=606633 scontext=u:r:untrusted_app_27:s0:c206,c257,c512,c768 tcontext=u:object_r:app_data_file:s0:c206,c257,c512,c768 tclass=file app=com.termux
02-17 07:56:29.082  2383  2383 W cargo   : type=1400 audit(0.0:322992): avc:  granted  { execute_no_trans } for  path="/data/data/com.termux/files/usr/bin/rustc" dev="dm-45" ino=606633 scontext=u:r:untrusted_app_27:s0:c206,c257,c512,c768 tcontext=u:object_r:app_data_file:s0:c206,c257,c512,c768 tclass=file app=com.termux
02-17 07:56:29.098  2383  2383 W rustc   : type=1400 audit(0.0:322993): avc:  granted  { execute } for  path="/data/data/com.termux/files/usr/bin/rustc" dev="dm-45" ino=606633 scontext=u:r:untrusted_app_27:s0:c206,c257,c512,c768 tcontext=u:object_r:app_data_file:s0:c206,c257,c512,c768 tclass=file app=com.termux
02-17 07:56:29.098  2383  2383 W rustc   : type=1400 audit(0.0:322994): avc:  denied  { search } for  name="tests" dev="dm-45" ino=113 scontext=u:r:untrusted_app_27:s0:c206,c257,c512,c768 tcontext=u:object_r:shell_test_data_file:s0 tclass=dir permissive=0 app=com.termux
02-17 07:56:30.086  2503  2503 W bash    : type=1400 audit(0.0:323146): avc:  granted  { execute } for  name="clang-21" dev="dm-45" ino=115824 scontext=u:r:untrusted_app_27:s0:c206,c257,c512,c768 tcontext=u:object_r:app_data_file:s0:c206,c257,c512,c768 tclass=file app=com.termux
02-17 07:56:30.086  2503  2503 W bash    : type=1400 audit(0.0:323147): avc:  granted  { execute } for  name="clang-21" dev="dm-45" ino=115824 scontext=u:r:untrusted_app_27:s0:c206,c257,c512,c768 tcontext=u:object_r:app_data_file:s0:c206,c257,c512,c768 tclass=file app=com.termux
02-17 07:56:30.086  2503  2503 W bash    : type=1400 audit(0.0:323148): avc:  granted  { execute_no_trans } for  path="/data/data/com.termux/files/usr/bin/clang-21" dev="dm-45" ino=115824 scontext=u:r:untrusted_app_27:s0:c206,c257,c512,c768 tcontext=u:object_r:app_data_file:s0:c206,c257,c512,c768 tclass=file app=com.termux
02-17 07:56:30.086  2503  2503 W clang   : type=1400 audit(0.0:323149): avc:  granted  { execute } for  path="/data/data/com.termux/files/usr/bin/clang-21" dev="dm-45" ino=115824 scontext=u:r:untrusted_app_27:s0:c206,c257,c512,c768 tcontext=u:object_r:app_data_file:s0:c206,c257,c512,c768 tclass=file app=com.termux
02-17 07:56:30.090  2503  2503 W clang   : type=1400 audit(0.0:323150): avc:  denied  { search } for  name="tests" dev="dm-45" ino=113 scontext=u:r:untrusted_app_27:s0:c206,c257,c512,c768 tcontext=u:object_r:shell_test_data_file:s0 tclass=dir permissive=0 app=com.termux
02-17 07:56:30.220  2503  2503 W audit   : audit_lost=313087 audit_rate_limit=5 audit_backlog_limit=64
02-17 07:56:30.220  2503  2503 E audit   : rate limit exceeded
02-17 07:56:31.198  2615  2615 W bash    : type=1400 audit(0.0:323395): avc:  denied  { ioctl } for  path="pipe:[642696]" dev="pipefs" ino=642696 ioctlcmd=0x5413 scontext=u:r:untrusted_app_27:s0:c206,c257,c512,c768 tcontext=u:r:untrusted_app_27:s0:c206,c257,c512,c768 tclass=fifo_file permissive=0 app=com.termux
02-17 07:56:31.222 32716 32716 W cargo   : type=1400 audit(0.0:323396): avc:  denied  { link } for  name="build_script_build-1b227789f54d535f" dev="dm-45" ino=866950 scontext=u:r:untrusted_app_27:s0:c206,c257,c512,c768 tcontext=u:object_r:app_data_file:s0:c206,c257,c512,c768 tclass=file permissive=0 app=com.termux
02-17 07:56:31.226  2635  2635 W cargo   : type=1400 audit(0.0:323397): avc:  granted  { execute } for  name="build-script-build" dev="dm-45" ino=867102 scontext=u:r:untrusted_app_27:s0:c206,c257,c512,c768 tcontext=u:object_r:app_data_file:s0:c206,c257,c512,c768 tclass=file app=com.termux
02-17 07:56:31.226  2635  2635 W cargo   : type=1400 audit(0.0:323398): avc:  granted  { execute } for  name="build-script-build" dev="dm-45" ino=867102 scontext=u:r:untrusted_app_27:s0:c206,c257,c512,c768 tcontext=u:object_r:app_data_file:s0:c206,c257,c512,c768 tclass=file app=com.termux
02-17 07:56:31.226  2635  2635 W cargo   : type=1400 audit(0.0:323399): avc:  granted  { execute_no_trans } for  path="/data/data/com.termux/files/home/transcribe_v2/target/release/build/thiserror-1b227789f54d535f/build-script-build" dev="dm-45" ino=867102 scontext=u:r:untrusted_app_27:s0:c206,c257,c512,c768 tcontext=u:object_r:app_data_file:s0:c206,c257,c512,c768 tclass=file app=com.termux
02-17 07:56:31.253  2635  2635 W audit   : audit_lost=313316 audit_rate_limit=5 audit_backlog_limit=64
02-17 07:56:31.253  2635  2635 E audit   : rate limit exceeded
02-17 07:56:32.242  2735  2735 W build-script-bu: type=1400 audit(0.0:323630): avc:  granted  { execute } for  name="aarch64-linux-android-clang" dev="dm-45" ino=115776 scontext=u:r:untrusted_app_27:s0:c206,c257,c512,c768 tcontext=u:object_r:app_data_file:s0:c206,c257,c512,c768 tclass=file app=com.termux
02-17 07:56:32.242  2735  2735 W build-script-bu: type=1400 audit(0.0:323631): avc:  granted  { execute } for  name="bash" dev="dm-45" ino=103898 scontext=u:r:untrusted_app_27:s0:c206,c257,c512,c768 tcontext=u:object_r:app_data_file:s0:c206,c257,c512,c768 tclass=file app=com.termux
02-17 07:56:32.242  2735  2735 W build-script-bu: type=1400 audit(0.0:323632): avc:  granted  { execute_no_trans } for  path="/data/data/com.termux/files/usr/bin/bash" dev="dm-45" ino=103898 scontext=u:r:untrusted_app_27:s0:c206,c257,c512,c768 tcontext=u:object_r:app_data_file:s0:c206,c257,c512,c768 tclass=file app=com.termux
02-17 07:56:32.242  2735  2735 W bash    : type=1400 audit(0.0:323633): avc:  granted  { execute } for  path="/data/data/com.termux/files/usr/bin/bash" dev="dm-45" ino=103898 scontext=u:r:untrusted_app_27:s0:c206,c257,c512,c768 tcontext=u:object_r:app_data_file:s0:c206,c257,c512,c768 tclass=file app=com.termux
02-17 07:56:32.246  2735  2735 W bash    : type=1400 audit(0.0:323634): avc:  denied  { search } for  name="tests" dev="dm-45" ino=113 scontext=u:r:untrusted_app_27:s0:c206,c257,c512,c768 tcontext=u:object_r:shell_test_data_file:s0 tclass=dir permissive=0 app=com.termux
02-17 07:56:32.267  2735  2735 W audit   : audit_lost=313546 audit_rate_limit=5 audit_backlog_limit=64
02-17 07:56:32.267  2735  2735 E audit   : rate limit exceeded
02-17 07:56:32.590  7746  7894 D BufferPoolAccessor2.0: evictor expired: 1, evicted: 0
02-17 07:56:33.254  2889  2889 W build-script-bu: type=1400 audit(0.0:324146): avc:  granted  { execute } for  name="aarch64-linux-android-clang" dev="dm-45" ino=115776 scontext=u:r:untrusted_app_27:s0:c206,c257,c512,c768 tcontext=u:object_r:app_data_file:s0:c206,c257,c512,c768 tclass=file app=com.termux
02-17 07:56:33.258  2889  2889 W build-script-bu: type=1400 audit(0.0:324147): avc:  granted  { execute } for  name="bash" dev="dm-45" ino=103898 scontext=u:r:untrusted_app_27:s0:c206,c257,c512,c768 tcontext=u:object_r:app_data_file:s0:c206,c257,c512,c768 tclass=file app=com.termux
02-17 07:56:33.258  2889  2889 W build-script-bu: type=1400 audit(0.0:324148): avc:  granted  { execute_no_trans } for  path="/data/data/com.termux/files/usr/bin/bash" dev="dm-45" ino=103898 scontext=u:r:untrusted_app_27:s0:c206,c257,c512,c768 tcontext=u:object_r:app_data_file:s0:c206,c257,c512,c768 tclass=file app=com.termux
02-17 07:56:33.258  2889  2889 W bash    : type=1400 audit(0.0:324149): avc:  granted  { execute } for  path="/data/data/com.termux/files/usr/bin/bash" dev="dm-45" ino=103898 scontext=u:r:untrusted_app_27:s0:c206,c257,c512,c768 tcontext=u:object_r:app_data_file:s0:c206,c257,c512,c768 tclass=file app=com.termux
02-17 07:56:33.258  2889  2889 W bash    : type=1400 audit(0.0:324150): avc:  denied  { search } for  name="tests" dev="dm-45" ino=113 scontext=u:r:untrusted_app_27:s0:c206,c257,c512,c768 tcontext=u:object_r:shell_test_data_file:s0 tclass=dir permissive=0 app=com.termux
02-17 07:56:33.458 26520 26520 E iostack : irqs = 805495, self-block = 0
02-17 07:56:33.590  7746  7894 D BufferPoolAccessor2.0: bufferpool2 0x7b0087e8a8 : 0(0 size) total buffers - 0(0 size) used buffers - 2/7 (recycle/alloc) - 5/24 (fetch/transfer)
02-17 07:56:33.591  7746  7894 D BufferPoolAccessor2.0: evictor expired: 1, evicted: 1
02-17 07:56:34.438  3042  3042 W rustc   : type=1400 audit(0.0:324543): avc:  granted  { execute } for  name="aarch64-linux-android-clang" dev="dm-45" ino=115776 scontext=u:r:untrusted_app_27:s0:c206,c257,c512,c768 tcontext=u:object_r:app_data_file:s0:c206,c257,c512,c768 tclass=file app=com.termux
02-17 07:56:34.438  3042  3042 W rustc   : type=1400 audit(0.0:324544): avc:  granted  { execute } for  name="bash" dev="dm-45" ino=103898 scontext=u:r:untrusted_app_27:s0:c206,c257,c512,c768 tcontext=u:object_r:app_data_file:s0:c206,c257,c512,c768 tclass=file app=com.termux
02-17 07:56:34.438  3042  3042 W rustc   : type=1400 audit(0.0:324545): avc:  granted  { execute_no_trans } for  path="/data/data/com.termux/files/usr/bin/bash" dev="dm-45" ino=103898 scontext=u:r:untrusted_app_27:s0:c206,c257,c512,c768 tcontext=u:object_r:app_data_file:s0:c206,c257,c512,c768 tclass=file app=com.termux
02-17 07:56:34.442  3042  3042 W bash    : type=1400 audit(0.0:324546): avc:  granted  { execute } for  path="/data/data/com.termux/files/usr/bin/bash" dev="dm-45" ino=103898 scontext=u:r:untrusted_app_27:s0:c206,c257,c512,c768 tcontext=u:object_r:app_data_file:s0:c206,c257,c512,c768 tclass=file app=com.termux
02-17 07:56:34.464  3042  3042 W audit   : audit_lost=314449 audit_rate_limit=5 audit_backlog_limit=64
02-17 07:56:34.442  3042  3042 W bash    : type=1400 audit(0.0:324547): avc:  denied  { search } for  name="tests" dev="dm-45" ino=113 scontext=u:r:untrusted_app_27:s0:c206,c257,c512,c768 tcontext=u:object_r:shell_test_data_file:s0 tclass=dir permissive=0 app=com.termux
02-17 07:56:34.464  3042  3042 E audit   : rate limit exceeded
02-17 07:56:35.450  3326  3326 W cargo   : type=1400 audit(0.0:324946): avc:  granted  { execute } for  name="rustc" dev="dm-45" ino=606633 scontext=u:r:untrusted_app_27:s0:c206,c257,c512,c768 tcontext=u:object_r:app_data_file:s0:c206,c257,c512,c768 tclass=file app=com.termux
02-17 07:56:35.454  3326  3326 W cargo   : type=1400 audit(0.0:324947): avc:  granted  { execute } for  name="rustc" dev="dm-45" ino=606633 scontext=u:r:untrusted_app_27:s0:c206,c257,c512,c768 tcontext=u:object_r:app_data_file:s0:c206,c257,c512,c768 tclass=file app=com.termux
02-17 07:56:35.454  3326  3326 W cargo   : type=1400 audit(0.0:324948): avc:  granted  { execute_no_trans } for  path="/data/data/com.termux/files/usr/bin/rustc" dev="dm-45" ino=606633 scontext=u:r:untrusted_app_27:s0:c206,c257,c512,c768 tcontext=u:object_r:app_data_file:s0:c206,c257,c512,c768 tclass=file app=com.termux
02-17 07:56:35.458  3326  3326 W rustc   : type=1400 audit(0.0:324949): avc:  granted  { execute } for  path="/data/data/com.termux/files/usr/bin/rustc" dev="dm-45" ino=606633 scontext=u:r:untrusted_app_27:s0:c206,c257,c512,c768 tcontext=u:object_r:app_data_file:s0:c206,c257,c512,c768 tclass=file app=com.termux
02-17 07:56:35.458  3326  3326 W rustc   : type=1400 audit(0.0:324950): avc:  denied  { search } for  name="tests" dev="dm-45" ino=113 scontext=u:r:untrusted_app_27:s0:c206,c257,c512,c768 tcontext=u:object_r:shell_test_data_file:s0 tclass=dir permissive=0 app=com.termux
02-17 07:56:35.486  3326  3326 W audit   : audit_lost=314847 audit_rate_limit=5 audit_backlog_limit=64
02-17 07:56:35.486  3326  3326 E audit   : rate limit exceeded
02-17 07:56:36.610  3624  3624 W build-script-bu: type=1400 audit(0.0:325251): avc:  granted  { execute } for  name="aarch64-linux-android-clang" dev="dm-45" ino=115776 scontext=u:r:untrusted_app_27:s0:c206,c257,c512,c768 tcontext=u:object_r:app_data_file:s0:c206,c257,c512,c768 tclass=file app=com.termux
02-17 07:56:36.610  3624  3624 W build-script-bu: type=1400 audit(0.0:325252): avc:  granted  { execute } for  name="bash" dev="dm-45" ino=103898 scontext=u:r:untrusted_app_27:s0:c206,c257,c512,c768 tcontext=u:object_r:app_data_file:s0:c206,c257,c512,c768 tclass=file app=com.termux
02-17 07:56:36.610  3624  3624 W build-script-bu: type=1400 audit(0.0:325253): avc:  granted  { execute_no_trans } for  path="/data/data/com.termux/files/usr/bin/bash" dev="dm-45" ino=103898 scontext=u:r:untrusted_app_27:s0:c206,c257,c512,c768 tcontext=u:object_r:app_data_file:s0:c206,c257,c512,c768 tclass=file app=com.termux
02-17 07:56:36.610  3624  3624 W bash    : type=1400 audit(0.0:325254): avc:  granted  { execute } for  path="/data/data/com.termux/files/usr/bin/bash" dev="dm-45" ino=103898 scontext=u:r:untrusted_app_27:s0:c206,c257,c512,c768 tcontext=u:object_r:app_data_file:s0:c206,c257,c512,c768 tclass=file app=com.termux
02-17 07:56:36.639  3624  3624 W audit   : audit_lost=315147 audit_rate_limit=5 audit_backlog_limit=64
02-17 07:56:36.639  3624  3624 E audit   : rate limit exceeded
02-17 07:56:36.618  3624  3624 W bash    : type=1400 audit(0.0:325255): avc:  denied  { search } for  name="tests" dev="dm-45" ino=113 scontext=u:r:untrusted_app_27:s0:c206,c257,c512,c768 tcontext=u:object_r:shell_test_data_file:s0 tclass=dir permissive=0 app=com.termux
02-17 07:56:37.698  3777  3777 W cargo   : type=1400 audit(0.0:325445): avc:  granted  { execute } for  name="rustc" dev="dm-45" ino=606633 scontext=u:r:untrusted_app_27:s0:c206,c257,c512,c768 tcontext=u:object_r:app_data_file:s0:c206,c257,c512,c768 tclass=file app=com.termux
02-17 07:56:37.698  3777  3777 W cargo   : type=1400 audit(0.0:325446): avc:  granted  { execute } for  name="rustc" dev="dm-45" ino=606633 scontext=u:r:untrusted_app_27:s0:c206,c257,c512,c768 tcontext=u:object_r:app_data_file:s0:c206,c257,c512,c768 tclass=file app=com.termux
02-17 07:56:37.702  3777  3777 W cargo   : type=1400 audit(0.0:325447): avc:  granted  { execute_no_trans } for  path="/data/data/com.termux/files/usr/bin/rustc" dev="dm-45" ino=606633 scontext=u:r:untrusted_app_27:s0:c206,c257,c512,c768 tcontext=u:object_r:app_data_file:s0:c206,c257,c512,c768 tclass=file app=com.termux
02-17 07:56:37.706  3777  3777 W rustc   : type=1400 audit(0.0:325448): avc:  granted  { execute } for  path="/data/data/com.termux/files/usr/bin/rustc" dev="dm-45" ino=606633 scontext=u:r:untrusted_app_27:s0:c206,c257,c512,c768 tcontext=u:object_r:app_data_file:s0:c206,c257,c512,c768 tclass=file app=com.termux
02-17 07:56:37.706  3777  3777 W rustc   : type=1400 audit(0.0:325449): avc:  denied  { search } for  name="tests" dev="dm-45" ino=113 scontext=u:r:untrusted_app_27:s0:c206,c257,c512,c768 tcontext=u:object_r:shell_test_data_file:s0 tclass=dir permissive=0 app=com.termux
02-17 07:56:37.729  3777  3777 W audit   : audit_lost=315336 audit_rate_limit=5 audit_backlog_limit=64
02-17 07:56:37.729  3777  3777 E audit   : rate limit exceeded
02-17 07:56:38.754  3984  3984 W build-script-bu: type=1400 audit(0.0:325881): avc:  granted  { execute } for  name="aarch64-linux-android-clang" dev="dm-45" ino=115776 scontext=u:r:untrusted_app_27:s0:c206,c257,c512,c768 tcontext=u:object_r:app_data_file:s0:c206,c257,c512,c768 tclass=file app=com.termux
02-17 07:56:38.754  3984  3984 W build-script-bu: type=1400 audit(0.0:325882): avc:  granted  { execute } for  name="bash" dev="dm-45" ino=103898 scontext=u:r:untrusted_app_27:s0:c206,c257,c512,c768 tcontext=u:object_r:app_data_file:s0:c206,c257,c512,c768 tclass=file app=com.termux
02-17 07:56:38.754  3984  3984 W build-script-bu: type=1400 audit(0.0:325883): avc:  granted  { execute_no_trans } for  path="/data/data/com.termux/files/usr/bin/bash" dev="dm-45" ino=103898 scontext=u:r:untrusted_app_27:s0:c206,c257,c512,c768 tcontext=u:object_r:app_data_file:s0:c206,c257,c512,c768 tclass=file app=com.termux
02-17 07:56:38.754  3984  3984 W bash    : type=1400 audit(0.0:325884): avc:  granted  { execute } for  path="/data/data/com.termux/files/usr/bin/bash" dev="dm-45" ino=103898 scontext=u:r:untrusted_app_27:s0:c206,c257,c512,c768 tcontext=u:object_r:app_data_file:s0:c206,c257,c512,c768 tclass=file app=com.termux
02-17 07:56:38.754  3984  3984 W bash    : type=1400 audit(0.0:325885): avc:  denied  { search } for  name="tests" dev="dm-45" ino=113 scontext=u:r:untrusted_app_27:s0:c206,c257,c512,c768 tcontext=u:object_r:shell_test_data_file:s0 tclass=dir permissive=0 app=com.termux
02-17 07:56:38.778  3984  3984 E audit   : rate limit exceeded
02-17 07:56:39.782  4167  4167 W rustc   : type=1400 audit(0.0:325974): avc:  granted  { execute } for  name="aarch64-linux-android-clang" dev="dm-45" ino=115776 scontext=u:r:untrusted_app_27:s0:c206,c257,c512,c768 tcontext=u:object_r:app_data_file:s0:c206,c257,c512,c768 tclass=file app=com.termux
02-17 07:56:39.782  4167  4167 W rustc   : type=1400 audit(0.0:325975): avc:  granted  { execute } for  name="bash" dev="dm-45" ino=103898 scontext=u:r:untrusted_app_27:s0:c206,c257,c512,c768 tcontext=u:object_r:app_data_file:s0:c206,c257,c512,c768 tclass=file app=com.termux
02-17 07:56:39.786  4167  4167 W rustc   : type=1400 audit(0.0:325976): avc:  granted  { execute_no_trans } for  path="/data/data/com.termux/files/usr/bin/bash" dev="dm-45" ino=103898 scontext=u:r:untrusted_app_27:s0:c206,c257,c512,c768 tcontext=u:object_r:app_data_file:s0:c206,c257,c512,c768 tclass=file app=com.termux
02-17 07:56:39.786  4167  4167 W bash    : type=1400 audit(0.0:325977): avc:  granted  { execute } for  path="/data/data/com.termux/files/usr/bin/bash" dev="dm-45" ino=103898 scontext=u:r:untrusted_app_27:s0:c206,c257,c512,c768 tcontext=u:object_r:app_data_file:s0:c206,c257,c512,c768 tclass=file app=com.termux
02-17 07:56:39.786  4167  4167 W bash    : type=1400 audit(0.0:325978): avc:  denied  { search } for  name="tests" dev="dm-45" ino=113 scontext=u:r:untrusted_app_27:s0:c206,c257,c512,c768 tcontext=u:object_r:shell_test_data_file:s0 tclass=dir permissive=0 app=com.termux
02-17 07:56:40.810  4414  4414 W audit   : audit_lost=316220 audit_rate_limit=5 audit_backlog_limit=64
02-17 07:56:40.811  4414  4414 E audit   : rate limit exceeded
02-17 07:56:40.786  4414  4414 W clang   : type=1400 audit(0.0:326344): avc:  granted  { execute } for  path="/data/data/com.termux/files/usr/lib/libz.so.1.3.1" dev="dm-45" ino=150552 scontext=u:r:untrusted_app_27:s0:c206,c257,c512,c768 tcontext=u:object_r:app_data_file:s0:c206,c257,c512,c768 tclass=file app=com.termux
02-17 07:56:40.786  4414  4414 W clang   : type=1400 audit(0.0:326345): avc:  granted  { execute } for  path="/data/data/com.termux/files/usr/lib/libicudata.so.78.2" dev="dm-45" ino=94677 scontext=u:r:untrusted_app_27:s0:c206,c257,c512,c768 tcontext=u:object_r:app_data_file:s0:c206,c257,c512,c768 tclass=file app=com.termux
02-17 07:56:40.786  4414  4414 W clang   : type=1400 audit(0.0:326346): avc:  granted  { execute } for  path="/data/data/com.termux/files/usr/lib/libtermux-exec-ld-preload.so" dev="dm-45" ino=103227 scontext=u:r:untrusted_app_27:s0:c206,c257,c512,c768 tcontext=u:object_r:app_data_file:s0:c206,c257,c512,c768 tclass=file app=com.termux
02-17 07:56:40.790  4414  4414 W clang   : type=1400 audit(0.0:326347): avc:  granted  { execute } for  path="/data/data/com.termux/files/usr/lib/libffi.so" dev="dm-45" ino=108416 scontext=u:r:untrusted_app_27:s0:c206,c257,c512,c768 tcontext=u:object_r:app_data_file:s0:c206,c257,c512,c768 tclass=file app=com.termux
02-17 07:56:40.790  4414  4414 W clang   : type=1400 audit(0.0:326348): avc:  granted  { execute } for  path="/data/data/com.termux/files/usr/lib/libiconv.so" dev="dm-45" ino=151081 scontext=u:r:untrusted_app_27:s0:c206,c257,c512,c768 tcontext=u:object_r:app_data_file:s0:c206,c257,c512,c768 tclass=file app=com.termux
02-17 07:56:42.006  4593  4593 W cargo   : type=1400 audit(0.0:326639): avc:  granted  { execute } for  name="rustc" dev="dm-45" ino=606633 scontext=u:r:untrusted_app_27:s0:c206,c257,c512,c768 tcontext=u:object_r:app_data_file:s0:c206,c257,c512,c768 tclass=file app=com.termux
02-17 07:56:42.006  4593  4593 W cargo   : type=1400 audit(0.0:326640): avc:  granted  { execute } for  name="rustc" dev="dm-45" ino=606633 scontext=u:r:untrusted_app_27:s0:c206,c257,c512,c768 tcontext=u:object_r:app_data_file:s0:c206,c257,c512,c768 tclass=file app=com.termux
02-17 07:56:42.006  4593  4593 W cargo   : type=1400 audit(0.0:326641): avc:  granted  { execute_no_trans } for  path="/data/data/com.termux/files/usr/bin/rustc" dev="dm-45" ino=606633 scontext=u:r:untrusted_app_27:s0:c206,c257,c512,c768 tcontext=u:object_r:app_data_file:s0:c206,c257,c512,c768 tclass=file app=com.termux
02-17 07:56:42.006  4593  4593 W rustc   : type=1400 audit(0.0:326642): avc:  granted  { execute } for  path="/data/data/com.termux/files/usr/bin/rustc" dev="dm-45" ino=606633 scontext=u:r:untrusted_app_27:s0:c206,c257,c512,c768 tcontext=u:object_r:app_data_file:s0:c206,c257,c512,c768 tclass=file app=com.termux
02-17 07:56:42.010  4593  4593 W rustc   : type=1400 audit(0.0:326643): avc:  denied  { search } for  name="tests" dev="dm-45" ino=113 scontext=u:r:untrusted_app_27:s0:c206,c257,c512,c768 tcontext=u:object_r:shell_test_data_file:s0 tclass=dir permissive=0 app=com.termux
02-17 07:56:42.031  4593  4593 W audit   : audit_lost=316510 audit_rate_limit=5 audit_backlog_limit=64
02-17 07:56:42.031  4593  4593 E audit   : rate limit exceeded
02-17 07:56:43.010  4796  4796 W clang   : type=1400 audit(0.0:327209): avc:  granted  { execute } for  path="/data/data/com.termux/files/usr/lib/libc++_shared.so" dev="dm-45" ino=151135 scontext=u:r:untrusted_app_27:s0:c206,c257,c512,c768 tcontext=u:object_r:app_data_file:s0:c206,c257,c512,c768 tclass=file app=com.termux
02-17 07:56:43.010  4796  4796 W clang   : type=1400 audit(0.0:327210): avc:  granted  { execute } for  path="/data/data/com.termux/files/usr/lib/libc++_shared.so" dev="dm-45" ino=151135 scontext=u:r:untrusted_app_27:s0:c206,c257,c512,c768 tcontext=u:object_r:app_data_file:s0:c206,c257,c512,c768 tclass=file app=com.termux
02-17 07:56:43.010  4796  4796 W clang   : type=1400 audit(0.0:327211): avc:  granted  { execute } for  path="/data/data/com.termux/files/usr/lib/libxml2.so.16.1.1" dev="dm-45" ino=108504 scontext=u:r:untrusted_app_27:s0:c206,c257,c512,c768 tcontext=u:object_r:app_data_file:s0:c206,c257,c512,c768 tclass=file app=com.termux
02-17 07:56:43.010  4796  4796 W clang   : type=1400 audit(0.0:327212): avc:  granted  { execute } for  path="/data/data/com.termux/files/usr/lib/libicudata.so.78.2" dev="dm-45" ino=94677 scontext=u:r:untrusted_app_27:s0:c206,c257,c512,c768 tcontext=u:object_r:app_data_file:s0:c206,c257,c512,c768 tclass=file app=com.termux
02-17 07:56:43.010  4796  4796 W clang   : type=1400 audit(0.0:327213): avc:  granted  { execute } for  path="/data/data/com.termux/files/usr/lib/libLLVM.so" dev="dm-45" ino=111128 scontext=u:r:untrusted_app_27:s0:c206,c257,c512,c768 tcontext=u:object_r:app_data_file:s0:c206,c257,c512,c768 tclass=file app=com.termux
02-17 07:56:43.044  4797  4797 W audit   : audit_lost=317082 audit_rate_limit=5 audit_backlog_limit=64
02-17 07:56:43.044  4797  4797 E audit   : rate limit exceeded
02-17 07:56:43.698 26520 26520 E iostack : irqs = 805604, self-block = 0
02-17 07:56:44.034  4896  4896 W cargo   : type=1400 audit(0.0:327684): avc:  granted  { execute } for  name="build-script-build" dev="dm-45" ino=868173 scontext=u:r:untrusted_app_27:s0:c206,c257,c512,c768 tcontext=u:object_r:app_data_file:s0:c206,c257,c512,c768 tclass=file app=com.termux
02-17 07:56:44.034  4896  4896 W cargo   : type=1400 audit(0.0:327685): avc:  granted  { execute } for  name="build-script-build" dev="dm-45" ino=868173 scontext=u:r:untrusted_app_27:s0:c206,c257,c512,c768 tcontext=u:object_r:app_data_file:s0:c206,c257,c512,c768 tclass=file app=com.termux
02-17 07:56:44.034  4896  4896 W cargo   : type=1400 audit(0.0:327686): avc:  granted  { execute_no_trans } for  path="/data/data/com.termux/files/home/transcribe_v2/target/release/build/ahash-1336696a6b0c2b40/build-script-build" dev="dm-45" ino=868173 scontext=u:r:untrusted_app_27:s0:c206,c257,c512,c768 tcontext=u:object_r:app_data_file:s0:c206,c257,c512,c768 tclass=file app=com.termux
02-17 07:56:44.034  4896  4896 W build-script-bu: type=1400 audit(0.0:327687): avc:  granted  { execute } for  path="/data/data/com.termux/files/home/transcribe_v2/target/release/build/ahash-1336696a6b0c2b40/build-script-build" dev="dm-45" ino=868173 scontext=u:r:untrusted_app_27:s0:c206,c257,c512,c768 tcontext=u:object_r:app_data_file:s0:c206,c257,c512,c768 tclass=file app=com.termux
02-17 07:56:44.062  4896  4896 W audit   : audit_lost=317545 audit_rate_limit=5 audit_backlog_limit=64
02-17 07:56:44.062  4896  4896 E audit   : rate limit exceeded
02-17 07:56:44.038  4896  4896 W build-script-bu: type=1400 audit(0.0:327688): avc:  denied  { search } for  name="tests" dev="dm-45" ino=113 scontext=u:r:untrusted_app_27:s0:c206,c257,c512,c768 tcontext=u:object_r:shell_test_data_file:s0 tclass=dir permissive=0 app=com.termux
02-17 07:56:45.102  4969  4969 W bash    : type=1400 audit(0.0:328166): avc:  denied  { ioctl } for  path="pipe:[646886]" dev="pipefs" ino=646886 ioctlcmd=0x5413 scontext=u:r:untrusted_app_27:s0:c206,c257,c512,c768 tcontext=u:r:untrusted_app_27:s0:c206,c257,c512,c768 tclass=fifo_file permissive=0 app=com.termux
02-17 07:56:45.102  4974  4974 W build-script-bu: type=1400 audit(0.0:328167): avc:  granted  { execute } for  name="aarch64-linux-android-clang++" dev="dm-45" ino=115807 scontext=u:r:untrusted_app_27:s0:c206,c257,c512,c768 tcontext=u:object_r:app_data_file:s0:c206,c257,c512,c768 tclass=file app=com.termux
02-17 07:56:45.102  4974  4974 W build-script-bu: type=1400 audit(0.0:328168): avc:  granted  { execute } for  name="bash" dev="dm-45" ino=103898 scontext=u:r:untrusted_app_27:s0:c206,c257,c512,c768 tcontext=u:object_r:app_data_file:s0:c206,c257,c512,c768 tclass=file app=com.termux
02-17 07:56:45.102  4974  4974 W build-script-bu: type=1400 audit(0.0:328169): avc:  granted  { execute_no_trans } for  path="/data/data/com.termux/files/usr/bin/bash" dev="dm-45" ino=103898 scontext=u:r:untrusted_app_27:s0:c206,c257,c512,c768 tcontext=u:object_r:app_data_file:s0:c206,c257,c512,c768 tclass=file app=com.termux
02-17 07:56:45.102  4974  4974 W bash    : type=1400 audit(0.0:328170): avc:  granted  { execute } for  path="/data/data/com.termux/files/usr/bin/bash" dev="dm-45" ino=103898 scontext=u:r:untrusted_app_27:s0:c206,c257,c512,c768 tcontext=u:object_r:app_data_file:s0:c206,c257,c512,c768 tclass=file app=com.termux
02-17 07:56:45.128  4974  4974 W audit   : audit_lost=318022 audit_rate_limit=5 audit_backlog_limit=64
02-17 07:56:45.128  4974  4974 E audit   : rate limit exceeded
02-17 07:56:46.110  5019  5019 W clang   : type=1400 audit(0.0:328410): avc:  granted  { execute } for  path="/data/data/com.termux/files/usr/lib/libclang-cpp.so" dev="dm-45" ino=117449 scontext=u:r:untrusted_app_27:s0:c206,c257,c512,c768 tcontext=u:object_r:app_data_file:s0:c206,c257,c512,c768 tclass=file app=com.termux
02-17 07:56:46.110  5019  5019 W clang   : type=1400 audit(0.0:328411): avc:  granted  { execute } for  path="/data/data/com.termux/files/usr/lib/libicuuc.so.78.2" dev="dm-45" ino=94691 scontext=u:r:untrusted_app_27:s0:c206,c257,c512,c768 tcontext=u:object_r:app_data_file:s0:c206,c257,c512,c768 tclass=file app=com.termux
02-17 07:56:46.110  5019  5019 W clang   : type=1400 audit(0.0:328412): avc:  granted  { execute } for  path="/data/data/com.termux/files/usr/lib/libc++_shared.so" dev="dm-45" ino=151135 scontext=u:r:untrusted_app_27:s0:c206,c257,c512,c768 tcontext=u:object_r:app_data_file:s0:c206,c257,c512,c768 tclass=file app=com.termux
02-17 07:56:46.110  5019  5019 W clang   : type=1400 audit(0.0:328413): avc:  granted  { execute } for  path="/data/data/com.termux/files/usr/lib/libc++_shared.so" dev="dm-45" ino=151135 scontext=u:r:untrusted_app_27:s0:c206,c257,c512,c768 tcontext=u:object_r:app_data_file:s0:c206,c257,c512,c768 tclass=file app=com.termux
02-17 07:56:46.110  5019  5019 W clang   : type=1400 audit(0.0:328414): avc:  granted  { execute } for  path="/data/data/com.termux/files/usr/lib/libz.so.1.3.1" dev="dm-45" ino=150552 scontext=u:r:untrusted_app_27:s0:c206,c257,c512,c768 tcontext=u:object_r:app_data_file:s0:c206,c257,c512,c768 tclass=file app=com.termux
02-17 07:56:47.138  5060  5060 W build-script-bu: type=1400 audit(0.0:328800): avc:  granted  { execute } for  name="aarch64-linux-android-clang" dev="dm-45" ino=115776 scontext=u:r:untrusted_app_27:s0:c206,c257,c512,c768 tcontext=u:object_r:app_data_file:s0:c206,c257,c512,c768 tclass=file app=com.termux
02-17 07:56:47.138  5060  5060 W build-script-bu: type=1400 audit(0.0:328801): avc:  granted  { execute } for  name="bash" dev="dm-45" ino=103898 scontext=u:r:untrusted_app_27:s0:c206,c257,c512,c768 tcontext=u:object_r:app_data_file:s0:c206,c257,c512,c768 tclass=file app=com.termux
02-17 07:56:47.138  5060  5060 W build-script-bu: type=1400 audit(0.0:328802): avc:  granted  { execute_no_trans } for  path="/data/data/com.termux/files/usr/bin/bash" dev="dm-45" ino=103898 scontext=u:r:untrusted_app_27:s0:c206,c257,c512,c768 tcontext=u:object_r:app_data_file:s0:c206,c257,c512,c768 tclass=file app=com.termux
02-17 07:56:47.138  5060  5060 W bash    : type=1400 audit(0.0:328803): avc:  granted  { execute } for  path="/data/data/com.termux/files/usr/bin/bash" dev="dm-45" ino=103898 scontext=u:r:untrusted_app_27:s0:c206,c257,c512,c768 tcontext=u:object_r:app_data_file:s0:c206,c257,c512,c768 tclass=file app=com.termux
02-17 07:56:47.142  5060  5060 W bash    : type=1400 audit(0.0:328804): avc:  denied  { search } for  name="tests" dev="dm-45" ino=113 scontext=u:r:untrusted_app_27:s0:c206,c257,c512,c768 tcontext=u:object_r:shell_test_data_file:s0 tclass=dir permissive=0 app=com.termux
02-17 07:56:47.163  5060  5060 W audit   : audit_lost=318646 audit_rate_limit=5 audit_backlog_limit=64
02-17 07:56:47.163  5060  5060 E audit   : rate limit exceeded
02-17 07:56:48.234  5263  5263 W build-script-bu: type=1400 audit(0.0:329057): avc:  granted  { execute } for  name="aarch64-linux-android-clang++" dev="dm-45" ino=115807 scontext=u:r:untrusted_app_27:s0:c206,c257,c512,c768 tcontext=u:object_r:app_data_file:s0:c206,c257,c512,c768 tclass=file app=com.termux
02-17 07:56:48.234  5263  5263 W build-script-bu: type=1400 audit(0.0:329058): avc:  granted  { execute } for  name="bash" dev="dm-45" ino=103898 scontext=u:r:untrusted_app_27:s0:c206,c257,c512,c768 tcontext=u:object_r:app_data_file:s0:c206,c257,c512,c768 tclass=file app=com.termux
02-17 07:56:48.234  5263  5263 W build-script-bu: type=1400 audit(0.0:329059): avc:  granted  { execute_no_trans } for  path="/data/data/com.termux/files/usr/bin/bash" dev="dm-45" ino=103898 scontext=u:r:untrusted_app_27:s0:c206,c257,c512,c768 tcontext=u:object_r:app_data_file:s0:c206,c257,c512,c768 tclass=file app=com.termux
02-17 07:56:48.234  5263  5263 W bash    : type=1400 audit(0.0:329060): avc:  granted  { execute } for  path="/data/data/com.termux/files/usr/bin/bash" dev="dm-45" ino=103898 scontext=u:r:untrusted_app_27:s0:c206,c257,c512,c768 tcontext=u:object_r:app_data_file:s0:c206,c257,c512,c768 tclass=file app=com.termux
02-17 07:56:48.238  5263  5263 W bash    : type=1400 audit(0.0:329061): avc:  denied  { search } for  name="tests" dev="dm-45" ino=113 scontext=u:r:untrusted_app_27:s0:c206,c257,c512,c768 tcontext=u:object_r:shell_test_data_file:s0 tclass=dir permissive=0 app=com.termux
02-17 07:56:48.259  5263  5263 W audit   : audit_lost=318898 audit_rate_limit=5 audit_backlog_limit=64
02-17 07:56:48.259  5263  5263 E audit   : rate limit exceeded
02-17 07:56:49.290  5279  5279 W bash    : type=1400 audit(0.0:329312): avc:  denied  { ioctl } for  path="pipe:[652423]" dev="pipefs" ino=652423 ioctlcmd=0x5413 scontext=u:r:untrusted_app_27:s0:c206,c257,c512,c768 tcontext=u:r:untrusted_app_27:s0:c206,c257,c512,c768 tclass=fifo_file permissive=0 app=com.termux
02-17 07:56:49.302  5282  5282 W build-script-bu: type=1400 audit(0.0:329313): avc:  granted  { execute } for  name="llvm-ar" dev="dm-45" ino=111374 scontext=u:r:untrusted_app_27:s0:c206,c257,c512,c768 tcontext=u:object_r:app_data_file:s0:c206,c257,c512,c768 tclass=file app=com.termux
02-17 07:56:49.302  5282  5282 W build-script-bu: type=1400 audit(0.0:329314): avc:  granted  { execute } for  name="llvm-ar" dev="dm-45" ino=111374 scontext=u:r:untrusted_app_27:s0:c206,c257,c512,c768 tcontext=u:object_r:app_data_file:s0:c206,c257,c512,c768 tclass=file app=com.termux
02-17 07:56:49.302  5282  5282 W build-script-bu: type=1400 audit(0.0:329315): avc:  granted  { execute_no_trans } for  path="/data/data/com.termux/files/usr/bin/llvm-ar" dev="dm-45" ino=111374 scontext=u:r:untrusted_app_27:s0:c206,c257,c512,c768 tcontext=u:object_r:app_data_file:s0:c206,c257,c512,c768 tclass=file app=com.termux
02-17 07:56:49.302  5282  5282 W llvm-ar : type=1400 audit(0.0:329316): avc:  granted  { execute } for  path="/data/data/com.termux/files/usr/bin/llvm-ar" dev="dm-45" ino=111374 scontext=u:r:untrusted_app_27:s0:c206,c257,c512,c768 tcontext=u:object_r:app_data_file:s0:c206,c257,c512,c768 tclass=file app=com.termux
02-17 07:56:49.326  5282  5282 W audit   : audit_lost=319148 audit_rate_limit=5 audit_backlog_limit=64
02-17 07:56:49.326  5282  5282 E audit   : rate limit exceeded
02-17 07:56:50.302  5345  5345 W build-script-bu: type=1400 audit(0.0:329689): avc:  granted  { execute } for  name="aarch64-linux-android-clang" dev="dm-45" ino=115776 scontext=u:r:untrusted_app_27:s0:c206,c257,c512,c768 tcontext=u:object_r:app_data_file:s0:c206,c257,c512,c768 tclass=file app=com.termux
