02-17 07:52:48.638 31604 31604 W bash    : type=1400 audit(0.0:317177): avc:  granted  { execute } for  name="grep" dev="dm-45" ino=780302 scontext=u:r:untrusted_app_27:s0:c206,c257,c512,c768 tcontext=u:object_r:app_data_file:s0:c206,c257,c512,c768 tclass=file app=com.termux
02-17 07:52:48.638 31603 31603 W bash    : type=1400 audit(0.0:317178): avc:  granted  { execute_no_trans } for  path="/data/data/com.termux/files/usr/bin/dash" dev="dm-45" ino=382337 scontext=u:r:untrusted_app_27:s0:c206,c257,c512,c768 tcontext=u:object_r:app_data_file:s0:c206,c257,c512,c768 tclass=file app=com.termux
02-17 07:52:48.638 31604 31604 W bash    : type=1400 audit(0.0:317179): avc:  granted  { execute } for  name="grep" dev="dm-45" ino=780302 scontext=u:r:untrusted_app_27:s0:c206,c257,c512,c768 tcontext=u:object_r:app_data_file:s0:c206,c257,c512,c768 tclass=file app=com.termux
02-17 07:52:48.638 31604 31604 W bash    : type=1400 audit(0.0:317180): avc:  granted  { execute_no_trans } for  path="/data/data/com.termux/files/usr/bin/grep" dev="dm-45" ino=780302 scontext=u:r:untrusted_app_27:s0:c206,c257,c512,c768 tcontext=u:object_r:app_data_file:s0:c206,c257,c512,c768 tclass=file app=com.termux
02-17 07:52:48.638 31603 31603 W sh      : type=1400 audit(0.0:317181): avc:  granted  { execute } for  path="/data/data/com.termux/files/usr/bin/dash" dev="dm-45" ino=382337 scontext=u:r:untrusted_app_27:s0:c206,c257,c512,c768 tcontext=u:object_r:app_data_file:s0:c206,c257,c512,c768 tclass=file app=com.termux
02-17 07:52:48.642 31604 31604 W grep    : type=1400 audit(0.0:317182): avc:  granted  { execute } for  path="/data/data/com.termux/files/usr/bin/grep" dev="dm-45" ino=780302 scontext=u:r:untrusted_app_27:s0:c206,c257,c512,c768 tcontext=u:object_r:app_data_file:s0:c206,c257,c512,c768 tclass=file app=com.termux
02-17 07:52:48.642 31603 31603 W sh      : type=1400 audit(0.0:317183): avc:  denied  { search } for  name="tests" dev="dm-45" ino=113 scontext=u:r:untrusted_app_27:s0:c206,c257,c512,c768 tcontext=u:object_r:shell_test_data_file:s0 tclass=dir permissive=0 app=com.termux
02-17 07:52:48.665 31604 31604 W audit   : audit_lost=307270 audit_rate_limit=5 audit_backlog_limit=64
02-17 07:52:48.665 31604 31604 E audit   : rate limit exceeded
02-17 07:52:50.247  7746  7746 D InsetsController: hide(ime())
02-17 07:52:50.248  7746  7746 D ImeBackDispatcher: Preliminary clear (mImeCallbacks.size=1)
02-17 07:52:50.248  7746  7746 D WindowOnBackDispatcher: setTopOnBackInvokedCallback (unwrapped): android.view.ViewRootImpl$$ExternalSyntheticLambda12@2ce1405
02-17 07:52:50.248  7746  7746 D InsetsController: Setting requestedVisibleTypes to -9 (was -1)
02-17 07:52:50.249  7746  7746 D InsetsController: hide(ime())
02-17 07:52:50.250  7746  7746 I ImeTracker: org.futo.inputmethod.latin.playstore:4ff56196: onCancelled at PHASE_CLIENT_ALREADY_HIDDEN
02-17 07:52:50.508  7746  7746 I ImeTracker: system_server:b707f14f: onCancelled at PHASE_CLIENT_ON_CONTROLS_CHANGED
02-17 07:52:50.566  7746  7746 D ImeBackDispatcher: Unregister received callback id=131072203
02-17 07:52:53.992  7746  7746 D VRI[TermuxActivity]: visibilityChanged oldVisibility=true newVisibility=false
02-17 07:52:54.012  7746  7746 D ImeBackDispatcher: Clear (mImeCallbacks.size=0)
02-17 07:52:54.012  7746  7746 D ImeBackDispatcher: switch root view (mImeCallbacks.size=0)
02-17 07:52:54.358 31641 31641 W MainThread: type=1400 audit(0.0:317207): avc:  granted  { execute } for  name="bash" dev="dm-45" ino=103898 scontext=u:r:untrusted_app_27:s0:c206,c257,c512,c768 tcontext=u:object_r:app_data_file:s0:c206,c257,c512,c768 tclass=file app=com.termux
02-17 07:52:54.358 31641 31641 W MainThread: type=1400 audit(0.0:317208): avc:  granted  { execute } for  name="bash" dev="dm-45" ino=103898 scontext=u:r:untrusted_app_27:s0:c206,c257,c512,c768 tcontext=u:object_r:app_data_file:s0:c206,c257,c512,c768 tclass=file app=com.termux
02-17 07:52:54.358 31641 31641 W MainThread: type=1400 audit(0.0:317209): avc:  granted  { execute_no_trans } for  path="/data/data/com.termux/files/usr/bin/bash" dev="dm-45" ino=103898 scontext=u:r:untrusted_app_27:s0:c206,c257,c512,c768 tcontext=u:object_r:app_data_file:s0:c206,c257,c512,c768 tclass=file app=com.termux
02-17 07:52:54.406 31641 31641 W bash    : type=1400 audit(0.0:317210): avc:  granted  { execute } for  path="/data/data/com.termux/files/usr/bin/bash" dev="dm-45" ino=103898 scontext=u:r:untrusted_app_27:s0:c206,c257,c512,c768 tcontext=u:object_r:app_data_file:s0:c206,c257,c512,c768 tclass=file app=com.termux
02-17 07:52:54.410 31641 31641 W bash    : type=1400 audit(0.0:317211): avc:  denied  { search } for  name="tests" dev="dm-45" ino=113 scontext=u:r:untrusted_app_27:s0:c206,c257,c512,c768 tcontext=u:object_r:shell_test_data_file:s0 tclass=dir permissive=0 app=com.termux
02-17 07:52:54.431 31641 31641 W audit   : audit_lost=307293 audit_rate_limit=5 audit_backlog_limit=64
02-17 07:52:54.431 31641 31641 E audit   : rate limit exceeded
02-17 07:52:54.484 31645 31645 W libc    : Access denied finding property "ro.debuggable"
02-17 07:52:54.484 31645 31645 W libc    : Access denied finding property "ro.debuggable"
02-17 07:52:54.484 31645 31645 W libc    : Access denied finding property "ro.debuggable"
02-17 07:52:54.485 31645 31645 D AndroidRuntime: >>>>>> START com.android.internal.os.RuntimeInit uid 10462 <<<<<<
02-17 07:52:54.485 31645 31645 W libc    : Access denied finding property "ro.debuggable"
02-17 07:52:54.488 31645 31645 I AndroidRuntime: Using default boot image
02-17 07:52:54.488 31645 31645 I AndroidRuntime: Leaving lock profiling enabled
02-17 07:52:54.488 31645 31645 W libc    : Access denied finding property "odsign.verification.success"
02-17 07:52:54.488 31645 31645 W libc    : Access denied finding property "ro.debuggable"
02-17 07:52:54.489 31645 31645 W app_process: ART APEX data files are untrusted.
02-17 07:52:54.489 31645 31645 I app_process: Using CollectorTypeCMC GC.
02-17 07:52:54.535 31645 31645 D nativeloader: InitDefaultPublicLibraries for_preload=1: libandroid.so:libaaudio.so:libamidi.so:libbinder_ndk.so:libc.so:libcamera2ndk.so:libdl.so:libEGL.so:libGLESv1_CM.so:libGLESv2.so:libGLESv3.so:libicu.so:libicui18n.so:libicuuc.so:libjnigraphics.so:liblog.so:libmediandk.so:libm.so:libnativehelper.so:libnativewindow.so:libOpenMAXAL.so:libOpenSLES.so:libRS.so:libstdc++.so:libsync.so:libvulkan.so:libwebviewchromium_plat_support.so:libz.so
02-17 07:52:54.541 31645 31645 D nativeloader: Load libicu_jni.so using APEX ns com_android_art for caller /apex/com.android.art/javalib/core-oj.jar: ok
02-17 07:52:54.542 31645 31645 D app_process: u_setTimeZoneFilesDirectory("/apex/com.android.tzdata/etc/tz/versioned/9/icu") succeeded. 
02-17 07:52:54.542 31645 31645 D app_process: I18n APEX ICU file found: /apex/com.android.i18n/etc/icu/icudt76l.dat
02-17 07:52:54.542 31645 31645 D nativeloader: Load libjavacore.so using APEX ns com_android_art for caller /apex/com.android.art/javalib/core-oj.jar: ok
02-17 07:52:54.542 31645 31645 D nativeloader: Load libopenjdk.so using APEX ns com_android_art for caller /apex/com.android.art/javalib/core-oj.jar: ok
02-17 07:52:54.543 31645 31645 I app_process: Priority-to-niceness mapping: 19, 16, 13, 10, 0, -2, -4, -5, -6, -8
02-17 07:52:54.560 31645 31645 W libc    : Access denied finding property "ro.product.name_for_attestation"
02-17 07:52:54.560 31645 31645 W libc    : Access denied finding property "ro.product.device_for_attestation"
02-17 07:52:54.560 31645 31645 W libc    : Access denied finding property "ro.product.manufacturer_for_attestation"
02-17 07:52:54.560 31645 31645 W libc    : Access denied finding property "ro.product.brand_for_attestation"
02-17 07:52:54.560 31645 31645 W libc    : Access denied finding property "ro.product.model_for_attestation"
02-17 07:52:54.561 31645 31645 W libc    : Access denied finding property "ro.debuggable"
02-17 07:52:54.568 31645 31645 D nativeloader: Load libframework-connectivity-tiramisu-jni.so using APEX ns com_android_tethering for caller /apex/com.android.tethering/javalib/framework-connectivity-t.jar: ok
02-17 07:52:54.568 31645 31645 D AndroidRuntime: Calling main entry com.termux.termuxam.Am
02-17 07:52:54.570 31645 31645 I AconfigPackage: com.android.nfc.flags is mapped to system
02-17 07:52:54.570 31645 31645 I AconfigPackage: android.app.admin.flags is mapped to system
02-17 07:52:54.570 31645 31645 I AconfigPackage: com.android.graphics.graphicsenv.flags is mapped to system
02-17 07:52:54.570 31645 31645 I AconfigPackage: android.database.sqlite is mapped to system
02-17 07:52:54.570 31645 31645 I AconfigPackage: com.android.providers.calendar is mapped to system
02-17 07:52:54.570 31645 31645 I AconfigPackage: com.android.server.power.feature.flags is mapped to system
02-17 07:52:54.570 31645 31645 I AconfigPackage: com.android.settingslib.widget.theme.flags is mapped to system
02-17 07:52:54.570 31645 31645 I AconfigPackage: android.app.contextualsearch.flags is mapped to system
02-17 07:52:54.570 31645 31645 I AconfigPackage: android.app.ondeviceintelligence.flags is mapped to system
02-17 07:52:54.570 31645 31645 I AconfigPackage: com.android.media.projection.flags is mapped to system
02-17 07:52:54.570 31645 31645 I AconfigPackage: android.companion is mapped to system
02-17 07:52:54.570 31645 31645 I AconfigPackage: android.service.controls.flags is mapped to system
02-17 07:52:54.570 31645 31645 I AconfigPackage: com.android.text.flags is mapped to system
02-17 07:52:54.570 31645 31645 I AconfigPackage: com.android.providers.contactkeys.flags is mapped to system
02-17 07:52:54.570 31645 31645 I AconfigPackage: com.android.intentresolver is mapped to system
02-17 07:52:54.570 31645 31645 I AconfigPackage: android.companion.virtualdevice.flags is mapped to system
02-17 07:52:54.570 31645 31645 I AconfigPackage: android.uprobestats.flags is mapped to system
02-17 07:52:54.570 31645 31645 I AconfigPackage: com.android.net.thread.platform.flags is mapped to system
02-17 07:52:54.570 31645 31645 I AconfigPackage: android.view.contentprotection.flags is mapped to system
02-17 07:52:54.570 31645 31645 I AconfigPackage: com.android.graphics.surfaceflinger.flags is mapped to system
02-17 07:52:54.570 31645 31645 I AconfigPackage: com.android.hardware.input is mapped to system
02-17 07:52:54.570 31645 31645 I AconfigPackage: android.sdk is mapped to system
02-17 07:52:54.570 31645 31645 I AconfigPackage: com.android.input.flags is mapped to system
02-17 07:52:54.570 31645 31645 I AconfigPackage: android.tracing is mapped to system
02-17 07:52:54.570 31645 31645 I AconfigPackage: com.android.server.biometrics is mapped to system
02-17 07:52:54.570 31645 31645 I AconfigPackage: android.view.contentcapture.flags is mapped to system
02-17 07:52:54.570 31645 31645 I AconfigPackage: android.app.job is mapped to system
02-17 07:52:54.570 31645 31645 I AconfigPackage: android.content.res is mapped to system
02-17 07:52:54.570 31645 31645 I AconfigPackage: android.net.platform.flags is mapped to system
02-17 07:52:54.570 31645 31645 I AconfigPackage: com.android.aconfig.flags is mapped to system
02-17 07:52:54.570 31645 31645 I AconfigPackage: com.android.graphics.flags is mapped to system
02-17 07:52:54.570 31645 31645 I AconfigPackage: android.server.app is mapped to system
02-17 07:52:54.570 31645 31645 I AconfigPackage: android.speech.flags is mapped to system
02-17 07:52:54.570 31645 31645 I AconfigPackage: com.android.server.stats is mapped to system
02-17 07:52:54.570 31645 31645 I AconfigPackage: android.hardware.biometrics is mapped to system
02-17 07:52:54.570 31645 31645 I AconfigPackage: android.car.feature is mapped to system
02-17 07:52:54.570 31645 31645 I AconfigPackage: android.adpf is mapped to system
02-17 07:52:54.570 31645 31645 I AconfigPackage: android.location.flags is mapped to system
02-17 07:52:54.570 31645 31645 I AconfigPackage: com.android.settingslib.flags is mapped to system
02-17 07:52:54.570 31645 31645 I AconfigPackage: com.android.managedprovisioning.flags is mapped to system
02-17 07:52:54.570 31645 31645 I AconfigPackage: android.app.assist.flags is mapped to system
02-17 07:52:54.570 31645 31645 I AconfigPackage: com.android.server.net is mapped to system
02-17 07:52:54.570 31645 31645 I AconfigPackage: com.android.settingslib.widget.flags is mapped to system
02-17 07:52:54.570 31645 31645 I AconfigPackage: com.android.internal.camera.flags is mapped to system
02-17 07:52:54.570 31645 31645 I AconfigPackage: com.android.hardware.libsensor.flags is mapped to system
02-17 07:52:54.570 31645 31645 I AconfigPackage: com.android.internal.jank is mapped to system
02-17 07:52:54.570 31645 31645 I AconfigPackage: com.android.providers.settings is mapped to system
02-17 07:52:54.570 31645 31645 I AconfigPackage: android.multiuser is mapped to system
02-17 07:52:54.570 31645 31645 I AconfigPackage: com.android.server.power.optimization is mapped to system
02-17 07:52:54.570 31645 31645 I AconfigPackage: com.android.calllogbackup is mapped to system
02-17 07:52:54.570 31645 31645 I AconfigPackage: com.android.media.flags is mapped to system
02-17 07:52:54.570 31645 31645 I AconfigPackage: com.android.media.mediasession.flags is mapped to system
02-17 07:52:54.570 31645 31645 I AconfigPackage: com.android.server.flags is mapped to system
02-17 07:52:54.570 31645 31645 I AconfigPackage: com.android.graphics.libvulkan.flags is mapped to system
02-17 07:52:54.570 31645 31645 I AconfigPackage: android.app.appfunctions.flags is mapped to system
02-17 07:52:54.570 31645 31645 I AconfigPackage: android.app.smartspace.flags is mapped to system
02-17 07:52:54.570 31645 31645 I AconfigPackage: com.android.providers.contacts.flags is mapped to system
02-17 07:52:54.570 31645 31645 I AconfigPackage: com.android.shell.flags is mapped to system
02-17 07:52:54.570 31645 31645 I AconfigPackage: com.android.media.aaudio is mapped to system
02-17 07:52:54.570 31645 31645 I AconfigPackage: android.hardware.radio is mapped to system
02-17 07:52:54.570 31645 31645 I AconfigPackage: suspend_service.flags is mapped to system
02-17 07:52:54.570 31645 31645 I AconfigPackage: android.media.midi is mapped to system
02-17 07:52:54.570 31645 31645 I AconfigPackage: com.android.libcore.readonly is mapped to system
02-17 07:52:54.570 31645 31645 I AconfigPackage: android.service.notification is mapped to system
02-17 07:52:54.570 31645 31645 I AconfigPackage: com.android.systemui.shared is mapped to system
02-17 07:52:54.570 31645 31645 I AconfigPackage: android.app.jank is mapped to system
02-17 07:52:54.570 31645 31645 I AconfigPackage: android.app.wearable is mapped to system
02-17 07:52:54.570 31645 31645 I AconfigPackage: com.android.media.audio is mapped to system
02-17 07:52:54.570 31645 31645 I AconfigPackage: android.service.chooser is mapped to system
02-17 07:52:54.570 31645 31645 I AconfigPackage: com.android.server.compat is mapped to system
02-17 07:52:54.571 31645 31645 I AconfigPackage: com.android.server.alarm is mapped to system
02-17 07:52:54.571 31645 31645 I AconfigPackage: com.android.apex.flags is mapped to system
02-17 07:52:54.571 31645 31645 I AconfigPackage: android.service.quickaccesswallet is mapped to system
02-17 07:52:54.571 31645 31645 I AconfigPackage: android.app.usage is mapped to system
02-17 07:52:54.571 31645 31645 I AconfigPackage: com.android.server.accessibility is mapped to system
02-17 07:52:54.571 31645 31645 I AconfigPackage: android.app.supervision.flags is mapped to system
02-17 07:52:54.571 31645 31645 I AconfigPackage: com.android.server.utils is mapped to system
02-17 07:52:54.571 31645 31645 I AconfigPackage: android.chre.flags is mapped to system
02-17 07:52:54.571 31645 31645 I AconfigPackage: android.content.flags is mapped to system
02-17 07:52:54.571 31645 31645 I AconfigPackage: android.media.codec is mapped to system
02-17 07:52:54.571 31645 31645 I AconfigPackage: com.android.internal.os is mapped to system
02-17 07:52:54.571 31645 31645 I AconfigPackage: com.android.nfc.nci.flags is mapped to system
02-17 07:52:54.571 31645 31645 I AconfigPackage: android.app is mapped to system
02-17 07:52:54.571 31645 31645 I AconfigPackage: android.security.keystore2 is mapped to system
02-17 07:52:54.571 31645 31645 I AconfigPackage: android.crashrecovery.flags is mapped to system
02-17 07:52:54.571 31645 31645 I AconfigPackage: com.android.tradeinmode.flags is mapped to system
02-17 07:52:54.571 31645 31645 I AconfigPackage: android.hardware.flags is mapped to system
02-17 07:52:54.571 31645 31645 I AconfigPackage: com.android.server.telecom.flags is mapped to system
02-17 07:52:54.571 31645 31645 I AconfigPackage: com.android.settingslib.media.flags is mapped to system
02-17 07:52:54.571 31645 31645 I AconfigPackage: com.android.server.policy is mapped to system
02-17 07:52:54.571 31645 31645 I AconfigPackage: android.media.audiopolicy is mapped to system
02-17 07:52:54.571 31645 31645 I AconfigPackage: com.android.egg.flags is mapped to system
02-17 07:52:54.571 31645 31645 I AconfigPackage: com.android.internal.compat.flags is mapped to system
02-17 07:52:54.571 31645 31645 I AconfigPackage: android.security is mapped to system
02-17 07:52:54.571 31645 31645 I AconfigPackage: android.service.autofill is mapped to system
02-17 07:52:54.571 31645 31645 I AconfigPackage: com.example.android.aconfig.demo.flags is mapped to system
02-17 07:52:54.571 31645 31645 I AconfigPackage: com.android.server.clipboard is mapped to system
02-17 07:52:54.571 31645 31645 I AconfigPackage: android.view.flags is mapped to system
02-17 07:52:54.571 31645 31645 I AconfigPackage: android.companion.virtual.flags is mapped to system
02-17 07:52:54.571 31645 31645 I AconfigPackage: com.android.aconfig_new_storage is mapped to system
02-17 07:52:54.571 31645 31645 I AconfigPackage: com.android.server.feature.flags is mapped to system
02-17 07:52:54.571 31645 31645 I AconfigPackage: com.android.systemui is mapped to system
02-17 07:52:54.571 31645 31645 I AconfigPackage: com.android.server.power.batterysaver is mapped to system
02-17 07:52:54.571 31645 31645 I AconfigPackage: android.widget.flags is mapped to system
02-17 07:52:54.571 31645 31645 I AconfigPackage: com.android.media.editing.flags is mapped to system
02-17 07:52:54.571 31645 31645 I AconfigPackage: com.android.media.codec.flags is mapped to system
02-17 07:52:54.571 31645 31645 I AconfigPackage: com.android.server.powerstats is mapped to system
02-17 07:52:54.571 31645 31645 I AconfigPackage: com.android.graphics.egl.flags is mapped to system
02-17 07:52:54.571 31645 31645 I AconfigPackage: com.android.media.audioserver is mapped to system
02-17 07:52:54.571 31645 31645 I AconfigPackage: com.android.server.deviceidle is mapped to system
02-17 07:52:54.571 31645 31645 I AconfigPackage: android.nfc is mapped to system
02-17 07:52:54.571 31645 31645 I AconfigPackage: android.permission.flags is mapped to system
02-17 07:52:54.571 31645 31645 I AconfigPackage: android.service.voice.flags is mapped to system
02-17 07:52:54.571 31645 31645 I AconfigPackage: android.content.pm is mapped to system
02-17 07:52:54.571 31645 31645 I AconfigPackage: com.android.server.power.hint is mapped to system
02-17 07:52:54.571 31645 31645 I AconfigPackage: android.os is mapped to system
02-17 07:52:54.571 31645 31645 I AconfigPackage: android.service.dreams is mapped to system
02-17 07:52:54.571 31645 31645 I AconfigPackage: com.android.graphics.libgui.flags is mapped to system
02-17 07:52:54.571 31645 31645 I AconfigPackage: android.hardware.usb.flags is mapped to system
02-17 07:52:54.571 31645 31645 I AconfigPackage: android.provider is mapped to system
02-17 07:52:54.571 31645 31645 I AconfigPackage: com.android.server.job is mapped to system
02-17 07:52:54.571 31645 31645 I AconfigPackage: com.android.internal.foldables.flags is mapped to system
02-17 07:52:54.571 31645 31645 I AconfigPackage: com.android.internal.telephony.flags is mapped to system
02-17 07:52:54.571 31645 31645 I AconfigPackage: android.webkit is mapped to system
02-17 07:52:54.571 31645 31645 I AconfigPackage: android.credentials.flags is mapped to system
02-17 07:52:54.571 31645 31645 I AconfigPackage: com.android.documentsui.flags is mapped to system
02-17 07:52:54.571 31645 31645 I AconfigPackage: com.android.server.display.feature.flags is mapped to system
02-17 07:52:54.571 31645 31645 I AconfigPackage: com.android.server.notification is mapped to system
02-17 07:52:54.571 31645 31645 I AconfigPackage: android.appwidget.flags is mapped to system
02-17 07:52:54.571 31645 31645 I AconfigPackage: com.android.frameworks.sensorservice.flags is mapped to system
02-17 07:52:54.571 31645 31645 I AconfigPackage: com.android.printspooler.flags is mapped to system
02-17 07:52:54.571 31645 31645 I AconfigPackage: com.android.window.flags is mapped to system
02-17 07:52:54.571 31645 31645 I AconfigPackage: android.net.wifi.flags is mapped to system
02-17 07:52:54.571 31645 31645 I AconfigPackage: android.media.tv.flags is mapped to system
02-17 07:52:54.571 31645 31645 I AconfigPackage: com.android.server.usb.flags is mapped to system
02-17 07:52:54.571 31645 31645 I AconfigPackage: android.os.vibrator is mapped to system
02-17 07:52:54.571 31645 31645 I AconfigPackage: android.vold.flags is mapped to system
02-17 07:52:54.571 31645 31645 I AconfigPackage: android.hardware.devicestate.feature.flags is mapped to system
02-17 07:52:54.571 31645 31645 I AconfigPackage: com.android.server.usage is mapped to system
02-17 07:52:54.571 31645 31645 I AconfigPackage: android.server is mapped to system
02-17 07:52:54.571 31645 31645 I AconfigPackage: com.android.wm.shell is mapped to system
02-17 07:52:54.571 31645 31645 I AconfigPackage: android.view.inputmethod is mapped to system
02-17 07:52:54.571 31645 31645 I AconfigPackage: com.android.graphics.hwui.flags is mapped to system
02-17 07:52:54.571 31645 31645 I AconfigPackage: com.android.server.backup is mapped to system
02-17 07:52:54.571 31645 31645 I AconfigPackage: com.android.internal.pm.pkg.component.flags is mapped to system
02-17 07:52:54.571 31645 31645 I AconfigPackage: android.view.accessibility is mapped to system
02-17 07:52:54.571 31645 31645 I AconfigPackage: android.media.audio is mapped to system
02-17 07:52:54.571 31645 31645 I AconfigPackage: com.android.server.am is mapped to system
02-17 07:52:54.571 31645 31645 I AconfigPackage: com.android.server.print is mapped to system
02-17 07:52:54.571 31645 31645 I AconfigPackage: com.android.settings.keyboard is mapped to system_ext
02-17 07:52:54.571 31645 31645 I AconfigPackage: com.android.systemui.accessibility.accessibilitymenu is mapped to system_ext
02-17 07:52:54.571 31645 31645 I AconfigPackage: com.android.server.policy.feature.flags is mapped to system_ext
02-17 07:52:54.571 31645 31645 I AconfigPackage: com.android.settings.factory_reset is mapped to system_ext
02-17 07:52:54.571 31645 31645 I AconfigPackage: com.android.settings.media_drm is mapped to system_ext
02-17 07:52:54.571 31645 31645 I AconfigPackage: com.android.launcher3 is mapped to system_ext
02-17 07:52:54.571 31645 31645 I AconfigPackage: com.android.settings.accessibility is mapped to system_ext
02-17 07:52:54.571 31645 31645 I AconfigPackage: com.android.wallpaper is mapped to system_ext
02-17 07:52:54.571 31645 31645 I AconfigPackage: com.android.settings.flags is mapped to system_ext
02-17 07:52:54.571 31645 31645 I AconfigPackage: com.android.permission.flags is mapped to com.android.permission
02-17 07:52:54.572 31645 31645 I AconfigPackage: android.provider.flags is mapped to com.android.configinfrastructure
02-17 07:52:54.572 31645 31645 I AconfigPackage: com.android.server.deviceconfig is mapped to com.android.configinfrastructure
02-17 07:52:54.572 31645 31645 I AconfigPackage: android.os.profiling is mapped to com.android.profiling
02-17 07:52:54.572 31645 31645 I AconfigPackage: com.android.crashrecovery.flags is mapped to com.android.crashrecovery
02-17 07:52:54.572 31645 31645 I AconfigPackage: com.android.adservices.ondevicepersonalization.flags is mapped to com.android.ondevicepersonalization
02-17 07:52:54.572 31645 31645 I AconfigPackage: android.graphics.pdf.flags is mapped to com.android.mediaprovider
02-17 07:52:54.572 31645 31645 I AconfigPackage: com.android.providers.media.flags is mapped to com.android.mediaprovider
02-17 07:52:54.572 31645 31645 I AconfigPackage: android.graphics.pdf.flags.readonly is mapped to com.android.mediaprovider
02-17 07:52:54.572 31645 31645 I AconfigPackage: android.media.swcodec.flags is mapped to com.android.media.swcodec
02-17 07:52:54.572 31645 31645 I AconfigPackage: com.android.art.flags is mapped to com.android.art
02-17 07:52:54.572 31645 31645 I AconfigPackage: com.android.art.native.flags is mapped to com.android.art
02-17 07:52:54.572 31645 31645 I AconfigPackage: com.android.libcore is mapped to com.android.art
02-17 07:52:54.572 31645 31645 I AconfigPackage: com.android.nfc.module.flags is mapped to com.android.nfcservices
02-17 07:52:54.573 31645 31645 I AconfigPackage: com.android.ipsec.flags is mapped to com.android.ipsec
02-17 07:52:54.573 31645 31645 I AconfigPackage: com.android.adbd.flags is mapped to com.android.adbd
02-17 07:52:54.573 31645 31645 I AconfigPackage: com.android.adservices.flags is mapped to com.android.adservices
02-17 07:52:54.573 31645 31645 I AconfigPackage: com.android.sdksandbox.flags is mapped to com.android.adservices
02-17 07:52:54.573 31645 31645 I AconfigPackage: com.android.appsearch.flags is mapped to com.android.appsearch
02-17 07:52:54.573 31645 31645 I AconfigPackage: com.android.uwb.flags is mapped to com.android.uwb
02-17 07:52:54.573 31645 31645 I AconfigPackage: com.android.ranging.flags is mapped to com.android.uwb
02-17 07:52:54.573 31645 31645 I AconfigPackage: com.android.org.conscrypt.flags is mapped to com.android.conscrypt
02-17 07:52:54.573 31645 31645 I AconfigPackage: com.android.org.conscrypt.net.flags is mapped to com.android.conscrypt
02-17 07:52:54.573 31645 31645 I AconfigPackage: com.android.media.extractor.flags is mapped to com.android.media
02-17 07:52:54.573 31645 31645 I AconfigPackage: com.android.media.mainline.flags is mapped to com.android.media
02-17 07:52:54.573 31645 31645 I AconfigPackage: com.android.net.ct.flags is mapped to com.android.tethering
02-17 07:52:54.573 31645 31645 I AconfigPackage: com.android.net.flags is mapped to com.android.tethering
02-17 07:52:54.573 31645 31645 I AconfigPackage: android.net.vcn is mapped to com.android.tethering
02-17 07:52:54.573 31645 31645 I AconfigPackage: com.android.nearby.flags is mapped to com.android.tethering
02-17 07:52:54.574 31645 31645 I AconfigPackage: android.net.http is mapped to com.android.tethering
02-17 07:52:54.574 31645 31645 I AconfigPackage: com.android.net.thread.flags is mapped to com.android.tethering
02-17 07:52:54.574 31645 31645 I AconfigPackage: com.android.system.virtualmachine.flags is mapped to com.android.virt
02-17 07:52:54.574 31645 31645 I AconfigPackage: com.android.cellbroadcastreceiver.flags is mapped to com.android.cellbroadcast
02-17 07:52:54.574 31645 31645 I AconfigPackage: com.android.devicelock.flags is mapped to com.android.devicelock
02-17 07:52:54.574 31645 31645 I AconfigPackage: com.android.icu is mapped to com.android.i18n
02-17 07:52:54.574 31645 31645 I AconfigPackage: android.uprobestats.mainline.flags is mapped to com.android.uprobestats
02-17 07:52:54.574 31645 31645 I AconfigPackage: com.android.os.statsd.flags is mapped to com.android.os.statsd
02-17 07:52:54.574 31645 31645 I AconfigPackage: com.android.rkpd.flags is mapped to com.android.rkpd
02-17 07:52:54.575 31645 31645 I AconfigPackage: com.android.healthfitness.flags is mapped to com.android.healthfitness
02-17 07:52:54.575 31645 31645 I AconfigPackage: com.android.healthfitness.beta.test is mapped to com.android.healthfitness
02-17 07:52:54.575 31645 31645 I AconfigPackage: com.android.wifi.flags is mapped to com.android.wifi
02-17 07:52:54.575 31645 31645 I AconfigPackage: com.android.bluetooth.flags is mapped to com.android.bt
02-17 07:52:54.575 31645 31645 E FeatureFlagsImplExport: android.os.flagging.AconfigStorageReadException: ERROR_PACKAGE_NOT_FOUND: package android.xr cannot be found on the device
02-17 07:52:54.583 31645 31645 I app_process: System.exit called, status: 0
02-17 07:52:54.583 31645 31645 I AndroidRuntime: VM exiting with result code 0.
02-17 07:52:56.622 31765 31765 W audit   : audit_lost=307341 audit_rate_limit=5 audit_backlog_limit=64
02-17 07:52:56.622 31765 31765 E audit   : rate limit exceeded
02-17 07:52:56.598 31765 31765 W bash    : type=1400 audit(0.0:317263): avc:  granted  { execute } for  name="logcat" dev="dm-45" ino=103418 scontext=u:r:untrusted_app_27:s0:c206,c257,c512,c768 tcontext=u:object_r:app_data_file:s0:c206,c257,c512,c768 tclass=file app=com.termux
02-17 07:52:56.598 31766 31766 W bash    : type=1400 audit(0.0:317264): avc:  granted  { execute } for  name="coreutils" dev="dm-45" ino=151185 scontext=u:r:untrusted_app_27:s0:c206,c257,c512,c768 tcontext=u:object_r:app_data_file:s0:c206,c257,c512,c768 tclass=file app=com.termux
02-17 07:52:56.598 31766 31766 W bash    : type=1400 audit(0.0:317265): avc:  granted  { execute } for  name="coreutils" dev="dm-45" ino=151185 scontext=u:r:untrusted_app_27:s0:c206,c257,c512,c768 tcontext=u:object_r:app_data_file:s0:c206,c257,c512,c768 tclass=file app=com.termux
02-17 07:52:56.598 31766 31766 W bash    : type=1400 audit(0.0:317266): avc:  granted  { execute_no_trans } for  path="/data/data/com.termux/files/usr/bin/coreutils" dev="dm-45" ino=151185 scontext=u:r:untrusted_app_27:s0:c206,c257,c512,c768 tcontext=u:object_r:app_data_file:s0:c206,c257,c512,c768 tclass=file app=com.termux
02-17 07:52:56.598 31765 31765 W bash    : type=1400 audit(0.0:317267): avc:  granted  { execute } for  name="dash" dev="dm-45" ino=382337 scontext=u:r:untrusted_app_27:s0:c206,c257,c512,c768 tcontext=u:object_r:app_data_file:s0:c206,c257,c512,c768 tclass=file app=com.termux
02-17 07:52:56.598 31765 31765 W bash    : type=1400 audit(0.0:317268): avc:  granted  { execute_no_trans } for  path="/data/data/com.termux/files/usr/bin/dash" dev="dm-45" ino=382337 scontext=u:r:untrusted_app_27:s0:c206,c257,c512,c768 tcontext=u:object_r:app_data_file:s0:c206,c257,c512,c768 tclass=file app=com.termux
02-17 07:52:56.598 31766 31766 W tail    : type=1400 audit(0.0:317269): avc:  granted  { execute } for  path="/data/data/com.termux/files/usr/bin/coreutils" dev="dm-45" ino=151185 scontext=u:r:untrusted_app_27:s0:c206,c257,c512,c768 tcontext=u:object_r:app_data_file:s0:c206,c257,c512,c768 tclass=file app=com.termux
02-17 07:52:58.418 26520 26520 E iostack : irqs = 779351, self-block = 0
02-17 07:52:58.522  7746  7746 D ViewRootImpl: Skipping stats log for color mode
02-17 07:52:58.529  7746 31803 D MediaCodecList: codecHandlesFormat: no format, so no extra checks
02-17 07:52:58.529  7746 31805 D CCodec  : allocate(c2.android.vorbis.decoder)
02-17 07:52:58.531  7746 31805 I CCodec  : setting up 'default' as default (vendor) store
02-17 07:52:58.532  7746  7895 D BufferPoolAccessor2.0: bufferpool2 0x7b00843238 : 0(0 size) total buffers - 0(0 size) used buffers - 2/7 (recycle/alloc) - 5/24 (fetch/transfer)
02-17 07:52:58.532  7746  7895 D BufferPoolAccessor2.0: Destruction - bufferpool2 0x7b00843238 cached: 0/0M, 0/0% in use; allocs: 7, 29% recycled; transfers: 24, 79% unfetched
02-17 07:52:58.532  7746 31805 I CCodec  : Created component [c2.android.vorbis.decoder] for [c2.android.vorbis.decoder]
02-17 07:52:58.532  7746 31805 D CCodecConfig: read media type: audio/vorbis
02-17 07:52:58.533  7746 31805 D ReflectedParamUpdater: extent() != 1 for single value type: algo.buffers.max-count.values
02-17 07:52:58.533  7746 31805 D ReflectedParamUpdater: extent() != 1 for single value type: output.subscribed-indices.values
02-17 07:52:58.533  7746 31805 D ReflectedParamUpdater: extent() != 1 for single value type: input.buffers.allocator-ids.values
02-17 07:52:58.533  7746 31805 D ReflectedParamUpdater: extent() != 1 for single value type: output.buffers.allocator-ids.values
02-17 07:52:58.533  7746 31805 D ReflectedParamUpdater: extent() != 1 for single value type: algo.buffers.allocator-ids.values
02-17 07:52:58.533  7746 31805 D ReflectedParamUpdater: extent() != 1 for single value type: output.buffers.pool-ids.values
02-17 07:52:58.533  7746 31805 D ReflectedParamUpdater: extent() != 1 for single value type: algo.buffers.pool-ids.values
02-17 07:52:58.533  7746 31805 I CCodecConfig: query failed after returning 8 values (BAD_INDEX)
02-17 07:52:58.533  7746 31805 D CCodecConfig: c2 config diff is Dict {
02-17 07:52:58.533  7746 31805 D CCodecConfig:   c2::u32 coded.bitrate.value = 64000
02-17 07:52:58.533  7746 31805 D CCodecConfig:   c2::u32 input.buffers.max-size.value = 32768
02-17 07:52:58.533  7746 31805 D CCodecConfig:   c2::u32 input.delay.value = 0
02-17 07:52:58.533  7746 31805 D CCodecConfig:   string input.media-type.value = "audio/vorbis"
02-17 07:52:58.533  7746 31805 D CCodecConfig:   c2::u32 output.large-frame.max-size = 0
02-17 07:52:58.533  7746 31805 D CCodecConfig:   c2::u32 output.large-frame.threshold-size = 0
02-17 07:52:58.533  7746 31805 D CCodecConfig:   string output.media-type.value = "audio/raw"
02-17 07:52:58.533  7746 31805 D CCodecConfig:   c2::u32 raw.channel-count.value = 1
02-17 07:52:58.533  7746 31805 D CCodecConfig:   c2::u32 raw.sample-rate.value = 48000
02-17 07:52:58.533  7746 31805 D CCodecConfig: }
02-17 07:52:58.534  7746 31805 D CCodec  : [c2.android.vorbis.decoder] buffers are bound to CCodec for this session
02-17 07:52:58.534  7746 31805 D CCodecConfig: no c2 equivalents for durationUs
02-17 07:52:58.534  7746 31805 D CCodecConfig: no c2 equivalents for track-id
02-17 07:52:58.534  7746 31805 D CCodecConfig: no c2 equivalents for csd-1
02-17 07:52:58.534  7746 31805 D CCodecConfig: no c2 equivalents for flags
02-17 07:52:58.534  7746 31805 D CCodecConfig: c2 config diff is   c2::u32 coded.bitrate.value = 96000
02-17 07:52:58.534  7746 31805 D CCodecConfig:   c2::u32 raw.sample-rate.value = 44100
02-17 07:52:58.534  7746 31805 W Codec2Client: query -- param skipped: index = 1107298332.
02-17 07:52:58.534  7746 31805 D CCodec  : encoding statistics level = 0
02-17 07:52:58.534  7746 31805 D CCodec  : setup formats input: AMessage(what = 0x00000000) = {
02-17 07:52:58.534  7746 31805 D CCodec  :   int32_t bitrate = 96000
02-17 07:52:58.534  7746 31805 D CCodec  :   int32_t channel-count = 1
02-17 07:52:58.534  7746 31805 D CCodec  :   int32_t max-input-size = 32768
02-17 07:52:58.534  7746 31805 D CCodec  :   string mime = "audio/vorbis"
02-17 07:52:58.534  7746 31805 D CCodec  :   int32_t sample-rate = 44100
02-17 07:52:58.534  7746 31805 D CCodec  : }
02-17 07:52:58.534  7746 31805 D CCodec  : setup formats output: AMessage(what = 0x00000000) = {
02-17 07:52:58.534  7746 31805 D CCodec  :   int32_t buffer-batch-max-output-size = 0
02-17 07:52:58.534  7746 31805 D CCodec  :   int32_t buffer-batch-threshold-output-size = 0
02-17 07:52:58.534  7746 31805 D CCodec  :   int32_t channel-count = 1
02-17 07:52:58.534  7746 31805 D CCodec  :   string mime = "audio/raw"
02-17 07:52:58.534  7746 31805 D CCodec  :   int32_t sample-rate = 44100
02-17 07:52:58.534  7746 31805 D CCodec  :   int32_t channel-mask = 1
02-17 07:52:58.534  7746 31805 D CCodec  :   int32_t android._config-pcm-encoding = 2
02-17 07:52:58.534  7746 31805 D CCodec  : }
02-17 07:52:58.534  7746 31805 I CCodecConfig: query failed after returning 8 values (BAD_INDEX)
02-17 07:52:58.534  7746 31805 W Codec2Client: query -- param skipped: index = 1342179345.
02-17 07:52:58.534  7746 31805 W Codec2Client: query -- param skipped: index = 2415921170.
02-17 07:52:58.535  7746 31805 D CCodecBufferChannel: [c2.android.vorbis.decoder#93] Created input block pool with allocatorID 16 => poolID 78 - OK (0)
02-17 07:52:58.535  7746 31805 I CCodecBufferChannel: [c2.android.vorbis.decoder#93] Created output block pool with allocatorID 16 => poolID 166 - OK
02-17 07:52:58.535  7746 31805 D CCodecBufferChannel: [c2.android.vorbis.decoder#93] Configured output block pool ids 166 => OK
02-17 07:52:58.543  7746 31805 D CCodecBufferChannel: [c2.android.vorbis.decoder#93] MediaCodec discarded an unknown buffer
02-17 07:52:58.543  7746 31805 D CCodecBufferChannel: [c2.android.vorbis.decoder#93] MediaCodec discarded an unknown buffer
02-17 07:52:58.543  7746 31805 I hw-BpHwBinder: onLastStrongRef automatically unlinking death recipients
02-17 07:52:58.596  7746  7746 D ImeBackDispatcher: switch root view (mImeCallbacks.size=0)
02-17 07:52:58.600  7746  7746 D InsetsController: show(ime())
02-17 07:52:58.600  7746  7746 D ImeBackDispatcher: Undo preliminary clear (mImeCallbacks.size=0)
02-17 07:52:58.600  7746  7746 D InsetsController: Setting requestedVisibleTypes to -1 (was -9)
02-17 07:52:58.610  7746  7746 D ImeBackDispatcher: Register received callback id=131072203 priority=0
02-17 07:52:58.610  7746  7746 D WindowOnBackDispatcher: setTopOnBackInvokedCallback (unwrapped): ImeOnBackInvokedCallback@131072203 Callback=android.window.IOnBackInvokedCallback$Stub$Proxy@c4bc8c0
02-17 07:52:58.825  7746  7746 I ImeTracker: com.termux:1a9ddb0d: onRequestShow at ORIGIN_CLIENT reason SHOW_SOFT_INPUT fromUser false
02-17 07:52:58.825  7746  7746 D InsetsController: show(ime())
02-17 07:52:58.825  7746  7746 I ImeTracker: com.termux:1a9ddb0d: onCancelled at PHASE_CLIENT_APPLY_ANIMATION
02-17 07:52:58.841  7746  7746 I ImeTracker: com.termux:1868b909: onShown
02-17 07:53:01.946 31816 31816 W MainThread: type=1400 audit(0.0:317298): avc:  granted  { execute } for  name="bash" dev="dm-45" ino=103898 scontext=u:r:untrusted_app_27:s0:c206,c257,c512,c768 tcontext=u:object_r:app_data_file:s0:c206,c257,c512,c768 tclass=file app=com.termux
02-17 07:53:01.946 31816 31816 W MainThread: type=1400 audit(0.0:317299): avc:  granted  { execute } for  name="bash" dev="dm-45" ino=103898 scontext=u:r:untrusted_app_27:s0:c206,c257,c512,c768 tcontext=u:object_r:app_data_file:s0:c206,c257,c512,c768 tclass=file app=com.termux
02-17 07:53:01.946 31816 31816 W MainThread: type=1400 audit(0.0:317300): avc:  granted  { execute_no_trans } for  path="/data/data/com.termux/files/usr/bin/bash" dev="dm-45" ino=103898 scontext=u:r:untrusted_app_27:s0:c206,c257,c512,c768 tcontext=u:object_r:app_data_file:s0:c206,c257,c512,c768 tclass=file app=com.termux
02-17 07:53:02.002 31816 31816 W bash    : type=1400 audit(0.0:317301): avc:  granted  { execute } for  path="/data/data/com.termux/files/usr/bin/bash" dev="dm-45" ino=103898 scontext=u:r:untrusted_app_27:s0:c206,c257,c512,c768 tcontext=u:object_r:app_data_file:s0:c206,c257,c512,c768 tclass=file app=com.termux
02-17 07:53:02.002 31816 31816 W bash    : type=1400 audit(0.0:317302): avc:  denied  { search } for  name="tests" dev="dm-45" ino=113 scontext=u:r:untrusted_app_27:s0:c206,c257,c512,c768 tcontext=u:object_r:shell_test_data_file:s0 tclass=dir permissive=0 app=com.termux
02-17 07:53:02.025 31816 31816 W audit   : audit_lost=307369 audit_rate_limit=5 audit_backlog_limit=64
02-17 07:53:02.025 31816 31816 E audit   : rate limit exceeded
02-17 07:53:02.214 31819 31819 W libc    : Access denied finding property "ro.debuggable"
02-17 07:53:02.214 31819 31819 W libc    : Access denied finding property "ro.debuggable"
02-17 07:53:02.214 31819 31819 W libc    : Access denied finding property "ro.debuggable"
02-17 07:53:02.215 31819 31819 D AndroidRuntime: >>>>>> START com.android.internal.os.RuntimeInit uid 10462 <<<<<<
02-17 07:53:02.215 31819 31819 W libc    : Access denied finding property "ro.debuggable"
02-17 07:53:02.217 31819 31819 I AndroidRuntime: Using default boot image
02-17 07:53:02.217 31819 31819 I AndroidRuntime: Leaving lock profiling enabled
02-17 07:53:02.217 31819 31819 W libc    : Access denied finding property "odsign.verification.success"
02-17 07:53:02.217 31819 31819 W libc    : Access denied finding property "ro.debuggable"
02-17 07:53:02.218 31819 31819 W app_process: ART APEX data files are untrusted.
02-17 07:53:02.218 31819 31819 I app_process: Using CollectorTypeCMC GC.
02-17 07:53:02.260 31819 31819 D nativeloader: InitDefaultPublicLibraries for_preload=1: libandroid.so:libaaudio.so:libamidi.so:libbinder_ndk.so:libc.so:libcamera2ndk.so:libdl.so:libEGL.so:libGLESv1_CM.so:libGLESv2.so:libGLESv3.so:libicu.so:libicui18n.so:libicuuc.so:libjnigraphics.so:liblog.so:libmediandk.so:libm.so:libnativehelper.so:libnativewindow.so:libOpenMAXAL.so:libOpenSLES.so:libRS.so:libstdc++.so:libsync.so:libvulkan.so:libwebviewchromium_plat_support.so:libz.so
02-17 07:53:02.266 31819 31819 D nativeloader: Load libicu_jni.so using APEX ns com_android_art for caller /apex/com.android.art/javalib/core-oj.jar: ok
02-17 07:53:02.266 31819 31819 D app_process: u_setTimeZoneFilesDirectory("/apex/com.android.tzdata/etc/tz/versioned/9/icu") succeeded. 
02-17 07:53:02.266 31819 31819 D app_process: I18n APEX ICU file found: /apex/com.android.i18n/etc/icu/icudt76l.dat
02-17 07:53:02.266 31819 31819 D nativeloader: Load libjavacore.so using APEX ns com_android_art for caller /apex/com.android.art/javalib/core-oj.jar: ok
02-17 07:53:02.266 31819 31819 D nativeloader: Load libopenjdk.so using APEX ns com_android_art for caller /apex/com.android.art/javalib/core-oj.jar: ok
02-17 07:53:02.267 31819 31819 I app_process: Priority-to-niceness mapping: 19, 16, 13, 10, 0, -2, -4, -5, -6, -8
02-17 07:53:02.282 31819 31819 W libc    : Access denied finding property "ro.product.name_for_attestation"
02-17 07:53:02.282 31819 31819 W libc    : Access denied finding property "ro.product.device_for_attestation"
02-17 07:53:02.282 31819 31819 W libc    : Access denied finding property "ro.product.manufacturer_for_attestation"
02-17 07:53:02.282 31819 31819 W libc    : Access denied finding property "ro.product.brand_for_attestation"
02-17 07:53:02.282 31819 31819 W libc    : Access denied finding property "ro.product.model_for_attestation"
02-17 07:53:02.282 31819 31819 W libc    : Access denied finding property "ro.debuggable"
02-17 07:53:02.286 31819 31819 D nativeloader: Load libframework-connectivity-tiramisu-jni.so using APEX ns com_android_tethering for caller /apex/com.android.tethering/javalib/framework-connectivity-t.jar: ok
02-17 07:53:02.287 31819 31819 D AndroidRuntime: Calling main entry com.termux.termuxam.Am
02-17 07:53:02.288 31819 31819 I AconfigPackage: com.android.nfc.flags is mapped to system
02-17 07:53:02.288 31819 31819 I AconfigPackage: android.app.admin.flags is mapped to system
02-17 07:53:02.288 31819 31819 I AconfigPackage: com.android.graphics.graphicsenv.flags is mapped to system
02-17 07:53:02.288 31819 31819 I AconfigPackage: android.database.sqlite is mapped to system
02-17 07:53:02.288 31819 31819 I AconfigPackage: com.android.providers.calendar is mapped to system
02-17 07:53:02.288 31819 31819 I AconfigPackage: com.android.server.power.feature.flags is mapped to system
02-17 07:53:02.288 31819 31819 I AconfigPackage: com.android.settingslib.widget.theme.flags is mapped to system
02-17 07:53:02.288 31819 31819 I AconfigPackage: android.app.contextualsearch.flags is mapped to system
02-17 07:53:02.288 31819 31819 I AconfigPackage: android.app.ondeviceintelligence.flags is mapped to system
02-17 07:53:02.288 31819 31819 I AconfigPackage: com.android.media.projection.flags is mapped to system
02-17 07:53:02.288 31819 31819 I AconfigPackage: android.companion is mapped to system
02-17 07:53:02.288 31819 31819 I AconfigPackage: android.service.controls.flags is mapped to system
02-17 07:53:02.288 31819 31819 I AconfigPackage: com.android.text.flags is mapped to system
02-17 07:53:02.288 31819 31819 I AconfigPackage: com.android.providers.contactkeys.flags is mapped to system
02-17 07:53:02.288 31819 31819 I AconfigPackage: com.android.intentresolver is mapped to system
02-17 07:53:02.288 31819 31819 I AconfigPackage: android.companion.virtualdevice.flags is mapped to system
02-17 07:53:02.288 31819 31819 I AconfigPackage: android.uprobestats.flags is mapped to system
02-17 07:53:02.288 31819 31819 I AconfigPackage: com.android.net.thread.platform.flags is mapped to system
02-17 07:53:02.288 31819 31819 I AconfigPackage: android.view.contentprotection.flags is mapped to system
02-17 07:53:02.288 31819 31819 I AconfigPackage: com.android.graphics.surfaceflinger.flags is mapped to system
02-17 07:53:02.288 31819 31819 I AconfigPackage: com.android.hardware.input is mapped to system
02-17 07:53:02.288 31819 31819 I AconfigPackage: android.sdk is mapped to system
02-17 07:53:02.288 31819 31819 I AconfigPackage: com.android.input.flags is mapped to system
02-17 07:53:02.288 31819 31819 I AconfigPackage: android.tracing is mapped to system
02-17 07:53:02.288 31819 31819 I AconfigPackage: com.android.server.biometrics is mapped to system
02-17 07:53:02.288 31819 31819 I AconfigPackage: android.view.contentcapture.flags is mapped to system
02-17 07:53:02.288 31819 31819 I AconfigPackage: android.app.job is mapped to system
02-17 07:53:02.288 31819 31819 I AconfigPackage: android.content.res is mapped to system
02-17 07:53:02.288 31819 31819 I AconfigPackage: android.net.platform.flags is mapped to system
02-17 07:53:02.288 31819 31819 I AconfigPackage: com.android.aconfig.flags is mapped to system
02-17 07:53:02.288 31819 31819 I AconfigPackage: com.android.graphics.flags is mapped to system
02-17 07:53:02.288 31819 31819 I AconfigPackage: android.server.app is mapped to system
02-17 07:53:02.288 31819 31819 I AconfigPackage: android.speech.flags is mapped to system
02-17 07:53:02.288 31819 31819 I AconfigPackage: com.android.server.stats is mapped to system
02-17 07:53:02.288 31819 31819 I AconfigPackage: android.hardware.biometrics is mapped to system
02-17 07:53:02.288 31819 31819 I AconfigPackage: android.car.feature is mapped to system
02-17 07:53:02.288 31819 31819 I AconfigPackage: android.adpf is mapped to system
02-17 07:53:02.288 31819 31819 I AconfigPackage: android.location.flags is mapped to system
02-17 07:53:02.288 31819 31819 I AconfigPackage: com.android.settingslib.flags is mapped to system
02-17 07:53:02.288 31819 31819 I AconfigPackage: com.android.managedprovisioning.flags is mapped to system
02-17 07:53:02.288 31819 31819 I AconfigPackage: android.app.assist.flags is mapped to system
02-17 07:53:02.288 31819 31819 I AconfigPackage: com.android.server.net is mapped to system
02-17 07:53:02.288 31819 31819 I AconfigPackage: com.android.settingslib.widget.flags is mapped to system
02-17 07:53:02.288 31819 31819 I AconfigPackage: com.android.internal.camera.flags is mapped to system
02-17 07:53:02.288 31819 31819 I AconfigPackage: com.android.hardware.libsensor.flags is mapped to system
02-17 07:53:02.288 31819 31819 I AconfigPackage: com.android.internal.jank is mapped to system
02-17 07:53:02.288 31819 31819 I AconfigPackage: com.android.providers.settings is mapped to system
02-17 07:53:02.288 31819 31819 I AconfigPackage: android.multiuser is mapped to system
02-17 07:53:02.288 31819 31819 I AconfigPackage: com.android.server.power.optimization is mapped to system
02-17 07:53:02.288 31819 31819 I AconfigPackage: com.android.calllogbackup is mapped to system
02-17 07:53:02.288 31819 31819 I AconfigPackage: com.android.media.flags is mapped to system
02-17 07:53:02.288 31819 31819 I AconfigPackage: com.android.media.mediasession.flags is mapped to system
02-17 07:53:02.288 31819 31819 I AconfigPackage: com.android.server.flags is mapped to system
02-17 07:53:02.288 31819 31819 I AconfigPackage: com.android.graphics.libvulkan.flags is mapped to system
02-17 07:53:02.288 31819 31819 I AconfigPackage: android.app.appfunctions.flags is mapped to system
02-17 07:53:02.288 31819 31819 I AconfigPackage: android.app.smartspace.flags is mapped to system
02-17 07:53:02.288 31819 31819 I AconfigPackage: com.android.providers.contacts.flags is mapped to system
02-17 07:53:02.288 31819 31819 I AconfigPackage: com.android.shell.flags is mapped to system
02-17 07:53:02.288 31819 31819 I AconfigPackage: com.android.media.aaudio is mapped to system
02-17 07:53:02.288 31819 31819 I AconfigPackage: android.hardware.radio is mapped to system
02-17 07:53:02.288 31819 31819 I AconfigPackage: suspend_service.flags is mapped to system
02-17 07:53:02.288 31819 31819 I AconfigPackage: android.media.midi is mapped to system
02-17 07:53:02.288 31819 31819 I AconfigPackage: com.android.libcore.readonly is mapped to system
02-17 07:53:02.288 31819 31819 I AconfigPackage: android.service.notification is mapped to system
02-17 07:53:02.288 31819 31819 I AconfigPackage: com.android.systemui.shared is mapped to system
02-17 07:53:02.288 31819 31819 I AconfigPackage: android.app.jank is mapped to system
02-17 07:53:02.288 31819 31819 I AconfigPackage: android.app.wearable is mapped to system
02-17 07:53:02.288 31819 31819 I AconfigPackage: com.android.media.audio is mapped to system
02-17 07:53:02.288 31819 31819 I AconfigPackage: android.service.chooser is mapped to system
02-17 07:53:02.288 31819 31819 I AconfigPackage: com.android.server.compat is mapped to system
02-17 07:53:02.288 31819 31819 I AconfigPackage: com.android.server.alarm is mapped to system
02-17 07:53:02.288 31819 31819 I AconfigPackage: com.android.apex.flags is mapped to system
02-17 07:53:02.288 31819 31819 I AconfigPackage: android.service.quickaccesswallet is mapped to system
02-17 07:53:02.288 31819 31819 I AconfigPackage: android.app.usage is mapped to system
02-17 07:53:02.288 31819 31819 I AconfigPackage: com.android.server.accessibility is mapped to system
02-17 07:53:02.288 31819 31819 I AconfigPackage: android.app.supervision.flags is mapped to system
