02-17 07:50:55.178  7746 31080 D CCodec  : }
02-17 07:50:55.178  7746 31080 I CCodecConfig: query failed after returning 8 values (BAD_INDEX)
02-17 07:50:55.179  7746 31080 W Codec2Client: query -- param skipped: index = 1342179345.
02-17 07:50:55.179  7746 31080 W Codec2Client: query -- param skipped: index = 2415921170.
02-17 07:50:55.179  7746 31080 D CCodecBufferChannel: [c2.android.vorbis.decoder#361] Created input block pool with allocatorID 16 => poolID 77 - OK (0)
02-17 07:50:55.180  7746 31080 I CCodecBufferChannel: [c2.android.vorbis.decoder#361] Created output block pool with allocatorID 16 => poolID 164 - OK
02-17 07:50:55.180  7746 31080 D CCodecBufferChannel: [c2.android.vorbis.decoder#361] Configured output block pool ids 164 => OK
02-17 07:50:55.189  7746 31080 D CCodecBufferChannel: [c2.android.vorbis.decoder#361] MediaCodec discarded an unknown buffer
02-17 07:50:55.190  7746 31080 D CCodecBufferChannel: [c2.android.vorbis.decoder#361] MediaCodec discarded an unknown buffer
02-17 07:50:55.190  7746 31080 D CCodecBufferChannel: [c2.android.vorbis.decoder#361] MediaCodec discarded an unknown buffer
02-17 07:50:55.190  7746 31080 I hw-BpHwBinder: onLastStrongRef automatically unlinking death recipients
02-17 07:50:55.199  7746  7746 D WindowOnBackDispatcher: setTopOnBackInvokedCallback (unwrapped): android.view.ViewRootImpl$$ExternalSyntheticLambda12@44f5899
02-17 07:50:55.490  7746  7746 I ImeTracker: com.termux:c009b2fb: onRequestShow at ORIGIN_CLIENT reason SHOW_SOFT_INPUT fromUser false
02-17 07:50:55.490  7746  7746 I ImeTracker: com.termux:c009b2fb: onFailed at PHASE_CLIENT_VIEW_SERVED
02-17 07:50:55.491  7746  7746 W InputMethodManager: Ignoring showSoftInput() as view=com.termux.view.TerminalView{8e4485b VFED.V.L. .F....ID 0,0-1424,2728 #7f080191 app:id/terminal_view} is not served.
02-17 07:50:55.538 26520 26520 E iostack : irqs = 775605, self-block = 0
02-17 07:50:55.677  7746  7746 I ImeTracker: com.termux:c211d107: onRequestShow at ORIGIN_CLIENT reason SHOW_SOFT_INPUT fromUser false
02-17 07:50:55.677  7746  7746 I ImeTracker: com.termux:c211d107: onFailed at PHASE_CLIENT_VIEW_SERVED
02-17 07:50:55.677  7746  7746 W InputMethodManager: Ignoring showSoftInput() as view=com.termux.view.TerminalView{8e4485b VFED.V.L. .F...... 0,0-1424,2728 #7f080191 app:id/terminal_view} is not served.
02-17 07:50:55.712  7746  7746 D ImeBackDispatcher: switch root view (mImeCallbacks.size=0)
02-17 07:50:55.716  7746  7746 D InsetsController: show(ime())
02-17 07:50:55.716  7746  7746 D ImeBackDispatcher: Undo preliminary clear (mImeCallbacks.size=0)
02-17 07:50:55.716  7746  7746 D InsetsController: Setting requestedVisibleTypes to -1 (was -9)
02-17 07:50:55.730  7746  7746 D ImeBackDispatcher: Register received callback id=131072203 priority=0
02-17 07:50:55.730  7746  7746 D WindowOnBackDispatcher: setTopOnBackInvokedCallback (unwrapped): ImeOnBackInvokedCallback@131072203 Callback=android.window.IOnBackInvokedCallback$Stub$Proxy@203fe4b
02-17 07:50:55.971  7746  7746 I ImeTracker: com.termux:f775bbb4: onShown
02-17 07:50:57.178  7746  7746 D WindowOnBackDispatcher: setTopOnBackInvokedCallback (unwrapped): null
02-17 07:50:59.597  7746  7746 W Choreographer: Frame time is 0.174772 ms in the future!  Check that graphics HAL is generating vsync timestamps using the correct timebase.
02-17 07:51:00.178  7746  7894 D BufferPoolAccessor2.0: evictor expired: 1, evicted: 0
02-17 07:51:01.178  7746  7894 D BufferPoolAccessor2.0: bufferpool2 0x7b00843238 : 0(0 size) total buffers - 0(0 size) used buffers - 2/7 (recycle/alloc) - 5/24 (fetch/transfer)
02-17 07:51:01.178  7746  7894 D BufferPoolAccessor2.0: evictor expired: 1, evicted: 1
02-17 07:51:02.718  7746  7746 W Choreographer: Frame time is 0.091503 ms in the future!  Check that graphics HAL is generating vsync timestamps using the correct timebase.
02-17 07:51:04.823  7746  7746 D InsetsController: hide(ime())
02-17 07:51:04.823  7746  7746 D ImeBackDispatcher: Preliminary clear (mImeCallbacks.size=1)
02-17 07:51:04.824  7746  7746 D WindowOnBackDispatcher: setTopOnBackInvokedCallback (unwrapped): android.view.ViewRootImpl$$ExternalSyntheticLambda12@2ce1405
02-17 07:51:04.824  7746  7746 D InsetsController: Setting requestedVisibleTypes to -9 (was -1)
02-17 07:51:04.825  7746  7746 D InsetsController: hide(ime())
02-17 07:51:04.825  7746  7746 I ImeTracker: org.futo.inputmethod.latin.playstore:8310e3d4: onCancelled at PHASE_CLIENT_ALREADY_HIDDEN
02-17 07:51:05.065  7746  7746 D ImeBackDispatcher: Unregister received callback id=131072203
02-17 07:51:05.074  7746  7746 I ImeTracker: system_server:e58137b: onCancelled at PHASE_CLIENT_ON_CONTROLS_CHANGED
02-17 07:51:05.779 26520 26520 E iostack : irqs = 775648, self-block = 0
02-17 07:51:16.019 26520 26520 E iostack : irqs = 775715, self-block = 0
02-17 07:51:21.611  7746  7746 W Choreographer: Frame time is 0.125572 ms in the future!  Check that graphics HAL is generating vsync timestamps using the correct timebase.
02-17 07:51:23.382  7746  7746 D WindowOnBackDispatcher: setTopOnBackInvokedCallback (unwrapped): android.view.ViewRootImpl$$ExternalSyntheticLambda12@f2b76ee
02-17 07:51:23.393  7746  7746 D WindowOnBackDispatcher: setTopOnBackInvokedCallback (unwrapped): android.view.ViewRootImpl$$ExternalSyntheticLambda12@758ac08
02-17 07:51:23.408  7746  7746 D WindowOnBackDispatcher: setTopOnBackInvokedCallback (unwrapped): android.view.ViewRootImpl$$ExternalSyntheticLambda12@8b52852
02-17 07:51:23.682  7746  7746 E ViewDragHelper: Ignoring pointerId=0 because ACTION_DOWN was not received for this pointer before ACTION_MOVE. It likely happened because  ViewDragHelper did not receive all the events in the event stream.
02-17 07:51:23.682  7746  7746 E ViewDragHelper: Ignoring pointerId=0 because ACTION_DOWN was not received for this pointer before ACTION_MOVE. It likely happened because  ViewDragHelper did not receive all the events in the event stream.
02-17 07:51:23.682  7746  7746 E ViewDragHelper: Ignoring pointerId=0 because ACTION_DOWN was not received for this pointer before ACTION_MOVE. It likely happened because  ViewDragHelper did not receive all the events in the event stream.
02-17 07:51:23.682  7746  7746 E ViewDragHelper: Ignoring pointerId=0 because ACTION_DOWN was not received for this pointer before ACTION_MOVE. It likely happened because  ViewDragHelper did not receive all the events in the event stream.
02-17 07:51:23.690  7746  7746 E ViewDragHelper: Ignoring pointerId=0 because ACTION_DOWN was not received for this pointer before ACTION_MOVE. It likely happened because  ViewDragHelper did not receive all the events in the event stream.
02-17 07:51:23.690  7746  7746 E ViewDragHelper: Ignoring pointerId=0 because ACTION_DOWN was not received for this pointer before ACTION_MOVE. It likely happened because  ViewDragHelper did not receive all the events in the event stream.
02-17 07:51:23.690  7746  7746 E ViewDragHelper: Ignoring pointerId=0 because ACTION_DOWN was not received for this pointer before ACTION_MOVE. It likely happened because  ViewDragHelper did not receive all the events in the event stream.
02-17 07:51:23.690  7746  7746 E ViewDragHelper: Ignoring pointerId=0 because ACTION_DOWN was not received for this pointer before ACTION_MOVE. It likely happened because  ViewDragHelper did not receive all the events in the event stream.
02-17 07:51:23.698  7746  7746 E ViewDragHelper: Ignoring pointerId=0 because ACTION_DOWN was not received for this pointer before ACTION_MOVE. It likely happened because  ViewDragHelper did not receive all the events in the event stream.
02-17 07:51:23.698  7746  7746 E ViewDragHelper: Ignoring pointerId=0 because ACTION_DOWN was not received for this pointer before ACTION_MOVE. It likely happened because  ViewDragHelper did not receive all the events in the event stream.
02-17 07:51:23.698  7746  7746 E ViewDragHelper: Ignoring pointerId=0 because ACTION_DOWN was not received for this pointer before ACTION_MOVE. It likely happened because  ViewDragHelper did not receive all the events in the event stream.
02-17 07:51:23.698  7746  7746 E ViewDragHelper: Ignoring pointerId=0 because ACTION_DOWN was not received for this pointer before ACTION_MOVE. It likely happened because  ViewDragHelper did not receive all the events in the event stream.
02-17 07:51:23.706  7746  7746 E ViewDragHelper: Ignoring pointerId=0 because ACTION_DOWN was not received for this pointer before ACTION_MOVE. It likely happened because  ViewDragHelper did not receive all the events in the event stream.
02-17 07:51:23.706  7746  7746 E ViewDragHelper: Ignoring pointerId=0 because ACTION_DOWN was not received for this pointer before ACTION_MOVE. It likely happened because  ViewDragHelper did not receive all the events in the event stream.
02-17 07:51:23.706  7746  7746 E ViewDragHelper: Ignoring pointerId=0 because ACTION_DOWN was not received for this pointer before ACTION_MOVE. It likely happened because  ViewDragHelper did not receive all the events in the event stream.
02-17 07:51:23.706  7746  7746 E ViewDragHelper: Ignoring pointerId=0 because ACTION_DOWN was not received for this pointer before ACTION_MOVE. It likely happened because  ViewDragHelper did not receive all the events in the event stream.
02-17 07:51:23.714  7746  7746 E ViewDragHelper: Ignoring pointerId=0 because ACTION_DOWN was not received for this pointer before ACTION_MOVE. It likely happened because  ViewDragHelper did not receive all the events in the event stream.
02-17 07:51:23.715  7746  7746 E ViewDragHelper: Ignoring pointerId=0 because ACTION_DOWN was not received for this pointer before ACTION_MOVE. It likely happened because  ViewDragHelper did not receive all the events in the event stream.
02-17 07:51:23.715  7746  7746 E ViewDragHelper: Ignoring pointerId=0 because ACTION_DOWN was not received for this pointer before ACTION_MOVE. It likely happened because  ViewDragHelper did not receive all the events in the event stream.
02-17 07:51:23.715  7746  7746 E ViewDragHelper: Ignoring pointerId=0 because ACTION_DOWN was not received for this pointer before ACTION_MOVE. It likely happened because  ViewDragHelper did not receive all the events in the event stream.
02-17 07:51:23.723  7746  7746 E ViewDragHelper: Ignoring pointerId=0 because ACTION_DOWN was not received for this pointer before ACTION_MOVE. It likely happened because  ViewDragHelper did not receive all the events in the event stream.
02-17 07:51:23.723  7746  7746 E ViewDragHelper: Ignoring pointerId=0 because ACTION_DOWN was not received for this pointer before ACTION_MOVE. It likely happened because  ViewDragHelper did not receive all the events in the event stream.
02-17 07:51:23.723  7746  7746 E ViewDragHelper: Ignoring pointerId=0 because ACTION_DOWN was not received for this pointer before ACTION_MOVE. It likely happened because  ViewDragHelper did not receive all the events in the event stream.
02-17 07:51:23.723  7746  7746 E ViewDragHelper: Ignoring pointerId=0 because ACTION_DOWN was not received for this pointer before ACTION_MOVE. It likely happened because  ViewDragHelper did not receive all the events in the event stream.
02-17 07:51:23.731  7746  7746 E ViewDragHelper: Ignoring pointerId=0 because ACTION_DOWN was not received for this pointer before ACTION_MOVE. It likely happened because  ViewDragHelper did not receive all the events in the event stream.
02-17 07:51:23.731  7746  7746 E ViewDragHelper: Ignoring pointerId=0 because ACTION_DOWN was not received for this pointer before ACTION_MOVE. It likely happened because  ViewDragHelper did not receive all the events in the event stream.
02-17 07:51:23.731  7746  7746 E ViewDragHelper: Ignoring pointerId=0 because ACTION_DOWN was not received for this pointer before ACTION_MOVE. It likely happened because  ViewDragHelper did not receive all the events in the event stream.
02-17 07:51:23.731  7746  7746 E ViewDragHelper: Ignoring pointerId=0 because ACTION_DOWN was not received for this pointer before ACTION_MOVE. It likely happened because  ViewDragHelper did not receive all the events in the event stream.
02-17 07:51:23.754  7746  7746 E ViewDragHelper: Ignoring pointerId=0 because ACTION_DOWN was not received for this pointer before ACTION_MOVE. It likely happened because  ViewDragHelper did not receive all the events in the event stream.
02-17 07:51:23.754  7746  7746 E ViewDragHelper: Ignoring pointerId=0 because ACTION_DOWN was not received for this pointer before ACTION_MOVE. It likely happened because  ViewDragHelper did not receive all the events in the event stream.
02-17 07:51:23.754  7746  7746 E ViewDragHelper: Ignoring pointerId=0 because ACTION_DOWN was not received for this pointer before ACTION_MOVE. It likely happened because  ViewDragHelper did not receive all the events in the event stream.
02-17 07:51:23.754  7746  7746 E ViewDragHelper: Ignoring pointerId=0 because ACTION_DOWN was not received for this pointer before ACTION_MOVE. It likely happened because  ViewDragHelper did not receive all the events in the event stream.
02-17 07:51:23.756  7746  7746 E ViewDragHelper: Ignoring pointerId=0 because ACTION_DOWN was not received for this pointer before ACTION_MOVE. It likely happened because  ViewDragHelper did not receive all the events in the event stream.
02-17 07:51:23.756  7746  7746 E ViewDragHelper: Ignoring pointerId=0 because ACTION_DOWN was not received for this pointer before ACTION_MOVE. It likely happened because  ViewDragHelper did not receive all the events in the event stream.
02-17 07:51:23.756  7746  7746 E ViewDragHelper: Ignoring pointerId=0 because ACTION_DOWN was not received for this pointer before ACTION_MOVE. It likely happened because  ViewDragHelper did not receive all the events in the event stream.
02-17 07:51:23.756  7746  7746 E ViewDragHelper: Ignoring pointerId=0 because ACTION_DOWN was not received for this pointer before ACTION_MOVE. It likely happened because  ViewDragHelper did not receive all the events in the event stream.
02-17 07:51:23.764  7746  7746 E ViewDragHelper: Ignoring pointerId=0 because ACTION_DOWN was not received for this pointer before ACTION_MOVE. It likely happened because  ViewDragHelper did not receive all the events in the event stream.
02-17 07:51:23.764  7746  7746 E ViewDragHelper: Ignoring pointerId=0 because ACTION_DOWN was not received for this pointer before ACTION_MOVE. It likely happened because  ViewDragHelper did not receive all the events in the event stream.
02-17 07:51:23.764  7746  7746 E ViewDragHelper: Ignoring pointerId=0 because ACTION_DOWN was not received for this pointer before ACTION_MOVE. It likely happened because  ViewDragHelper did not receive all the events in the event stream.
02-17 07:51:23.764  7746  7746 E ViewDragHelper: Ignoring pointerId=0 because ACTION_DOWN was not received for this pointer before ACTION_MOVE. It likely happened because  ViewDragHelper did not receive all the events in the event stream.
02-17 07:51:23.773  7746  7746 E ViewDragHelper: Ignoring pointerId=0 because ACTION_DOWN was not received for this pointer before ACTION_MOVE. It likely happened because  ViewDragHelper did not receive all the events in the event stream.
02-17 07:51:23.773  7746  7746 E ViewDragHelper: Ignoring pointerId=0 because ACTION_DOWN was not received for this pointer before ACTION_MOVE. It likely happened because  ViewDragHelper did not receive all the events in the event stream.
02-17 07:51:23.773  7746  7746 E ViewDragHelper: Ignoring pointerId=0 because ACTION_DOWN was not received for this pointer before ACTION_MOVE. It likely happened because  ViewDragHelper did not receive all the events in the event stream.
02-17 07:51:23.773  7746  7746 E ViewDragHelper: Ignoring pointerId=0 because ACTION_DOWN was not received for this pointer before ACTION_MOVE. It likely happened because  ViewDragHelper did not receive all the events in the event stream.
02-17 07:51:23.781  7746  7746 E ViewDragHelper: Ignoring pointerId=0 because ACTION_DOWN was not received for this pointer before ACTION_MOVE. It likely happened because  ViewDragHelper did not receive all the events in the event stream.
02-17 07:51:23.781  7746  7746 E ViewDragHelper: Ignoring pointerId=0 because ACTION_DOWN was not received for this pointer before ACTION_MOVE. It likely happened because  ViewDragHelper did not receive all the events in the event stream.
02-17 07:51:23.781  7746  7746 E ViewDragHelper: Ignoring pointerId=0 because ACTION_DOWN was not received for this pointer before ACTION_MOVE. It likely happened because  ViewDragHelper did not receive all the events in the event stream.
02-17 07:51:23.781  7746  7746 E ViewDragHelper: Ignoring pointerId=0 because ACTION_DOWN was not received for this pointer before ACTION_MOVE. It likely happened because  ViewDragHelper did not receive all the events in the event stream.
02-17 07:51:23.789  7746  7746 E ViewDragHelper: Ignoring pointerId=0 because ACTION_DOWN was not received for this pointer before ACTION_MOVE. It likely happened because  ViewDragHelper did not receive all the events in the event stream.
02-17 07:51:23.790  7746  7746 E ViewDragHelper: Ignoring pointerId=0 because ACTION_DOWN was not received for this pointer before ACTION_MOVE. It likely happened because  ViewDragHelper did not receive all the events in the event stream.
02-17 07:51:23.790  7746  7746 E ViewDragHelper: Ignoring pointerId=0 because ACTION_DOWN was not received for this pointer before ACTION_MOVE. It likely happened because  ViewDragHelper did not receive all the events in the event stream.
02-17 07:51:23.790  7746  7746 E ViewDragHelper: Ignoring pointerId=0 because ACTION_DOWN was not received for this pointer before ACTION_MOVE. It likely happened because  ViewDragHelper did not receive all the events in the event stream.
02-17 07:51:23.790  7746  7746 D WindowOnBackDispatcher: setTopOnBackInvokedCallback (unwrapped): null
02-17 07:51:23.799  7746  7746 E ViewDragHelper: Ignoring pointerId=0 because ACTION_DOWN was not received for this pointer before ACTION_MOVE. It likely happened because  ViewDragHelper did not receive all the events in the event stream.
02-17 07:51:23.799  7746  7746 E ViewDragHelper: Ignoring pointerId=0 because ACTION_DOWN was not received for this pointer before ACTION_MOVE. It likely happened because  ViewDragHelper did not receive all the events in the event stream.
02-17 07:51:23.799  7746  7746 E ViewDragHelper: Ignoring pointerId=0 because ACTION_DOWN was not received for this pointer before ACTION_MOVE. It likely happened because  ViewDragHelper did not receive all the events in the event stream.
02-17 07:51:23.799  7746  7746 E ViewDragHelper: Ignoring pointerId=0 because ACTION_DOWN was not received for this pointer before ACTION_MOVE. It likely happened because  ViewDragHelper did not receive all the events in the event stream.
02-17 07:51:23.806  7746  7746 E ViewDragHelper: Ignoring pointerId=0 because ACTION_DOWN was not received for this pointer before ACTION_MOVE. It likely happened because  ViewDragHelper did not receive all the events in the event stream.
02-17 07:51:23.806  7746  7746 E ViewDragHelper: Ignoring pointerId=0 because ACTION_DOWN was not received for this pointer before ACTION_MOVE. It likely happened because  ViewDragHelper did not receive all the events in the event stream.
02-17 07:51:23.806  7746  7746 E ViewDragHelper: Ignoring pointerId=0 because ACTION_DOWN was not received for this pointer before ACTION_MOVE. It likely happened because  ViewDragHelper did not receive all the events in the event stream.
02-17 07:51:23.806  7746  7746 E ViewDragHelper: Ignoring pointerId=0 because ACTION_DOWN was not received for this pointer before ACTION_MOVE. It likely happened because  ViewDragHelper did not receive all the events in the event stream.
02-17 07:51:23.814  7746  7746 E ViewDragHelper: Ignoring pointerId=0 because ACTION_DOWN was not received for this pointer before ACTION_MOVE. It likely happened because  ViewDragHelper did not receive all the events in the event stream.
02-17 07:51:23.814  7746  7746 E ViewDragHelper: Ignoring pointerId=0 because ACTION_DOWN was not received for this pointer before ACTION_MOVE. It likely happened because  ViewDragHelper did not receive all the events in the event stream.
02-17 07:51:23.814  7746  7746 E ViewDragHelper: Ignoring pointerId=0 because ACTION_DOWN was not received for this pointer before ACTION_MOVE. It likely happened because  ViewDragHelper did not receive all the events in the event stream.
02-17 07:51:23.814  7746  7746 E ViewDragHelper: Ignoring pointerId=0 because ACTION_DOWN was not received for this pointer before ACTION_MOVE. It likely happened because  ViewDragHelper did not receive all the events in the event stream.
02-17 07:51:23.822  7746  7746 E ViewDragHelper: Ignoring pointerId=0 because ACTION_DOWN was not received for this pointer before ACTION_MOVE. It likely happened because  ViewDragHelper did not receive all the events in the event stream.
02-17 07:51:23.822  7746  7746 E ViewDragHelper: Ignoring pointerId=0 because ACTION_DOWN was not received for this pointer before ACTION_MOVE. It likely happened because  ViewDragHelper did not receive all the events in the event stream.
02-17 07:51:23.822  7746  7746 E ViewDragHelper: Ignoring pointerId=0 because ACTION_DOWN was not received for this pointer before ACTION_MOVE. It likely happened because  ViewDragHelper did not receive all the events in the event stream.
02-17 07:51:23.822  7746  7746 E ViewDragHelper: Ignoring pointerId=0 because ACTION_DOWN was not received for this pointer before ACTION_MOVE. It likely happened because  ViewDragHelper did not receive all the events in the event stream.
02-17 07:51:23.830  7746  7746 E ViewDragHelper: Ignoring pointerId=0 because ACTION_DOWN was not received for this pointer before ACTION_MOVE. It likely happened because  ViewDragHelper did not receive all the events in the event stream.
02-17 07:51:23.830  7746  7746 E ViewDragHelper: Ignoring pointerId=0 because ACTION_DOWN was not received for this pointer before ACTION_MOVE. It likely happened because  ViewDragHelper did not receive all the events in the event stream.
02-17 07:51:23.830  7746  7746 E ViewDragHelper: Ignoring pointerId=0 because ACTION_DOWN was not received for this pointer before ACTION_MOVE. It likely happened because  ViewDragHelper did not receive all the events in the event stream.
02-17 07:51:23.830  7746  7746 E ViewDragHelper: Ignoring pointerId=0 because ACTION_DOWN was not received for this pointer before ACTION_MOVE. It likely happened because  ViewDragHelper did not receive all the events in the event stream.
02-17 07:51:23.839  7746  7746 E ViewDragHelper: Ignoring pointerId=0 because ACTION_DOWN was not received for this pointer before ACTION_MOVE. It likely happened because  ViewDragHelper did not receive all the events in the event stream.
02-17 07:51:23.839  7746  7746 E ViewDragHelper: Ignoring pointerId=0 because ACTION_DOWN was not received for this pointer before ACTION_MOVE. It likely happened because  ViewDragHelper did not receive all the events in the event stream.
02-17 07:51:23.839  7746  7746 E ViewDragHelper: Ignoring pointerId=0 because ACTION_DOWN was not received for this pointer before ACTION_MOVE. It likely happened because  ViewDragHelper did not receive all the events in the event stream.
02-17 07:51:23.839  7746  7746 E ViewDragHelper: Ignoring pointerId=0 because ACTION_DOWN was not received for this pointer before ACTION_MOVE. It likely happened because  ViewDragHelper did not receive all the events in the event stream.
02-17 07:51:23.847  7746  7746 E ViewDragHelper: Ignoring pointerId=0 because ACTION_DOWN was not received for this pointer before ACTION_MOVE. It likely happened because  ViewDragHelper did not receive all the events in the event stream.
02-17 07:51:23.847  7746  7746 E ViewDragHelper: Ignoring pointerId=0 because ACTION_DOWN was not received for this pointer before ACTION_MOVE. It likely happened because  ViewDragHelper did not receive all the events in the event stream.
02-17 07:51:23.847  7746  7746 E ViewDragHelper: Ignoring pointerId=0 because ACTION_DOWN was not received for this pointer before ACTION_MOVE. It likely happened because  ViewDragHelper did not receive all the events in the event stream.
02-17 07:51:23.847  7746  7746 E ViewDragHelper: Ignoring pointerId=0 because ACTION_DOWN was not received for this pointer before ACTION_MOVE. It likely happened because  ViewDragHelper did not receive all the events in the event stream.
02-17 07:51:23.855  7746  7746 E ViewDragHelper: Ignoring pointerId=0 because ACTION_DOWN was not received for this pointer before ACTION_MOVE. It likely happened because  ViewDragHelper did not receive all the events in the event stream.
02-17 07:51:23.855  7746  7746 E ViewDragHelper: Ignoring pointerId=0 because ACTION_DOWN was not received for this pointer before ACTION_MOVE. It likely happened because  ViewDragHelper did not receive all the events in the event stream.
02-17 07:51:23.855  7746  7746 E ViewDragHelper: Ignoring pointerId=0 because ACTION_DOWN was not received for this pointer before ACTION_MOVE. It likely happened because  ViewDragHelper did not receive all the events in the event stream.
02-17 07:51:23.855  7746  7746 E ViewDragHelper: Ignoring pointerId=0 because ACTION_DOWN was not received for this pointer before ACTION_MOVE. It likely happened because  ViewDragHelper did not receive all the events in the event stream.
02-17 07:51:23.864  7746  7746 E ViewDragHelper: Ignoring pointerId=0 because ACTION_DOWN was not received for this pointer before ACTION_MOVE. It likely happened because  ViewDragHelper did not receive all the events in the event stream.
02-17 07:51:23.864  7746  7746 E ViewDragHelper: Ignoring pointerId=0 because ACTION_DOWN was not received for this pointer before ACTION_MOVE. It likely happened because  ViewDragHelper did not receive all the events in the event stream.
02-17 07:51:23.864  7746  7746 E ViewDragHelper: Ignoring pointerId=0 because ACTION_DOWN was not received for this pointer before ACTION_MOVE. It likely happened because  ViewDragHelper did not receive all the events in the event stream.
02-17 07:51:23.864  7746  7746 E ViewDragHelper: Ignoring pointerId=0 because ACTION_DOWN was not received for this pointer before ACTION_MOVE. It likely happened because  ViewDragHelper did not receive all the events in the event stream.
02-17 07:51:23.872  7746  7746 E ViewDragHelper: Ignoring pointerId=0 because ACTION_DOWN was not received for this pointer before ACTION_MOVE. It likely happened because  ViewDragHelper did not receive all the events in the event stream.
02-17 07:51:23.872  7746  7746 E ViewDragHelper: Ignoring pointerId=0 because ACTION_DOWN was not received for this pointer before ACTION_MOVE. It likely happened because  ViewDragHelper did not receive all the events in the event stream.
02-17 07:51:23.872  7746  7746 E ViewDragHelper: Ignoring pointerId=0 because ACTION_DOWN was not received for this pointer before ACTION_MOVE. It likely happened because  ViewDragHelper did not receive all the events in the event stream.
02-17 07:51:23.872  7746  7746 E ViewDragHelper: Ignoring pointerId=0 because ACTION_DOWN was not received for this pointer before ACTION_MOVE. It likely happened because  ViewDragHelper did not receive all the events in the event stream.
02-17 07:51:23.880  7746  7746 E ViewDragHelper: Ignoring pointerId=0 because ACTION_DOWN was not received for this pointer before ACTION_MOVE. It likely happened because  ViewDragHelper did not receive all the events in the event stream.
02-17 07:51:23.881  7746  7746 E ViewDragHelper: Ignoring pointerId=0 because ACTION_DOWN was not received for this pointer before ACTION_MOVE. It likely happened because  ViewDragHelper did not receive all the events in the event stream.
02-17 07:51:23.881  7746  7746 E ViewDragHelper: Ignoring pointerId=0 because ACTION_DOWN was not received for this pointer before ACTION_MOVE. It likely happened because  ViewDragHelper did not receive all the events in the event stream.
02-17 07:51:23.881  7746  7746 E ViewDragHelper: Ignoring pointerId=0 because ACTION_DOWN was not received for this pointer before ACTION_MOVE. It likely happened because  ViewDragHelper did not receive all the events in the event stream.
02-17 07:51:23.889  7746  7746 E ViewDragHelper: Ignoring pointerId=0 because ACTION_DOWN was not received for this pointer before ACTION_MOVE. It likely happened because  ViewDragHelper did not receive all the events in the event stream.
02-17 07:51:23.889  7746  7746 E ViewDragHelper: Ignoring pointerId=0 because ACTION_DOWN was not received for this pointer before ACTION_MOVE. It likely happened because  ViewDragHelper did not receive all the events in the event stream.
02-17 07:51:23.889  7746  7746 E ViewDragHelper: Ignoring pointerId=0 because ACTION_DOWN was not received for this pointer before ACTION_MOVE. It likely happened because  ViewDragHelper did not receive all the events in the event stream.
02-17 07:51:23.889  7746  7746 E ViewDragHelper: Ignoring pointerId=0 because ACTION_DOWN was not received for this pointer before ACTION_MOVE. It likely happened because  ViewDragHelper did not receive all the events in the event stream.
02-17 07:51:23.897  7746  7746 E ViewDragHelper: Ignoring pointerId=0 because ACTION_DOWN was not received for this pointer before ACTION_MOVE. It likely happened because  ViewDragHelper did not receive all the events in the event stream.
02-17 07:51:23.897  7746  7746 E ViewDragHelper: Ignoring pointerId=0 because ACTION_DOWN was not received for this pointer before ACTION_MOVE. It likely happened because  ViewDragHelper did not receive all the events in the event stream.
02-17 07:51:23.897  7746  7746 E ViewDragHelper: Ignoring pointerId=0 because ACTION_DOWN was not received for this pointer before ACTION_MOVE. It likely happened because  ViewDragHelper did not receive all the events in the event stream.
02-17 07:51:23.897  7746  7746 E ViewDragHelper: Ignoring pointerId=0 because ACTION_DOWN was not received for this pointer before ACTION_MOVE. It likely happened because  ViewDragHelper did not receive all the events in the event stream.
02-17 07:51:23.911  7746  7746 E ViewDragHelper: Ignoring pointerId=0 because ACTION_DOWN was not received for this pointer before ACTION_MOVE. It likely happened because  ViewDragHelper did not receive all the events in the event stream.
02-17 07:51:23.911  7746  7746 E ViewDragHelper: Ignoring pointerId=0 because ACTION_DOWN was not received for this pointer before ACTION_MOVE. It likely happened because  ViewDragHelper did not receive all the events in the event stream.
02-17 07:51:23.911  7746  7746 E ViewDragHelper: Ignoring pointerId=0 because ACTION_DOWN was not received for this pointer before ACTION_MOVE. It likely happened because  ViewDragHelper did not receive all the events in the event stream.
02-17 07:51:23.911  7746  7746 E ViewDragHelper: Ignoring pointerId=0 because ACTION_DOWN was not received for this pointer before ACTION_MOVE. It likely happened because  ViewDragHelper did not receive all the events in the event stream.
02-17 07:51:23.921  7746  7746 E ViewDragHelper: Ignoring pointerId=0 because ACTION_DOWN was not received for this pointer before ACTION_MOVE. It likely happened because  ViewDragHelper did not receive all the events in the event stream.
02-17 07:51:23.921  7746  7746 E ViewDragHelper: Ignoring pointerId=0 because ACTION_DOWN was not received for this pointer before ACTION_MOVE. It likely happened because  ViewDragHelper did not receive all the events in the event stream.
02-17 07:51:23.921  7746  7746 E ViewDragHelper: Ignoring pointerId=0 because ACTION_DOWN was not received for this pointer before ACTION_MOVE. It likely happened because  ViewDragHelper did not receive all the events in the event stream.
02-17 07:51:23.921  7746  7746 E ViewDragHelper: Ignoring pointerId=0 because ACTION_DOWN was not received for this pointer before ACTION_MOVE. It likely happened because  ViewDragHelper did not receive all the events in the event stream.
02-17 07:51:26.259 26520 26520 E iostack : irqs = 775716, self-block = 0
02-17 07:51:31.955  7746  7746 D WindowOnBackDispatcher: setTopOnBackInvokedCallback (unwrapped): null
02-17 07:51:31.958  7746  7746 D WindowOnBackDispatcher: setTopOnBackInvokedCallback (unwrapped): null
02-17 07:51:36.499 26520 26520 E iostack : irqs = 775734, self-block = 0
02-17 07:51:46.739 26520 26520 E iostack : irqs = 775745, self-block = 0
02-17 07:51:49.131  7746  7746 D WindowOnBackDispatcher: setTopOnBackInvokedCallback (unwrapped): android.view.ViewRootImpl$$ExternalSyntheticLambda12@4c72303
02-17 07:51:49.149  7746  7746 D WindowOnBackDispatcher: setTopOnBackInvokedCallback (unwrapped): android.view.ViewRootImpl$$ExternalSyntheticLambda12@44a2f75
02-17 07:51:50.396  7746  7746 D WindowOnBackDispatcher: setTopOnBackInvokedCallback (unwrapped): android.view.ViewRootImpl$$ExternalSyntheticLambda12@f434aba
02-17 07:51:51.021  7746  7746 D WindowOnBackDispatcher: setTopOnBackInvokedCallback (unwrapped): null
02-17 07:51:51.202  7746  7746 D WindowOnBackDispatcher: setTopOnBackInvokedCallback (unwrapped): null
02-17 07:51:51.213  7746  7746 D WindowOnBackDispatcher: setTopOnBackInvokedCallback (unwrapped): null
02-17 07:51:51.935  7746  7746 I ImeTracker: com.termux:dd4f0867: onRequestShow at ORIGIN_CLIENT reason SHOW_SOFT_INPUT fromUser false
02-17 07:51:51.936  7746  7746 D InsetsController: show(ime())
02-17 07:51:51.937  7746  7746 D ImeBackDispatcher: Undo preliminary clear (mImeCallbacks.size=0)
02-17 07:51:51.937  7746  7746 D InsetsController: Setting requestedVisibleTypes to -1 (was -9)
02-17 07:51:51.970  7746  7746 D ImeBackDispatcher: Register received callback id=131072203 priority=0
02-17 07:51:51.970  7746  7746 D WindowOnBackDispatcher: setTopOnBackInvokedCallback (unwrapped): ImeOnBackInvokedCallback@131072203 Callback=android.window.IOnBackInvokedCallback$Stub$Proxy@9decbf8
02-17 07:51:52.238  7746  7746 I ImeTracker: com.termux:dd4f0867: onShown
02-17 07:51:52.942 31270 31270 W MainThread: type=1400 audit(0.0:316702): avc:  granted  { execute } for  name="bash" dev="dm-45" ino=103898 scontext=u:r:untrusted_app_27:s0:c206,c257,c512,c768 tcontext=u:object_r:app_data_file:s0:c206,c257,c512,c768 tclass=file app=com.termux
02-17 07:51:52.946 31270 31270 W MainThread: type=1400 audit(0.0:316703): avc:  granted  { execute } for  name="bash" dev="dm-45" ino=103898 scontext=u:r:untrusted_app_27:s0:c206,c257,c512,c768 tcontext=u:object_r:app_data_file:s0:c206,c257,c512,c768 tclass=file app=com.termux
02-17 07:51:52.946 31270 31270 W MainThread: type=1400 audit(0.0:316704): avc:  granted  { execute_no_trans } for  path="/data/data/com.termux/files/usr/bin/bash" dev="dm-45" ino=103898 scontext=u:r:untrusted_app_27:s0:c206,c257,c512,c768 tcontext=u:object_r:app_data_file:s0:c206,c257,c512,c768 tclass=file app=com.termux
02-17 07:51:52.982 31270 31270 W bash    : type=1400 audit(0.0:316705): avc:  granted  { execute } for  path="/data/data/com.termux/files/usr/bin/bash" dev="dm-45" ino=103898 scontext=u:r:untrusted_app_27:s0:c206,c257,c512,c768 tcontext=u:object_r:app_data_file:s0:c206,c257,c512,c768 tclass=file app=com.termux
02-17 07:51:52.982 31270 31270 W bash    : type=1400 audit(0.0:316706): avc:  denied  { search } for  name="tests" dev="dm-45" ino=113 scontext=u:r:untrusted_app_27:s0:c206,c257,c512,c768 tcontext=u:object_r:shell_test_data_file:s0 tclass=dir permissive=0 app=com.termux
02-17 07:51:53.006 31270 31270 W audit   : audit_lost=306845 audit_rate_limit=5 audit_backlog_limit=64
02-17 07:51:52.982 31270 31270 W bash    : type=1400 audit(0.0:316707): avc:  denied  { search } for  name="tests" dev="dm-45" ino=113 scontext=u:r:untrusted_app_27:s0:c206,c257,c512,c768 tcontext=u:object_r:shell_test_data_file:s0 tclass=dir permissive=0 app=com.termux
02-17 07:51:53.006 31270 31270 E audit   : rate limit exceeded
02-17 07:51:52.982 31270 31270 W bash    : type=1400 audit(0.0:316708): avc:  denied  { search } for  name="tests" dev="dm-45" ino=113 scontext=u:r:untrusted_app_27:s0:c206,c257,c512,c768 tcontext=u:object_r:shell_test_data_file:s0 tclass=dir permissive=0 app=com.termux
02-17 07:51:55.325  7746  7746 W Choreographer: Frame time is 0.200355 ms in the future!  Check that graphics HAL is generating vsync timestamps using the correct timebase.
02-17 07:51:56.979 26520 26520 E iostack : irqs = 775752, self-block = 0
02-17 07:52:00.106 31291 31291 W MainThread: type=1400 audit(0.0:316769): avc:  granted  { execute } for  name="bash" dev="dm-45" ino=103898 scontext=u:r:untrusted_app_27:s0:c206,c257,c512,c768 tcontext=u:object_r:app_data_file:s0:c206,c257,c512,c768 tclass=file app=com.termux
02-17 07:52:00.106 31291 31291 W MainThread: type=1400 audit(0.0:316770): avc:  granted  { execute } for  name="bash" dev="dm-45" ino=103898 scontext=u:r:untrusted_app_27:s0:c206,c257,c512,c768 tcontext=u:object_r:app_data_file:s0:c206,c257,c512,c768 tclass=file app=com.termux
02-17 07:52:00.106 31291 31291 W MainThread: type=1400 audit(0.0:316771): avc:  granted  { execute_no_trans } for  path="/data/data/com.termux/files/usr/bin/bash" dev="dm-45" ino=103898 scontext=u:r:untrusted_app_27:s0:c206,c257,c512,c768 tcontext=u:object_r:app_data_file:s0:c206,c257,c512,c768 tclass=file app=com.termux
02-17 07:52:00.158 31291 31291 W bash    : type=1400 audit(0.0:316772): avc:  granted  { execute } for  path="/data/data/com.termux/files/usr/bin/bash" dev="dm-45" ino=103898 scontext=u:r:untrusted_app_27:s0:c206,c257,c512,c768 tcontext=u:object_r:app_data_file:s0:c206,c257,c512,c768 tclass=file app=com.termux
02-17 07:52:00.182 31291 31291 W audit   : audit_lost=306905 audit_rate_limit=5 audit_backlog_limit=64
02-17 07:52:00.158 31291 31291 W bash    : type=1400 audit(0.0:316773): avc:  denied  { search } for  name="tests" dev="dm-45" ino=113 scontext=u:r:untrusted_app_27:s0:c206,c257,c512,c768 tcontext=u:object_r:shell_test_data_file:s0 tclass=dir permissive=0 app=com.termux
02-17 07:52:00.182 31291 31291 E audit   : rate limit exceeded
02-17 07:52:01.841  7746  7746 W Choreographer: Frame time is 0.130577 ms in the future!  Check that graphics HAL is generating vsync timestamps using the correct timebase.
02-17 07:52:05.190 31306 31306 W MainThread: type=1400 audit(0.0:316837): avc:  granted  { execute } for  name="bash" dev="dm-45" ino=103898 scontext=u:r:untrusted_app_27:s0:c206,c257,c512,c768 tcontext=u:object_r:app_data_file:s0:c206,c257,c512,c768 tclass=file app=com.termux
02-17 07:52:05.190 31306 31306 W MainThread: type=1400 audit(0.0:316838): avc:  granted  { execute } for  name="bash" dev="dm-45" ino=103898 scontext=u:r:untrusted_app_27:s0:c206,c257,c512,c768 tcontext=u:object_r:app_data_file:s0:c206,c257,c512,c768 tclass=file app=com.termux
02-17 07:52:05.190 31306 31306 W MainThread: type=1400 audit(0.0:316839): avc:  granted  { execute_no_trans } for  path="/data/data/com.termux/files/usr/bin/bash" dev="dm-45" ino=103898 scontext=u:r:untrusted_app_27:s0:c206,c257,c512,c768 tcontext=u:object_r:app_data_file:s0:c206,c257,c512,c768 tclass=file app=com.termux
02-17 07:52:05.230 31306 31306 W bash    : type=1400 audit(0.0:316840): avc:  granted  { execute } for  path="/data/data/com.termux/files/usr/bin/bash" dev="dm-45" ino=103898 scontext=u:r:untrusted_app_27:s0:c206,c257,c512,c768 tcontext=u:object_r:app_data_file:s0:c206,c257,c512,c768 tclass=file app=com.termux
02-17 07:52:05.234 31306 31306 W bash    : type=1400 audit(0.0:316841): avc:  denied  { search } for  name="tests" dev="dm-45" ino=113 scontext=u:r:untrusted_app_27:s0:c206,c257,c512,c768 tcontext=u:object_r:shell_test_data_file:s0 tclass=dir permissive=0 app=com.termux
02-17 07:52:05.255 31306 31306 W audit   : audit_lost=306968 audit_rate_limit=5 audit_backlog_limit=64
02-17 07:52:05.255 31306 31306 E audit   : rate limit exceeded
02-17 07:52:07.219 26520 26520 E iostack : irqs = 775778, self-block = 0
02-17 07:52:13.082 31323 31323 W MainThread: type=1400 audit(0.0:316878): avc:  granted  { execute } for  name="bash" dev="dm-45" ino=103898 scontext=u:r:untrusted_app_27:s0:c206,c257,c512,c768 tcontext=u:object_r:app_data_file:s0:c206,c257,c512,c768 tclass=file app=com.termux
02-17 07:52:13.082 31323 31323 W MainThread: type=1400 audit(0.0:316879): avc:  granted  { execute } for  name="bash" dev="dm-45" ino=103898 scontext=u:r:untrusted_app_27:s0:c206,c257,c512,c768 tcontext=u:object_r:app_data_file:s0:c206,c257,c512,c768 tclass=file app=com.termux
02-17 07:52:13.082 31323 31323 W MainThread: type=1400 audit(0.0:316880): avc:  granted  { execute_no_trans } for  path="/data/data/com.termux/files/usr/bin/bash" dev="dm-45" ino=103898 scontext=u:r:untrusted_app_27:s0:c206,c257,c512,c768 tcontext=u:object_r:app_data_file:s0:c206,c257,c512,c768 tclass=file app=com.termux
02-17 07:52:13.138 31323 31323 W bash    : type=1400 audit(0.0:316881): avc:  granted  { execute } for  path="/data/data/com.termux/files/usr/bin/bash" dev="dm-45" ino=103898 scontext=u:r:untrusted_app_27:s0:c206,c257,c512,c768 tcontext=u:object_r:app_data_file:s0:c206,c257,c512,c768 tclass=file app=com.termux
02-17 07:52:13.138 31323 31323 W bash    : type=1400 audit(0.0:316882): avc:  denied  { search } for  name="tests" dev="dm-45" ino=113 scontext=u:r:untrusted_app_27:s0:c206,c257,c512,c768 tcontext=u:object_r:shell_test_data_file:s0 tclass=dir permissive=0 app=com.termux
02-17 07:52:13.162 31323 31323 W audit   : audit_lost=307004 audit_rate_limit=5 audit_backlog_limit=64
02-17 07:52:13.162 31323 31323 E audit   : rate limit exceeded
02-17 07:52:17.459 26520 26520 E iostack : irqs = 775818, self-block = 0
02-17 07:52:18.994 31342 31342 W MainThread: type=1400 audit(0.0:316939): avc:  granted  { execute } for  name="bash" dev="dm-45" ino=103898 scontext=u:r:untrusted_app_27:s0:c206,c257,c512,c768 tcontext=u:object_r:app_data_file:s0:c206,c257,c512,c768 tclass=file app=com.termux
02-17 07:52:18.994 31342 31342 W MainThread: type=1400 audit(0.0:316940): avc:  granted  { execute } for  name="bash" dev="dm-45" ino=103898 scontext=u:r:untrusted_app_27:s0:c206,c257,c512,c768 tcontext=u:object_r:app_data_file:s0:c206,c257,c512,c768 tclass=file app=com.termux
02-17 07:52:18.994 31342 31342 W MainThread: type=1400 audit(0.0:316941): avc:  granted  { execute_no_trans } for  path="/data/data/com.termux/files/usr/bin/bash" dev="dm-45" ino=103898 scontext=u:r:untrusted_app_27:s0:c206,c257,c512,c768 tcontext=u:object_r:app_data_file:s0:c206,c257,c512,c768 tclass=file app=com.termux
02-17 07:52:19.038 31342 31342 W bash    : type=1400 audit(0.0:316942): avc:  granted  { execute } for  path="/data/data/com.termux/files/usr/bin/bash" dev="dm-45" ino=103898 scontext=u:r:untrusted_app_27:s0:c206,c257,c512,c768 tcontext=u:object_r:app_data_file:s0:c206,c257,c512,c768 tclass=file app=com.termux
02-17 07:52:19.038 31342 31342 W bash    : type=1400 audit(0.0:316943): avc:  denied  { search } for  name="tests" dev="dm-45" ino=113 scontext=u:r:untrusted_app_27:s0:c206,c257,c512,c768 tcontext=u:object_r:shell_test_data_file:s0 tclass=dir permissive=0 app=com.termux
02-17 07:52:19.061 31342 31342 W audit   : audit_lost=307060 audit_rate_limit=5 audit_backlog_limit=64
02-17 07:52:19.061 31342 31342 E audit   : rate limit exceeded
02-17 07:52:19.095 31343 31343 W libc    : Access denied finding property "ro.debuggable"
02-17 07:52:19.095 31343 31343 W libc    : Access denied finding property "ro.debuggable"
02-17 07:52:19.095 31343 31343 W libc    : Access denied finding property "ro.debuggable"
02-17 07:52:19.095 31343 31343 D AndroidRuntime: >>>>>> START com.android.internal.os.RuntimeInit uid 10462 <<<<<<
02-17 07:52:19.095 31343 31343 W libc    : Access denied finding property "ro.debuggable"
02-17 07:52:19.098 31343 31343 I AndroidRuntime: Using default boot image
02-17 07:52:19.098 31343 31343 I AndroidRuntime: Leaving lock profiling enabled
02-17 07:52:19.098 31343 31343 W libc    : Access denied finding property "odsign.verification.success"
02-17 07:52:19.098 31343 31343 W libc    : Access denied finding property "ro.debuggable"
02-17 07:52:19.099 31343 31343 W app_process: ART APEX data files are untrusted.
02-17 07:52:19.099 31343 31343 I app_process: Using CollectorTypeCMC GC.
02-17 07:52:19.142 31343 31343 D nativeloader: InitDefaultPublicLibraries for_preload=1: libandroid.so:libaaudio.so:libamidi.so:libbinder_ndk.so:libc.so:libcamera2ndk.so:libdl.so:libEGL.so:libGLESv1_CM.so:libGLESv2.so:libGLESv3.so:libicu.so:libicui18n.so:libicuuc.so:libjnigraphics.so:liblog.so:libmediandk.so:libm.so:libnativehelper.so:libnativewindow.so:libOpenMAXAL.so:libOpenSLES.so:libRS.so:libstdc++.so:libsync.so:libvulkan.so:libwebviewchromium_plat_support.so:libz.so
02-17 07:52:19.147 31343 31343 D nativeloader: Load libicu_jni.so using APEX ns com_android_art for caller /apex/com.android.art/javalib/core-oj.jar: ok
02-17 07:52:19.147 31343 31343 D app_process: u_setTimeZoneFilesDirectory("/apex/com.android.tzdata/etc/tz/versioned/9/icu") succeeded. 
02-17 07:52:19.147 31343 31343 D app_process: I18n APEX ICU file found: /apex/com.android.i18n/etc/icu/icudt76l.dat
02-17 07:52:19.148 31343 31343 D nativeloader: Load libjavacore.so using APEX ns com_android_art for caller /apex/com.android.art/javalib/core-oj.jar: ok
02-17 07:52:19.148 31343 31343 D nativeloader: Load libopenjdk.so using APEX ns com_android_art for caller /apex/com.android.art/javalib/core-oj.jar: ok
02-17 07:52:19.149 31343 31343 I app_process: Priority-to-niceness mapping: 19, 16, 13, 10, 0, -2, -4, -5, -6, -8
02-17 07:52:19.167 31343 31343 W libc    : Access denied finding property "ro.product.name_for_attestation"
02-17 07:52:19.167 31343 31343 W libc    : Access denied finding property "ro.product.device_for_attestation"
02-17 07:52:19.167 31343 31343 W libc    : Access denied finding property "ro.product.manufacturer_for_attestation"
02-17 07:52:19.167 31343 31343 W libc    : Access denied finding property "ro.product.brand_for_attestation"
02-17 07:52:19.167 31343 31343 W libc    : Access denied finding property "ro.product.model_for_attestation"
02-17 07:52:19.167 31343 31343 W libc    : Access denied finding property "ro.debuggable"
02-17 07:52:19.172 31343 31343 D nativeloader: Load libframework-connectivity-tiramisu-jni.so using APEX ns com_android_tethering for caller /apex/com.android.tethering/javalib/framework-connectivity-t.jar: ok
02-17 07:52:19.172 31343 31343 D AndroidRuntime: Calling main entry com.termux.termuxam.Am
02-17 07:52:19.174 31343 31343 I AconfigPackage: com.android.nfc.flags is mapped to system
02-17 07:52:19.174 31343 31343 I AconfigPackage: android.app.admin.flags is mapped to system
02-17 07:52:19.174 31343 31343 I AconfigPackage: com.android.graphics.graphicsenv.flags is mapped to system
02-17 07:52:19.174 31343 31343 I AconfigPackage: android.database.sqlite is mapped to system
02-17 07:52:19.174 31343 31343 I AconfigPackage: com.android.providers.calendar is mapped to system
02-17 07:52:19.174 31343 31343 I AconfigPackage: com.android.server.power.feature.flags is mapped to system
02-17 07:52:19.174 31343 31343 I AconfigPackage: com.android.settingslib.widget.theme.flags is mapped to system
02-17 07:52:19.174 31343 31343 I AconfigPackage: android.app.contextualsearch.flags is mapped to system
02-17 07:52:19.174 31343 31343 I AconfigPackage: android.app.ondeviceintelligence.flags is mapped to system
02-17 07:52:19.174 31343 31343 I AconfigPackage: com.android.media.projection.flags is mapped to system
02-17 07:52:19.174 31343 31343 I AconfigPackage: android.companion is mapped to system
02-17 07:52:19.174 31343 31343 I AconfigPackage: android.service.controls.flags is mapped to system
02-17 07:52:19.174 31343 31343 I AconfigPackage: com.android.text.flags is mapped to system
02-17 07:52:19.174 31343 31343 I AconfigPackage: com.android.providers.contactkeys.flags is mapped to system
02-17 07:52:19.174 31343 31343 I AconfigPackage: com.android.intentresolver is mapped to system
02-17 07:52:19.174 31343 31343 I AconfigPackage: android.companion.virtualdevice.flags is mapped to system
02-17 07:52:19.174 31343 31343 I AconfigPackage: android.uprobestats.flags is mapped to system
02-17 07:52:19.174 31343 31343 I AconfigPackage: com.android.net.thread.platform.flags is mapped to system
02-17 07:52:19.174 31343 31343 I AconfigPackage: android.view.contentprotection.flags is mapped to system
02-17 07:52:19.174 31343 31343 I AconfigPackage: com.android.graphics.surfaceflinger.flags is mapped to system
02-17 07:52:19.174 31343 31343 I AconfigPackage: com.android.hardware.input is mapped to system
02-17 07:52:19.174 31343 31343 I AconfigPackage: android.sdk is mapped to system
02-17 07:52:19.174 31343 31343 I AconfigPackage: com.android.input.flags is mapped to system
02-17 07:52:19.174 31343 31343 I AconfigPackage: android.tracing is mapped to system
02-17 07:52:19.174 31343 31343 I AconfigPackage: com.android.server.biometrics is mapped to system
02-17 07:52:19.174 31343 31343 I AconfigPackage: android.view.contentcapture.flags is mapped to system
02-17 07:52:19.174 31343 31343 I AconfigPackage: android.app.job is mapped to system
02-17 07:52:19.174 31343 31343 I AconfigPackage: android.content.res is mapped to system
02-17 07:52:19.174 31343 31343 I AconfigPackage: android.net.platform.flags is mapped to system
02-17 07:52:19.174 31343 31343 I AconfigPackage: com.android.aconfig.flags is mapped to system
02-17 07:52:19.174 31343 31343 I AconfigPackage: com.android.graphics.flags is mapped to system
02-17 07:52:19.174 31343 31343 I AconfigPackage: android.server.app is mapped to system
